<html>
<body>
<pre>
<h1>礦ision Build Log</h1>
<h2>Tool Versions:</h2>
IDE-Version: μVision V5.34.0.0
Copyright (C) 2021 ARM Ltd and ARM Germany GmbH. All rights reserved.
License Information: XX Z, YY, LIC=ZB4EI-TYS0T-8T23P-MGT9M-W7ZGY-GQRVJ
 
Tool Versions:
Toolchain:       MDK-ARM Plus  Version: 5.34.0.0
Toolchain Path:  D:\Keil_v5\ARM\ARMCLANG\Bin
C Compiler:      ArmClang.exe V6.16
Assembler:       Armasm.exe V6.16
Linker/Locator:  ArmLink.exe V6.16
Library Manager: ArmAr.exe V6.16
Hex Converter:   FromElf.exe V6.16
CPU DLL:         
Dialog DLL:      
Target DLL:      Segger\JL2CM3.dll V2.99.38.0
Dialog DLL:      TCM.DLL V1.48.0.0
 
<h2>Project:</h2>
C:\Users\Z\Desktop\HMI 测试文件\7c_vehicle\keil5\board\GTC-480800TFT70GP\GTC-480800TFT70GP.uvprojx
Project File Date:  07/04/2024

<h2>Output:</h2>
*** Using Compiler 'V6.16', folder: 'D:\Keil_v5\ARM\ARMCLANG\Bin'
Build target 'SWM341'
compiling bsp_led.c...
compiling dev_sdio.c...
compiling dev_dac.c...
compiling bsp_lcd_rgb.c...
compiling bsp_uart.c...
compiling bsp_sfc.c...
compiling main.c...
assembling startup_SWM341.s...
compiling dev_sdram.c...
compiling dev_systick.c...
compiling dev_touch.c...
compiling gt911.c...
compiling system_SWM341.c...
compiling SWM341_adc.c...
compiling SWM341_cordic.c...
compiling SWM341_crc.c...
compiling SWM341_dac.c...
compiling SWM341_can.c...
compiling SWM341_div.c...
compiling SWM341_dma.c...
compiling SWM341_exti.c...
compiling SWM341_dma2d.c...
compiling SWM341_flash.c...
compiling SWM341_iofilt.c...
compiling SWM341_gpio.c...
compiling SWM341_i2c.c...
compiling SWM341_port.c...
compiling SWM341_pwm.c...
compiling SWM341_lcd.c...
compiling SWM341_jpeg.c...
compiling SWM341_rtc.c...
compiling SWM341_qei.c...
compiling SWM341_sdram.c...
compiling SWM341_sleep.c...
compiling SWM341_sfc.c...
compiling SWM341_sdio.c...
compiling SWM341_timr.c...
compiling SWM341_spi.c...
compiling SWM341_uart.c...
compiling SWM341_usbh.c...
compiling gt_port_src.c...
compiling gt_port_disp.c...
compiling SWM341_wdt.c...
compiling gt_port_indev.c...
compiling gt_port_vf.c...
compiling SWM341_usbd.c...
compiling gt_graph_base.c...
compiling gt_event.c...
compiling gt_fs.c...
compiling gt_handler.c...
compiling gt_img_decoder.c...
compiling gt_mem.c...
compiling gt_layout.c...
compiling gt_disp.c...
compiling gt_obj_pos.c...
compiling gt_obj_scroll.c...
compiling gt_indev.c...
compiling gt_refr.c...
compiling gt_scr_stack.c...
compiling gt_timer.c...
compiling gt_draw.c...
compiling gt_extra.c...
compiling gt_style.c...
compiling gt_draw_blend.c...
compiling gt_sjpg.c...
compiling gt_draw_blend_with_rgb565.c...
compiling gt_draw_blend_with_argb888.c...
compiling gt_png.c...
compiling gt_draw_blend_with_rgb888.c...
compiling gifdec.c...
compiling gt_symbol.c...
compiling gt_hal_file_header.c...
compiling gt_hal_fs.c...
compiling gt_hal_disp.c...
compiling gt_hal_indev.c...
compiling gt_hal_tick.c...
compiling gt_hal_src.c...
compiling gt_hal_vf.c...
compiling gt_font.c...
compiling gt_area.c...
compiling gt_color.c...
compiling gt_effects.c...
compiling gt_anim.c...
compiling gt_gc.c...
compiling gt_ll.c...
compiling gt_math.c...
compiling tjpgd.c...
compiling gt_txt.c...
compiling gt_barcode.c...
compiling gt_stack.c...
compiling gt_vector.c...
compiling gt_tlsf.c...
compiling gt_btn.c...
compiling gt_checkbox.c...
compiling gt_btnmap.c...
compiling gt_chat.c...
compiling gt_clock.c...
compiling gt_dialog.c...
compiling gt_gif.c...
compiling gt_group.c...
compiling gt_img.c...
compiling gt_imgbtn.c...
compiling gt_input.c...
compiling gt_input_number.c...
compiling gt_keypad.c...
compiling gt_label.c...
compiling gt_line.c...
compiling gt_option.c...
compiling gt_obj.c...
compiling gt_obj_class.c...
compiling gt_progress_bar.c...
compiling gt_qrcode.c...
compiling gt_player.c...
compiling gt_listview.c...
compiling gt_rect.c...
compiling gt_radio.c...
compiling gt_template.c...
compiling gt_switch.c...
compiling gt_roller.c...
compiling gt_slider.c...
compiling gt_textarea.c...
compiling gt_view_pager.c...
compiling gt_wordart.c...
compiling gt_status_bar.c...
compiling gt_ui.c...
compiling gt_init_screen_home.c...
compiling lodepng.c...
linking...
Program Size: Code=172412 RO-data=37400 RW-data=152 ZI-data=821552  
After Build - User command #1: fromelf --bin -o "C:\Users\Z\Desktop\HMI 测试文件\7c_vehicle\keil5\board\GTC-480800TFT70GP\out\hmi_mod_mcu.bin" "C:\Users\Z\Desktop\HMI 测试文件\7c_vehicle\keil5\board\GTC-480800TFT70GP\out\hmi_mod_mcu.axf"
".\out\hmi_mod_mcu.axf" - 0 Error(s), 0 Warning(s).

<h2>Software Packages used:</h2>

Package Vendor: Synwit
                http://www.synwit.com/pack/Synwit.SWM32_DFP.1.20.8.pack
                Synwit.SWM32_DFP.1.20.8
                Synwit 32bit MCU Device Support

<h2>Collection of Component include folders:</h2>
  C:\Users\Z\AppData\Local\Arm\Packs\Synwit\SWM32_DFP\1.20.8\CSL\SWM341\CMSIS\DeviceSupport

<h2>Collection of Component Files used:</h2>
Build Time Elapsed:  00:00:13
</pre>
</body>
</html>
