Component: ARM Compiler 6.16 Tool: armlink [5dfeaa00]

==============================================================================

Section Cross References

    main.o(.text) refers to swm341_timr.o(.text) for TIMR_INTClr
    main.o(.text) refers to gt_hal_tick.o(.text) for gt_tick_inc
    main.o(.text) refers to memmovea.o(.text) for __aeabi_memcpy4
    main.o(.text) refers to bsp_lcd_rgb.o(.data._LCD_Buffer) for _LCD_Buffer
    main.o(.text) refers to gt911.o(.text) for GT911_Scan
    main.o(.text) refers to dev_touch.o(.bss.TP_Dev) for TP_Dev
    main.o(.text) refers to system_swm341.o(.text) for SystemInit
    main.o(.text) refers to bsp_uart.o(.text) for bsp_uart0_init
    main.o(.text) refers to bsp_lcd_rgb.o(.text) for bsp_lcd_rgb_init
    main.o(.text) refers to dev_systick.o(.text) for systick_init
    main.o(.text) refers to swm341_sfc.o(.text) for SFC_QuadSwitch
    main.o(.text) refers to bsp_sfc.o(.text) for bsp_sfc_config
    main.o(.text) refers to system_swm341.o(.data..L_MergedGlobals) for CyclesPerUs
    main.o(.text) refers to gt_handler.o(.text) for gt_init
    main.o(.text) refers to memseta.o(.text) for __aeabi_memclr8
    main.o(.text) refers to gt_gui_driver.o(.text) for GT_Font_Init
    main.o(.text) refers to gt_ui.o(.text) for gt_ui_init
    main.o(.text) refers to puts.o(i.puts) for puts
    main.o(.text) refers to swm341_wdt.o(.text) for WDT_Init
    main.o(.ARM.exidx) refers to main.o(.text) for [Anonymous Symbol]
    bsp_lcd_rgb.o(.text) refers to bsp_lcd_rgb.o(.data._LCD_Buffer) for _LCD_Buffer
    bsp_lcd_rgb.o(.text) refers to swm341_lcd.o(.text) for LCD_Init
    bsp_lcd_rgb.o(.text) refers to swm341_port.o(.text) for PORT_Init
    bsp_lcd_rgb.o(.text) refers to swm341_sdram.o(.text) for SDRAM_Init
    bsp_lcd_rgb.o(.text) refers to swm341_gpio.o(.text) for GPIO_Init
    bsp_lcd_rgb.o(.text) refers to bsp_lcd_rgb.o(.bss.POINT_COLOR) for POINT_COLOR
    bsp_lcd_rgb.o(.ARM.exidx) refers to bsp_lcd_rgb.o(.text) for [Anonymous Symbol]
    bsp_led.o(.text) refers to swm341_gpio.o(.text) for GPIO_SetBit
    bsp_led.o(.ARM.exidx) refers to bsp_led.o(.text) for [Anonymous Symbol]
    bsp_sfc.o(.text) refers to swm341_port.o(.text) for PORT_Init
    bsp_sfc.o(.text) refers to swm341_sfc.o(.text) for SFC_Init
    bsp_sfc.o(.text) refers to memmovea.o(.text) for __aeabi_memcpy4
    bsp_sfc.o(.text) refers to bsp_sfc.o(.rodata.str1.1) for .Lstr
    bsp_sfc.o(.text) refers to puts.o(i.puts) for puts
    bsp_sfc.o(.text) refers to swm341_gpio.o(.text) for GPIO_Init
    bsp_sfc.o(.ARM.exidx) refers to bsp_sfc.o(.text) for [Anonymous Symbol]
    bsp_uart.o(.text) refers to swm341_uart.o(.text) for UART_WriteByte
    bsp_uart.o(.text) refers to swm341_port.o(.text) for PORT_Init
    bsp_uart.o(.text) refers to bsp_uart.o(.bss..L_MergedGlobals) for .L_MergedGlobals
    bsp_uart.o(.text) refers to swm341_wdt.o(.text) for WDT_Init
    bsp_uart.o(.ARM.exidx) refers to bsp_uart.o(.text) for [Anonymous Symbol]
    dev_dac.o(.text) refers to swm341_port.o(.text) for PORT_Init
    dev_dac.o(.text) refers to swm341_dac.o(.text) for DAC_Init
    dev_dac.o(.text) refers to swm341_dma.o(.text) for DMA_CH_Init
    dev_dac.o(.text) refers to swm341_timr.o(.text) for TIMR_Stop
    dev_dac.o(.ARM.exidx) refers to dev_dac.o(.text) for [Anonymous Symbol]
    dev_sdio.o(.text) refers to swm341_port.o(.text) for PORT_Init
    dev_sdio.o(.text) refers to swm341_sdio.o(.text) for SDIO_Init
    dev_sdio.o(.ARM.exidx) refers to dev_sdio.o(.text) for [Anonymous Symbol]
    dev_sdram.o(.text) refers to swm341_port.o(.text) for PORT_Init
    dev_sdram.o(.text) refers to swm341_sdram.o(.text) for SDRAM_Init
    dev_sdram.o(.ARM.exidx) refers to dev_sdram.o(.text) for [Anonymous Symbol]
    dev_systick.o(.text) refers to system_swm341.o(.data..L_MergedGlobals) for SystemCoreClock
    dev_systick.o(.text) refers to dev_systick.o(.bss.Systick_Time) for Systick_Time
    dev_systick.o(.ARM.exidx) refers to dev_systick.o(.text) for [Anonymous Symbol]
    dev_touch.o(.text) refers to swm341_exti.o(.text) for EXTI_State
    dev_touch.o(.text) refers to dev_touch.o(.bss.Boot_Video_Flag) for Boot_Video_Flag
    dev_touch.o(.text) refers to swm341_gpio.o(.text) for GPIO_Init
    dev_touch.o(.ARM.exidx) refers to dev_touch.o(.text) for [Anonymous Symbol]
    gt911.o(.text) refers to swm341_i2c.o(.text) for I2C_Start
    gt911.o(.text) refers to dev_systick.o(.text) for swm_delay_ms
    gt911.o(.text) refers to swm341_port.o(.text) for PORT_Init
    gt911.o(.text) refers to swm341_gpio.o(.text) for GPIO_Init
    gt911.o(.text) refers to printfa.o(i.__0printf) for __2printf
    gt911.o(.text) refers to dev_touch.o(.bss.TP_Dev) for TP_Dev
    gt911.o(.ARM.exidx) refers to gt911.o(.text) for [Anonymous Symbol]
    system_swm341.o(.text) refers to system_swm341.o(.data..L_MergedGlobals) for .L_MergedGlobals
    system_swm341.o(.text) refers to swm341_flash.o(.text) for Flash_Param_at_xMHz
[...]
    gt_obj_get_virtual                       0x0002c9a5   Thumb Code    76  gt_style.o(.text)
    gt_obj_set_size                          0x0002ca05   Thumb Code   176  gt_style.o(.text)
    gt_obj_size_change                       0x0002cac5   Thumb Code   140  gt_style.o(.text)
    gt_obj_set_x                             0x0002cb65   Thumb Code   104  gt_style.o(.text)
    gt_obj_set_y                             0x0002cbdd   Thumb Code   104  gt_style.o(.text)
    gt_obj_set_w                             0x0002cc55   Thumb Code    92  gt_style.o(.text)
    gt_obj_set_h                             0x0002ccc1   Thumb Code    92  gt_style.o(.text)
    gt_obj_set_opa                           0x0002cd2d   Thumb Code    84  gt_style.o(.text)
    gt_obj_get_x                             0x0002cd81   Thumb Code    72  gt_style.o(.text)
    gt_obj_get_y                             0x0002cdd9   Thumb Code    72  gt_style.o(.text)
    gt_obj_get_w                             0x0002ce31   Thumb Code    64  gt_style.o(.text)
    gt_obj_get_h                             0x0002ce81   Thumb Code    64  gt_style.o(.text)
    gt_obj_set_visible                       0x0002ced1   Thumb Code   106  gt_style.o(.text)
    gt_obj_get_visible                       0x0002cf3d   Thumb Code    72  gt_style.o(.text)
    gt_obj_set_disabled                      0x0002cf99   Thumb Code   126  gt_style.o(.text)
    gt_obj_is_disabled                       0x0002d019   Thumb Code    76  gt_style.o(.text)
    gt_obj_set_focus                         0x0002d079   Thumb Code   102  gt_style.o(.text)
    gt_obj_is_focus                          0x0002d0e1   Thumb Code    76  gt_style.o(.text)
    gt_obj_set_focus_disabled                0x0002d13d   Thumb Code   116  gt_style.o(.text)
    gt_obj_is_focus_disabled                 0x0002d1b1   Thumb Code    76  gt_style.o(.text)
    gt_obj_child_set_prop                    0x0002d219   Thumb Code   868  gt_style.o(.text)
    gt_obj_set_fixed                         0x0002d595   Thumb Code    86  gt_style.o(.text)
    gt_obj_set_overflow                      0x0002d5ed   Thumb Code    86  gt_style.o(.text)
    gt_obj_set_inside                        0x0002d645   Thumb Code    86  gt_style.o(.text)
    gt_obj_set_untouchability                0x0002d69d   Thumb Code    86  gt_style.o(.text)
    gt_obj_set_state                         0x0002d6f5   Thumb Code    80  gt_style.o(.text)
    gt_obj_get_state                         0x0002d759   Thumb Code    76  gt_style.o(.text)
    gt_obj_get_fixed                         0x0002d7b9   Thumb Code    76  gt_style.o(.text)
    gt_obj_get_overflow                      0x0002d819   Thumb Code    76  gt_style.o(.text)
    gt_obj_get_inside                        0x0002d879   Thumb Code    76  gt_style.o(.text)
    gt_obj_set_septal_line                   0x0002d8d9   Thumb Code    80  gt_style.o(.text)
    gt_obj_get_septal_line                   0x0002d941   Thumb Code    80  gt_style.o(.text)
    gt_obj_set_mask_effect                   0x0002d9a9   Thumb Code    76  gt_style.o(.text)
    gt_obj_get_mask_effect                   0x0002da0d   Thumb Code    76  gt_style.o(.text)
    gt_obj_set_touch_parent                  0x0002da71   Thumb Code    80  gt_style.o(.text)
    gt_obj_get_touch_parent                  0x0002dad9   Thumb Code    76  gt_style.o(.text)
    gt_obj_set_trigger_mode                  0x0002db3d   Thumb Code    84  gt_style.o(.text)
    gt_obj_get_trigger_mode                  0x0002dba9   Thumb Code    76  gt_style.o(.text)
    gt_obj_set_virtual                       0x0002dc0d   Thumb Code    80  gt_style.o(.text)
    gt_obj_set_scroll_dir                    0x0002dc71   Thumb Code    92  gt_style.o(.text)
    gt_obj_get_scroll_dir                    0x0002dce5   Thumb Code    10  gt_style.o(.text)
    gt_obj_is_scroll_dir                     0x0002dcf1   Thumb Code    18  gt_style.o(.text)
    gt_obj_set_scroll_lr                     0x0002dd05   Thumb Code    18  gt_style.o(.text)
    gt_obj_is_scroll_left                    0x0002dd19   Thumb Code    16  gt_style.o(.text)
    gt_obj_is_scroll_right                   0x0002dd29   Thumb Code    10  gt_style.o(.text)
    gt_obj_set_scroll_ud                     0x0002dd35   Thumb Code    18  gt_style.o(.text)
    gt_obj_is_scroll_up                      0x0002dd49   Thumb Code    16  gt_style.o(.text)
    gt_obj_is_scroll_down                    0x0002dd59   Thumb Code    10  gt_style.o(.text)
    gt_obj_set_scroll_snap_x                 0x0002dd65   Thumb Code    18  gt_style.o(.text)
    gt_obj_set_scroll_snap_y                 0x0002dd79   Thumb Code    20  gt_style.o(.text)
    gt_obj_get_scroll_snap_x                 0x0002dd8d   Thumb Code     8  gt_style.o(.text)
    gt_obj_get_scroll_snap_y                 0x0002dd95   Thumb Code    10  gt_style.o(.text)
    gt_obj_set_bubble_notify                 0x0002dda1   Thumb Code    80  gt_style.o(.text)
    gt_obj_is_bubble_notify                  0x0002de0d   Thumb Code    76  gt_style.o(.text)
    gt_obj_is_untouchability                 0x0002de71   Thumb Code    10  gt_style.o(.text)
    gt_obj_set_reduce                        0x0002de7d   Thumb Code    68  gt_style.o(.text)
    gt_obj_get_reduce                        0x0002ded5   Thumb Code    72  gt_style.o(.text)
    gt_obj_set_radius                        0x0002df31   Thumb Code    64  gt_style.o(.text)
    gt_obj_get_radius                        0x0002df85   Thumb Code    68  gt_style.o(.text)
    gt_obj_set_row_layout                    0x0002dfdd   Thumb Code   132  gt_style.o(.text)
    gt_obj_set_grow_invert                   0x0002e079   Thumb Code    96  gt_style.o(.text)
    _gt_timer_core_init                      0x0002e0f1   Thumb Code    18  gt_timer.o(.text)
    _gt_timer_create                         0x0002e105   Thumb Code   144  gt_timer.o(.text)
    _gt_timer_set_callback                   0x0002e1b5   Thumb Code    64  gt_timer.o(.text)
    _gt_timer_del                            0x0002e20d   Thumb Code    92  gt_timer.o(.text)
    _gt_timer_set_paused                     0x0002e279   Thumb Code   108  gt_timer.o(.text)
    _gt_timer_set_repeat_count               0x0002e2fd   Thumb Code    72  gt_timer.o(.text)
    _gt_timer_set_user_data                  0x0002e361   Thumb Code    64  gt_timer.o(.text)
    _gt_timer_handler                        0x0002e3b9   Thumb Code   152  gt_timer.o(.text)
    _gt_timer_get_laster_timer               0x0002e451   Thumb Code    12  gt_timer.o(.text)
    _gt_timer_get_repeat_count               0x0002e45d   Thumb Code    68  gt_timer.o(.text)
    _gt_timer_set_period                     0x0002e4bd   Thumb Code    64  gt_timer.o(.text)
    _gt_timer_get_period                     0x0002e515   Thumb Code    64  gt_timer.o(.text)
    _gt_timer_get_paused                     0x0002e56d   Thumb Code    68  gt_timer.o(.text)
    _gt_timer_get_user_data                  0x0002e5c9   Thumb Code    64  gt_timer.o(.text)
    _gt_extra_init                           0x0002e621   Thumb Code    14  gt_extra.o(.text)
    gt_draw_blend                            0x0002e631   Thumb Code   504  gt_draw_blend.o(.text)
    gt_draw_blend_text                       0x0002e829   Thumb Code  1448  gt_draw_blend.o(.text)
    gt_draw_blend_with_rgb565_opacity        0x0002edd1   Thumb Code  2386  gt_draw_blend_with_rgb565.o(.text)
    gt_draw_blend_with_rgb565_no_opacity     0x0002f725   Thumb Code  1770  gt_draw_blend_with_rgb565.o(.text)
    gt_sjpg_init                             0x0002fe11   Thumb Code    72  gt_sjpg.o(.text)
    jd_prepare                               0x000304f1   Thumb Code  4262  tjpgd.o(.text)
    jd_decomp                                0x00031599   Thumb Code  6810  tjpgd.o(.text)
    gt_png_init                              0x00033729   Thumb Code    72  gt_png.o(.text)
    lodepng_load_file                        0x00033c15   Thumb Code   194  lodepng.o(.text)
    lodepng_save_file                        0x00033cd9   Thumb Code    54  lodepng.o(.text)
    lodepng_inflate                          0x00033d11   Thumb Code    44  lodepng.o(.text)
    lodepng_zlib_decompress                  0x00035181   Thumb Code    44  lodepng.o(.text)
    lodepng_decompress_settings_init         0x0003532d   Thumb Code    16  lodepng.o(.text)
    lodepng_crc32                            0x0003533d   Thumb Code   200  lodepng.o(.text)
    lodepng_chunk_length                     0x00035405   Thumb Code     6  lodepng.o(.text)
    lodepng_chunk_type                       0x0003540d   Thumb Code    22  lodepng.o(.text)
    lodepng_chunk_type_equals                0x00035425   Thumb Code   120  lodepng.o(.text)
    lodepng_chunk_ancillary                  0x0003549d   Thumb Code     8  lodepng.o(.text)
    lodepng_chunk_private                    0x000354a5   Thumb Code     8  lodepng.o(.text)
    lodepng_chunk_safetocopy                 0x000354ad   Thumb Code     8  lodepng.o(.text)
    lodepng_chunk_data                       0x000354b5   Thumb Code     4  lodepng.o(.text)
    lodepng_chunk_data_const                 0x000354b9   Thumb Code     4  lodepng.o(.text)
    lodepng_chunk_check_crc                  0x000354bd   Thumb Code   258  lodepng.o(.text)
    lodepng_chunk_generate_crc               0x000355c1   Thumb Code   234  lodepng.o(.text)
    lodepng_chunk_next                       0x000356ad   Thumb Code   116  lodepng.o(.text)
    lodepng_chunk_next_const                 0x00035721   Thumb Code   116  lodepng.o(.text)
    lodepng_chunk_find                       0x00035795   Thumb Code   274  lodepng.o(.text)
    lodepng_chunk_find_const                 0x000358a9   Thumb Code   274  lodepng.o(.text)
    lodepng_chunk_append                     0x000359bd   Thumb Code   250  lodepng.o(.text)
    lodepng_chunk_create                     0x00035ab9   Thumb Code   470  lodepng.o(.text)
    lodepng_color_mode_init                  0x00035c91   Thumb Code    24  lodepng.o(.text)
    lodepng_color_mode_cleanup               0x00035ca9   Thumb Code    30  lodepng.o(.text)
    lodepng_palette_clear                    0x00035cc9   Thumb Code    30  lodepng.o(.text)
    lodepng_color_mode_copy                  0x00035ce9   Thumb Code   100  lodepng.o(.text)
    lodepng_color_mode_make                  0x00035d4d   Thumb Code    20  lodepng.o(.text)
    lodepng_palette_add                      0x00035d61   Thumb Code   328  lodepng.o(.text)
    lodepng_get_bpp                          0x00035ea9   Thumb Code    40  lodepng.o(.text)
    lodepng_get_channels                     0x00035ed1   Thumb Code    30  lodepng.o(.text)
    lodepng_is_greyscale_type                0x00035ef1   Thumb Code    14  lodepng.o(.text)
    lodepng_is_alpha_type                    0x00035f01   Thumb Code     8  lodepng.o(.text)
    lodepng_is_palette_type                  0x00035f09   Thumb Code    12  lodepng.o(.text)
    lodepng_has_palette_alpha                0x00035f15   Thumb Code   112  lodepng.o(.text)
    lodepng_can_have_alpha                   0x00035f85   Thumb Code   116  lodepng.o(.text)
    lodepng_get_raw_size                     0x00035ff9   Thumb Code    64  lodepng.o(.text)
    lodepng_add_text                         0x00036039   Thumb Code    90  lodepng.o(.text)
    lodepng_clear_text                       0x000361cd   Thumb Code     2  lodepng.o(.text)
    lodepng_clear_itext                      0x0003624d   Thumb Code     2  lodepng.o(.text)
    lodepng_add_itext                        0x00036319   Thumb Code    80  lodepng.o(.text)
    lodepng_set_icc                          0x000365c5   Thumb Code   228  lodepng.o(.text)
    lodepng_clear_icc                        0x000366a9   Thumb Code    60  lodepng.o(.text)
    lodepng_info_init                        0x000366e5   Thumb Code    78  lodepng.o(.text)
    lodepng_info_cleanup                     0x00036735   Thumb Code   166  lodepng.o(.text)
    lodepng_info_copy                        0x000367dd   Thumb Code  1130  lodepng.o(.text)
    lodepng_convert                          0x00036c49   Thumb Code 10264  lodepng.o(.text)
    lodepng_convert_rgb                      0x00039611   Thumb Code   314  lodepng.o(.text)
    lodepng_inspect                          0x0003974d   Thumb Code   734  lodepng.o(.text)
    lodepng_inspect_chunk                    0x00039a2d   Thumb Code  1310  lodepng.o(.text)
    lodepng_decode                           0x0003aab9   Thumb Code  7068  lodepng.o(.text)
    lodepng_decode_memory                    0x0003c655   Thumb Code   198  lodepng.o(.text)
    lodepng_state_init                       0x0003c71d   Thumb Code   130  lodepng.o(.text)
    lodepng_state_cleanup                    0x0003c7a1   Thumb Code    40  lodepng.o(.text)
    lodepng_decode32                         0x0003c7c9   Thumb Code    30  lodepng.o(.text)
    lodepng_decode24                         0x0003c7e9   Thumb Code    30  lodepng.o(.text)
    lodepng_decode_file                      0x0003c809   Thumb Code    96  lodepng.o(.text)
    lodepng_decode32_file                    0x0003c869   Thumb Code    96  lodepng.o(.text)
    lodepng_decode24_file                    0x0003c8c9   Thumb Code    96  lodepng.o(.text)
    lodepng_decoder_settings_init            0x0003c929   Thumb Code    28  lodepng.o(.text)
    lodepng_state_copy                       0x0003c945   Thumb Code   256  lodepng.o(.text)
    lodepng_error_text                       0x0003ca45   Thumb Code    28  lodepng.o(.text)
    gt_font_info_init                        0x0003e7b9   Thumb Code    44  gt_font.o(.text)
    gt_project_encoding_get                  0x0003e7e5   Thumb Code    12  gt_font.o(.text)
    gt_font_info_update_font_thick           0x0003e7f1   Thumb Code    26  gt_font.o(.text)
    _gt_gb_font_one_char_code_len_get        0x0003e80d   Thumb Code   124  gt_font.o(.text)
    gt_unicode_to_utf8                       0x0003e889   Thumb Code   248  gt_font.o(.text)
    _gt_utf8_to_unicode                      0x0003e981   Thumb Code   124  gt_font.o(.text)
    _gt_font_get_type_group_offset_y         0x0003e9fd   Thumb Code     4  gt_font.o(.text)
    gt_font_one_char_code_len_get            0x0003ea01   Thumb Code   162  gt_font.o(.text)
    gt_encoding_table_one_char               0x0003eaa5   Thumb Code   444  gt_font.o(.text)
    gt_utf8_check_char                       0x0003ec61   Thumb Code   110  gt_font.o(.text)
    gt_gb_check_char                         0x0003ecd1   Thumb Code    98  gt_font.o(.text)
    _gt_is_style_cn_or_en                    0x0003ed35   Thumb Code   146  gt_font.o(.text)
    _gt_font_is_convertor_language           0x0003edc9   Thumb Code    18  gt_font.o(.text)
    _gt_font_is_convertor_by                 0x0003eddd   Thumb Code   114  gt_font.o(.text)
    gt_font_get_dot                          0x0003ee51   Thumb Code   380  gt_font.o(.text)
    gt_font_get_string_dot                   0x0003efcd   Thumb Code   478  gt_font.o(.text)
    gt_font_type_get                         0x0003f1ad   Thumb Code     4  gt_font.o(.text)
    gt_font_code_transform                   0x0003f1b1   Thumb Code    46  gt_font.o(.text)
    gt_font_convertor_data_get               0x0003f1e1   Thumb Code     4  gt_font.o(.text)
    gt_font_get_size_length_by_style         0x0003f1e5   Thumb Code   256  gt_font.o(.text)
    gt_font_get_string_width                 0x0003f2e5   Thumb Code    58  gt_font.o(.text)
    gt_font_get_one_word_width               0x0003f321   Thumb Code   444  gt_font.o(.text)
    gt_font_get_longest_line_substring_width 0x0003f4dd   Thumb Code   282  gt_font.o(.text)
    gt_font_get_word_width_figure_up         0x0003f5f9   Thumb Code   314  gt_font.o(.text)
    gt_project_encoding_set                  0x0003f735   Thumb Code    12  gt_font.o(.text)
    gt_font_split                            0x0003f741   Thumb Code  2604  gt_font.o(.text)
    gt_font_split_line_numb                  0x0004016d   Thumb Code   316  gt_font.o(.text)
    right_to_left_lan_get                    0x000402a9   Thumb Code   144  gt_font.o(.text)
    gt_right_to_left_handler                 0x00040339   Thumb Code  1760  gt_font.o(.text)
    gt_py_input_method_create                0x00040c85   Thumb Code     4  gt_font.o(.text)
    gt_py_input_method_push_ascii            0x00040c89   Thumb Code     2  gt_font.o(.text)
    gt_py_input_method_pop_ascii             0x00040c8d   Thumb Code     2  gt_font.o(.text)
    gt_py_input_method_get_ascii_numb        0x00040c91   Thumb Code     4  gt_font.o(.text)
    gt_py_input_method_get_chinese           0x00040c95   Thumb Code     4  gt_font.o(.text)
    gt_py_input_method_chinese_data_handler  0x00040c99   Thumb Code     2  gt_font.o(.text)
    gt_py_input_method_last_page             0x00040c9d   Thumb Code     2  gt_font.o(.text)
    gt_py_input_method_next_page             0x00040ca1   Thumb Code     2  gt_font.o(.text)
    gt_py_input_method_select_text           0x00040ca5   Thumb Code     2  gt_font.o(.text)
    gt_py_input_method_clean                 0x00040ca9   Thumb Code     2  gt_font.o(.text)
    gt_symbol_is_valid_range                 0x00040cad   Thumb Code    30  gt_symbol.o(.text)
    gt_symbol_get_mask_buf                   0x00040ccd   Thumb Code   106  gt_symbol.o(.text)
    gt_disp_drv_init                         0x00040d39   Thumb Code    12  gt_hal_disp.o(.text)
    gt_disp_drv_register                     0x00040d45   Thumb Code   200  gt_hal_disp.o(.text)
    gt_disp_get_default                      0x00040e99   Thumb Code     4  gt_hal_disp.o(.text)
    gt_disp_get_res_hor                      0x00040e9d   Thumb Code    36  gt_hal_disp.o(.text)
    gt_disp_get_res_ver                      0x00040ec1   Thumb Code    36  gt_hal_disp.o(.text)
    gt_disp_graph_buf_init                   0x00040ee5   Thumb Code    12  gt_hal_disp.o(.text)
    gt_disp_graph_get_buf_default            0x00040ef1   Thumb Code    12  gt_hal_disp.o(.text)
    gt_disp_graph_get_buf_backup             0x00040efd   Thumb Code     4  gt_hal_disp.o(.text)
    _gt_disp_refr_area_push                  0x00040f01   Thumb Code    20  gt_hal_disp.o(.text)
    _gt_disp_refr_area_pop                   0x00040f15   Thumb Code    28  gt_hal_disp.o(.text)
    _gt_disp_refr_reset_areas                0x00040f31   Thumb Code    40  gt_hal_disp.o(.text)
    _gt_disp_refr_append_area                0x00040f59   Thumb Code   200  gt_hal_disp.o(.text)
    _gt_disp_refr_check                      0x00041021   Thumb Code    16  gt_hal_disp.o(.text)
    _gt_disp_refr_get_area                   0x00041031   Thumb Code   114  gt_hal_disp.o(.text)
    _gt_disp_update_max_area                 0x000410a5   Thumb Code   132  gt_hal_disp.o(.text)
    _gt_disp_reload_max_area                 0x00041129   Thumb Code   184  gt_hal_disp.o(.text)
    _gt_disp_hided_layer_top_widgets         0x000413c9   Thumb Code   108  gt_hal_disp.o(.text)
    _gt_hal_fp_init                          0x0004145d   Thumb Code    64  gt_hal_fs.o(.text)
    gt_indev_drv_init                        0x00041501   Thumb Code    36  gt_hal_indev.o(.text)
    gt_indev_drv_register                    0x00041525   Thumb Code   112  gt_hal_indev.o(.text)
    gt_indev_set_default                     0x000415bd   Thumb Code    12  gt_hal_indev.o(.text)
    gt_indev_get_default                     0x000415c9   Thumb Code    12  gt_hal_indev.o(.text)
    gt_indev_get_dev_by_idx                  0x000415d5   Thumb Code    24  gt_hal_indev.o(.text)
    gt_indev_get_dev_count                   0x000415ed   Thumb Code    12  gt_hal_indev.o(.text)
    gt_src_init                              0x000415f9   Thumb Code   118  gt_hal_src.o(.text)
    gt_src_get_drv                           0x00041671   Thumb Code    12  gt_hal_src.o(.text)
    gt_tick_inc                              0x00041819   Thumb Code    20  gt_hal_tick.o(.text)
    gt_tick_get                              0x0004182d   Thumb Code    48  gt_hal_tick.o(.text)
    gt_tick_elapse                           0x0004185d   Thumb Code    48  gt_hal_tick.o(.text)
    gt_vf_init                               0x0004188d   Thumb Code   136  gt_hal_vf.o(.text)
    gt_vf_drv_register                       0x00041915   Thumb Code    34  gt_hal_vf.o(.text)
    gt_vf_get_drv                            0x00041939   Thumb Code    12  gt_hal_vf.o(.text)
    gt_anim_speed_to_time                    0x00041ba5   Thumb Code    30  gt_anim.o(.text)
    gt_anim_get_data                         0x00041bc5   Thumb Code    14  gt_anim.o(.text)
    gt_anim_param_init                       0x00041bd5   Thumb Code    16  gt_anim.o(.text)
    gt_anim_pos_move                         0x00041be5   Thumb Code   192  gt_anim.o(.text)
    gt_anim_init                             0x00041ca5   Thumb Code    56  gt_anim.o(.text)
    gt_anim_set_path_type                    0x00041cdd   Thumb Code    40  gt_anim.o(.text)
    gt_anim_start                            0x00041d4d   Thumb Code   340  gt_anim.o(.text)
    _gt_anim_core_init                       0x00041ef5   Thumb Code    64  gt_anim.o(.text)
    gt_anim_restart                          0x00042111   Thumb Code    22  gt_anim.o(.text)
    gt_anim_del                              0x00042129   Thumb Code   176  gt_anim.o(.text)
    gt_anim_del_by                           0x000421d9   Thumb Code   152  gt_anim.o(.text)
    gt_anim_del_all                          0x00042271   Thumb Code   152  gt_anim.o(.text)
    gt_area_is_intersect_screen              0x00042519   Thumb Code    88  gt_area.o(.text)
    gt_area_intersect_screen                 0x00042571   Thumb Code   204  gt_area.o(.text)
    gt_area_cover_screen                     0x0004263d   Thumb Code   192  gt_area.o(.text)
    gt_area_is_on                            0x000426fd   Thumb Code    66  gt_area.o(.text)
    gt_area_join                             0x00042741   Thumb Code    96  gt_area.o(.text)
    gt_area_check_legal                      0x000427a1   Thumb Code    34  gt_area.o(.text)
    gt_color_fill                            0x000427c5   Thumb Code   112  gt_color.o(.text)
    gt_color_focus                           0x00042835   Thumb Code    40  gt_color.o(.text)
    gt_color_focus_set                       0x0004285d   Thumb Code    12  gt_color.o(.text)
    _gt_gc_get_disp                          0x00042869   Thumb Code    12  gt_gc.o(.text)
    _gt_gc_set_disp                          0x00042875   Thumb Code    12  gt_gc.o(.text)
    _gt_gc_get_scr_info                      0x00042881   Thumb Code    12  gt_gc.o(.text)
    _gt_gc_get_size                          0x0004288d   Thumb Code     4  gt_gc.o(.text)
    gt_sin                                   0x00042891   Thumb Code   100  gt_math.o(.text)
    gt_cos                                   0x000428f5   Thumb Code   104  gt_math.o(.text)
    gt_square                                0x0004295d   Thumb Code    12  gt_math.o(.text)
    gt_abs                                   0x00042969   Thumb Code     8  gt_math.o(.text)
    gt_per_255                               0x00042971   Thumb Code    14  gt_math.o(.text)
    gt_map                                   0x00042981   Thumb Code    60  gt_math.o(.text)
    gt_bezier3                               0x000429bd   Thumb Code    82  gt_math.o(.text)
    gt_tlsf_check                            0x00042a11   Thumb Code   488  gt_tlsf.o(.text)
    gt_tlsf_walk_pool                        0x00042bf9   Thumb Code    72  gt_tlsf.o(.text)
    gt_tlsf_block_size                       0x00042c91   Thumb Code    16  gt_tlsf.o(.text)
    gt_tlsf_check_pool                       0x00042ca1   Thumb Code    52  gt_tlsf.o(.text)
    gt_tlsf_size                             0x00042cd5   Thumb Code     6  gt_tlsf.o(.text)
    gt_tlsf_align_size                       0x00042cdd   Thumb Code     4  gt_tlsf.o(.text)
    gt_tlsf_block_size_min                   0x00042ce1   Thumb Code     4  gt_tlsf.o(.text)
    gt_tlsf_block_size_max                   0x00042ce5   Thumb Code     6  gt_tlsf.o(.text)
    gt_tlsf_pool_overhead                    0x00042ced   Thumb Code     4  gt_tlsf.o(.text)
    gt_tlsf_alloc_overhead                   0x00042cf1   Thumb Code     4  gt_tlsf.o(.text)
    gt_tlsf_add_pool                         0x00042cf5   Thumb Code   206  gt_tlsf.o(.text)
    gt_tlsf_remove_pool                      0x00042dc5   Thumb Code   110  gt_tlsf.o(.text)
    gt_tlsf_create                           0x00042e35   Thumb Code   184  gt_tlsf.o(.text)
    gt_tlsf_create_with_pool                 0x00042f25   Thumb Code   200  gt_tlsf.o(.text)
    gt_tlsf_destroy                          0x00042fed   Thumb Code     2  gt_tlsf.o(.text)
    gt_tlsf_get_pool                         0x00042ff1   Thumb Code     6  gt_tlsf.o(.text)
    gt_tlsf_malloc                           0x00042ff9   Thumb Code    52  gt_tlsf.o(.text)
    gt_tlsf_memalign                         0x000431fd   Thumb Code   348  gt_tlsf.o(.text)
    gt_tlsf_free                             0x00043359   Thumb Code   400  gt_tlsf.o(.text)
    gt_tlsf_realloc                          0x000434e9   Thumb Code   684  gt_tlsf.o(.text)
    gt_stack_create                          0x00043795   Thumb Code   102  gt_stack.o(.text)
    gt_stack_cycle_create                    0x000437fd   Thumb Code   114  gt_stack.o(.text)
    gt_stack_push                            0x00043871   Thumb Code   154  gt_stack.o(.text)
    gt_stack_pop                             0x0004390d   Thumb Code    82  gt_stack.o(.text)
    gt_stack_peek                            0x00043961   Thumb Code    56  gt_stack.o(.text)
    gt_stack_peek_by                         0x00043999   Thumb Code    64  gt_stack.o(.text)
    gt_stack_is_empty                        0x000439d9   Thumb Code    16  gt_stack.o(.text)
    gt_stack_is_full                         0x000439e9   Thumb Code    22  gt_stack.o(.text)
    gt_stack_clear                           0x00043a01   Thumb Code    38  gt_stack.o(.text)
    gt_stack_get_depth                       0x00043a29   Thumb Code    12  gt_stack.o(.text)
    gt_stack_get_count                       0x00043a35   Thumb Code    12  gt_stack.o(.text)
    gt_stack_get_item_size                   0x00043a41   Thumb Code    10  gt_stack.o(.text)
    gt_stack_is_cycle                        0x00043a4d   Thumb Code    14  gt_stack.o(.text)
    gt_stack_search_item_from_top            0x00043a5d   Thumb Code   120  gt_stack.o(.text)
    gt_stack_search_item_from_bottom         0x00043ad5   Thumb Code   132  gt_stack.o(.text)
    gt_stack_iterator                        0x00043b59   Thumb Code   128  gt_stack.o(.text)
    gt_stack_destroy                         0x00043bd9   Thumb Code    56  gt_stack.o(.text)
    _gt_vector_create                        0x00043c11   Thumb Code    66  gt_vector.o(.text)
    _gt_vector_add_free_item_cb              0x00043c55   Thumb Code    24  gt_vector.o(.text)
    _gt_vector_add_equal_item_cb             0x00043c6d   Thumb Code    24  gt_vector.o(.text)
    _gt_vector_add_item                      0x00043c95   Thumb Code   170  gt_vector.o(.text)
    _gt_vector_replace_item                  0x00043d41   Thumb Code    92  gt_vector.o(.text)
    _gt_vector_remove_item                   0x00043d9d   Thumb Code   218  gt_vector.o(.text)
    _gt_vector_turn_next                     0x00043e79   Thumb Code    56  gt_vector.o(.text)
    _gt_vector_get_count                     0x00043eb1   Thumb Code    18  gt_vector.o(.text)
    _gt_vector_get_index                     0x00043ec5   Thumb Code    22  gt_vector.o(.text)
    _gt_vector_get_item                      0x00043edd   Thumb Code    32  gt_vector.o(.text)
    _gt_vector_free                          0x00043efd   Thumb Code   130  gt_vector.o(.text)
    _gt_vector_clear_all_items               0x00043f81   Thumb Code   118  gt_vector.o(.text)
    gt_btn_create                            0x00044229   Thumb Code   148  gt_btn.o(.text)
    gt_btn_set_color_pressed                 0x000442cd   Thumb Code    34  gt_btn.o(.text)
    gt_btn_set_color_background              0x000442f1   Thumb Code    24  gt_btn.o(.text)
    gt_btn_set_color_border                  0x00044309   Thumb Code    36  gt_btn.o(.text)
    gt_btn_set_border_width                  0x0004432d   Thumb Code    36  gt_btn.o(.text)
    gt_btn_set_text                          0x00044351   Thumb Code   166  gt_btn.o(.text)
    gt_btn_get_text                          0x000443f9   Thumb Code    20  gt_btn.o(.text)
    gt_btn_set_font_color                    0x0004440d   Thumb Code    34  gt_btn.o(.text)
    gt_btn_set_font_color_pressed            0x00044431   Thumb Code    36  gt_btn.o(.text)
    gt_btn_set_font_size                     0x00044455   Thumb Code    22  gt_btn.o(.text)
    gt_btn_set_font_gray                     0x0004446d   Thumb Code    22  gt_btn.o(.text)
    gt_btn_set_font_align                    0x00044485   Thumb Code    22  gt_btn.o(.text)
    gt_btn_set_font_family_cn                0x0004449d   Thumb Code    22  gt_btn.o(.text)
    gt_btn_set_font_family_en                0x000444b5   Thumb Code    22  gt_btn.o(.text)
    gt_btn_set_font_family_fl                0x000444cd   Thumb Code    22  gt_btn.o(.text)
    gt_btn_set_font_family_numb              0x000444e5   Thumb Code    22  gt_btn.o(.text)
    gt_btn_set_radius                        0x000444fd   Thumb Code    34  gt_btn.o(.text)
    gt_btn_add_state_content                 0x00044521   Thumb Code    90  gt_btn.o(.text)
    gt_btn_remove_state_content              0x0004457d   Thumb Code    42  gt_btn.o(.text)
    gt_btn_clear_all_state_content           0x000445a9   Thumb Code    28  gt_btn.o(.text)
    gt_btn_get_state_content_index           0x000445c5   Thumb Code    30  gt_btn.o(.text)
    gt_btn_set_font_thick_en                 0x000445e5   Thumb Code    22  gt_btn.o(.text)
    gt_btn_set_font_thick_cn                 0x000445fd   Thumb Code    22  gt_btn.o(.text)
    gt_btn_set_font_encoding                 0x00044615   Thumb Code    22  gt_btn.o(.text)
    gt_btn_set_space                         0x0004462d   Thumb Code    28  gt_btn.o(.text)
    gt_btn_set_selected                      0x00044649   Thumb Code    24  gt_btn.o(.text)
    gt_dialog_create                         0x00044885   Thumb Code   236  gt_dialog.o(.text)
    gt_dialog_create_issue                   0x00044971   Thumb Code   508  gt_dialog.o(.text)
    gt_dialog_show                           0x00044b71   Thumb Code    82  gt_dialog.o(.text)
    gt_dialog_has_showing                    0x00044bc5   Thumb Code    28  gt_dialog.o(.text)
    gt_dialog_set_border_color               0x00044c31   Thumb Code    22  gt_dialog.o(.text)
    gt_dialog_set_border_width               0x00044c49   Thumb Code    22  gt_dialog.o(.text)
    gt_dialog_set_bgcolor                    0x00044c61   Thumb Code    20  gt_dialog.o(.text)
    gt_dialog_set_border_radius              0x00044c75   Thumb Code    22  gt_dialog.o(.text)
    gt_dialog_set_outside_auto_hide          0x00044c8d   Thumb Code    34  gt_dialog.o(.text)
    gt_dialog_set_anim_time                  0x00044cb1   Thumb Code    20  gt_dialog.o(.text)
    gt_dialog_set_title_font_color           0x00044cc5   Thumb Code    34  gt_dialog.o(.text)
    gt_dialog_set_title_font_size            0x00044ce9   Thumb Code    34  gt_dialog.o(.text)
    gt_dialog_set_title_font_align           0x00044d0d   Thumb Code    34  gt_dialog.o(.text)
    gt_dialog_set_title_font_family_cn       0x00044d31   Thumb Code    34  gt_dialog.o(.text)
    gt_dialog_set_title_font_family_en       0x00044d55   Thumb Code    34  gt_dialog.o(.text)
    gt_dialog_set_title_font_family_fl       0x00044d79   Thumb Code    34  gt_dialog.o(.text)
    gt_dialog_set_title_font_thick_en        0x00044d9d   Thumb Code    34  gt_dialog.o(.text)
    gt_dialog_set_title_font_thick_cn        0x00044dc1   Thumb Code    34  gt_dialog.o(.text)
    gt_dialog_set_content_font_color         0x00044de5   Thumb Code    34  gt_dialog.o(.text)
    gt_dialog_set_content_font_size          0x00044e09   Thumb Code    34  gt_dialog.o(.text)
    gt_dialog_set_content_font_align         0x00044e2d   Thumb Code    34  gt_dialog.o(.text)
    gt_dialog_set_content_font_family_cn     0x00044e51   Thumb Code    34  gt_dialog.o(.text)
    gt_dialog_set_content_font_family_en     0x00044e75   Thumb Code    34  gt_dialog.o(.text)
    gt_dialog_set_content_font_family_fl     0x00044e99   Thumb Code    34  gt_dialog.o(.text)
    gt_dialog_set_content_font_thick_en      0x00044ebd   Thumb Code    34  gt_dialog.o(.text)
    gt_dialog_set_content_font_thick_cn      0x00044ee1   Thumb Code    34  gt_dialog.o(.text)
    gt_img_create                            0x000450b1   Thumb Code    14  gt_img.o(.text)
    gt_img_set_src                           0x000450c1   Thumb Code   136  gt_img.o(.text)
    gt_img_set_raw_data                      0x00045149   Thumb Code   142  gt_img.o(.text)
    gt_img_get_src                           0x000451d9   Thumb Code    20  gt_img.o(.text)
    gt_img_get_width                         0x000451ed   Thumb Code    50  gt_img.o(.text)
    gt_img_get_height                        0x00045221   Thumb Code    54  gt_img.o(.text)
    gt_imgbtn_create                         0x000453ed   Thumb Code    62  gt_imgbtn.o(.text)
    gt_imgbtn_style_set_selected             0x00045461   Thumb Code    52  gt_imgbtn.o(.text)
    gt_imgbtn_set_src                        0x00045495   Thumb Code   130  gt_imgbtn.o(.text)
    gt_imgbtn_set_src_press                  0x00045519   Thumb Code   110  gt_imgbtn.o(.text)
    gt_imgbtn_set_src_release                0x00045589   Thumb Code   110  gt_imgbtn.o(.text)
    gt_imgbtn_add_state_item                 0x000455f9   Thumb Code   130  gt_imgbtn.o(.text)
    gt_imgbtn_remove_state_item              0x0004567d   Thumb Code    58  gt_imgbtn.o(.text)
    gt_imgbtn_clear_all_state_item           0x000456b9   Thumb Code    28  gt_imgbtn.o(.text)
    bt_imgbtn_get_state_item_index           0x000456d5   Thumb Code    30  gt_imgbtn.o(.text)
    gt_label_create                          0x000458dd   Thumb Code    84  gt_label.o(.text)
    gt_label_set_text                        0x00045939   Thumb Code   224  gt_label.o(.text)
    gt_label_set_text_by_len                 0x00045a19   Thumb Code   280  gt_label.o(.text)
    gt_label_get_text                        0x00045b31   Thumb Code    20  gt_label.o(.text)
    gt_label_set_font_color                  0x00045b45   Thumb Code    34  gt_label.o(.text)
    gt_label_set_font_size                   0x00045b69   Thumb Code    68  gt_label.o(.text)
    gt_label_set_font_gray                   0x00045bad   Thumb Code    22  gt_label.o(.text)
    gt_label_set_font_align                  0x00045bc5   Thumb Code    36  gt_label.o(.text)
    gt_label_set_font_family_cn              0x00045be9   Thumb Code    22  gt_label.o(.text)
    gt_label_set_font_family_en              0x00045c01   Thumb Code    22  gt_label.o(.text)
    gt_label_set_font_family_fl              0x00045c19   Thumb Code    22  gt_label.o(.text)
    gt_label_set_font_thick_en               0x00045c31   Thumb Code    22  gt_label.o(.text)
    gt_label_set_font_thick_cn               0x00045c49   Thumb Code    22  gt_label.o(.text)
    gt_label_set_font_encoding               0x00045c61   Thumb Code    22  gt_label.o(.text)
    gt_label_set_font_family_numb            0x00045c79   Thumb Code    22  gt_label.o(.text)
    gt_label_set_space                       0x00045c91   Thumb Code    74  gt_label.o(.text)
    gt_label_get_font_size                   0x00045cdd   Thumb Code    22  gt_label.o(.text)
    gt_label_get_space_x                     0x00045cf5   Thumb Code    22  gt_label.o(.text)
    gt_label_get_space_y                     0x00045d0d   Thumb Code    22  gt_label.o(.text)
    gt_label_get_longest_line_substring_width 0x00045d25   Thumb Code    36  gt_label.o(.text)
    gt_label_set_single_line                 0x00045d49   Thumb Code   102  gt_label.o(.text)
    gt_label_set_omit_single_line            0x00045db1   Thumb Code    90  gt_label.o(.text)
    gt_label_set_auto_scroll_single_line     0x00045e0d   Thumb Code   292  gt_label.o(.text)
    gt_label_set_font_style                  0x00045f31   Thumb Code    52  gt_label.o(.text)
    gt_label_is_single_line                  0x00045f65   Thumb Code    26  gt_label.o(.text)
    gt_label_is_omit_single_line             0x00045f81   Thumb Code    26  gt_label.o(.text)
    gt_label_is_auto_scroll_single_line      0x00045f9d   Thumb Code    44  gt_label.o(.text)
    _gt_obj_destroy_handler_cb               0x00045fe1   Thumb Code   156  gt_obj.o(.text)
    gt_obj_create                            0x00046099   Thumb Code    28  gt_obj.o(.text)
    gt_obj_get_parent                        0x000460b5   Thumb Code    68  gt_obj.o(.text)
    gt_obj_change_parent                     0x0004610d   Thumb Code     4  gt_obj.o(.text)
    gt_obj_find_by_id                        0x00046111   Thumb Code    74  gt_obj.o(.text)
    gt_obj_register_id                       0x00046199   Thumb Code    64  gt_obj.o(.text)
    gt_obj_get_id                            0x000461ed   Thumb Code    14  gt_obj.o(.text)
    gt_obj_is_child                          0x000461fd   Thumb Code   112  gt_obj.o(.text)
    gt_obj_destroy                           0x0004627d   Thumb Code    58  gt_obj.o(.text)
    gt_screen_set_bgcolor                    0x000462b9   Thumb Code    22  gt_obj.o(.text)
    gt_screen_get_bgcolor                    0x000462d1   Thumb Code    22  gt_obj.o(.text)
    gt_obj_set_bgcolor                       0x000462e9   Thumb Code    20  gt_obj.o(.text)
    gt_obj_get_bgcolor                       0x000462fd   Thumb Code    20  gt_obj.o(.text)
    gt_obj_get_limit_bottom                  0x00046311   Thumb Code   380  gt_obj.o(.text)
    gt_obj_get_childs_max_height             0x000464a5   Thumb Code   310  gt_obj.o(.text)
    gt_obj_show_bg                           0x000465dd   Thumb Code    36  gt_obj.o(.text)
    gt_obj_is_show_bg                        0x00046601   Thumb Code    26  gt_obj.o(.text)
    gt_obj_class_create                      0x000469a5   Thumb Code   394  gt_obj_class.o(.text)
    _gt_obj_class_inherent_attr_from_parent  0x00046b31   Thumb Code    48  gt_obj_class.o(.text)
    _gt_obj_class_change_parent              0x00046b61   Thumb Code   332  gt_obj_class.o(.text)
    _gt_obj_class_destroy                    0x00046cad   Thumb Code   452  gt_obj_class.o(.text)
    _gt_obj_class_destroy_children           0x00046fa9   Thumb Code    44  gt_obj_class.o(.text)
    gt_obj_class_get_type                    0x00046fd5   Thumb Code    18  gt_obj_class.o(.text)
    gt_obj_is_type                           0x00046fe9   Thumb Code    44  gt_obj_class.o(.text)
    gt_player_create                         0x00047141   Thumb Code    70  gt_player.o(.text)
    gt_player_set_type                       0x0004720d   Thumb Code    38  gt_player.o(.text)
    gt_player_set_mode                       0x00047235   Thumb Code    44  gt_player.o(.text)
    gt_player_set_auto_play_period           0x00047261   Thumb Code   114  gt_player.o(.text)
    gt_player_remove_item                    0x000472d5   Thumb Code   152  gt_player.o(.text)
    gt_player_remove_all_items               0x00047441   Thumb Code   208  gt_player.o(.text)
    gt_player_remove_item_by_index           0x00047511   Thumb Code    20  gt_player.o(.text)
    gt_player_add_item                       0x00047525   Thumb Code   340  gt_player.o(.text)
    gt_player_set_index                      0x000476dd   Thumb Code    54  gt_player.o(.text)
    gt_player_get_index                      0x00047715   Thumb Code    24  gt_player.o(.text)
    gt_player_get_item_count                 0x0004772d   Thumb Code    20  gt_player.o(.text)
    gt_player_get_percentage                 0x00047741   Thumb Code    76  gt_player.o(.text)
    gt_player_turn_prev                      0x0004778d   Thumb Code    32  gt_player.o(.text)
    gt_player_turn_next                      0x000477ad   Thumb Code    32  gt_player.o(.text)
    gt_player_play                           0x000477cd   Thumb Code   100  gt_player.o(.text)
    gt_player_stop                           0x00047831   Thumb Code    66  gt_player.o(.text)
    gt_player_toggle                         0x00047875   Thumb Code   104  gt_player.o(.text)
    gt_player_dir_toggle                     0x000478dd   Thumb Code    46  gt_player.o(.text)
    gt_player_set_repeat_count               0x0004790d   Thumb Code    20  gt_player.o(.text)
    gt_player_dir_is_forward                 0x00047921   Thumb Code    34  gt_player.o(.text)
    gt_player_set_real_time_update           0x00047945   Thumb Code    36  gt_player.o(.text)
    gt_player_is_real_time_update            0x00047969   Thumb Code    26  gt_player.o(.text)
    gt_init_screen_home                      0x00047bc9   Thumb Code  1916  gt_init_screen_home.o(.text)
    gt_ui_init                               0x00048499   Thumb Code    36  gt_ui.o(.text)
    GT_Font_Init                             0x000484bd   Thumb Code   322  gt_gui_driver.o(.text)
    GT_Set_Chinese_Charset_Type              0x00048719   Thumb Code    12  gt_gui_driver.o(.text)
    GT_Get_Chinese_Charset_Type              0x00048725   Thumb Code    12  gt_gui_driver.o(.text)
    GT_GetChinese                            0x00048731   Thumb Code    80  gt_gui_driver.o(.text)
    UnicodeToGBK                             0x00048781   Thumb Code   172  gt_gui_driver.o(.text)
    GBKToUnicode                             0x00048885   Thumb Code   282  gt_gui_driver.o(.text)
    GT_Get_Font_Width                        0x000489a1   Thumb Code    10  gt_gui_driver.o(.text)
    GT_Get_Font_Height                       0x000489ad   Thumb Code    10  gt_gui_driver.o(.text)
    GT_Check_Is_Vec                          0x000489b9   Thumb Code     4  gt_gui_driver.o(.text)
    GT_Get_Font_Func_S                       0x000489bd   Thumb Code    44  gt_gui_driver.o(.text)
    GT_Get_Font_Type                         0x000489e9   Thumb Code    16  gt_gui_driver.o(.text)
    GT_Font_Code_Transform                   0x000489f9   Thumb Code    24  gt_gui_driver.o(.text)
    GT_Get_Font_Convertor_Data               0x00048a11   Thumb Code    24  gt_gui_driver.o(.text)
    tolower                                  0x000491cf   Thumb Code    12  tolower.o(.text)
    ___aeabi_memcpy8$move                    0x000491db   Thumb Code     0  memmovea.o(.text)
    __aeabi_memcpy                           0x000491db   Thumb Code    64  memmovea.o(.text)
    __aeabi_memcpy4                          0x000491db   Thumb Code     0  memmovea.o(.text)
    __aeabi_memmove                          0x000491db   Thumb Code     0  memmovea.o(.text)
    __aeabi_memmove4                         0x000491db   Thumb Code     0  memmovea.o(.text)
    __aeabi_memmove8                         0x000491db   Thumb Code     0  memmovea.o(.text)
    __aeabi_memset                           0x0004921b   Thumb Code    14  memseta.o(.text)
    __aeabi_memset4                          0x0004921b   Thumb Code     0  memseta.o(.text)
    __aeabi_memset8                          0x0004921b   Thumb Code     0  memseta.o(.text)
    __aeabi_memclr                           0x00049229   Thumb Code     4  memseta.o(.text)
    __aeabi_memclr4                          0x00049229   Thumb Code     0  memseta.o(.text)
    __aeabi_memclr8                          0x00049229   Thumb Code     0  memseta.o(.text)
    _memset$wrapper                          0x0004922d   Thumb Code    18  memseta.o(.text)
    strlen                                   0x0004923f   Thumb Code    14  strlen.o(.text)
    strcmp                                   0x0004924d   Thumb Code    28  strcmp.o(.text)
    memcmp                                   0x00049269   Thumb Code    26  memcmp.o(.text)
    strcpy                                   0x00049283   Thumb Code    18  strcpy.o(.text)
    __aeabi_fmul                             0x00049295   Thumb Code   100  fmul.o(.text)
    __aeabi_fdiv                             0x000492f9   Thumb Code   124  fdiv.o(.text)
    __aeabi_dadd                             0x00049375   Thumb Code   322  dadd.o(.text)
    __aeabi_dsub                             0x000494b7   Thumb Code     6  dadd.o(.text)
    __aeabi_drsub                            0x000494bd   Thumb Code     6  dadd.o(.text)
    __aeabi_dmul                             0x000494c3   Thumb Code   228  dmul.o(.text)
    __aeabi_ddiv                             0x000495a7   Thumb Code   222  ddiv.o(.text)
    __aeabi_ui2f                             0x00049685   Thumb Code    10  ffltui.o(.text)
    __aeabi_i2d                              0x0004968f   Thumb Code    34  dflti.o(.text)
    __aeabi_ui2d                             0x000496b1   Thumb Code    26  dfltui.o(.text)
    __aeabi_f2d                              0x000496cb   Thumb Code    38  f2d.o(.text)
    __aeabi_d2f                              0x000496f1   Thumb Code    56  d2f.o(.text)
    __aeabi_uidiv                            0x00049729   Thumb Code     0  uidiv.o(.text)
    __aeabi_uidivmod                         0x00049729   Thumb Code    44  uidiv.o(.text)
    __aeabi_uldivmod                         0x00049755   Thumb Code    98  uldiv.o(.text)
    __aeabi_llsl                             0x000497b7   Thumb Code    30  llshl.o(.text)
    _ll_shift_l                              0x000497b7   Thumb Code     0  llshl.o(.text)
    __aeabi_llsr                             0x000497d5   Thumb Code    32  llushr.o(.text)
    _ll_ushift_r                             0x000497d5   Thumb Code     0  llushr.o(.text)
    __aeabi_lasr                             0x000497f5   Thumb Code    36  llsshr.o(.text)
    _ll_sshift_r                             0x000497f5   Thumb Code     0  llsshr.o(.text)
    __I$use$fp                               0x00049819   Thumb Code     0  iusefp.o(.text)
    _float_round                             0x00049819   Thumb Code    18  fepilogue.o(.text)
    _float_epilogue                          0x0004982b   Thumb Code    92  fepilogue.o(.text)
    _double_round                            0x00049887   Thumb Code    30  depilogue.o(.text)
    _double_epilogue                         0x000498a5   Thumb Code   156  depilogue.o(.text)
    __aeabi_d2ulz                            0x00049941   Thumb Code    48  dfixul.o(.text)
    __aeabi_cdrcmple                         0x00049971   Thumb Code    48  cdrcmple.o(.text)
    __scatterload                            0x000499a1   Thumb Code    28  init.o(.text)
    __scatterload_rt2                        0x000499a1   Thumb Code     0  init.o(.text)
    __0printf                                0x000499c5   Thumb Code    22  printfa.o(i.__0printf)
    __1printf                                0x000499c5   Thumb Code     0  printfa.o(i.__0printf)
    __2printf                                0x000499c5   Thumb Code     0  printfa.o(i.__0printf)
    __c89printf                              0x000499c5   Thumb Code     0  printfa.o(i.__0printf)
    printf                                   0x000499c5   Thumb Code     0  printfa.o(i.__0printf)
    __0vsnprintf                             0x000499e5   Thumb Code    46  printfa.o(i.__0vsnprintf)
    __1vsnprintf                             0x000499e5   Thumb Code     0  printfa.o(i.__0vsnprintf)
    __2vsnprintf                             0x000499e5   Thumb Code     0  printfa.o(i.__0vsnprintf)
    __c89vsnprintf                           0x000499e5   Thumb Code     0  printfa.o(i.__0vsnprintf)
    vsnprintf                                0x000499e5   Thumb Code     0  printfa.o(i.__0vsnprintf)
    __scatterload_copy                       0x00049a19   Thumb Code    14  handlers.o(i.__scatterload_copy)
    __scatterload_null                       0x00049a27   Thumb Code     2  handlers.o(i.__scatterload_null)
    __scatterload_zeroinit                   0x00049a29   Thumb Code    14  handlers.o(i.__scatterload_zeroinit)
    puts                                     0x0004a301   Thumb Code    30  puts.o(i.puts)
    gt_btn_class                             0x0004bf68   Data          16  gt_btn.o(.rodata.gt_btn_class)
    gt_dialog_class                          0x0004bf78   Data          16  gt_dialog.o(.rodata.gt_dialog_class)
    gt_get_font_func                         0x0004bf88   Data          12  gt_gui_driver.o(.rodata.gt_get_font_func)
    gt_img_class                             0x0004bf94   Data          16  gt_img.o(.rodata.gt_img_class)
    gt_imgbtn_class                          0x0004bfa4   Data          16  gt_imgbtn.o(.rodata.gt_imgbtn_class)
    gt_label_class                           0x0004bfb4   Data          16  gt_label.o(.rodata.gt_label_class)
    gt_player_class                          0x0004bfe4   Data          16  gt_player.o(.rodata.gt_player_class)
    Region$$Table$$Base                      0x00053374   Number         0  anon$$obj.o(Region$$Table)
    Region$$Table$$Limit                     0x00053394   Number         0  anon$$obj.o(Region$$Table)
    __stdout                                 0x20000000   Data           4  stdout.o(.data)
    SystemCoreClock                          0x20000004   Data           4  system_swm341.o(.data..L_MergedGlobals)
    CyclesPerUs                              0x20000008   Data           4  system_swm341.o(.data..L_MergedGlobals)
    _LCD_Buffer                              0x2000004c   Data           4  bsp_lcd_rgb.o(.data._LCD_Buffer)
    _gt_global_call                          0x20000054   Data          60  gt_gc.o(.data._gt_global_call)
    screen_home                              0x20000124   Data           4  gt_init_screen_home.o(.bss..L_MergedGlobals)
    Boot_Video_Flag                          0x20000180   Data           1  dev_touch.o(.bss.Boot_Video_Flag)
    POINT_COLOR                              0x20000184   Data           4  bsp_lcd_rgb.o(.bss.POINT_COLOR)
    TP_Dev                                   0x2000018c   Data          22  dev_touch.o(.bss.TP_Dev)
    __initial_sp                             0x2000d1c8   Data           0  startup_swm341.o(STACK)



==============================================================================

Memory Map of the image

  Image Entry point : 0x000201a9

  Load Region LR_IROM1 (Base: 0x00020000, Size: 0x00033430, Max: 0x00080000, ABSOLUTE)

    Execution Region ER_IROM1 (Exec base: 0x00020000, Load base: 0x00020000, Size: 0x00033394, Max: 0x00080000, ABSOLUTE)

    Exec Addr    Load Addr    Size         Type   Attr      Idx    E Section Name        Object

    0x00020000   0x00020000   0x000001a8   Data   RO          114    RESET               startup_swm341.o
    0x000201a8   0x000201a8   0x00000000   Code   RO         1285  * .ARM.Collect$$$$00000000  mc_w.l(entry.o)
    0x000201a8   0x000201a8   0x00000004   Code   RO         1605    .ARM.Collect$$$$00000001  mc_w.l(entry2.o)
    0x000201ac   0x000201ac   0x00000004   Code   RO         1608    .ARM.Collect$$$$00000004  mc_w.l(entry5.o)
    0x000201b0   0x000201b0   0x00000000   Code   RO         1610    .ARM.Collect$$$$00000008  mc_w.l(entry7b.o)
    0x000201b0   0x000201b0   0x00000000   Code   RO         1612    .ARM.Collect$$$$0000000A  mc_w.l(entry8b.o)
    0x000201b0   0x000201b0   0x00000008   Code   RO         1613    .ARM.Collect$$$$0000000B  mc_w.l(entry9a.o)
    0x000201b8   0x000201b8   0x00000000   Code   RO         1615    .ARM.Collect$$$$0000000D  mc_w.l(entry10a.o)
    0x000201b8   0x000201b8   0x00000000   Code   RO         1617    .ARM.Collect$$$$0000000F  mc_w.l(entry11a.o)
    0x000201b8   0x000201b8   0x00000004   Code   RO         1606    .ARM.Collect$$$$00002712  mc_w.l(entry2.o)
    0x000201bc   0x000201bc   0x0000022c   Code   RO            1    .text               main.o
    0x000203e8   0x000203e8   0x000005d4   Code   RO           10    .text               bsp_lcd_rgb.o
    0x000209bc   0x000209bc   0x000005d0   Code   RO           30    .text               bsp_sfc.o
    0x00020f8c   0x00020f8c   0x000001e6   Code   RO           40    .text               bsp_uart.o
    0x00021172   0x00021172   0x00000002   PAD
    0x00021174   0x00021174   0x00000102   Code   RO           71    .text               dev_systick.o
    0x00021276   0x00021276   0x00000002   PAD
    0x00021278   0x00021278   0x0000007c   Code   RO           81    .text               dev_touch.o
    0x000212f4   0x000212f4   0x00000630   Code   RO           91    .text               gt911.o
    0x00021924   0x00021924   0x000010f6   Code   RO          102    .text               system_swm341.o
    0x00022a1a   0x00022a1a   0x00000002   PAD
    0x00022a1c   0x00022a1c   0x000000d8   Code   RO          115    .text               startup_swm341.o
    0x00022af4   0x00022af4   0x0000009e   Code   RO          189    .text               swm341_exti.o
    0x00022b92   0x00022b92   0x00000002   PAD
    0x00022b94   0x00022b94   0x0000013e   Code   RO          198    .text               swm341_flash.o
    0x00022cd2   0x00022cd2   0x00000002   PAD
    0x00022cd4   0x00022cd4   0x00000298   Code   RO          210    .text               swm341_gpio.o
    0x00022f6c   0x00022f6c   0x0000030a   Code   RO          218    .text               swm341_i2c.o
    0x00023276   0x00023276   0x00000002   PAD
    0x00023278   0x00023278   0x0000031c   Code   RO          244    .text               swm341_lcd.o
    0x00023594   0x00023594   0x0000004a   Code   RO          253    .text               swm341_port.o
    0x000235de   0x000235de   0x00000002   PAD
    0x000235e0   0x000235e0   0x00000288   Code   RO          297    .text               swm341_sdram.o
    0x00023868   0x00023868   0x000005d6   Code   RO          305    .text               swm341_sfc.o
    0x00023e3e   0x00023e3e   0x00000002   PAD
    0x00023e40   0x00023e40   0x00000b60   Code   RO          323    .text               swm341_timr.o
    0x000249a0   0x000249a0   0x00000370   Code   RO          331    .text               swm341_uart.o
    0x00024d10   0x00024d10   0x000000a0   Code   RO          361    .text               swm341_wdt.o
    0x00024db0   0x00024db0   0x00000046   Code   RO          369    .text               gt_port_disp.o
    0x00024df6   0x00024df6   0x00000002   PAD
    0x00024df8   0x00024df8   0x00000046   Code   RO          378    .text               gt_port_indev.o
    0x00024e3e   0x00024e3e   0x00000002   PAD
    0x00024e40   0x00024e40   0x0000000e   Code   RO          386    .text               gt_port_src.o
    0x00024e4e   0x00024e4e   0x00000002   PAD
    0x00024e50   0x00024e50   0x0000001e   Code   RO          394    .text               gt_port_vf.o
    0x00024e6e   0x00024e6e   0x00000002   PAD
    0x00024e70   0x00024e70   0x0000163e   Code   RO          403    .text               gt_disp.o
    0x000264ae   0x000264ae   0x00000002   PAD
    0x000264b0   0x000264b0   0x00003a24   Code   RO          414    .text               gt_draw.o
    0x00029ed4   0x00029ed4   0x00000318   Code   RO          443    .text               gt_event.o
    0x0002a1ec   0x0002a1ec   0x0000030c   Code   RO          453    .text               gt_fs.o
    0x0002a4f8   0x0002a4f8   0x00000094   Code   RO          464    .text               gt_graph_base.o
    0x0002a58c   0x0002a58c   0x00000054   Code   RO          473    .text               gt_handler.o
    0x0002a5e0   0x0002a5e0   0x000003b4   Code   RO          481    .text               gt_img_decoder.o
    0x0002a994   0x0002a994   0x00000bd6   Code   RO          491    .text               gt_indev.o
    0x0002b56a   0x0002b56a   0x00000002   PAD
    0x0002b56c   0x0002b56c   0x000001d4   Code   RO          504    .text               gt_layout.o
    0x0002b740   0x0002b740   0x00000164   Code   RO          513    .text               gt_mem.o
    0x0002b8a4   0x0002b8a4   0x0000039c   Code   RO          524    .text               gt_obj_pos.o
    0x0002bc40   0x0002bc40   0x000001e6   Code   RO          534    .text               gt_obj_scroll.o
    0x0002be26   0x0002be26   0x00000002   PAD
    0x0002be28   0x0002be28   0x00000078   Code   RO          544    .text               gt_refr.o
    0x0002bea0   0x0002bea0   0x0000067c   Code   RO          553    .text               gt_scr_stack.o
    0x0002c51c   0x0002c51c   0x00001bd4   Code   RO          563    .text               gt_style.o
    0x0002e0f0   0x0002e0f0   0x00000530   Code   RO          573    .text               gt_timer.o
    0x0002e620   0x0002e620   0x0000000e   Code   RO          584    .text               gt_extra.o
    0x0002e62e   0x0002e62e   0x00000002   PAD
    0x0002e630   0x0002e630   0x000007a0   Code   RO          591    .text               gt_draw_blend.o
    0x0002edd0   0x0002edd0   0x0000103e   Code   RO          609    .text               gt_draw_blend_with_rgb565.o
    0x0002fe0e   0x0002fe0e   0x00000002   PAD
    0x0002fe10   0x0002fe10   0x000006de   Code   RO          637    .text               gt_sjpg.o
    0x000304ee   0x000304ee   0x00000002   PAD
    0x000304f0   0x000304f0   0x00003236   Code   RO          647    .text               tjpgd.o
    0x00033726   0x00033726   0x00000002   PAD
    0x00033728   0x00033728   0x000004ec   Code   RO          659    .text               gt_png.o
    0x00033c14   0x00033c14   0x0000aba2   Code   RO          669    .text               lodepng.o
    0x0003e7b6   0x0003e7b6   0x00000002   PAD
    0x0003e7b8   0x0003e7b8   0x000024f2   Code   RO          693    .text               gt_font.o
    0x00040caa   0x00040caa   0x00000002   PAD
    0x00040cac   0x00040cac   0x0000008a   Code   RO          706    .text               gt_symbol.o
    0x00040d36   0x00040d36   0x00000002   PAD
    0x00040d38   0x00040d38   0x00000724   Code   RO          758    .text               gt_hal_disp.o
    0x0004145c   0x0004145c   0x000000a4   Code   RO          771    .text               gt_hal_fs.o
    0x00041500   0x00041500   0x000000f8   Code   RO          780    .text               gt_hal_indev.o
    0x000415f8   0x000415f8   0x00000220   Code   RO          790    .text               gt_hal_src.o
    0x00041818   0x00041818   0x00000074   Code   RO          801    .text               gt_hal_tick.o
    0x0004188c   0x0004188c   0x00000318   Code   RO          810    .text               gt_hal_vf.o
    0x00041ba4   0x00041ba4   0x00000974   Code   RO          822    .text               gt_anim.o
    0x00042518   0x00042518   0x000002aa   Code   RO          834    .text               gt_area.o
    0x000427c2   0x000427c2   0x00000002   PAD
    0x000427c4   0x000427c4   0x000000a4   Code   RO          843    .text               gt_color.o
    0x00042868   0x00042868   0x00000028   Code   RO          853    .text               gt_gc.o
    0x00042890   0x00042890   0x0000017e   Code   RO          862    .text               gt_math.o
    0x00042a0e   0x00042a0e   0x00000002   PAD
    0x00042a10   0x00042a10   0x00000d84   Code   RO          873    .text               gt_tlsf.o
    0x00043794   0x00043794   0x0000047c   Code   RO          893    .text               gt_stack.o
    0x00043c10   0x00043c10   0x000003e6   Code   RO          904    .text               gt_vector.o
    0x00043ff6   0x00043ff6   0x00000002   PAD
    0x00043ff8   0x00043ff8   0x000006dc   Code   RO          914    .text               gt_btn.o
    0x000446d4   0x000446d4   0x00000884   Code   RO          971    .text               gt_dialog.o
    0x00044f58   0x00044f58   0x000002fe   Code   RO         1002    .text               gt_img.o
    0x00045256   0x00045256   0x00000002   PAD
    0x00045258   0x00045258   0x0000049a   Code   RO         1012    .text               gt_imgbtn.o
    0x000456f2   0x000456f2   0x00000002   PAD
    0x000456f4   0x000456f4   0x000008ea   Code   RO         1071    .text               gt_label.o
    0x00045fde   0x00045fde   0x00000002   PAD
    0x00045fe0   0x00045fe0   0x000009c4   Code   RO         1101    .text               gt_obj.o
    0x000469a4   0x000469a4   0x00000670   Code   RO         1113    .text               gt_obj_class.o
    0x00047014   0x00047014   0x00000bb2   Code   RO         1132    .text               gt_player.o
    0x00047bc6   0x00047bc6   0x00000002   PAD
    0x00047bc8   0x00047bc8   0x000008ce   Code   RO         1248    .text               gt_init_screen_home.o
    0x00048496   0x00048496   0x00000002   PAD
    0x00048498   0x00048498   0x00000024   Code   RO         1258    .text               gt_ui.o
    0x000484bc   0x000484bc   0x00000d12   Code   RO         1266    .text               gt_gui_driver.lib(gt_gui_driver.o)
    0x000491ce   0x000491ce   0x0000000c   Code   RO         1292    .text               mc_w.l(tolower.o)
    0x000491da   0x000491da   0x00000040   Code   RO         1296    .text               mc_w.l(memmovea.o)
    0x0004921a   0x0004921a   0x00000024   Code   RO         1298    .text               mc_w.l(memseta.o)
    0x0004923e   0x0004923e   0x0000000e   Code   RO         1300    .text               mc_w.l(strlen.o)
    0x0004924c   0x0004924c   0x0000001c   Code   RO         1302    .text               mc_w.l(strcmp.o)
    0x00049268   0x00049268   0x0000001a   Code   RO         1304    .text               mc_w.l(memcmp.o)
    0x00049282   0x00049282   0x00000012   Code   RO         1306    .text               mc_w.l(strcpy.o)
    0x00049294   0x00049294   0x00000064   Code   RO         1573    .text               mf_w.l(fmul.o)
    0x000492f8   0x000492f8   0x0000007c   Code   RO         1575    .text               mf_w.l(fdiv.o)
    0x00049374   0x00049374   0x0000014e   Code   RO         1577    .text               mf_w.l(dadd.o)
    0x000494c2   0x000494c2   0x000000e4   Code   RO         1579    .text               mf_w.l(dmul.o)
    0x000495a6   0x000495a6   0x000000de   Code   RO         1581    .text               mf_w.l(ddiv.o)
    0x00049684   0x00049684   0x0000000a   Code   RO         1591    .text               mf_w.l(ffltui.o)
    0x0004968e   0x0004968e   0x00000022   Code   RO         1593    .text               mf_w.l(dflti.o)
    0x000496b0   0x000496b0   0x0000001a   Code   RO         1595    .text               mf_w.l(dfltui.o)
    0x000496ca   0x000496ca   0x00000026   Code   RO         1601    .text               mf_w.l(f2d.o)
    0x000496f0   0x000496f0   0x00000038   Code   RO         1603    .text               mf_w.l(d2f.o)
    0x00049728   0x00049728   0x0000002c   Code   RO         1629    .text               mc_w.l(uidiv.o)
    0x00049754   0x00049754   0x00000062   Code   RO         1631    .text               mc_w.l(uldiv.o)
    0x000497b6   0x000497b6   0x0000001e   Code   RO         1633    .text               mc_w.l(llshl.o)
    0x000497d4   0x000497d4   0x00000020   Code   RO         1635    .text               mc_w.l(llushr.o)
    0x000497f4   0x000497f4   0x00000024   Code   RO         1637    .text               mc_w.l(llsshr.o)
    0x00049818   0x00049818   0x00000000   Code   RO         1639    .text               mc_w.l(iusefp.o)
    0x00049818   0x00049818   0x0000006e   Code   RO         1640    .text               mf_w.l(fepilogue.o)
    0x00049886   0x00049886   0x000000ba   Code   RO         1642    .text               mf_w.l(depilogue.o)
    0x00049940   0x00049940   0x00000030   Code   RO         1644    .text               mf_w.l(dfixul.o)
    0x00049970   0x00049970   0x00000030   Code   RO         1646    .text               mf_w.l(cdrcmple.o)
    0x000499a0   0x000499a0   0x00000024   Code   RO         1648    .text               mc_w.l(init.o)
    0x000499c4   0x000499c4   0x00000020   Code   RO         1545    i.__0printf         mc_w.l(printfa.o)
    0x000499e4   0x000499e4   0x00000034   Code   RO         1550    i.__0vsnprintf      mc_w.l(printfa.o)
    0x00049a18   0x00049a18   0x0000000e   Code   RO         1652    i.__scatterload_copy  mc_w.l(handlers.o)
    0x00049a26   0x00049a26   0x00000002   Code   RO         1653    i.__scatterload_null  mc_w.l(handlers.o)
    0x00049a28   0x00049a28   0x0000000e   Code   RO         1654    i.__scatterload_zeroinit  mc_w.l(handlers.o)
    0x00049a36   0x00049a36   0x00000002   PAD
    0x00049a38   0x00049a38   0x00000184   Code   RO         1552    i._fp_digits        mc_w.l(printfa.o)
    0x00049bbc   0x00049bbc   0x000006dc   Code   RO         1553    i._printf_core      mc_w.l(printfa.o)
    0x0004a298   0x0004a298   0x00000024   Code   RO         1554    i._printf_post_padding  mc_w.l(printfa.o)
    0x0004a2bc   0x0004a2bc   0x0000002e   Code   RO         1555    i._printf_pre_padding  mc_w.l(printfa.o)
    0x0004a2ea   0x0004a2ea   0x00000016   Code   RO         1556    i._snputc           mc_w.l(printfa.o)
    0x0004a300   0x0004a300   0x00000024   Code   RO         1288    i.puts              mc_w.l(puts.o)
    0x0004a324   0x0004a324   0x00000014   Data   RO          825    .rodata..Lswitch.table.gt_anim_set_path_type  gt_anim.o
    0x0004a338   0x0004a338   0x000001d0   Data   RO          685    .rodata..Lswitch.table.lodepng_error_text  lodepng.o
    0x0004a508   0x0004a508   0x0000001c   Data   RO          680    .rodata.ADAM7_DX    lodepng.o
    0x0004a524   0x0004a524   0x0000001c   Data   RO          682    .rodata.ADAM7_DY    lodepng.o
    0x0004a540   0x0004a540   0x0000001c   Data   RO          681    .rodata.ADAM7_IX    lodepng.o
    0x0004a55c   0x0004a55c   0x0000001c   Data   RO          683    .rodata.ADAM7_IY    lodepng.o
    0x0004a578   0x0004a578   0x0000004c   Data   RO          679    .rodata.CLCL_ORDER  lodepng.o
    0x0004a5c4   0x0004a5c4   0x00000400   Data   RO          651    .rodata.Clip8       tjpgd.o
    0x0004a9c4   0x0004a9c4   0x00000078   Data   RO          677    .rodata.DISTANCEBASE  lodepng.o
    0x0004aa3c   0x0004aa3c   0x00000078   Data   RO          678    .rodata.DISTANCEEXTRA  lodepng.o
    0x0004aab4   0x0004aab4   0x00000080   Data   RO          650    .rodata.Ipsf        tjpgd.o
    0x0004ab34   0x0004ab34   0x00000074   Data   RO          675    .rodata.LENGTHBASE  lodepng.o
    0x0004aba8   0x0004aba8   0x00000074   Data   RO          676    .rodata.LENGTHEXTRA  lodepng.o
    0x0004ac1c   0x0004ac1c   0x00000040   Data   RO          649    .rodata.Zig         tjpgd.o
    0x0004ac5c   0x0004ac5c   0x00000be0   Data   RO          698    .rodata._ascii_16   gt_font.o
    0x0004b83c   0x0004b83c   0x000000b6   Data   RO          864    .rodata._gt_sin_90_table  gt_math.o
    0x0004b8f2   0x0004b8f2   0x00000002   PAD
    0x0004b8f4   0x0004b8f4   0x00000400   Data   RO          865    .rodata._gt_tab_per_255  gt_math.o
    0x0004bcf4   0x0004bcf4   0x000001ea   Data   RO          697    .rodata._latin_16x16_width  gt_font.o
    0x0004bede   0x0004bede   0x00000002   PAD
    0x0004bee0   0x0004bee0   0x00000014   Data   RO          388    .rodata._src_icon_sys  gt_port_src.o
    0x0004bef4   0x0004bef4   0x00000003   Data   RO          434    .rodata._utf8_dots  gt_draw.o
    0x0004bef7   0x0004bef7   0x00000009   Data   RO          435    .rodata._utf8_full_stops  gt_draw.o
    0x0004bf00   0x0004bf00   0x00000010   Data   RO          494    .rodata.cst16       gt_indev.o
    0x0004bf10   0x0004bf10   0x00000020   Data   RO          406    .rodata.cst32       gt_disp.o
    0x0004bf30   0x0004bf30   0x00000020   Data   RO          684    .rodata.cst32       lodepng.o
    0x0004bf50   0x0004bf50   0x00000004   Data   RO          456    .rodata.cst4        gt_fs.o
    0x0004bf54   0x0004bf54   0x00000008   Data   RO          526    .rodata.cst8        gt_obj_pos.o
    0x0004bf5c   0x0004bf5c   0x00000004   PAD
    0x0004bf60   0x0004bf60   0x00000008   Data   RO          896    .rodata.cst8        gt_stack.o
    0x0004bf68   0x0004bf68   0x00000010   Data   RO          916    .rodata.gt_btn_class  gt_btn.o
    0x0004bf78   0x0004bf78   0x00000010   Data   RO          973    .rodata.gt_dialog_class  gt_dialog.o
    0x0004bf88   0x0004bf88   0x0000000c   Data   RO         1272    .rodata.gt_get_font_func  gt_gui_driver.lib(gt_gui_driver.o)
    0x0004bf94   0x0004bf94   0x00000010   Data   RO         1004    .rodata.gt_img_class  gt_img.o
    0x0004bfa4   0x0004bfa4   0x00000010   Data   RO         1014    .rodata.gt_imgbtn_class  gt_imgbtn.o
    0x0004bfb4   0x0004bfb4   0x00000010   Data   RO         1073    .rodata.gt_label_class  gt_label.o
    0x0004bfc4   0x0004bfc4   0x00000010   Data   RO          762    .rodata.gt_layer_top_class  gt_hal_disp.o
    0x0004bfd4   0x0004bfd4   0x00000010   Data   RO         1104    .rodata.gt_obj_class  gt_obj.o
    0x0004bfe4   0x0004bfe4   0x00000010   Data   RO         1134    .rodata.gt_player_class  gt_player.o
    0x0004bff4   0x0004bff4   0x00000008   Data   RO         1260    .rodata.gt_scr_list  gt_ui.o
    0x0004bffc   0x0004bffc   0x00000010   Data   RO         1105    .rodata.gt_screen_class  gt_obj.o
    0x0004c00c   0x0004c00c   0x00000230   Data   RO         1270    .rodata.gtuid       gt_gui_driver.lib(gt_gui_driver.o)
    0x0004c23c   0x0004c23c   0x00000400   Data   RO          674    .rodata.lodepng_crc32_table  lodepng.o
    0x0004c63c   0x0004c63c   0x0000000c   Data   RO          418    .rodata.r_1         gt_draw.o
    0x0004c648   0x0004c648   0x00000042   Data   RO          427    .rodata.r_10        gt_draw.o
    0x0004c68a   0x0004c68a   0x00000048   Data   RO          428    .rodata.r_11        gt_draw.o
    0x0004c6d2   0x0004c6d2   0x0000004e   Data   RO          429    .rodata.r_12        gt_draw.o
    0x0004c720   0x0004c720   0x00000054   Data   RO          430    .rodata.r_13        gt_draw.o
    0x0004c774   0x0004c774   0x0000005a   Data   RO          431    .rodata.r_14        gt_draw.o
    0x0004c7ce   0x0004c7ce   0x00000060   Data   RO          432    .rodata.r_15        gt_draw.o
    0x0004c82e   0x0004c82e   0x00000066   Data   RO          433    .rodata.r_16        gt_draw.o
    0x0004c894   0x0004c894   0x00000012   Data   RO          419    .rodata.r_2         gt_draw.o
    0x0004c8a6   0x0004c8a6   0x00000018   Data   RO          420    .rodata.r_3         gt_draw.o
    0x0004c8be   0x0004c8be   0x0000001e   Data   RO          421    .rodata.r_4         gt_draw.o
    0x0004c8dc   0x0004c8dc   0x00000024   Data   RO          422    .rodata.r_5         gt_draw.o
    0x0004c900   0x0004c900   0x0000002a   Data   RO          423    .rodata.r_6         gt_draw.o
    0x0004c92a   0x0004c92a   0x00000030   Data   RO          424    .rodata.r_7         gt_draw.o
    0x0004c95a   0x0004c95a   0x00000036   Data   RO          425    .rodata.r_8         gt_draw.o
    0x0004c990   0x0004c990   0x0000003c   Data   RO          426    .rodata.r_9         gt_draw.o
    0x0004c9cc   0x0004c9cc   0x00000044   Data   RO          417    .rodata.small_radius_make  gt_draw.o
    0x0004ca10   0x0004ca10   0x00000020   Data   RO           32    .rodata.str1.1      bsp_sfc.o
    0x0004ca30   0x0004ca30   0x0000058e   Data   RO          397    .rodata.str1.1      gt_port_vf.o
    0x0004cfbe   0x0004cfbe   0x0000014c   Data   RO          405    .rodata.str1.1      gt_disp.o
    0x0004d10a   0x0004d10a   0x0000031d   Data   RO          416    .rodata.str1.1      gt_draw.o
    0x0004d427   0x0004d427   0x00000044   Data   RO          445    .rodata.str1.1      gt_event.o
    0x0004d46b   0x0004d46b   0x00000041   Data   RO          483    .rodata.str1.1      gt_img_decoder.o
    0x0004d4ac   0x0004d4ac   0x00000016   Data   RO          493    .rodata.str1.1      gt_indev.o
    0x0004d4c2   0x0004d4c2   0x0000000e   Data   RO          546    .rodata.str1.1      gt_refr.o
    0x0004d4d0   0x0004d4d0   0x0000002c   Data   RO          555    .rodata.str1.1      gt_scr_stack.o
    0x0004d4fc   0x0004d4fc   0x000000c8   Data   RO          565    .rodata.str1.1      gt_style.o
    0x0004d5c4   0x0004d5c4   0x00000022   Data   RO          575    .rodata.str1.1      gt_timer.o
    0x0004d5e6   0x0004d5e6   0x0000002f   Data   RO          639    .rodata.str1.1      gt_sjpg.o
    0x0004d615   0x0004d615   0x00000025   Data   RO          661    .rodata.str1.1      gt_png.o
    0x0004d63a   0x0004d63a   0x0000132d   Data   RO          671    .rodata.str1.1      lodepng.o
    0x0004e967   0x0004e967   0x0000003d   Data   RO          695    .rodata.str1.1      gt_font.o
    0x0004e9a4   0x0004e9a4   0x00000060   Data   RO          710    .rodata.str1.1      gt_symbol.o
    0x0004ea04   0x0004ea04   0x0000005b   Data   RO          761    .rodata.str1.1      gt_hal_disp.o
    0x0004ea5f   0x0004ea5f   0x00000023   Data   RO          793    .rodata.str1.1      gt_hal_src.o
    0x0004ea82   0x0004ea82   0x00000022   Data   RO          812    .rodata.str1.1      gt_hal_vf.o
    0x0004eaa4   0x0004eaa4   0x00000048   Data   RO          824    .rodata.str1.1      gt_anim.o
    0x0004eaec   0x0004eaec   0x00000077   Data   RO          875    .rodata.str1.1      gt_tlsf.o
    0x0004eb63   0x0004eb63   0x00000023   Data   RO          895    .rodata.str1.1      gt_stack.o
    0x0004eb86   0x0004eb86   0x00000024   Data   RO          906    .rodata.str1.1      gt_vector.o
    0x0004ebaa   0x0004ebaa   0x00000023   Data   RO          917    .rodata.str1.1      gt_btn.o
    0x0004ebcd   0x0004ebcd   0x00000023   Data   RO         1005    .rodata.str1.1      gt_img.o
    0x0004ebf0   0x0004ebf0   0x00000026   Data   RO         1015    .rodata.str1.1      gt_imgbtn.o
    0x0004ec16   0x0004ec16   0x00000025   Data   RO         1074    .rodata.str1.1      gt_label.o
    0x0004ec3b   0x0004ec3b   0x00000029   Data   RO         1115    .rodata.str1.1      gt_obj_class.o
    0x0004ec64   0x0004ec64   0x00000074   Data   RO         1135    .rodata.str1.1      gt_player.o
    0x0004ecd8   0x0004ecd8   0x00000100   Data   RO          714    .rodata.symbol_16x16_backspace  gt_symbol.o
    0x0004edd8   0x0004edd8   0x00000100   Data   RO          727    .rodata.symbol_16x16_close  gt_symbol.o
    0x0004eed8   0x0004eed8   0x00000100   Data   RO          724    .rodata.symbol_16x16_down  gt_symbol.o
    0x0004efd8   0x0004efd8   0x00000100   Data   RO          722    .rodata.symbol_16x16_keyboard  gt_symbol.o
    0x0004f0d8   0x0004f0d8   0x00000100   Data   RO          721    .rodata.symbol_16x16_left  gt_symbol.o
    0x0004f1d8   0x0004f1d8   0x00000100   Data   RO          713    .rodata.symbol_16x16_new_line  gt_symbol.o
    0x0004f2d8   0x0004f2d8   0x00000100   Data   RO          726    .rodata.symbol_16x16_ok  gt_symbol.o
    0x0004f3d8   0x0004f3d8   0x00000100   Data   RO          720    .rodata.symbol_16x16_right  gt_symbol.o
    0x0004f4d8   0x0004f4d8   0x00000100   Data   RO          725    .rodata.symbol_16x16_save  gt_symbol.o
    0x0004f5d8   0x0004f5d8   0x00000100   Data   RO          723    .rodata.symbol_16x16_up  gt_symbol.o
    0x0004f6d8   0x0004f6d8   0x00000240   Data   RO          745    .rodata.symbol_24x24_close  gt_symbol.o
    0x0004f918   0x0004f918   0x00000240   Data   RO          735    .rodata.symbol_backspace_24x24  gt_symbol.o
    0x0004fb58   0x0004fb58   0x00000100   Data   RO          716    .rodata.symbol_ch_16x16  gt_symbol.o
    0x0004fc58   0x0004fc58   0x00000240   Data   RO          737    .rodata.symbol_ch_24x24  gt_symbol.o
    0x0004fe98   0x0004fe98   0x00000100   Data   RO          715    .rodata.symbol_en_16x16  gt_symbol.o
    0x0004ff98   0x0004ff98   0x00000240   Data   RO          736    .rodata.symbol_en_24x24  gt_symbol.o
    0x000501d8   0x000501d8   0x00000240   Data   RO          743    .rodata.symbol_keyboard_24x24  gt_symbol.o
    0x00050418   0x00050418   0x00000240   Data   RO          742    .rodata.symbol_left_24x24  gt_symbol.o
    0x00050658   0x00050658   0x00000100   Data   RO          718    .rodata.symbol_lower_case_16x16  gt_symbol.o
    0x00050758   0x00050758   0x00000240   Data   RO          739    .rodata.symbol_lower_case_24x24  gt_symbol.o
    0x00050998   0x00050998   0x00000240   Data   RO          734    .rodata.symbol_new_line_24x24  gt_symbol.o
    0x00050bd8   0x00050bd8   0x00000240   Data   RO          744    .rodata.symbol_ok_24x24  gt_symbol.o
    0x00050e18   0x00050e18   0x00000240   Data   RO          741    .rodata.symbol_right_24x24  gt_symbol.o
    0x00051058   0x00051058   0x00000100   Data   RO          712    .rodata.symbol_space_16x16  gt_symbol.o
    0x00051158   0x00051158   0x00000240   Data   RO          733    .rodata.symbol_space_24x24  gt_symbol.o
    0x00051398   0x00051398   0x00000100   Data   RO          719    .rodata.symbol_upper_case_16x16  gt_symbol.o
    0x00051498   0x00051498   0x00000240   Data   RO          740    .rodata.symbol_upper_case_24x24  gt_symbol.o
    0x000516d8   0x000516d8   0x00000100   Data   RO          717    .rodata.symbol_well_number_16x16  gt_symbol.o
    0x000517d8   0x000517d8   0x00000240   Data   RO          738    .rodata.symbol_well_number_24x24  gt_symbol.o
    0x00051a18   0x00051a18   0x000000c0   Data   RO          708    .rodata.symbols_16x16  gt_symbol.o
    0x00051ad8   0x00051ad8   0x000000a8   Data   RO          709    .rodata.symbols_24x24  gt_symbol.o
    0x00051b80   0x00051b80   0x00000474   Data   RO          396    .rodata.virt_file_sys  gt_port_vf.o
    0x00051ff4   0x00051ff4   0x00000100   Data   RO          728    .rodata.voice_play_16x16_left_1  gt_symbol.o
    0x000520f4   0x000520f4   0x00000100   Data   RO          729    .rodata.voice_play_16x16_left_2  gt_symbol.o
    0x000521f4   0x000521f4   0x00000100   Data   RO          711    .rodata.voice_play_16x16_left_3  gt_symbol.o
    0x000522f4   0x000522f4   0x00000100   Data   RO          730    .rodata.voice_play_16x16_right_1  gt_symbol.o
    0x000523f4   0x000523f4   0x00000100   Data   RO          731    .rodata.voice_play_16x16_right_2  gt_symbol.o
    0x000524f4   0x000524f4   0x00000100   Data   RO          732    .rodata.voice_play_16x16_right_3  gt_symbol.o
    0x000525f4   0x000525f4   0x00000240   Data   RO          746    .rodata.voice_play_24x24_left_1  gt_symbol.o
    0x00052834   0x00052834   0x00000240   Data   RO          747    .rodata.voice_play_24x24_left_2  gt_symbol.o
    0x00052a74   0x00052a74   0x00000240   Data   RO          748    .rodata.voice_play_24x24_left_3  gt_symbol.o
    0x00052cb4   0x00052cb4   0x00000240   Data   RO          749    .rodata.voice_play_24x24_right_1  gt_symbol.o
    0x00052ef4   0x00052ef4   0x00000240   Data   RO          750    .rodata.voice_play_24x24_right_2  gt_symbol.o
    0x00053134   0x00053134   0x00000240   Data   RO          751    .rodata.voice_play_24x24_right_3  gt_symbol.o
    0x00053374   0x00053374   0x00000020   Data   RO         1651    Region$$Table       anon$$obj.o


    Execution Region RW_IRAM1 (Exec base: 0x20000000, Load base: 0x00053398, Size: 0x0000d1c8, Max: 0x00010000, ABSOLUTE)

    Exec Addr    Load Addr    Size         Type   Attr      Idx    E Section Name        Object

    0x20000000   0x00053398   0x00000004   Data   RW         1619    .data               mc_w.l(stdout.o)
    0x20000004   0x0005339c   0x00000008   Data   RW          104    .data..L_MergedGlobals  system_swm341.o
    0x2000000c   0x000533a4   0x00000040   Data   RW         1273    .data.PADDING       gt_gui_driver.lib(gt_gui_driver.o)
    0x2000004c   0x000533e4   0x00000004   Data   RW           12    .data._LCD_Buffer   bsp_lcd_rgb.o
    0x20000050   0x000533e8   0x00000004   Data   RW          845    .data._focus_color  gt_color.o
    0x20000054   0x000533ec   0x0000003c   Data   RW          855    .data._gt_global_call  gt_gc.o
    0x20000090   0x00053428   0x00000004   Data   RW          495    .data._gt_indev_handler_keypad.last_key  gt_indev.o
    0x20000094   0x0005342c   0x00000001   Data   RW          813    .data._state        gt_hal_vf.o
    0x20000095   0x0005342d   0x00000003   PAD
    0x20000098        -       0x00000015   Zero   RW           42    .bss..L_MergedGlobals  bsp_uart.o
    0x200000ad   0x0005342d   0x00000003   PAD
    0x200000b0        -       0x00000020   Zero   RW          380    .bss..L_MergedGlobals  gt_port_indev.o
    0x200000d0        -       0x00000010   Zero   RW          496    .bss..L_MergedGlobals  gt_indev.o
    0x200000e0        -       0x0000000c   Zero   RW          516    .bss..L_MergedGlobals  gt_mem.o
    0x200000ec        -       0x00000018   Zero   RW          783    .bss..L_MergedGlobals  gt_hal_indev.o
    0x20000104        -       0x00000008   Zero   RW          803    .bss..L_MergedGlobals  gt_hal_tick.o
    0x2000010c        -       0x00000008   Zero   RW          814    .bss..L_MergedGlobals  gt_hal_vf.o
    0x20000114        -       0x00000010   Zero   RW          826    .bss..L_MergedGlobals  gt_anim.o
    0x20000124        -       0x0000005c   Zero   RW         1251    .bss..L_MergedGlobals  gt_init_screen_home.o
    0x20000180        -       0x00000001   Zero   RW           83    .bss.Boot_Video_Flag  dev_touch.o
    0x20000181        -       0x00000001   Zero   RW         1269    .bss.GT_UID_MD5_FLAG  gt_gui_driver.lib(gt_gui_driver.o)
    0x20000182   0x0005342d   0x00000002   PAD
    0x20000184        -       0x00000004   Zero   RW           13    .bss.POINT_COLOR    bsp_lcd_rgb.o
    0x20000188        -       0x00000004   Zero   RW           73    .bss.Systick_Time   dev_systick.o
    0x2000018c        -       0x00000016   Zero   RW           84    .bss.TP_Dev         dev_touch.o
    0x200001a2        -       0x00000001   Zero   RW          475    .bss._gt_init_done_flag  gt_handler.o
    0x200001a3        -       0x00000001   Zero   RW          696    .bss._gt_project_encoding  gt_font.o
    0x200001a4        -       0x00000001   Zero   RW          576    .bss._gt_timer_task_ready_flag  gt_timer.o
    0x200001a5   0x0005342d   0x00000003   PAD
    0x200001a8        -       0x0000c000   Zero   RW          515    .bss._mem_pool_int  gt_mem.o
    0x2000c1a8        -       0x00000004   Zero   RW          792    .bss._self          gt_hal_src.o
    0x2000c1ac        -       0x0000000c   Zero   RW          371    .bss.drv            gt_port_disp.o
    0x2000c1b8        -       0x00000004   Zero   RW          760    .bss.graph_buf_all  gt_hal_disp.o
    0x2000c1bc        -       0x00000001   Zero   RW         1271    .bss.gt_font_chinese_encoding  gt_gui_driver.lib(gt_gui_driver.o)
    0x2000c1bd   0x0005342d   0x00000003   PAD
    0x2000c1c0        -       0x00000004   Zero   RW          782    .bss.indev          gt_hal_indev.o
    0x2000c1c4   0x0005342d   0x00000004   PAD
    0x2000c1c8        -       0x00001000   Zero   RW          112    STACK               startup_swm341.o



  Load Region LR$$.bss.ARM.__at_0x80180000 (Base: 0x80180000, Size: 0x00000000, Max: 0x000bb800, ABSOLUTE)

    Execution Region ER$$.bss.ARM.__at_0x80180000 (Exec base: 0x80180000, Load base: 0x80180000, Size: 0x000bb800, Max: 0x000bb800, ABSOLUTE, UNINIT)

    Exec Addr    Load Addr    Size         Type   Attr      Idx    E Section Name        Object

    0x80180000        -       0x000bb800   Zero   RW          372    .bss.ARM.__at_0x80180000  gt_port_disp.o


==============================================================================

Image component sizes


      Code (inc. data)   RO Data    RW Data    ZI Data      Debug   Object Name

      1492          0          0          4          4       4339   bsp_lcd_rgb.o
      1488          0         32          0          0       5951   bsp_sfc.o
       486          0          0          0         21       2968   bsp_uart.o
       258          0          0          0          4       5519   dev_systick.o
       124          0          0          0         23       4379   dev_touch.o
      1584         20          0          0          0       5735   gt911.o
      2420         84         92          0         16      19512   gt_anim.o
       682          0          0          0          0       3997   gt_area.o
      1756         26         51          0          0      19230   gt_btn.o
       164          0          0          4          0       2017   gt_color.o
      2180         26         16          0          0      24545   gt_dialog.o
      5694        314        364          0          0      27946   gt_disp.o
     14884        124       1789          0          0      52561   gt_draw.o
      1952          0          0          0          0       8600   gt_draw_blend.o
      4158          0          0          0          0      15247   gt_draw_blend_with_rgb565.o
       792        104         68          0          0       8645   gt_event.o
        14          0          0          0          0        408   gt_extra.o
      9458        192       3591          0          1      36656   gt_font.o
       780         76          4          0          0       6871   gt_fs.o
        40          0          0         60          0       7919   gt_gc.o
       148          0          0          0          0       6196   gt_graph_base.o
      1828        188        107          0          4      12972   gt_hal_disp.o
       164        100          0          0          0       2357   gt_hal_fs.o
       248         40          0          0         28       9063   gt_hal_indev.o
       544         76         35          0          4       4963   gt_hal_src.o
       116          0          0          0          8       1250   gt_hal_tick.o
       792         76         34          1          8       5880   gt_hal_vf.o
        84          0          0          0          1        864   gt_handler.o
       766         76         51          0          0      11811   gt_img.o
       948         96         65          0          0       8615   gt_img_decoder.o
      1178         24         54          0          0      14117   gt_imgbtn.o
      3030         52         38          4         16      20838   gt_indev.o
      2254        148          0          0         92       9283   gt_init_screen_home.o
      2282          8         53          0          0      20076   gt_label.o
       468         84          0          0          0       6783   gt_layout.o
       382          0       1206          0          0       2823   gt_math.o
       356         16          0          0      49164       3910   gt_mem.o
      2500        152         32          0          0      18747   gt_obj.o
      1648          0         41          0          0      12561   gt_obj_class.o
       924          0          8          0          0      10551   gt_obj_pos.o
       486         84          0          0          0       9897   gt_obj_scroll.o
      2994        100        132          0          0      22026   gt_player.o
      1260         72         37          0          0       9373   gt_png.o
        70          0          0          0     768012       1585   gt_port_disp.o
        70          0          0          0         32       1831   gt_port_indev.o
        14          0         20          0          0       1044   gt_port_src.o
        30          0       2562          0          0       1026   gt_port_vf.o
       120         16         14          0          0       6859   gt_refr.o
      1660        184         44          0          0      13629   gt_scr_stack.o
      1758         20         47          0          0      11675   gt_sjpg.o
      1148          0         43          0          0       8110   gt_stack.o
      7124        918        200          0          0      25641   gt_style.o
       138          0      17032          0          0       3325   gt_symbol.o
      1328        272         34          0          1       5458   gt_timer.o
      3460         96        119          0          0      27130   gt_tlsf.o
        36          0          8          0          0       6024   gt_ui.o
       998          0         36          0          0       4625   gt_vector.o
     43938        238       7089          0          0     149428   lodepng.o
       556         20          0          0          0       6501   main.o
       216         10        424          0       4096       4440   startup_swm341.o
       158          0          0          0          0       2453   swm341_exti.o
       318          0          0          0          0       2057   swm341_flash.o
       664          0          0          0          0       6815   swm341_gpio.o
       778          0          0          0          0       8948   swm341_i2c.o
       796          0          0          0          0       9662   swm341_lcd.o
        74          0          0          0          0       1222   swm341_port.o
       648          4          0          0          0       5928   swm341_sdram.o
      1494          0          0          0          0       6851   swm341_sfc.o
      2912          8          0          0          0      14362   swm341_timr.o
       880         22          0          0          0       9584   swm341_uart.o
       160          0          0          0          0       5829   swm341_wdt.o
      4342         16          0          8          0      10032   system_swm341.o
     12854         62       1216          0          0      30210   tjpgd.o

    ----------------------------------------------------------------------
    164608       4244      36828         84     821545     880285   Object Totals
         0          0         32          0          0          0   (incl. Generated)
        60          0          8          3         10          0   (incl. Padding)

    ----------------------------------------------------------------------

      Code (inc. data)   RO Data    RW Data    ZI Data      Debug   Library Member Name

      3346          0        572         64          2       9071   gt_gui_driver.o
         0          0          0          0          0          0   entry.o
         0          0          0          0          0          0   entry10a.o
         0          0          0          0          0          0   entry11a.o
         8          4          0          0          0          0   entry2.o
         4          0          0          0          0          0   entry5.o
         0          0          0          0          0          0   entry7b.o
         0          0          0          0          0          0   entry8b.o
         8          4          0          0          0          0   entry9a.o
        30          0          0          0          0          0   handlers.o
        36          8          0          0          0         68   init.o
         0          0          0          0          0          0   iusefp.o
        30          0          0          0          0         68   llshl.o
        36          0          0          0          0         68   llsshr.o
        32          0          0          0          0         68   llushr.o
        26          0          0          0          0         80   memcmp.o
        64          0          0          0          0         76   memmovea.o
        36          0          0          0          0        108   memseta.o
      2332         96          0          0          0        600   printfa.o
        36          6          0          0          0         80   puts.o
         0          0          0          4          0          0   stdout.o
        28          0          0          0          0         76   strcmp.o
        18          0          0          0          0         68   strcpy.o
        14          0          0          0          0         68   strlen.o
        12          0          0          0          0         68   tolower.o
        44          0          0          0          0         80   uidiv.o
        98          0          0          0          0         92   uldiv.o
        48          0          0          0          0         68   cdrcmple.o
        56          0          0          0          0         88   d2f.o
       334          0          0          0          0        148   dadd.o
       222          0          0          0          0        100   ddiv.o
       186          0          0          0          0        176   depilogue.o
        48          0          0          0          0         68   dfixul.o
        34          0          0          0          0         76   dflti.o
        26          0          0          0          0         76   dfltui.o
       228          0          0          0          0         96   dmul.o
        38          0          0          0          0         68   f2d.o
       124          0          0          0          0         88   fdiv.o
       110          0          0          0          0        168   fepilogue.o
        10          0          0          0          0         68   ffltui.o
       100          0          0          0          0         76   fmul.o

    ----------------------------------------------------------------------
      7804        118        572         68          7      12103   Library Totals
         2          0          0          0          5          0   (incl. Padding)

    ----------------------------------------------------------------------

      Code (inc. data)   RO Data    RW Data    ZI Data      Debug   Library Name

      3346          0        572         64          2       9071   gt_gui_driver.lib
      2892        118          0          4          0       1668   mc_w.l
      1564          0          0          0          0       1364   mf_w.l

    ----------------------------------------------------------------------
      7804        118        572         68          7      12103   Library Totals

    ----------------------------------------------------------------------

==============================================================================


      Code (inc. data)   RO Data    RW Data    ZI Data      Debug   

    172412       4362      37400        152     821552     889724   Grand Totals
    172412       4362      37400        152     821552     889724   ELF Image Totals
    172412       4362      37400        152          0          0   ROM Totals

==============================================================================

    Total RO  Size (Code + RO Data)               209812 ( 204.89kB)
    Total RW  Size (RW Data + ZI Data)            821704 ( 802.45kB)
    Total ROM Size (Code + RO Data + RW Data)     209964 ( 205.04kB)

==============================================================================

