<!doctype html public "-//w3c//dtd html 4.0 transitional//en">
<html><head>
<title>Static Call Graph - [.\out\hmi_mod_mcu.axf]</title></head>
<body><HR>
<H1>Static Call Graph for image .\out\hmi_mod_mcu.axf</H1><HR>
<BR><P>#&#060CALLGRAPH&#062# ARM Linker, 6160001: Last Updated: Thu Jul  4 16:32:29 2024
<BR><P>
<H3>Maximum Stack Usage =       1576 bytes + Unknown(Cycles, Untraceable Function Pointers)</H3><H3>
Call chain for Maximum Stack Depth:</H3>
_gt_png_open &rArr; lodepng_decode32 &rArr; lodepng_decode_memory &rArr; lodepng_decode &rArr; readChunk_iTXt &rArr; lodepng_zlib_decompressv &rArr; lodepng_inflatev &rArr; HuffmanTree_makeFromLengths &rArr; _mem_malloc &rArr; gt_tlsf_malloc &rArr; block_prepare_used
<P>
<H3>
Mutually Recursive functions
</H3> <LI><a href="#[310]">_destroy_and_free_children</a>&nbsp;&nbsp;&nbsp;&rArr;&nbsp;&nbsp;&nbsp;<a href="#[310]">_destroy_and_free_children</a><BR>
 <LI><a href="#[1f4]">_gt_obj_move_child_by</a>&nbsp;&nbsp;&nbsp;&rArr;&nbsp;&nbsp;&nbsp;<a href="#[1f4]">_gt_obj_move_child_by</a><BR>
 <LI><a href="#[15e]">_check_and_copy_foreach</a>&nbsp;&nbsp;&nbsp;&rArr;&nbsp;&nbsp;&nbsp;<a href="#[15e]">_check_and_copy_foreach</a><BR>
 <LI><a href="#[284]">_calc_max_area_recursive</a>&nbsp;&nbsp;&nbsp;&rArr;&nbsp;&nbsp;&nbsp;<a href="#[284]">_calc_max_area_recursive</a><BR>
 <LI><a href="#[201]">gt_obj_child_set_prop</a>&nbsp;&nbsp;&nbsp;&rArr;&nbsp;&nbsp;&nbsp;<a href="#[201]">gt_obj_child_set_prop</a><BR>
 <LI><a href="#[1b9]">_row_grow_inside_invert</a>&nbsp;&nbsp;&nbsp;&rArr;&nbsp;&nbsp;&nbsp;<a href="#[1b9]">_row_grow_inside_invert</a><BR>
 <LI><a href="#[1b7]">_row_grow_inside</a>&nbsp;&nbsp;&nbsp;&rArr;&nbsp;&nbsp;&nbsp;<a href="#[1b7]">_row_grow_inside</a><BR>
 <LI><a href="#[1]">NMI_Handler</a>&nbsp;&nbsp;&nbsp;&rArr;&nbsp;&nbsp;&nbsp;<a href="#[1]">NMI_Handler</a><BR>
 <LI><a href="#[2]">HardFault_Handler</a>&nbsp;&nbsp;&nbsp;&rArr;&nbsp;&nbsp;&nbsp;<a href="#[2]">HardFault_Handler</a><BR>
 <LI><a href="#[3]">MemManage_Handler</a>&nbsp;&nbsp;&nbsp;&rArr;&nbsp;&nbsp;&nbsp;<a href="#[3]">MemManage_Handler</a><BR>
 <LI><a href="#[4]">BusFault_Handler</a>&nbsp;&nbsp;&nbsp;&rArr;&nbsp;&nbsp;&nbsp;<a href="#[4]">BusFault_Handler</a><BR>
 <LI><a href="#[5]">UsageFault_Handler</a>&nbsp;&nbsp;&nbsp;&rArr;&nbsp;&nbsp;&nbsp;<a href="#[5]">UsageFault_Handler</a><BR>
 <LI><a href="#[6]">SVC_Handler</a>&nbsp;&nbsp;&nbsp;&rArr;&nbsp;&nbsp;&nbsp;<a href="#[6]">SVC_Handler</a><BR>
 <LI><a href="#[7]">DebugMon_Handler</a>&nbsp;&nbsp;&nbsp;&rArr;&nbsp;&nbsp;&nbsp;<a href="#[7]">DebugMon_Handler</a><BR>
 <LI><a href="#[8]">PendSV_Handler</a>&nbsp;&nbsp;&nbsp;&rArr;&nbsp;&nbsp;&nbsp;<a href="#[8]">PendSV_Handler</a><BR>
 <LI><a href="#[a]">UART0_Handler</a>&nbsp;&nbsp;&nbsp;&rArr;&nbsp;&nbsp;&nbsp;<a href="#[a]">UART0_Handler</a><BR>
 <LI><a href="#[b]">UART1_Handler</a>&nbsp;&nbsp;&nbsp;&rArr;&nbsp;&nbsp;&nbsp;<a href="#[b]">UART1_Handler</a><BR>
 <LI><a href="#[c]">TIMR0_Handler</a>&nbsp;&nbsp;&nbsp;&rArr;&nbsp;&nbsp;&nbsp;<a href="#[c]">TIMR0_Handler</a><BR>
 <LI><a href="#[d]">TIMR1_Handler</a>&nbsp;&nbsp;&nbsp;&rArr;&nbsp;&nbsp;&nbsp;<a href="#[d]">TIMR1_Handler</a><BR>
 <LI><a href="#[e]">DMA_Handler</a>&nbsp;&nbsp;&nbsp;&rArr;&nbsp;&nbsp;&nbsp;<a href="#[e]">DMA_Handler</a><BR>
 <LI><a href="#[f]">SPI0_Handler</a>&nbsp;&nbsp;&nbsp;&rArr;&nbsp;&nbsp;&nbsp;<a href="#[f]">SPI0_Handler</a><BR>
 <LI><a href="#[10]">PWM0_Handler</a>&nbsp;&nbsp;&nbsp;&rArr;&nbsp;&nbsp;&nbsp;<a href="#[10]">PWM0_Handler</a><BR>
 <LI><a href="#[11]">WDT_Handler</a>&nbsp;&nbsp;&nbsp;&rArr;&nbsp;&nbsp;&nbsp;<a href="#[11]">WDT_Handler</a><BR>
 <LI><a href="#[12]">UART2_Handler</a>&nbsp;&nbsp;&nbsp;&rArr;&nbsp;&nbsp;&nbsp;<a href="#[12]">UART2_Handler</a><BR>
 <LI><a href="#[13]">PWM1_Handler</a>&nbsp;&nbsp;&nbsp;&rArr;&nbsp;&nbsp;&nbsp;<a href="#[13]">PWM1_Handler</a><BR>
 <LI><a href="#[14]">ADC0_Handler</a>&nbsp;&nbsp;&nbsp;&rArr;&nbsp;&nbsp;&nbsp;<a href="#[14]">ADC0_Handler</a><BR>
 <LI><a href="#[15]">BTIMR0_Handler</a>&nbsp;&nbsp;&nbsp;&rArr;&nbsp;&nbsp;&nbsp;<a href="#[15]">BTIMR0_Handler</a><BR>
 <LI><a href="#[16]">HALL0_Handler</a>&nbsp;&nbsp;&nbsp;&rArr;&nbsp;&nbsp;&nbsp;<a href="#[16]">HALL0_Handler</a><BR>
 <LI><a href="#[17]">PWM2_Handler</a>&nbsp;&nbsp;&nbsp;&rArr;&nbsp;&nbsp;&nbsp;<a href="#[17]">PWM2_Handler</a><BR>
 <LI><a href="#[18]">PWMBRK_Handler</a>&nbsp;&nbsp;&nbsp;&rArr;&nbsp;&nbsp;&nbsp;<a href="#[18]">PWMBRK_Handler</a><BR>
 <LI><a href="#[19]">I2C0_Handler</a>&nbsp;&nbsp;&nbsp;&rArr;&nbsp;&nbsp;&nbsp;<a href="#[19]">I2C0_Handler</a><BR>
 <LI><a href="#[1a]">CAN0_Handler</a>&nbsp;&nbsp;&nbsp;&rArr;&nbsp;&nbsp;&nbsp;<a href="#[1a]">CAN0_Handler</a><BR>
 <LI><a href="#[1b]">SPI1_Handler</a>&nbsp;&nbsp;&nbsp;&rArr;&nbsp;&nbsp;&nbsp;<a href="#[1b]">SPI1_Handler</a><BR>
 <LI><a href="#[1c]">RTC_Handler</a>&nbsp;&nbsp;&nbsp;&rArr;&nbsp;&nbsp;&nbsp;<a href="#[1c]">RTC_Handler</a><BR>
 <LI><a href="#[1d]">PWM3_Handler</a>&nbsp;&nbsp;&nbsp;&rArr;&nbsp;&nbsp;&nbsp;<a href="#[1d]">PWM3_Handler</a><BR>
 <LI><a href="#[1e]">TIMR2_Handler</a>&nbsp;&nbsp;&nbsp;&rArr;&nbsp;&nbsp;&nbsp;<a href="#[1e]">TIMR2_Handler</a><BR>
 <LI><a href="#[20]">TIMR3_Handler</a>&nbsp;&nbsp;&nbsp;&rArr;&nbsp;&nbsp;&nbsp;<a href="#[20]">TIMR3_Handler</a><BR>
 <LI><a href="#[21]">ADC1_Handler</a>&nbsp;&nbsp;&nbsp;&rArr;&nbsp;&nbsp;&nbsp;<a href="#[21]">ADC1_Handler</a><BR>
 <LI><a href="#[22]">BOD_Handler</a>&nbsp;&nbsp;&nbsp;&rArr;&nbsp;&nbsp;&nbsp;<a href="#[22]">BOD_Handler</a><BR>
 <LI><a href="#[23]">CORDIC_Handler</a>&nbsp;&nbsp;&nbsp;&rArr;&nbsp;&nbsp;&nbsp;<a href="#[23]">CORDIC_Handler</a><BR>
 <LI><a href="#[24]">BTIMR1_Handler</a>&nbsp;&nbsp;&nbsp;&rArr;&nbsp;&nbsp;&nbsp;<a href="#[24]">BTIMR1_Handler</a><BR>
 <LI><a href="#[25]">PWM4_Handler</a>&nbsp;&nbsp;&nbsp;&rArr;&nbsp;&nbsp;&nbsp;<a href="#[25]">PWM4_Handler</a><BR>
 <LI><a href="#[26]">HALL3_Handler</a>&nbsp;&nbsp;&nbsp;&rArr;&nbsp;&nbsp;&nbsp;<a href="#[26]">HALL3_Handler</a><BR>
 <LI><a href="#[27]">BTIMR2_Handler</a>&nbsp;&nbsp;&nbsp;&rArr;&nbsp;&nbsp;&nbsp;<a href="#[27]">BTIMR2_Handler</a><BR>
 <LI><a href="#[28]">I2C1_Handler</a>&nbsp;&nbsp;&nbsp;&rArr;&nbsp;&nbsp;&nbsp;<a href="#[28]">I2C1_Handler</a><BR>
 <LI><a href="#[29]">BTIMR3_Handler</a>&nbsp;&nbsp;&nbsp;&rArr;&nbsp;&nbsp;&nbsp;<a href="#[29]">BTIMR3_Handler</a><BR>
 <LI><a href="#[2a]">ACMP_Handler</a>&nbsp;&nbsp;&nbsp;&rArr;&nbsp;&nbsp;&nbsp;<a href="#[2a]">ACMP_Handler</a><BR>
 <LI><a href="#[2b]">XTALSTOP_Handler</a>&nbsp;&nbsp;&nbsp;&rArr;&nbsp;&nbsp;&nbsp;<a href="#[2b]">XTALSTOP_Handler</a><BR>
 <LI><a href="#[2c]">FSPI_Handler</a>&nbsp;&nbsp;&nbsp;&rArr;&nbsp;&nbsp;&nbsp;<a href="#[2c]">FSPI_Handler</a><BR>
 <LI><a href="#[2d]">GPIOA_Handler</a>&nbsp;&nbsp;&nbsp;&rArr;&nbsp;&nbsp;&nbsp;<a href="#[2d]">GPIOA_Handler</a><BR>
 <LI><a href="#[2e]">GPIOB_Handler</a>&nbsp;&nbsp;&nbsp;&rArr;&nbsp;&nbsp;&nbsp;<a href="#[2e]">GPIOB_Handler</a><BR>
 <LI><a href="#[2f]">GPIOC_Handler</a>&nbsp;&nbsp;&nbsp;&rArr;&nbsp;&nbsp;&nbsp;<a href="#[2f]">GPIOC_Handler</a><BR>
 <LI><a href="#[31]">GPIOM_Handler</a>&nbsp;&nbsp;&nbsp;&rArr;&nbsp;&nbsp;&nbsp;<a href="#[31]">GPIOM_Handler</a><BR>
 <LI><a href="#[32]">GPION_Handler</a>&nbsp;&nbsp;&nbsp;&rArr;&nbsp;&nbsp;&nbsp;<a href="#[32]">GPION_Handler</a><BR>
 <LI><a href="#[33]">GPIOA0_Handler</a>&nbsp;&nbsp;&nbsp;&rArr;&nbsp;&nbsp;&nbsp;<a href="#[33]">GPIOA0_Handler</a><BR>
 <LI><a href="#[34]">GPIOA1_Handler</a>&nbsp;&nbsp;&nbsp;&rArr;&nbsp;&nbsp;&nbsp;<a href="#[34]">GPIOA1_Handler</a><BR>
 <LI><a href="#[35]">GPIOA5_Handler</a>&nbsp;&nbsp;&nbsp;&rArr;&nbsp;&nbsp;&nbsp;<a href="#[35]">GPIOA5_Handler</a><BR>
 <LI><a href="#[36]">GPIOA6_Handler</a>&nbsp;&nbsp;&nbsp;&rArr;&nbsp;&nbsp;&nbsp;<a href="#[36]">GPIOA6_Handler</a><BR>
 <LI><a href="#[37]">GPIOA10_Handler</a>&nbsp;&nbsp;&nbsp;&rArr;&nbsp;&nbsp;&nbsp;<a href="#[37]">GPIOA10_Handler</a><BR>
 <LI><a href="#[38]">GPIOA11_Handler</a>&nbsp;&nbsp;&nbsp;&rArr;&nbsp;&nbsp;&nbsp;<a href="#[38]">GPIOA11_Handler</a><BR>
 <LI><a href="#[39]">GPIOA12_Handler</a>&nbsp;&nbsp;&nbsp;&rArr;&nbsp;&nbsp;&nbsp;<a href="#[39]">GPIOA12_Handler</a><BR>
 <LI><a href="#[3a]">GPIOA13_Handler</a>&nbsp;&nbsp;&nbsp;&rArr;&nbsp;&nbsp;&nbsp;<a href="#[3a]">GPIOA13_Handler</a><BR>
 <LI><a href="#[3b]">GPIOB0_Handler</a>&nbsp;&nbsp;&nbsp;&rArr;&nbsp;&nbsp;&nbsp;<a href="#[3b]">GPIOB0_Handler</a><BR>
 <LI><a href="#[3c]">GPIOB1_Handler</a>&nbsp;&nbsp;&nbsp;&rArr;&nbsp;&nbsp;&nbsp;<a href="#[3c]">GPIOB1_Handler</a><BR>
 <LI><a href="#[3d]">GPIOB2_Handler</a>&nbsp;&nbsp;&nbsp;&rArr;&nbsp;&nbsp;&nbsp;<a href="#[3d]">GPIOB2_Handler</a><BR>
 <LI><a href="#[3e]">GPIOC0_Handler</a>&nbsp;&nbsp;&nbsp;&rArr;&nbsp;&nbsp;&nbsp;<a href="#[3e]">GPIOC0_Handler</a><BR>
 <LI><a href="#[3f]">GPIOC1_Handler</a>&nbsp;&nbsp;&nbsp;&rArr;&nbsp;&nbsp;&nbsp;<a href="#[3f]">GPIOC1_Handler</a><BR>
 <LI><a href="#[40]">GPIOC2_Handler</a>&nbsp;&nbsp;&nbsp;&rArr;&nbsp;&nbsp;&nbsp;<a href="#[40]">GPIOC2_Handler</a><BR>
 <LI><a href="#[41]">GPIOC3_Handler</a>&nbsp;&nbsp;&nbsp;&rArr;&nbsp;&nbsp;&nbsp;<a href="#[41]">GPIOC3_Handler</a><BR>
 <LI><a href="#[42]">GPIOC4_Handler</a>&nbsp;&nbsp;&nbsp;&rArr;&nbsp;&nbsp;&nbsp;<a href="#[42]">GPIOC4_Handler</a><BR>
 <LI><a href="#[43]">GPIOD3_Handler</a>&nbsp;&nbsp;&nbsp;&rArr;&nbsp;&nbsp;&nbsp;<a href="#[43]">GPIOD3_Handler</a><BR>
 <LI><a href="#[44]">GPIOD4_Handler</a>&nbsp;&nbsp;&nbsp;&rArr;&nbsp;&nbsp;&nbsp;<a href="#[44]">GPIOD4_Handler</a><BR>
 <LI><a href="#[45]">GPIOD5_Handler</a>&nbsp;&nbsp;&nbsp;&rArr;&nbsp;&nbsp;&nbsp;<a href="#[45]">GPIOD5_Handler</a><BR>
 <LI><a href="#[46]">GPIOD6_Handler</a>&nbsp;&nbsp;&nbsp;&rArr;&nbsp;&nbsp;&nbsp;<a href="#[46]">GPIOD6_Handler</a><BR>
 <LI><a href="#[47]">GPIOD7_Handler</a>&nbsp;&nbsp;&nbsp;&rArr;&nbsp;&nbsp;&nbsp;<a href="#[47]">GPIOD7_Handler</a><BR>
 <LI><a href="#[48]">GPIOD8_Handler</a>&nbsp;&nbsp;&nbsp;&rArr;&nbsp;&nbsp;&nbsp;<a href="#[48]">GPIOD8_Handler</a><BR>
 <LI><a href="#[49]">GPIOC9_Handler</a>&nbsp;&nbsp;&nbsp;&rArr;&nbsp;&nbsp;&nbsp;<a href="#[49]">GPIOC9_Handler</a><BR>
 <LI><a href="#[4a]">GPIOC10_Handler</a>&nbsp;&nbsp;&nbsp;&rArr;&nbsp;&nbsp;&nbsp;<a href="#[4a]">GPIOC10_Handler</a><BR>
 <LI><a href="#[4b]">GPIOC11_Handler</a>&nbsp;&nbsp;&nbsp;&rArr;&nbsp;&nbsp;&nbsp;<a href="#[4b]">GPIOC11_Handler</a><BR>
 <LI><a href="#[4c]">GPIOC12_Handler</a>&nbsp;&nbsp;&nbsp;&rArr;&nbsp;&nbsp;&nbsp;<a href="#[4c]">GPIOC12_Handler</a><BR>
 <LI><a href="#[4d]">GPIOM0_Handler</a>&nbsp;&nbsp;&nbsp;&rArr;&nbsp;&nbsp;&nbsp;<a href="#[4d]">GPIOM0_Handler</a><BR>
 <LI><a href="#[4e]">GPIOM1_Handler</a>&nbsp;&nbsp;&nbsp;&rArr;&nbsp;&nbsp;&nbsp;<a href="#[4e]">GPIOM1_Handler</a><BR>
 <LI><a href="#[4f]">GPIOM2_Handler</a>&nbsp;&nbsp;&nbsp;&rArr;&nbsp;&nbsp;&nbsp;<a href="#[4f]">GPIOM2_Handler</a><BR>
 <LI><a href="#[50]">GPIOM3_Handler</a>&nbsp;&nbsp;&nbsp;&rArr;&nbsp;&nbsp;&nbsp;<a href="#[50]">GPIOM3_Handler</a><BR>
 <LI><a href="#[51]">GPIOM4_Handler</a>&nbsp;&nbsp;&nbsp;&rArr;&nbsp;&nbsp;&nbsp;<a href="#[51]">GPIOM4_Handler</a><BR>
 <LI><a href="#[52]">DIV_Handler</a>&nbsp;&nbsp;&nbsp;&rArr;&nbsp;&nbsp;&nbsp;<a href="#[52]">DIV_Handler</a><BR>
 <LI><a href="#[54]">GPIOE_Handler</a>&nbsp;&nbsp;&nbsp;&rArr;&nbsp;&nbsp;&nbsp;<a href="#[54]">GPIOE_Handler</a><BR>
 <LI><a href="#[55]">JPEG_Handler</a>&nbsp;&nbsp;&nbsp;&rArr;&nbsp;&nbsp;&nbsp;<a href="#[55]">JPEG_Handler</a><BR>
 <LI><a href="#[56]">SDIO_Handler</a>&nbsp;&nbsp;&nbsp;&rArr;&nbsp;&nbsp;&nbsp;<a href="#[56]">SDIO_Handler</a><BR>
 <LI><a href="#[57]">USB_Handler</a>&nbsp;&nbsp;&nbsp;&rArr;&nbsp;&nbsp;&nbsp;<a href="#[57]">USB_Handler</a><BR>
 <LI><a href="#[58]">CAN1_Handler</a>&nbsp;&nbsp;&nbsp;&rArr;&nbsp;&nbsp;&nbsp;<a href="#[58]">CAN1_Handler</a><BR>
 <LI><a href="#[5a]">BTIMR4_Handler</a>&nbsp;&nbsp;&nbsp;&rArr;&nbsp;&nbsp;&nbsp;<a href="#[5a]">BTIMR4_Handler</a><BR>
 <LI><a href="#[5b]">BTIMR5_Handler</a>&nbsp;&nbsp;&nbsp;&rArr;&nbsp;&nbsp;&nbsp;<a href="#[5b]">BTIMR5_Handler</a><BR>
 <LI><a href="#[5c]">BTIMR6_Handler</a>&nbsp;&nbsp;&nbsp;&rArr;&nbsp;&nbsp;&nbsp;<a href="#[5c]">BTIMR6_Handler</a><BR>
 <LI><a href="#[5d]">BTIMR7_Handler</a>&nbsp;&nbsp;&nbsp;&rArr;&nbsp;&nbsp;&nbsp;<a href="#[5d]">BTIMR7_Handler</a><BR>
 <LI><a href="#[5e]">BTIMR8_Handler</a>&nbsp;&nbsp;&nbsp;&rArr;&nbsp;&nbsp;&nbsp;<a href="#[5e]">BTIMR8_Handler</a><BR>
 <LI><a href="#[5f]">BTIMR9_Handler</a>&nbsp;&nbsp;&nbsp;&rArr;&nbsp;&nbsp;&nbsp;<a href="#[5f]">BTIMR9_Handler</a><BR>
 <LI><a href="#[60]">BTIMR10_Handler</a>&nbsp;&nbsp;&nbsp;&rArr;&nbsp;&nbsp;&nbsp;<a href="#[60]">BTIMR10_Handler</a><BR>
 <LI><a href="#[61]">BTIMR11_Handler</a>&nbsp;&nbsp;&nbsp;&rArr;&nbsp;&nbsp;&nbsp;<a href="#[61]">BTIMR11_Handler</a><BR>
 <LI><a href="#[62]">DMA2D_Handler</a>&nbsp;&nbsp;&nbsp;&rArr;&nbsp;&nbsp;&nbsp;<a href="#[62]">DMA2D_Handler</a><BR>
 <LI><a href="#[63]">QEI_Handler</a>&nbsp;&nbsp;&nbsp;&rArr;&nbsp;&nbsp;&nbsp;<a href="#[63]">QEI_Handler</a><BR>
 <LI><a href="#[1d0]">_gt_obj_next_focus_get</a>&nbsp;&nbsp;&nbsp;&rArr;&nbsp;&nbsp;&nbsp;<a href="#[1d0]">_gt_obj_next_focus_get</a><BR>
 <LI><a href="#[1cd]">_gt_obj_foreach_clicked</a>&nbsp;&nbsp;&nbsp;&rArr;&nbsp;&nbsp;&nbsp;<a href="#[1cd]">_gt_obj_foreach_clicked</a><BR>
 <LI><a href="#[1cf]">_gt_obj_focus_clicked</a>&nbsp;&nbsp;&nbsp;&rArr;&nbsp;&nbsp;&nbsp;<a href="#[1cf]">_gt_obj_focus_clicked</a><BR>
 <LI><a href="#[2c6]">_find_showing_recursive_by_type</a>&nbsp;&nbsp;&nbsp;&rArr;&nbsp;&nbsp;&nbsp;<a href="#[2c6]">_find_showing_recursive_by_type</a><BR>
 <LI><a href="#[254]">color_tree_cleanup</a>&nbsp;&nbsp;&nbsp;&rArr;&nbsp;&nbsp;&nbsp;<a href="#[254]">color_tree_cleanup</a><BR>
 <LI><a href="#[314]">_turn_next_item</a>&nbsp;&nbsp;&nbsp;&rArr;&nbsp;&nbsp;&nbsp;<a href="#[313]">_turn_prev_item</a><BR>
</UL>
<P>
<H3>
Function Pointers
</H3><UL>
 <LI><a href="#[2a]">ACMP_Handler</a> from startup_swm341.o(.text) referenced from startup_swm341.o(RESET)
 <LI><a href="#[14]">ADC0_Handler</a> from startup_swm341.o(.text) referenced from startup_swm341.o(RESET)
 <LI><a href="#[21]">ADC1_Handler</a> from startup_swm341.o(.text) referenced from startup_swm341.o(RESET)
 <LI><a href="#[22]">BOD_Handler</a> from startup_swm341.o(.text) referenced from startup_swm341.o(RESET)
 <LI><a href="#[15]">BTIMR0_Handler</a> from startup_swm341.o(.text) referenced from startup_swm341.o(RESET)
 <LI><a href="#[60]">BTIMR10_Handler</a> from startup_swm341.o(.text) referenced from startup_swm341.o(RESET)
 <LI><a href="#[61]">BTIMR11_Handler</a> from startup_swm341.o(.text) referenced from startup_swm341.o(RESET)
 <LI><a href="#[24]">BTIMR1_Handler</a> from startup_swm341.o(.text) referenced from startup_swm341.o(RESET)
 <LI><a href="#[27]">BTIMR2_Handler</a> from startup_swm341.o(.text) referenced from startup_swm341.o(RESET)
 <LI><a href="#[29]">BTIMR3_Handler</a> from startup_swm341.o(.text) referenced from startup_swm341.o(RESET)
 <LI><a href="#[5a]">BTIMR4_Handler</a> from startup_swm341.o(.text) referenced from startup_swm341.o(RESET)
 <LI><a href="#[5b]">BTIMR5_Handler</a> from startup_swm341.o(.text) referenced from startup_swm341.o(RESET)
 <LI><a href="#[5c]">BTIMR6_Handler</a> from startup_swm341.o(.text) referenced from startup_swm341.o(RESET)
 <LI><a href="#[5d]">BTIMR7_Handler</a> from startup_swm341.o(.text) referenced from startup_swm341.o(RESET)
 <LI><a href="#[5e]">BTIMR8_Handler</a> from startup_swm341.o(.text) referenced from startup_swm341.o(RESET)
 <LI><a href="#[5f]">BTIMR9_Handler</a> from startup_swm341.o(.text) referenced from startup_swm341.o(RESET)
 <LI><a href="#[4]">BusFault_Handler</a> from startup_swm341.o(.text) referenced from startup_swm341.o(RESET)
 <LI><a href="#[1a]">CAN0_Handler</a> from startup_swm341.o(.text) referenced from startup_swm341.o(RESET)
 <LI><a href="#[58]">CAN1_Handler</a> from startup_swm341.o(.text) referenced from startup_swm341.o(RESET)
 <LI><a href="#[23]">CORDIC_Handler</a> from startup_swm341.o(.text) referenced from startup_swm341.o(RESET)
 <LI><a href="#[52]">DIV_Handler</a> from startup_swm341.o(.text) referenced from startup_swm341.o(RESET)
 <LI><a href="#[62]">DMA2D_Handler</a> from startup_swm341.o(.text) referenced from startup_swm341.o(RESET)
 <LI><a href="#[e]">DMA_Handler</a> from startup_swm341.o(.text) referenced from startup_swm341.o(RESET)
 <LI><a href="#[7]">DebugMon_Handler</a> from startup_swm341.o(.text) referenced from startup_swm341.o(RESET)
 <LI><a href="#[65]">FPU_Enable</a> from system_swm341.o(.text) referenced from startup_swm341.o(.text)
 <LI><a href="#[2c]">FSPI_Handler</a> from startup_swm341.o(.text) referenced from startup_swm341.o(RESET)
 <LI><a href="#[33]">GPIOA0_Handler</a> from startup_swm341.o(.text) referenced from startup_swm341.o(RESET)
 <LI><a href="#[37]">GPIOA10_Handler</a> from startup_swm341.o(.text) referenced from startup_swm341.o(RESET)
 <LI><a href="#[38]">GPIOA11_Handler</a> from startup_swm341.o(.text) referenced from startup_swm341.o(RESET)
 <LI><a href="#[39]">GPIOA12_Handler</a> from startup_swm341.o(.text) referenced from startup_swm341.o(RESET)
 <LI><a href="#[3a]">GPIOA13_Handler</a> from startup_swm341.o(.text) referenced from startup_swm341.o(RESET)
 <LI><a href="#[34]">GPIOA1_Handler</a> from startup_swm341.o(.text) referenced from startup_swm341.o(RESET)
 <LI><a href="#[35]">GPIOA5_Handler</a> from startup_swm341.o(.text) referenced from startup_swm341.o(RESET)
 <LI><a href="#[36]">GPIOA6_Handler</a> from startup_swm341.o(.text) referenced from startup_swm341.o(RESET)
 <LI><a href="#[2d]">GPIOA_Handler</a> from startup_swm341.o(.text) referenced from startup_swm341.o(RESET)
 <LI><a href="#[3b]">GPIOB0_Handler</a> from startup_swm341.o(.text) referenced from startup_swm341.o(RESET)
 <LI><a href="#[3c]">GPIOB1_Handler</a> from startup_swm341.o(.text) referenced from startup_swm341.o(RESET)
 <LI><a href="#[3d]">GPIOB2_Handler</a> from startup_swm341.o(.text) referenced from startup_swm341.o(RESET)
 <LI><a href="#[2e]">GPIOB_Handler</a> from startup_swm341.o(.text) referenced from startup_swm341.o(RESET)
 <LI><a href="#[3e]">GPIOC0_Handler</a> from startup_swm341.o(.text) referenced from startup_swm341.o(RESET)
 <LI><a href="#[4a]">GPIOC10_Handler</a> from startup_swm341.o(.text) referenced from startup_swm341.o(RESET)
 <LI><a href="#[4b]">GPIOC11_Handler</a> from startup_swm341.o(.text) referenced from startup_swm341.o(RESET)
 <LI><a href="#[4c]">GPIOC12_Handler</a> from startup_swm341.o(.text) referenced from startup_swm341.o(RESET)
 <LI><a href="#[3f]">GPIOC1_Handler</a> from startup_swm341.o(.text) referenced from startup_swm341.o(RESET)
 <LI><a href="#[40]">GPIOC2_Handler</a> from startup_swm341.o(.text) referenced from startup_swm341.o(RESET)
 <LI><a href="#[41]">GPIOC3_Handler</a> from startup_swm341.o(.text) referenced from startup_swm341.o(RESET)
 <LI><a href="#[42]">GPIOC4_Handler</a> from startup_swm341.o(.text) referenced from startup_swm341.o(RESET)
 <LI><a href="#[49]">GPIOC9_Handler</a> from startup_swm341.o(.text) referenced from startup_swm341.o(RESET)
 <LI><a href="#[2f]">GPIOC_Handler</a> from startup_swm341.o(.text) referenced from startup_swm341.o(RESET)
 <LI><a href="#[43]">GPIOD3_Handler</a> from startup_swm341.o(.text) referenced from startup_swm341.o(RESET)
 <LI><a href="#[44]">GPIOD4_Handler</a> from startup_swm341.o(.text) referenced from startup_swm341.o(RESET)
 <LI><a href="#[45]">GPIOD5_Handler</a> from startup_swm341.o(.text) referenced from startup_swm341.o(RESET)
 <LI><a href="#[46]">GPIOD6_Handler</a> from startup_swm341.o(.text) referenced from startup_swm341.o(RESET)
 <LI><a href="#[47]">GPIOD7_Handler</a> from startup_swm341.o(.text) referenced from startup_swm341.o(RESET)
 <LI><a href="#[48]">GPIOD8_Handler</a> from startup_swm341.o(.text) referenced from startup_swm341.o(RESET)
 <LI><a href="#[30]">GPIOD_Handler</a> from dev_touch.o(.text) referenced from startup_swm341.o(RESET)
 <LI><a href="#[54]">GPIOE_Handler</a> from startup_swm341.o(.text) referenced from startup_swm341.o(RESET)
 <LI><a href="#[4d]">GPIOM0_Handler</a> from startup_swm341.o(.text) referenced from startup_swm341.o(RESET)
 <LI><a href="#[4e]">GPIOM1_Handler</a> from startup_swm341.o(.text) referenced from startup_swm341.o(RESET)
 <LI><a href="#[4f]">GPIOM2_Handler</a> from startup_swm341.o(.text) referenced from startup_swm341.o(RESET)
 <LI><a href="#[50]">GPIOM3_Handler</a> from startup_swm341.o(.text) referenced from startup_swm341.o(RESET)
 <LI><a href="#[51]">GPIOM4_Handler</a> from startup_swm341.o(.text) referenced from startup_swm341.o(RESET)
 <LI><a href="#[31]">GPIOM_Handler</a> from startup_swm341.o(.text) referenced from startup_swm341.o(RESET)
 <LI><a href="#[32]">GPION_Handler</a> from startup_swm341.o(.text) referenced from startup_swm341.o(RESET)
 <LI><a href="#[bb]">GT_GetChinese</a> from gt_gui_driver.o(.text) referenced from gt_gui_driver.o(.rodata.gt_get_font_func)
 <LI><a href="#[16]">HALL0_Handler</a> from startup_swm341.o(.text) referenced from startup_swm341.o(RESET)
 <LI><a href="#[26]">HALL3_Handler</a> from startup_swm341.o(.text) referenced from startup_swm341.o(RESET)
 <LI><a href="#[2]">HardFault_Handler</a> from startup_swm341.o(.text) referenced from startup_swm341.o(RESET)
 <LI><a href="#[19]">I2C0_Handler</a> from startup_swm341.o(.text) referenced from startup_swm341.o(RESET)
 <LI><a href="#[28]">I2C1_Handler</a> from startup_swm341.o(.text) referenced from startup_swm341.o(RESET)
 <LI><a href="#[55]">JPEG_Handler</a> from startup_swm341.o(.text) referenced from startup_swm341.o(RESET)
 <LI><a href="#[53]">LCD_Handler</a> from bsp_lcd_rgb.o(.text) referenced from startup_swm341.o(RESET)
 <LI><a href="#[3]">MemManage_Handler</a> from startup_swm341.o(.text) referenced from startup_swm341.o(RESET)
 <LI><a href="#[1]">NMI_Handler</a> from startup_swm341.o(.text) referenced from startup_swm341.o(RESET)
 <LI><a href="#[10]">PWM0_Handler</a> from startup_swm341.o(.text) referenced from startup_swm341.o(RESET)
 <LI><a href="#[13]">PWM1_Handler</a> from startup_swm341.o(.text) referenced from startup_swm341.o(RESET)
 <LI><a href="#[17]">PWM2_Handler</a> from startup_swm341.o(.text) referenced from startup_swm341.o(RESET)
 <LI><a href="#[1d]">PWM3_Handler</a> from startup_swm341.o(.text) referenced from startup_swm341.o(RESET)
 <LI><a href="#[25]">PWM4_Handler</a> from startup_swm341.o(.text) referenced from startup_swm341.o(RESET)
 <LI><a href="#[18]">PWMBRK_Handler</a> from startup_swm341.o(.text) referenced from startup_swm341.o(RESET)
 <LI><a href="#[8]">PendSV_Handler</a> from startup_swm341.o(.text) referenced from startup_swm341.o(RESET)
 <LI><a href="#[63]">QEI_Handler</a> from startup_swm341.o(.text) referenced from startup_swm341.o(RESET)
 <LI><a href="#[1c]">RTC_Handler</a> from startup_swm341.o(.text) referenced from startup_swm341.o(RESET)
 <LI><a href="#[0]">Reset_Handler</a> from startup_swm341.o(.text) referenced from startup_swm341.o(RESET)
 <LI><a href="#[56]">SDIO_Handler</a> from startup_swm341.o(.text) referenced from startup_swm341.o(RESET)
 <LI><a href="#[f]">SPI0_Handler</a> from startup_swm341.o(.text) referenced from startup_swm341.o(RESET)
 <LI><a href="#[1b]">SPI1_Handler</a> from startup_swm341.o(.text) referenced from startup_swm341.o(RESET)
 <LI><a href="#[6]">SVC_Handler</a> from startup_swm341.o(.text) referenced from startup_swm341.o(RESET)
 <LI><a href="#[9]">SysTick_Handler</a> from dev_systick.o(.text) referenced from startup_swm341.o(RESET)
 <LI><a href="#[c]">TIMR0_Handler</a> from startup_swm341.o(.text) referenced from startup_swm341.o(RESET)
 <LI><a href="#[d]">TIMR1_Handler</a> from startup_swm341.o(.text) referenced from startup_swm341.o(RESET)
 <LI><a href="#[1e]">TIMR2_Handler</a> from startup_swm341.o(.text) referenced from startup_swm341.o(RESET)
 <LI><a href="#[20]">TIMR3_Handler</a> from startup_swm341.o(.text) referenced from startup_swm341.o(RESET)
 <LI><a href="#[59]">TIMR4_Handler</a> from main.o(.text) referenced from startup_swm341.o(RESET)
 <LI><a href="#[a]">UART0_Handler</a> from startup_swm341.o(.text) referenced from startup_swm341.o(RESET)
 <LI><a href="#[b]">UART1_Handler</a> from startup_swm341.o(.text) referenced from startup_swm341.o(RESET)
 <LI><a href="#[12]">UART2_Handler</a> from startup_swm341.o(.text) referenced from startup_swm341.o(RESET)
 <LI><a href="#[1f]">UART3_Handler</a> from bsp_uart.o(.text) referenced from startup_swm341.o(RESET)
 <LI><a href="#[57]">USB_Handler</a> from startup_swm341.o(.text) referenced from startup_swm341.o(RESET)
 <LI><a href="#[5]">UsageFault_Handler</a> from startup_swm341.o(.text) referenced from startup_swm341.o(RESET)
 <LI><a href="#[11]">WDT_Handler</a> from startup_swm341.o(.text) referenced from startup_swm341.o(RESET)
 <LI><a href="#[2b]">XTALSTOP_Handler</a> from startup_swm341.o(.text) referenced from startup_swm341.o(RESET)
 <LI><a href="#[66]">__main</a> from entry.o(.ARM.Collect$$$$00000000) referenced from startup_swm341.o(.text)
 <LI><a href="#[a1]">_auto_play_callback</a> from gt_player.o(.text) referenced 2 times from gt_player.o(.text)
 <LI><a href="#[9f]">_auto_scroll_exec_cb</a> from gt_label.o(.text) referenced 2 times from gt_label.o(.text)
 <LI><a href="#[89]">_close_cb</a> from gt_hal_src.o(.text) referenced 4 times from gt_hal_src.o(.text)
 <LI><a href="#[9b]">_close_release_cb</a> from gt_dialog.o(.text) referenced 6 times from gt_dialog.o(.text)
 <LI><a href="#[98]">_contents_equal_cb</a> from gt_btn.o(.text) referenced 2 times from gt_btn.o(.text)
 <LI><a href="#[97]">_default_equal_cb</a> from gt_vector.o(.text) referenced 2 times from gt_vector.o(.text)
 <LI><a href="#[94]">_default_exec_cb</a> from gt_anim.o(.text) referenced 2 times from gt_anim.o(.text)
 <LI><a href="#[b6]">_deinit_cb</a> from gt_btn.o(.text) referenced from gt_btn.o(.rodata.gt_btn_class)
 <LI><a href="#[b9]">_deinit_cb</a> from gt_dialog.o(.text) referenced from gt_dialog.o(.rodata.gt_dialog_class)
 <LI><a href="#[bd]">_deinit_cb</a> from gt_img.o(.text) referenced from gt_img.o(.rodata.gt_img_class)
 <LI><a href="#[c0]">_deinit_cb</a> from gt_imgbtn.o(.text) referenced from gt_imgbtn.o(.rodata.gt_imgbtn_class)
 <LI><a href="#[c3]">_deinit_cb</a> from gt_label.o(.text) referenced from gt_label.o(.rodata.gt_label_class)
 <LI><a href="#[c8]">_deinit_cb</a> from gt_player.o(.text) referenced from gt_player.o(.rodata.gt_player_class)
 <LI><a href="#[99]">_dialog_anim_exec_cb</a> from gt_dialog.o(.text) referenced 4 times from gt_dialog.o(.text)
 <LI><a href="#[9a]">_dialog_close_anim_ready_cb</a> from gt_dialog.o(.text) referenced 2 times from gt_dialog.o(.text)
 <LI><a href="#[9c]">_dialog_show_anim_start_cb</a> from gt_dialog.o(.text) referenced 2 times from gt_dialog.o(.text)
 <LI><a href="#[7a]">_equal_current_id_cb</a> from gt_scr_stack.o(.text) referenced 2 times from gt_scr_stack.o(.text)
 <LI><a href="#[b7]">_event_cb</a> from gt_btn.o(.text) referenced from gt_btn.o(.rodata.gt_btn_class)
 <LI><a href="#[ba]">_event_cb</a> from gt_dialog.o(.text) referenced from gt_dialog.o(.rodata.gt_dialog_class)
 <LI><a href="#[be]">_event_cb</a> from gt_img.o(.text) referenced from gt_img.o(.rodata.gt_img_class)
 <LI><a href="#[c1]">_event_cb</a> from gt_imgbtn.o(.text) referenced from gt_imgbtn.o(.rodata.gt_imgbtn_class)
 <LI><a href="#[c4]">_event_cb</a> from gt_label.o(.text) referenced from gt_label.o(.rodata.gt_label_class)
 <LI><a href="#[c9]">_event_cb</a> from gt_player.o(.text) referenced from gt_player.o(.rodata.gt_player_class)
 <LI><a href="#[67]">_flush_cb</a> from main.o(.text) referenced 2 times from gt_port_disp.o(.text)
 <LI><a href="#[7b]">_free_alive_scr_object_cb</a> from gt_scr_stack.o(.text) referenced 2 times from gt_scr_stack.o(.text)
 <LI><a href="#[b4]">_gt_anim_path_bounce</a> from gt_anim.o(.text) referenced from gt_anim.o(.rodata..Lswitch.table.gt_anim_set_path_type)
 <LI><a href="#[b0]">_gt_anim_path_ease_in</a> from gt_anim.o(.text) referenced from gt_anim.o(.rodata..Lswitch.table.gt_anim_set_path_type)
 <LI><a href="#[b2]">_gt_anim_path_ease_in_out</a> from gt_anim.o(.text) referenced from gt_anim.o(.rodata..Lswitch.table.gt_anim_set_path_type)
 <LI><a href="#[b1]">_gt_anim_path_ease_out</a> from gt_anim.o(.text) referenced from gt_anim.o(.rodata..Lswitch.table.gt_anim_set_path_type)
 <LI><a href="#[93]">_gt_anim_path_linear</a> from gt_anim.o(.text) referenced 6 times from gt_anim.o(.text)
 <LI><a href="#[b3]">_gt_anim_path_overshoot</a> from gt_anim.o(.text) referenced from gt_anim.o(.rodata..Lswitch.table.gt_anim_set_path_type)
 <LI><a href="#[95]">_gt_anim_task_handler</a> from gt_anim.o(.text) referenced 2 times from gt_anim.o(.text)
 <LI><a href="#[86]">_gt_disp_task_handler</a> from gt_hal_disp.o(.text) referenced 2 times from gt_hal_disp.o(.text)
 <LI><a href="#[74]">_gt_img_decoder_built_in_close</a> from gt_img_decoder.o(.text) referenced 2 times from gt_img_decoder.o(.text)
 <LI><a href="#[71]">_gt_img_decoder_built_in_info</a> from gt_img_decoder.o(.text) referenced 2 times from gt_img_decoder.o(.text)
 <LI><a href="#[72]">_gt_img_decoder_built_in_open</a> from gt_img_decoder.o(.text) referenced 2 times from gt_img_decoder.o(.text)
 <LI><a href="#[73]">_gt_img_decoder_built_in_read_line</a> from gt_img_decoder.o(.text) referenced 2 times from gt_img_decoder.o(.text)
 <LI><a href="#[a0]">_gt_obj_destroy_handler_cb</a> from gt_obj.o(.text) referenced 2 times from gt_obj.o(.text)
 <LI><a href="#[85]">_gt_png_close</a> from gt_png.o(.text) referenced 2 times from gt_png.o(.text)
 <LI><a href="#[82]">_gt_png_info</a> from gt_png.o(.text) referenced 2 times from gt_png.o(.text)
 <LI><a href="#[83]">_gt_png_open</a> from gt_png.o(.text) referenced 2 times from gt_png.o(.text)
 <LI><a href="#[84]">_gt_png_read_line</a> from gt_png.o(.text) referenced 2 times from gt_png.o(.text)
 <LI><a href="#[7f]">_gt_sjpg_close</a> from gt_sjpg.o(.text) referenced 2 times from gt_sjpg.o(.text)
 <LI><a href="#[7c]">_gt_sjpg_info</a> from gt_sjpg.o(.text) referenced 2 times from gt_sjpg.o(.text)
 <LI><a href="#[7d]">_gt_sjpg_open</a> from gt_sjpg.o(.text) referenced 2 times from gt_sjpg.o(.text)
 <LI><a href="#[7e]">_gt_sjpg_read_line</a> from gt_sjpg.o(.text) referenced 2 times from gt_sjpg.o(.text)
 <LI><a href="#[9d]">_imgs_equal_cb</a> from gt_imgbtn.o(.text) referenced 2 times from gt_imgbtn.o(.text)
 <LI><a href="#[9e]">_imgs_free_cb</a> from gt_imgbtn.o(.text) referenced 2 times from gt_imgbtn.o(.text)
 <LI><a href="#[75]">_indev_scroll_throw_exec_cb</a> from gt_indev.o(.text) referenced 2 times from gt_indev.o(.text)
 <LI><a href="#[76]">_indev_scroll_throw_ready_cb</a> from gt_indev.o(.text) referenced 2 times from gt_indev.o(.text)
 <LI><a href="#[b5]">_init_cb</a> from gt_btn.o(.text) referenced from gt_btn.o(.rodata.gt_btn_class)
 <LI><a href="#[b8]">_init_cb</a> from gt_dialog.o(.text) referenced from gt_dialog.o(.rodata.gt_dialog_class)
 <LI><a href="#[bc]">_init_cb</a> from gt_img.o(.text) referenced from gt_img.o(.rodata.gt_img_class)
 <LI><a href="#[bf]">_init_cb</a> from gt_imgbtn.o(.text) referenced from gt_imgbtn.o(.rodata.gt_imgbtn_class)
 <LI><a href="#[c2]">_init_cb</a> from gt_label.o(.text) referenced from gt_label.o(.rodata.gt_label_class)
 <LI><a href="#[c5]">_init_cb</a> from gt_obj.o(.text) referenced from gt_obj.o(.rodata.gt_obj_class)
 <LI><a href="#[c7]">_init_cb</a> from gt_player.o(.text) referenced from gt_player.o(.rodata.gt_player_class)
 <LI><a href="#[c6]">_obj_event_cb</a> from gt_obj.o(.text) referenced from gt_obj.o(.rodata.gt_obj_class)
 <LI><a href="#[6b]">_old_scr_anim_ready_cb</a> from gt_disp.o(.text) referenced 2 times from gt_disp.o(.text)
 <LI><a href="#[88]">_open_cb</a> from gt_hal_src.o(.text) referenced 4 times from gt_hal_src.o(.text)
 <LI><a href="#[8a]">_read_cb</a> from gt_hal_src.o(.text) referenced 4 times from gt_hal_src.o(.text)
 <LI><a href="#[6f]">_scr_anim_del_ready_cb</a> from gt_disp.o(.text) referenced 2 times from gt_disp.o(.text)
 <LI><a href="#[6e]">_scr_anim_exec_x_cb</a> from gt_disp.o(.text) referenced 8 times from gt_disp.o(.text)
 <LI><a href="#[70]">_scr_anim_exec_y_cb</a> from gt_disp.o(.text) referenced 8 times from gt_disp.o(.text)
 <LI><a href="#[6d]">_scr_anim_ready_cb</a> from gt_disp.o(.text) referenced 2 times from gt_disp.o(.text)
 <LI><a href="#[6c]">_scr_anim_start_cb</a> from gt_disp.o(.text) referenced 2 times from gt_disp.o(.text)
 <LI><a href="#[cb]">_screen_event_cb</a> from gt_obj.o(.text) referenced from gt_obj.o(.rodata.gt_screen_class)
 <LI><a href="#[78]">_scroll_by_x</a> from gt_obj_scroll.o(.text) referenced 4 times from gt_obj_scroll.o(.text)
 <LI><a href="#[79]">_scroll_by_y</a> from gt_obj_scroll.o(.text) referenced 4 times from gt_obj_scroll.o(.text)
 <LI><a href="#[77]">_scroll_ready_cb</a> from gt_obj_scroll.o(.text) referenced 2 times from gt_obj_scroll.o(.text)
 <LI><a href="#[8b]">_seek_cb</a> from gt_hal_src.o(.text) referenced 4 times from gt_hal_src.o(.text)
 <LI><a href="#[af]">_snputc</a> from printfa.o(i._snputc) referenced from printfa.o(i.__0vsnprintf)
 <LI><a href="#[8c]">_tell_cb</a> from gt_hal_src.o(.text) referenced 4 times from gt_hal_src.o(.text)
 <LI><a href="#[90]">_write_cb</a> from gt_hal_vf.o(.text) referenced 2 times from gt_hal_vf.o(.text)
 <LI><a href="#[96]">default_walker</a> from gt_tlsf.o(.text) referenced 2 times from gt_tlsf.o(.text)
 <LI><a href="#[ae]">fputc</a> from bsp_uart.o(.text) referenced from printfa.o(i.__0printf)
 <LI><a href="#[87]">gt_indev_handler</a> from gt_indev.o(.text) referenced 2 times from gt_hal_indev.o(.text)
 <LI><a href="#[ca]">gt_init_screen_home</a> from gt_init_screen_home.o(.text) referenced from gt_ui.o(.rodata.gt_scr_list)
 <LI><a href="#[aa]">imgbtn10_0_cb</a> from gt_init_screen_home.o(.text) referenced 2 times from gt_init_screen_home.o(.text)
 <LI><a href="#[ab]">imgbtn11_0_cb</a> from gt_init_screen_home.o(.text) referenced 2 times from gt_init_screen_home.o(.text)
 <LI><a href="#[ac]">imgbtn12_0_cb</a> from gt_init_screen_home.o(.text) referenced 2 times from gt_init_screen_home.o(.text)
 <LI><a href="#[ad]">imgbtn13_0_cb</a> from gt_init_screen_home.o(.text) referenced 2 times from gt_init_screen_home.o(.text)
 <LI><a href="#[a2]">imgbtn1_0_cb</a> from gt_init_screen_home.o(.text) referenced 2 times from gt_init_screen_home.o(.text)
 <LI><a href="#[a3]">imgbtn1_1_cb</a> from gt_init_screen_home.o(.text) referenced 2 times from gt_init_screen_home.o(.text)
 <LI><a href="#[a4]">imgbtn2_0_cb</a> from gt_init_screen_home.o(.text) referenced 2 times from gt_init_screen_home.o(.text)
 <LI><a href="#[a5]">imgbtn2_1_cb</a> from gt_init_screen_home.o(.text) referenced 2 times from gt_init_screen_home.o(.text)
 <LI><a href="#[a6]">imgbtn5_0_cb</a> from gt_init_screen_home.o(.text) referenced 2 times from gt_init_screen_home.o(.text)
 <LI><a href="#[a7]">imgbtn5_1_cb</a> from gt_init_screen_home.o(.text) referenced 2 times from gt_init_screen_home.o(.text)
 <LI><a href="#[a8]">imgbtn6_0_cb</a> from gt_init_screen_home.o(.text) referenced 2 times from gt_init_screen_home.o(.text)
 <LI><a href="#[a9]">imgbtn6_1_cb</a> from gt_init_screen_home.o(.text) referenced 2 times from gt_init_screen_home.o(.text)
 <LI><a href="#[80]">input_func</a> from gt_sjpg.o(.text) referenced 6 times from gt_sjpg.o(.text)
 <LI><a href="#[64]">main</a> from main.o(.text) referenced from entry9a.o(.ARM.Collect$$$$0000000B)
 <LI><a href="#[81]">output_func</a> from gt_sjpg.o(.text) referenced 2 times from gt_sjpg.o(.text)
 <LI><a href="#[68]">read_cb</a> from main.o(.text) referenced 2 times from gt_port_indev.o(.text)
 <LI><a href="#[69]">read_cb_btn</a> from main.o(.text) referenced 2 times from gt_port_indev.o(.text)
 <LI><a href="#[6a]">spi_wr</a> from main.o(.text) referenced 2 times from gt_port_vf.o(.text)
</UL>
<P>
<H3>
Global Symbols
</H3>
<P><STRONG><a name="[66]"></a>__main</STRONG> (Thumb, 0 bytes, Stack size unknown bytes, entry.o(.ARM.Collect$$$$00000000))
<BR>[Address Reference Count : 1]<UL><LI> startup_swm341.o(.text)
</UL>
<P><STRONG><a name="[34d]"></a>_main_stk</STRONG> (Thumb, 0 bytes, Stack size unknown bytes, entry2.o(.ARM.Collect$$$$00000001))

<P><STRONG><a name="[cc]"></a>_main_scatterload</STRONG> (Thumb, 0 bytes, Stack size unknown bytes, entry5.o(.ARM.Collect$$$$00000004))
<BR><BR>[Calls]<UL><LI><a href="#[cd]">&gt;&gt;</a>&nbsp;&nbsp;&nbsp;__scatterload
</UL>

<P><STRONG><a name="[344]"></a>__main_after_scatterload</STRONG> (Thumb, 0 bytes, Stack size unknown bytes, entry5.o(.ARM.Collect$$$$00000004))
<BR><BR>[Called By]<UL><LI><a href="#[cd]">&gt;&gt;</a>&nbsp;&nbsp;&nbsp;__scatterload
</UL>

<P><STRONG><a name="[34e]"></a>_main_clock</STRONG> (Thumb, 0 bytes, Stack size unknown bytes, entry7b.o(.ARM.Collect$$$$00000008))

<P><STRONG><a name="[34f]"></a>_main_cpp_init</STRONG> (Thumb, 0 bytes, Stack size unknown bytes, entry8b.o(.ARM.Collect$$$$0000000A))

<P><STRONG><a name="[350]"></a>_main_init</STRONG> (Thumb, 0 bytes, Stack size unknown bytes, entry9a.o(.ARM.Collect$$$$0000000B))

<P><STRONG><a name="[351]"></a>__rt_final_cpp</STRONG> (Thumb, 0 bytes, Stack size unknown bytes, entry10a.o(.ARM.Collect$$$$0000000D))

<P><STRONG><a name="[352]"></a>__rt_final_exit</STRONG> (Thumb, 0 bytes, Stack size unknown bytes, entry11a.o(.ARM.Collect$$$$0000000F))

<P><STRONG><a name="[59]"></a>TIMR4_Handler</STRONG> (Thumb, 24 bytes, Stack size 8 bytes, main.o(.text))
<BR><BR>[Stack]<UL><LI>Max Depth = 8<LI>Call Chain = TIMR4_Handler
</UL>
<BR>[Calls]<UL><LI><a href="#[cf]">&gt;&gt;</a>&nbsp;&nbsp;&nbsp;gt_tick_inc
<LI><a href="#[ce]">&gt;&gt;</a>&nbsp;&nbsp;&nbsp;TIMR_INTClr
</UL>
<BR>[Address Reference Count : 1]<UL><LI> startup_swm341.o(RESET)
</UL>
<P><STRONG><a name="[6a]"></a>spi_wr</STRONG> (Thumb, 76 bytes, Stack size 24 bytes, main.o(.text))
<BR><BR>[Stack]<UL><LI>Max Depth = 32<LI>Call Chain = spi_wr &rArr; __aeabi_memcpy4
</UL>
<BR>[Calls]<UL><LI><a href="#[d0]">&gt;&gt;</a>&nbsp;&nbsp;&nbsp;__aeabi_memcpy4
<LI><a href="#[d1]">&gt;&gt;</a>&nbsp;&nbsp;&nbsp;__aeabi_memcpy
</UL>
<BR>[Address Reference Count : 1]<UL><LI> gt_port_vf.o(.text)
</UL>
<P><STRONG><a name="[67]"></a>_flush_cb</STRONG> (Thumb, 196 bytes, Stack size 24 bytes, main.o(.text))
<BR><BR>[Stack]<UL><LI>Max Depth = 32<LI>Call Chain = _flush_cb &rArr; __aeabi_memcpy
</UL>
<BR>[Calls]<UL><LI><a href="#[d1]">&gt;&gt;</a>&nbsp;&nbsp;&nbsp;__aeabi_memcpy
</UL>
<BR>[Address Reference Count : 1]<UL><LI> gt_port_disp.o(.text)
</UL>
<P><STRONG><a name="[68]"></a>read_cb</STRONG> (Thumb, 36 bytes, Stack size 16 bytes, main.o(.text))
<BR><BR>[Stack]<UL><LI>Max Depth = 88<LI>Call Chain = read_cb &rArr; GT911_Scan &rArr; GT911_RD_Reg
</UL>
<BR>[Calls]<UL><LI><a href="#[d2]">&gt;&gt;</a>&nbsp;&nbsp;&nbsp;GT911_Scan
</UL>
<BR>[Address Reference Count : 1]<UL><LI> gt_port_indev.o(.text)
</UL>
<P><STRONG><a name="[69]"></a>read_cb_btn</STRONG> (Thumb, 6 bytes, Stack size 0 bytes, main.o(.text))
<BR>[Address Reference Count : 1]<UL><LI> gt_port_indev.o(.text)
</UL>
<P><STRONG><a name="[353]"></a>HexToChar</STRONG> (Thumb, 14 bytes, Stack size 0 bytes, main.o(.text), UNUSED)

<P><STRONG><a name="[64]"></a>main</STRONG> (Thumb, 180 bytes, Stack size 8 bytes, main.o(.text))
<BR><BR>[Stack]<UL><LI>Max Depth = 608<LI>Call Chain = main &rArr; GT_Font_Init &rArr; MD5Final &rArr; MD5Update &rArr; MD5Transform
</UL>
<BR>[Calls]<UL><LI><a href="#[d7]">&gt;&gt;</a>&nbsp;&nbsp;&nbsp;systick_init
<LI><a href="#[e6]">&gt;&gt;</a>&nbsp;&nbsp;&nbsp;swm_delay_ms
<LI><a href="#[e1]">&gt;&gt;</a>&nbsp;&nbsp;&nbsp;gt_ui_init
<LI><a href="#[e5]">&gt;&gt;</a>&nbsp;&nbsp;&nbsp;gt_task_handler
<LI><a href="#[de]">&gt;&gt;</a>&nbsp;&nbsp;&nbsp;gt_init
<LI><a href="#[d5]">&gt;&gt;</a>&nbsp;&nbsp;&nbsp;bsp_uart3_init
<LI><a href="#[d4]">&gt;&gt;</a>&nbsp;&nbsp;&nbsp;bsp_uart0_init
<LI><a href="#[d9]">&gt;&gt;</a>&nbsp;&nbsp;&nbsp;bsp_sfc_config
<LI><a href="#[d6]">&gt;&gt;</a>&nbsp;&nbsp;&nbsp;bsp_lcd_rgb_init
<LI><a href="#[e4]">&gt;&gt;</a>&nbsp;&nbsp;&nbsp;WDT_Start
<LI><a href="#[e3]">&gt;&gt;</a>&nbsp;&nbsp;&nbsp;WDT_Init
<LI><a href="#[e7]">&gt;&gt;</a>&nbsp;&nbsp;&nbsp;WDT_Feed
<LI><a href="#[dd]">&gt;&gt;</a>&nbsp;&nbsp;&nbsp;TIMR_Start
<LI><a href="#[dc]">&gt;&gt;</a>&nbsp;&nbsp;&nbsp;TIMR_Init
<LI><a href="#[d3]">&gt;&gt;</a>&nbsp;&nbsp;&nbsp;SystemInit
<LI><a href="#[da]">&gt;&gt;</a>&nbsp;&nbsp;&nbsp;SFC_ReadJEDEC
<LI><a href="#[d8]">&gt;&gt;</a>&nbsp;&nbsp;&nbsp;SFC_QuadSwitch
<LI><a href="#[e0]">&gt;&gt;</a>&nbsp;&nbsp;&nbsp;GT_Font_Init
<LI><a href="#[db]">&gt;&gt;</a>&nbsp;&nbsp;&nbsp;GT911_Init
<LI><a href="#[df]">&gt;&gt;</a>&nbsp;&nbsp;&nbsp;__aeabi_memclr8
<LI><a href="#[e2]">&gt;&gt;</a>&nbsp;&nbsp;&nbsp;puts
</UL>
<BR>[Address Reference Count : 1]<UL><LI> entry9a.o(.ARM.Collect$$$$0000000B)
</UL>
<P><STRONG><a name="[e8]"></a>_lcd_init_sturct</STRONG> (Thumb, 96 bytes, Stack size 40 bytes, bsp_lcd_rgb.o(.text), UNUSED)
<BR><BR>[Calls]<UL><LI><a href="#[e9]">&gt;&gt;</a>&nbsp;&nbsp;&nbsp;LCD_Init
</UL>

<P><STRONG><a name="[53]"></a>LCD_Handler</STRONG> (Thumb, 26 bytes, Stack size 8 bytes, bsp_lcd_rgb.o(.text))
<BR><BR>[Stack]<UL><LI>Max Depth = 8<LI>Call Chain = LCD_Handler
</UL>
<BR>[Calls]<UL><LI><a href="#[eb]">&gt;&gt;</a>&nbsp;&nbsp;&nbsp;LCD_Start
<LI><a href="#[ea]">&gt;&gt;</a>&nbsp;&nbsp;&nbsp;LCD_INTClr
</UL>
<BR>[Address Reference Count : 1]<UL><LI> startup_swm341.o(RESET)
</UL>
<P><STRONG><a name="[d6]"></a>bsp_lcd_rgb_init</STRONG> (Thumb, 1302 bytes, Stack size 72 bytes, bsp_lcd_rgb.o(.text))
<BR><BR>[Stack]<UL><LI>Max Depth = 120<LI>Call Chain = bsp_lcd_rgb_init &rArr; GPIO_Init &rArr; PORT_Init
</UL>
<BR>[Calls]<UL><LI><a href="#[ed]">&gt;&gt;</a>&nbsp;&nbsp;&nbsp;SDRAM_Init
<LI><a href="#[ec]">&gt;&gt;</a>&nbsp;&nbsp;&nbsp;PORT_Init
<LI><a href="#[eb]">&gt;&gt;</a>&nbsp;&nbsp;&nbsp;LCD_Start
<LI><a href="#[e9]">&gt;&gt;</a>&nbsp;&nbsp;&nbsp;LCD_Init
<LI><a href="#[ef]">&gt;&gt;</a>&nbsp;&nbsp;&nbsp;GPIO_SetBit
<LI><a href="#[ee]">&gt;&gt;</a>&nbsp;&nbsp;&nbsp;GPIO_Init
<LI><a href="#[f0]">&gt;&gt;</a>&nbsp;&nbsp;&nbsp;GPIO_ClrBit
</UL>
<BR>[Called By]<UL><LI><a href="#[64]">&gt;&gt;</a>&nbsp;&nbsp;&nbsp;main
</UL>

<P><STRONG><a name="[354]"></a>lcd_draw_point</STRONG> (Thumb, 26 bytes, Stack size 0 bytes, bsp_lcd_rgb.o(.text), UNUSED)

<P><STRONG><a name="[355]"></a>LCD_DrawPoint</STRONG> (Thumb, 36 bytes, Stack size 0 bytes, bsp_lcd_rgb.o(.text), UNUSED)

<P><STRONG><a name="[d9]"></a>bsp_sfc_config</STRONG> (Thumb, 158 bytes, Stack size 24 bytes, bsp_sfc.o(.text))
<BR><BR>[Stack]<UL><LI>Max Depth = 40<LI>Call Chain = bsp_sfc_config &rArr; PORT_Init
</UL>
<BR>[Calls]<UL><LI><a href="#[f1]">&gt;&gt;</a>&nbsp;&nbsp;&nbsp;SFC_Init
<LI><a href="#[ec]">&gt;&gt;</a>&nbsp;&nbsp;&nbsp;PORT_Init
</UL>
<BR>[Called By]<UL><LI><a href="#[64]">&gt;&gt;</a>&nbsp;&nbsp;&nbsp;main
</UL>

<P><STRONG><a name="[f2]"></a>r_dat_bat</STRONG> (Thumb, 64 bytes, Stack size 24 bytes, bsp_sfc.o(.text))
<BR><BR>[Stack]<UL><LI>Max Depth = 32<LI>Call Chain = r_dat_bat &rArr; __aeabi_memcpy4
</UL>
<BR>[Calls]<UL><LI><a href="#[d0]">&gt;&gt;</a>&nbsp;&nbsp;&nbsp;__aeabi_memcpy4
<LI><a href="#[d1]">&gt;&gt;</a>&nbsp;&nbsp;&nbsp;__aeabi_memcpy
</UL>
<BR>[Called By]<UL><LI><a href="#[26f]">&gt;&gt;</a>&nbsp;&nbsp;&nbsp;UnicodeToGBK
<LI><a href="#[26d]">&gt;&gt;</a>&nbsp;&nbsp;&nbsp;GBKToUnicode
<LI><a href="#[bb]">&gt;&gt;</a>&nbsp;&nbsp;&nbsp;GT_GetChinese
</UL>

<P><STRONG><a name="[f3]"></a>SFC_FLASH_PageWrite</STRONG> (Thumb, 42 bytes, Stack size 16 bytes, bsp_sfc.o(.text), UNUSED)
<BR><BR>[Calls]<UL><LI><a href="#[f4]">&gt;&gt;</a>&nbsp;&nbsp;&nbsp;SFC_Write
<LI><a href="#[e2]">&gt;&gt;</a>&nbsp;&nbsp;&nbsp;puts
</UL>

<P><STRONG><a name="[f5]"></a>SFC_FLASH_BufferWrite</STRONG> (Thumb, 236 bytes, Stack size 24 bytes, bsp_sfc.o(.text), UNUSED)
<BR><BR>[Calls]<UL><LI><a href="#[f4]">&gt;&gt;</a>&nbsp;&nbsp;&nbsp;SFC_Write
<LI><a href="#[e2]">&gt;&gt;</a>&nbsp;&nbsp;&nbsp;puts
</UL>

<P><STRONG><a name="[f6]"></a>bsp_spi_io_config</STRONG> (Thumb, 156 bytes, Stack size 24 bytes, bsp_sfc.o(.text))
<BR><BR>[Stack]<UL><LI>Max Depth = 72<LI>Call Chain = bsp_spi_io_config &rArr; GPIO_Init &rArr; PORT_Init
</UL>
<BR>[Calls]<UL><LI><a href="#[ef]">&gt;&gt;</a>&nbsp;&nbsp;&nbsp;GPIO_SetBit
<LI><a href="#[ee]">&gt;&gt;</a>&nbsp;&nbsp;&nbsp;GPIO_Init
</UL>
<BR>[Called By]<UL><LI><a href="#[fa]">&gt;&gt;</a>&nbsp;&nbsp;&nbsp;gt_read_data
</UL>

<P><STRONG><a name="[f7]"></a>Send_Byte</STRONG> (Thumb, 344 bytes, Stack size 16 bytes, bsp_sfc.o(.text))
<BR><BR>[Stack]<UL><LI>Max Depth = 16<LI>Call Chain = Send_Byte
</UL>
<BR>[Calls]<UL><LI><a href="#[ef]">&gt;&gt;</a>&nbsp;&nbsp;&nbsp;GPIO_SetBit
<LI><a href="#[f0]">&gt;&gt;</a>&nbsp;&nbsp;&nbsp;GPIO_ClrBit
</UL>
<BR>[Called By]<UL><LI><a href="#[fa]">&gt;&gt;</a>&nbsp;&nbsp;&nbsp;gt_read_data
</UL>

<P><STRONG><a name="[f8]"></a>Get_Byte</STRONG> (Thumb, 298 bytes, Stack size 16 bytes, bsp_sfc.o(.text))
<BR><BR>[Stack]<UL><LI>Max Depth = 16<LI>Call Chain = Get_Byte
</UL>
<BR>[Calls]<UL><LI><a href="#[f9]">&gt;&gt;</a>&nbsp;&nbsp;&nbsp;GPIO_GetBit
<LI><a href="#[ef]">&gt;&gt;</a>&nbsp;&nbsp;&nbsp;GPIO_SetBit
<LI><a href="#[f0]">&gt;&gt;</a>&nbsp;&nbsp;&nbsp;GPIO_ClrBit
</UL>
<BR>[Called By]<UL><LI><a href="#[fa]">&gt;&gt;</a>&nbsp;&nbsp;&nbsp;gt_read_data
</UL>

<P><STRONG><a name="[fa]"></a>gt_read_data</STRONG> (Thumb, 184 bytes, Stack size 32 bytes, bsp_sfc.o(.text))
<BR><BR>[Stack]<UL><LI>Max Depth = 104<LI>Call Chain = gt_read_data &rArr; bsp_spi_io_config &rArr; GPIO_Init &rArr; PORT_Init
</UL>
<BR>[Calls]<UL><LI><a href="#[f6]">&gt;&gt;</a>&nbsp;&nbsp;&nbsp;bsp_spi_io_config
<LI><a href="#[f7]">&gt;&gt;</a>&nbsp;&nbsp;&nbsp;Send_Byte
<LI><a href="#[f1]">&gt;&gt;</a>&nbsp;&nbsp;&nbsp;SFC_Init
<LI><a href="#[f8]">&gt;&gt;</a>&nbsp;&nbsp;&nbsp;Get_Byte
<LI><a href="#[ec]">&gt;&gt;</a>&nbsp;&nbsp;&nbsp;PORT_Init
<LI><a href="#[ef]">&gt;&gt;</a>&nbsp;&nbsp;&nbsp;GPIO_SetBit
<LI><a href="#[f0]">&gt;&gt;</a>&nbsp;&nbsp;&nbsp;GPIO_ClrBit
</UL>
<BR>[Called By]<UL><LI><a href="#[e0]">&gt;&gt;</a>&nbsp;&nbsp;&nbsp;GT_Font_Init
</UL>

<P><STRONG><a name="[ae]"></a>fputc</STRONG> (Thumb, 34 bytes, Stack size 16 bytes, bsp_uart.o(.text))
<BR><BR>[Stack]<UL><LI>Max Depth = 16<LI>Call Chain = fputc
</UL>
<BR>[Calls]<UL><LI><a href="#[fb]">&gt;&gt;</a>&nbsp;&nbsp;&nbsp;UART_WriteByte
<LI><a href="#[fc]">&gt;&gt;</a>&nbsp;&nbsp;&nbsp;UART_IsTXBusy
</UL>
<BR>[Called By]<UL><LI><a href="#[e2]">&gt;&gt;</a>&nbsp;&nbsp;&nbsp;puts
</UL>
<BR>[Address Reference Count : 1]<UL><LI> printfa.o(i.__0printf)
</UL>
<P><STRONG><a name="[d4]"></a>bsp_uart0_init</STRONG> (Thumb, 88 bytes, Stack size 32 bytes, bsp_uart.o(.text))
<BR><BR>[Stack]<UL><LI>Max Depth = 48<LI>Call Chain = bsp_uart0_init &rArr; PORT_Init
</UL>
<BR>[Calls]<UL><LI><a href="#[fe]">&gt;&gt;</a>&nbsp;&nbsp;&nbsp;UART_Open
<LI><a href="#[fd]">&gt;&gt;</a>&nbsp;&nbsp;&nbsp;UART_Init
<LI><a href="#[ec]">&gt;&gt;</a>&nbsp;&nbsp;&nbsp;PORT_Init
</UL>
<BR>[Called By]<UL><LI><a href="#[64]">&gt;&gt;</a>&nbsp;&nbsp;&nbsp;main
</UL>

<P><STRONG><a name="[d5]"></a>bsp_uart3_init</STRONG> (Thumb, 96 bytes, Stack size 32 bytes, bsp_uart.o(.text))
<BR><BR>[Stack]<UL><LI>Max Depth = 48<LI>Call Chain = bsp_uart3_init &rArr; PORT_Init
</UL>
<BR>[Calls]<UL><LI><a href="#[fe]">&gt;&gt;</a>&nbsp;&nbsp;&nbsp;UART_Open
<LI><a href="#[fd]">&gt;&gt;</a>&nbsp;&nbsp;&nbsp;UART_Init
<LI><a href="#[ec]">&gt;&gt;</a>&nbsp;&nbsp;&nbsp;PORT_Init
</UL>
<BR>[Called By]<UL><LI><a href="#[64]">&gt;&gt;</a>&nbsp;&nbsp;&nbsp;main
</UL>

<P><STRONG><a name="[1f]"></a>UART3_Handler</STRONG> (Thumb, 252 bytes, Stack size 24 bytes, bsp_uart.o(.text))
<BR><BR>[Stack]<UL><LI>Max Depth = 24<LI>Call Chain = UART3_Handler
</UL>
<BR>[Calls]<UL><LI><a href="#[101]">&gt;&gt;</a>&nbsp;&nbsp;&nbsp;UART_ReadByte
<LI><a href="#[102]">&gt;&gt;</a>&nbsp;&nbsp;&nbsp;UART_IsRXFIFOEmpty
<LI><a href="#[ff]">&gt;&gt;</a>&nbsp;&nbsp;&nbsp;UART_INTStat
<LI><a href="#[100]">&gt;&gt;</a>&nbsp;&nbsp;&nbsp;UART_INTClr
<LI><a href="#[e4]">&gt;&gt;</a>&nbsp;&nbsp;&nbsp;WDT_Start
<LI><a href="#[e3]">&gt;&gt;</a>&nbsp;&nbsp;&nbsp;WDT_Init
</UL>
<BR>[Address Reference Count : 1]<UL><LI> startup_swm341.o(RESET)
</UL>
<P><STRONG><a name="[103]"></a>gt_put_char</STRONG> (Thumb, 14 bytes, Stack size 0 bytes, bsp_uart.o(.text), UNUSED)
<BR><BR>[Calls]<UL><LI><a href="#[fb]">&gt;&gt;</a>&nbsp;&nbsp;&nbsp;UART_WriteByte
</UL>

<P><STRONG><a name="[d7]"></a>systick_init</STRONG> (Thumb, 72 bytes, Stack size 0 bytes, dev_systick.o(.text))
<BR><BR>[Called By]<UL><LI><a href="#[64]">&gt;&gt;</a>&nbsp;&nbsp;&nbsp;main
</UL>

<P><STRONG><a name="[356]"></a>swm_inctick</STRONG> (Thumb, 16 bytes, Stack size 0 bytes, dev_systick.o(.text), UNUSED)

<P><STRONG><a name="[357]"></a>swm_gettick</STRONG> (Thumb, 12 bytes, Stack size 0 bytes, dev_systick.o(.text), UNUSED)

<P><STRONG><a name="[e6]"></a>swm_delay_ms</STRONG> (Thumb, 48 bytes, Stack size 0 bytes, dev_systick.o(.text))
<BR><BR>[Called By]<UL><LI><a href="#[113]">&gt;&gt;</a>&nbsp;&nbsp;&nbsp;GT911_Reset_Sequence
<LI><a href="#[10e]">&gt;&gt;</a>&nbsp;&nbsp;&nbsp;GT911_RD_Reg
<LI><a href="#[64]">&gt;&gt;</a>&nbsp;&nbsp;&nbsp;main
<LI><a href="#[db]">&gt;&gt;</a>&nbsp;&nbsp;&nbsp;GT911_Init
</UL>

<P><STRONG><a name="[358]"></a>swm_delay_us</STRONG> (Thumb, 86 bytes, Stack size 8 bytes, dev_systick.o(.text), UNUSED)

<P><STRONG><a name="[104]"></a>SysTick_Handler_cb</STRONG> (Thumb, 2 bytes, Stack size 0 bytes, dev_systick.o(.text))
<BR><BR>[Called By]<UL><LI><a href="#[9]">&gt;&gt;</a>&nbsp;&nbsp;&nbsp;SysTick_Handler
</UL>

<P><STRONG><a name="[9]"></a>SysTick_Handler</STRONG> (Thumb, 18 bytes, Stack size 0 bytes, dev_systick.o(.text))
<BR><BR>[Calls]<UL><LI><a href="#[104]">&gt;&gt;</a>&nbsp;&nbsp;&nbsp;SysTick_Handler_cb
</UL>
<BR>[Address Reference Count : 1]<UL><LI> startup_swm341.o(RESET)
</UL>
<P><STRONG><a name="[30]"></a>GPIOD_Handler</STRONG> (Thumb, 46 bytes, Stack size 8 bytes, dev_touch.o(.text))
<BR><BR>[Stack]<UL><LI>Max Depth = 8<LI>Call Chain = GPIOD_Handler
</UL>
<BR>[Calls]<UL><LI><a href="#[105]">&gt;&gt;</a>&nbsp;&nbsp;&nbsp;EXTI_State
<LI><a href="#[106]">&gt;&gt;</a>&nbsp;&nbsp;&nbsp;EXTI_Clear
</UL>
<BR>[Address Reference Count : 1]<UL><LI> startup_swm341.o(RESET)
</UL>
<P><STRONG><a name="[359]"></a>touch_read_points</STRONG> (Thumb, 2 bytes, Stack size 0 bytes, dev_touch.o(.text), UNUSED)

<P><STRONG><a name="[107]"></a>touch_ic_init</STRONG> (Thumb, 72 bytes, Stack size 16 bytes, dev_touch.o(.text), UNUSED)
<BR><BR>[Calls]<UL><LI><a href="#[109]">&gt;&gt;</a>&nbsp;&nbsp;&nbsp;EXTI_Open
<LI><a href="#[108]">&gt;&gt;</a>&nbsp;&nbsp;&nbsp;EXTI_Init
<LI><a href="#[ee]">&gt;&gt;</a>&nbsp;&nbsp;&nbsp;GPIO_Init
</UL>

<P><STRONG><a name="[35a]"></a>GT911_Send_Cfg</STRONG> (Thumb, 4 bytes, Stack size 0 bytes, gt911.o(.text), UNUSED)

<P><STRONG><a name="[10a]"></a>GT911_WR_Reg</STRONG> (Thumb, 104 bytes, Stack size 24 bytes, gt911.o(.text))
<BR><BR>[Stack]<UL><LI>Max Depth = 24<LI>Call Chain = GT911_WR_Reg
</UL>
<BR>[Calls]<UL><LI><a href="#[10c]">&gt;&gt;</a>&nbsp;&nbsp;&nbsp;I2C_Write
<LI><a href="#[10d]">&gt;&gt;</a>&nbsp;&nbsp;&nbsp;I2C_Stop
<LI><a href="#[10b]">&gt;&gt;</a>&nbsp;&nbsp;&nbsp;I2C_Start
</UL>
<BR>[Called By]<UL><LI><a href="#[114]">&gt;&gt;</a>&nbsp;&nbsp;&nbsp;GT911_Soft_Reset
<LI><a href="#[d2]">&gt;&gt;</a>&nbsp;&nbsp;&nbsp;GT911_Scan
<LI><a href="#[db]">&gt;&gt;</a>&nbsp;&nbsp;&nbsp;GT911_Init
</UL>

<P><STRONG><a name="[10e]"></a>GT911_RD_Reg</STRONG> (Thumb, 152 bytes, Stack size 32 bytes, gt911.o(.text))
<BR><BR>[Stack]<UL><LI>Max Depth = 32<LI>Call Chain = GT911_RD_Reg
</UL>
<BR>[Calls]<UL><LI><a href="#[10c]">&gt;&gt;</a>&nbsp;&nbsp;&nbsp;I2C_Write
<LI><a href="#[10d]">&gt;&gt;</a>&nbsp;&nbsp;&nbsp;I2C_Stop
<LI><a href="#[10b]">&gt;&gt;</a>&nbsp;&nbsp;&nbsp;I2C_Start
<LI><a href="#[10f]">&gt;&gt;</a>&nbsp;&nbsp;&nbsp;I2C_Read
<LI><a href="#[e6]">&gt;&gt;</a>&nbsp;&nbsp;&nbsp;swm_delay_ms
</UL>
<BR>[Called By]<UL><LI><a href="#[d2]">&gt;&gt;</a>&nbsp;&nbsp;&nbsp;GT911_Scan
<LI><a href="#[db]">&gt;&gt;</a>&nbsp;&nbsp;&nbsp;GT911_Init
</UL>

<P><STRONG><a name="[db]"></a>GT911_Init</STRONG> (Thumb, 420 bytes, Stack size 64 bytes, gt911.o(.text))
<BR><BR>[Stack]<UL><LI>Max Depth = 112<LI>Call Chain = GT911_Init &rArr; GPIO_Init &rArr; PORT_Init
</UL>
<BR>[Calls]<UL><LI><a href="#[111]">&gt;&gt;</a>&nbsp;&nbsp;&nbsp;I2C_Open
<LI><a href="#[110]">&gt;&gt;</a>&nbsp;&nbsp;&nbsp;I2C_Init
<LI><a href="#[10a]">&gt;&gt;</a>&nbsp;&nbsp;&nbsp;GT911_WR_Reg
<LI><a href="#[10e]">&gt;&gt;</a>&nbsp;&nbsp;&nbsp;GT911_RD_Reg
<LI><a href="#[ec]">&gt;&gt;</a>&nbsp;&nbsp;&nbsp;PORT_Init
<LI><a href="#[ef]">&gt;&gt;</a>&nbsp;&nbsp;&nbsp;GPIO_SetBit
<LI><a href="#[ee]">&gt;&gt;</a>&nbsp;&nbsp;&nbsp;GPIO_Init
<LI><a href="#[f0]">&gt;&gt;</a>&nbsp;&nbsp;&nbsp;GPIO_ClrBit
<LI><a href="#[e6]">&gt;&gt;</a>&nbsp;&nbsp;&nbsp;swm_delay_ms
<LI><a href="#[112]">&gt;&gt;</a>&nbsp;&nbsp;&nbsp;__2printf
</UL>
<BR>[Called By]<UL><LI><a href="#[64]">&gt;&gt;</a>&nbsp;&nbsp;&nbsp;main
</UL>

<P><STRONG><a name="[113]"></a>GT911_Reset_Sequence</STRONG> (Thumb, 174 bytes, Stack size 16 bytes, gt911.o(.text), UNUSED)
<BR><BR>[Calls]<UL><LI><a href="#[ef]">&gt;&gt;</a>&nbsp;&nbsp;&nbsp;GPIO_SetBit
<LI><a href="#[f0]">&gt;&gt;</a>&nbsp;&nbsp;&nbsp;GPIO_ClrBit
<LI><a href="#[e6]">&gt;&gt;</a>&nbsp;&nbsp;&nbsp;swm_delay_ms
</UL>

<P><STRONG><a name="[d2]"></a>GT911_Scan</STRONG> (Thumb, 680 bytes, Stack size 40 bytes, gt911.o(.text))
<BR><BR>[Stack]<UL><LI>Max Depth = 72<LI>Call Chain = GT911_Scan &rArr; GT911_RD_Reg
</UL>
<BR>[Calls]<UL><LI><a href="#[10a]">&gt;&gt;</a>&nbsp;&nbsp;&nbsp;GT911_WR_Reg
<LI><a href="#[10e]">&gt;&gt;</a>&nbsp;&nbsp;&nbsp;GT911_RD_Reg
</UL>
<BR>[Called By]<UL><LI><a href="#[68]">&gt;&gt;</a>&nbsp;&nbsp;&nbsp;read_cb
</UL>

<P><STRONG><a name="[114]"></a>GT911_Soft_Reset</STRONG> (Thumb, 28 bytes, Stack size 16 bytes, gt911.o(.text), UNUSED)
<BR><BR>[Calls]<UL><LI><a href="#[10a]">&gt;&gt;</a>&nbsp;&nbsp;&nbsp;GT911_WR_Reg
</UL>

<P><STRONG><a name="[35b]"></a>SystemCoreClockUpdate</STRONG> (Thumb, 200 bytes, Stack size 0 bytes, system_swm341.o(.text), UNUSED)

<P><STRONG><a name="[d3]"></a>SystemInit</STRONG> (Thumb, 408 bytes, Stack size 8 bytes, system_swm341.o(.text))
<BR><BR>[Stack]<UL><LI>Max Depth = 56<LI>Call Chain = SystemInit &rArr; switchToPLL &rArr; PLLInit &rArr; PORT_Init
</UL>
<BR>[Calls]<UL><LI><a href="#[116]">&gt;&gt;</a>&nbsp;&nbsp;&nbsp;switchToPLL
<LI><a href="#[115]">&gt;&gt;</a>&nbsp;&nbsp;&nbsp;Flash_Param_at_xMHz
</UL>
<BR>[Called By]<UL><LI><a href="#[64]">&gt;&gt;</a>&nbsp;&nbsp;&nbsp;main
</UL>

<P><STRONG><a name="[116]"></a>switchToPLL</STRONG> (Thumb, 266 bytes, Stack size 16 bytes, system_swm341.o(.text))
<BR><BR>[Stack]<UL><LI>Max Depth = 48<LI>Call Chain = switchToPLL &rArr; PLLInit &rArr; PORT_Init
</UL>
<BR>[Calls]<UL><LI><a href="#[117]">&gt;&gt;</a>&nbsp;&nbsp;&nbsp;PLLInit
</UL>
<BR>[Called By]<UL><LI><a href="#[d3]">&gt;&gt;</a>&nbsp;&nbsp;&nbsp;SystemInit
</UL>

<P><STRONG><a name="[65]"></a>FPU_Enable</STRONG> (Thumb, 2 bytes, Stack size 0 bytes, system_swm341.o(.text))
<BR>[Address Reference Count : 1]<UL><LI> startup_swm341.o(.text)
</UL>
<P><STRONG><a name="[35c]"></a>switchTo20MHz</STRONG> (Thumb, 210 bytes, Stack size 0 bytes, system_swm341.o(.text), UNUSED)

<P><STRONG><a name="[35d]"></a>switchTo2M5Hz</STRONG> (Thumb, 434 bytes, Stack size 0 bytes, system_swm341.o(.text), UNUSED)

<P><STRONG><a name="[35e]"></a>switchTo40MHz</STRONG> (Thumb, 210 bytes, Stack size 0 bytes, system_swm341.o(.text), UNUSED)

<P><STRONG><a name="[35f]"></a>switchTo5MHz</STRONG> (Thumb, 434 bytes, Stack size 0 bytes, system_swm341.o(.text), UNUSED)

<P><STRONG><a name="[118]"></a>switchToXTAL</STRONG> (Thumb, 676 bytes, Stack size 24 bytes, system_swm341.o(.text), UNUSED)
<BR><BR>[Calls]<UL><LI><a href="#[ec]">&gt;&gt;</a>&nbsp;&nbsp;&nbsp;PORT_Init
</UL>

<P><STRONG><a name="[117]"></a>PLLInit</STRONG> (Thumb, 496 bytes, Stack size 16 bytes, system_swm341.o(.text))
<BR><BR>[Stack]<UL><LI>Max Depth = 32<LI>Call Chain = PLLInit &rArr; PORT_Init
</UL>
<BR>[Calls]<UL><LI><a href="#[ec]">&gt;&gt;</a>&nbsp;&nbsp;&nbsp;PORT_Init
</UL>
<BR>[Called By]<UL><LI><a href="#[116]">&gt;&gt;</a>&nbsp;&nbsp;&nbsp;switchToPLL
</UL>

<P><STRONG><a name="[360]"></a>switchTo32KHz</STRONG> (Thumb, 434 bytes, Stack size 0 bytes, system_swm341.o(.text), UNUSED)

<P><STRONG><a name="[361]"></a>switchToXTAL_32K</STRONG> (Thumb, 558 bytes, Stack size 0 bytes, system_swm341.o(.text), UNUSED)

<P><STRONG><a name="[0]"></a>Reset_Handler</STRONG> (Thumb, 8 bytes, Stack size 0 bytes, startup_swm341.o(.text))
<BR>[Address Reference Count : 1]<UL><LI> startup_swm341.o(RESET)
</UL>
<P><STRONG><a name="[1]"></a>NMI_Handler</STRONG> (Thumb, 2 bytes, Stack size 0 bytes, startup_swm341.o(.text))
<BR><BR>[Calls]<UL><LI><a href="#[1]">&gt;&gt;</a>&nbsp;&nbsp;&nbsp;NMI_Handler
</UL>
<BR>[Called By]<UL><LI><a href="#[1]">&gt;&gt;</a>&nbsp;&nbsp;&nbsp;NMI_Handler
</UL>
<BR>[Address Reference Count : 1]<UL><LI> startup_swm341.o(RESET)
</UL>
<P><STRONG><a name="[2]"></a>HardFault_Handler</STRONG> (Thumb, 2 bytes, Stack size 0 bytes, startup_swm341.o(.text))
<BR><BR>[Calls]<UL><LI><a href="#[2]">&gt;&gt;</a>&nbsp;&nbsp;&nbsp;HardFault_Handler
</UL>
<BR>[Called By]<UL><LI><a href="#[2]">&gt;&gt;</a>&nbsp;&nbsp;&nbsp;HardFault_Handler
</UL>
<BR>[Address Reference Count : 1]<UL><LI> startup_swm341.o(RESET)
</UL>
<P><STRONG><a name="[3]"></a>MemManage_Handler</STRONG> (Thumb, 2 bytes, Stack size 0 bytes, startup_swm341.o(.text))
<BR><BR>[Calls]<UL><LI><a href="#[3]">&gt;&gt;</a>&nbsp;&nbsp;&nbsp;MemManage_Handler
</UL>
<BR>[Called By]<UL><LI><a href="#[3]">&gt;&gt;</a>&nbsp;&nbsp;&nbsp;MemManage_Handler
</UL>
<BR>[Address Reference Count : 1]<UL><LI> startup_swm341.o(RESET)
</UL>
<P><STRONG><a name="[4]"></a>BusFault_Handler</STRONG> (Thumb, 2 bytes, Stack size 0 bytes, startup_swm341.o(.text))
<BR><BR>[Calls]<UL><LI><a href="#[4]">&gt;&gt;</a>&nbsp;&nbsp;&nbsp;BusFault_Handler
</UL>
<BR>[Called By]<UL><LI><a href="#[4]">&gt;&gt;</a>&nbsp;&nbsp;&nbsp;BusFault_Handler
</UL>
<BR>[Address Reference Count : 1]<UL><LI> startup_swm341.o(RESET)
</UL>
<P><STRONG><a name="[5]"></a>UsageFault_Handler</STRONG> (Thumb, 2 bytes, Stack size 0 bytes, startup_swm341.o(.text))
<BR><BR>[Calls]<UL><LI><a href="#[5]">&gt;&gt;</a>&nbsp;&nbsp;&nbsp;UsageFault_Handler
</UL>
<BR>[Called By]<UL><LI><a href="#[5]">&gt;&gt;</a>&nbsp;&nbsp;&nbsp;UsageFault_Handler
</UL>
<BR>[Address Reference Count : 1]<UL><LI> startup_swm341.o(RESET)
</UL>
<P><STRONG><a name="[6]"></a>SVC_Handler</STRONG> (Thumb, 2 bytes, Stack size 0 bytes, startup_swm341.o(.text))
<BR><BR>[Calls]<UL><LI><a href="#[6]">&gt;&gt;</a>&nbsp;&nbsp;&nbsp;SVC_Handler
</UL>
<BR>[Called By]<UL><LI><a href="#[6]">&gt;&gt;</a>&nbsp;&nbsp;&nbsp;SVC_Handler
</UL>
<BR>[Address Reference Count : 1]<UL><LI> startup_swm341.o(RESET)
</UL>
<P><STRONG><a name="[7]"></a>DebugMon_Handler</STRONG> (Thumb, 2 bytes, Stack size 0 bytes, startup_swm341.o(.text))
<BR><BR>[Calls]<UL><LI><a href="#[7]">&gt;&gt;</a>&nbsp;&nbsp;&nbsp;DebugMon_Handler
</UL>
<BR>[Called By]<UL><LI><a href="#[7]">&gt;&gt;</a>&nbsp;&nbsp;&nbsp;DebugMon_Handler
</UL>
<BR>[Address Reference Count : 1]<UL><LI> startup_swm341.o(RESET)
</UL>
<P><STRONG><a name="[8]"></a>PendSV_Handler</STRONG> (Thumb, 2 bytes, Stack size 0 bytes, startup_swm341.o(.text))
<BR><BR>[Calls]<UL><LI><a href="#[8]">&gt;&gt;</a>&nbsp;&nbsp;&nbsp;PendSV_Handler
</UL>
<BR>[Called By]<UL><LI><a href="#[8]">&gt;&gt;</a>&nbsp;&nbsp;&nbsp;PendSV_Handler
</UL>
<BR>[Address Reference Count : 1]<UL><LI> startup_swm341.o(RESET)
</UL>
<P><STRONG><a name="[a]"></a>UART0_Handler</STRONG> (Thumb, 2 bytes, Stack size 0 bytes, startup_swm341.o(.text))
<BR><BR>[Calls]<UL><LI><a href="#[a]">&gt;&gt;</a>&nbsp;&nbsp;&nbsp;UART0_Handler
</UL>
<BR>[Called By]<UL><LI><a href="#[a]">&gt;&gt;</a>&nbsp;&nbsp;&nbsp;UART0_Handler
</UL>
<BR>[Address Reference Count : 1]<UL><LI> startup_swm341.o(RESET)
</UL>
<P><STRONG><a name="[b]"></a>UART1_Handler</STRONG> (Thumb, 2 bytes, Stack size 0 bytes, startup_swm341.o(.text))
<BR><BR>[Calls]<UL><LI><a href="#[b]">&gt;&gt;</a>&nbsp;&nbsp;&nbsp;UART1_Handler
</UL>
<BR>[Called By]<UL><LI><a href="#[b]">&gt;&gt;</a>&nbsp;&nbsp;&nbsp;UART1_Handler
</UL>
<BR>[Address Reference Count : 1]<UL><LI> startup_swm341.o(RESET)
</UL>
<P><STRONG><a name="[c]"></a>TIMR0_Handler</STRONG> (Thumb, 2 bytes, Stack size 0 bytes, startup_swm341.o(.text))
<BR><BR>[Calls]<UL><LI><a href="#[c]">&gt;&gt;</a>&nbsp;&nbsp;&nbsp;TIMR0_Handler
</UL>
<BR>[Called By]<UL><LI><a href="#[c]">&gt;&gt;</a>&nbsp;&nbsp;&nbsp;TIMR0_Handler
</UL>
<BR>[Address Reference Count : 1]<UL><LI> startup_swm341.o(RESET)
</UL>
<P><STRONG><a name="[d]"></a>TIMR1_Handler</STRONG> (Thumb, 2 bytes, Stack size 0 bytes, startup_swm341.o(.text))
<BR><BR>[Calls]<UL><LI><a href="#[d]">&gt;&gt;</a>&nbsp;&nbsp;&nbsp;TIMR1_Handler
</UL>
<BR>[Called By]<UL><LI><a href="#[d]">&gt;&gt;</a>&nbsp;&nbsp;&nbsp;TIMR1_Handler
</UL>
<BR>[Address Reference Count : 1]<UL><LI> startup_swm341.o(RESET)
</UL>
<P><STRONG><a name="[e]"></a>DMA_Handler</STRONG> (Thumb, 2 bytes, Stack size 0 bytes, startup_swm341.o(.text))
<BR><BR>[Calls]<UL><LI><a href="#[e]">&gt;&gt;</a>&nbsp;&nbsp;&nbsp;DMA_Handler
</UL>
<BR>[Called By]<UL><LI><a href="#[e]">&gt;&gt;</a>&nbsp;&nbsp;&nbsp;DMA_Handler
</UL>
<BR>[Address Reference Count : 1]<UL><LI> startup_swm341.o(RESET)
</UL>
<P><STRONG><a name="[f]"></a>SPI0_Handler</STRONG> (Thumb, 2 bytes, Stack size 0 bytes, startup_swm341.o(.text))
<BR><BR>[Calls]<UL><LI><a href="#[f]">&gt;&gt;</a>&nbsp;&nbsp;&nbsp;SPI0_Handler
</UL>
<BR>[Called By]<UL><LI><a href="#[f]">&gt;&gt;</a>&nbsp;&nbsp;&nbsp;SPI0_Handler
</UL>
<BR>[Address Reference Count : 1]<UL><LI> startup_swm341.o(RESET)
</UL>
<P><STRONG><a name="[10]"></a>PWM0_Handler</STRONG> (Thumb, 2 bytes, Stack size 0 bytes, startup_swm341.o(.text))
<BR><BR>[Calls]<UL><LI><a href="#[10]">&gt;&gt;</a>&nbsp;&nbsp;&nbsp;PWM0_Handler
</UL>
<BR>[Called By]<UL><LI><a href="#[10]">&gt;&gt;</a>&nbsp;&nbsp;&nbsp;PWM0_Handler
</UL>
<BR>[Address Reference Count : 1]<UL><LI> startup_swm341.o(RESET)
</UL>
<P><STRONG><a name="[11]"></a>WDT_Handler</STRONG> (Thumb, 2 bytes, Stack size 0 bytes, startup_swm341.o(.text))
<BR><BR>[Calls]<UL><LI><a href="#[11]">&gt;&gt;</a>&nbsp;&nbsp;&nbsp;WDT_Handler
</UL>
<BR>[Called By]<UL><LI><a href="#[11]">&gt;&gt;</a>&nbsp;&nbsp;&nbsp;WDT_Handler
</UL>
<BR>[Address Reference Count : 1]<UL><LI> startup_swm341.o(RESET)
</UL>
<P><STRONG><a name="[12]"></a>UART2_Handler</STRONG> (Thumb, 2 bytes, Stack size 0 bytes, startup_swm341.o(.text))
<BR><BR>[Calls]<UL><LI><a href="#[12]">&gt;&gt;</a>&nbsp;&nbsp;&nbsp;UART2_Handler
</UL>
<BR>[Called By]<UL><LI><a href="#[12]">&gt;&gt;</a>&nbsp;&nbsp;&nbsp;UART2_Handler
</UL>
<BR>[Address Reference Count : 1]<UL><LI> startup_swm341.o(RESET)
</UL>
<P><STRONG><a name="[13]"></a>PWM1_Handler</STRONG> (Thumb, 2 bytes, Stack size 0 bytes, startup_swm341.o(.text))
<BR><BR>[Calls]<UL><LI><a href="#[13]">&gt;&gt;</a>&nbsp;&nbsp;&nbsp;PWM1_Handler
</UL>
<BR>[Called By]<UL><LI><a href="#[13]">&gt;&gt;</a>&nbsp;&nbsp;&nbsp;PWM1_Handler
</UL>
<BR>[Address Reference Count : 1]<UL><LI> startup_swm341.o(RESET)
</UL>
<P><STRONG><a name="[14]"></a>ADC0_Handler</STRONG> (Thumb, 2 bytes, Stack size 0 bytes, startup_swm341.o(.text))
<BR><BR>[Calls]<UL><LI><a href="#[14]">&gt;&gt;</a>&nbsp;&nbsp;&nbsp;ADC0_Handler
</UL>
<BR>[Called By]<UL><LI><a href="#[14]">&gt;&gt;</a>&nbsp;&nbsp;&nbsp;ADC0_Handler
</UL>
<BR>[Address Reference Count : 1]<UL><LI> startup_swm341.o(RESET)
</UL>
<P><STRONG><a name="[15]"></a>BTIMR0_Handler</STRONG> (Thumb, 2 bytes, Stack size 0 bytes, startup_swm341.o(.text))
<BR><BR>[Calls]<UL><LI><a href="#[15]">&gt;&gt;</a>&nbsp;&nbsp;&nbsp;BTIMR0_Handler
</UL>
<BR>[Called By]<UL><LI><a href="#[15]">&gt;&gt;</a>&nbsp;&nbsp;&nbsp;BTIMR0_Handler
</UL>
<BR>[Address Reference Count : 1]<UL><LI> startup_swm341.o(RESET)
</UL>
<P><STRONG><a name="[16]"></a>HALL0_Handler</STRONG> (Thumb, 2 bytes, Stack size 0 bytes, startup_swm341.o(.text))
<BR><BR>[Calls]<UL><LI><a href="#[16]">&gt;&gt;</a>&nbsp;&nbsp;&nbsp;HALL0_Handler
</UL>
<BR>[Called By]<UL><LI><a href="#[16]">&gt;&gt;</a>&nbsp;&nbsp;&nbsp;HALL0_Handler
</UL>
<BR>[Address Reference Count : 1]<UL><LI> startup_swm341.o(RESET)
</UL>
<P><STRONG><a name="[17]"></a>PWM2_Handler</STRONG> (Thumb, 2 bytes, Stack size 0 bytes, startup_swm341.o(.text))
<BR><BR>[Calls]<UL><LI><a href="#[17]">&gt;&gt;</a>&nbsp;&nbsp;&nbsp;PWM2_Handler
</UL>
<BR>[Called By]<UL><LI><a href="#[17]">&gt;&gt;</a>&nbsp;&nbsp;&nbsp;PWM2_Handler
</UL>
<BR>[Address Reference Count : 1]<UL><LI> startup_swm341.o(RESET)
</UL>
<P><STRONG><a name="[18]"></a>PWMBRK_Handler</STRONG> (Thumb, 2 bytes, Stack size 0 bytes, startup_swm341.o(.text))
<BR><BR>[Calls]<UL><LI><a href="#[18]">&gt;&gt;</a>&nbsp;&nbsp;&nbsp;PWMBRK_Handler
</UL>
<BR>[Called By]<UL><LI><a href="#[18]">&gt;&gt;</a>&nbsp;&nbsp;&nbsp;PWMBRK_Handler
</UL>
<BR>[Address Reference Count : 1]<UL><LI> startup_swm341.o(RESET)
</UL>
<P><STRONG><a name="[19]"></a>I2C0_Handler</STRONG> (Thumb, 2 bytes, Stack size 0 bytes, startup_swm341.o(.text))
<BR><BR>[Calls]<UL><LI><a href="#[19]">&gt;&gt;</a>&nbsp;&nbsp;&nbsp;I2C0_Handler
</UL>
<BR>[Called By]<UL><LI><a href="#[19]">&gt;&gt;</a>&nbsp;&nbsp;&nbsp;I2C0_Handler
</UL>
<BR>[Address Reference Count : 1]<UL><LI> startup_swm341.o(RESET)
</UL>
<P><STRONG><a name="[1a]"></a>CAN0_Handler</STRONG> (Thumb, 2 bytes, Stack size 0 bytes, startup_swm341.o(.text))
<BR><BR>[Calls]<UL><LI><a href="#[1a]">&gt;&gt;</a>&nbsp;&nbsp;&nbsp;CAN0_Handler
</UL>
<BR>[Called By]<UL><LI><a href="#[1a]">&gt;&gt;</a>&nbsp;&nbsp;&nbsp;CAN0_Handler
</UL>
<BR>[Address Reference Count : 1]<UL><LI> startup_swm341.o(RESET)
</UL>
<P><STRONG><a name="[1b]"></a>SPI1_Handler</STRONG> (Thumb, 2 bytes, Stack size 0 bytes, startup_swm341.o(.text))
<BR><BR>[Calls]<UL><LI><a href="#[1b]">&gt;&gt;</a>&nbsp;&nbsp;&nbsp;SPI1_Handler
</UL>
<BR>[Called By]<UL><LI><a href="#[1b]">&gt;&gt;</a>&nbsp;&nbsp;&nbsp;SPI1_Handler
</UL>
<BR>[Address Reference Count : 1]<UL><LI> startup_swm341.o(RESET)
</UL>
<P><STRONG><a name="[1c]"></a>RTC_Handler</STRONG> (Thumb, 2 bytes, Stack size 0 bytes, startup_swm341.o(.text))
<BR><BR>[Calls]<UL><LI><a href="#[1c]">&gt;&gt;</a>&nbsp;&nbsp;&nbsp;RTC_Handler
</UL>
<BR>[Called By]<UL><LI><a href="#[1c]">&gt;&gt;</a>&nbsp;&nbsp;&nbsp;RTC_Handler
</UL>
<BR>[Address Reference Count : 1]<UL><LI> startup_swm341.o(RESET)
</UL>
<P><STRONG><a name="[1d]"></a>PWM3_Handler</STRONG> (Thumb, 2 bytes, Stack size 0 bytes, startup_swm341.o(.text))
<BR><BR>[Calls]<UL><LI><a href="#[1d]">&gt;&gt;</a>&nbsp;&nbsp;&nbsp;PWM3_Handler
</UL>
<BR>[Called By]<UL><LI><a href="#[1d]">&gt;&gt;</a>&nbsp;&nbsp;&nbsp;PWM3_Handler
</UL>
<BR>[Address Reference Count : 1]<UL><LI> startup_swm341.o(RESET)
</UL>
<P><STRONG><a name="[1e]"></a>TIMR2_Handler</STRONG> (Thumb, 2 bytes, Stack size 0 bytes, startup_swm341.o(.text))
<BR><BR>[Calls]<UL><LI><a href="#[1e]">&gt;&gt;</a>&nbsp;&nbsp;&nbsp;TIMR2_Handler
</UL>
<BR>[Called By]<UL><LI><a href="#[1e]">&gt;&gt;</a>&nbsp;&nbsp;&nbsp;TIMR2_Handler
</UL>
<BR>[Address Reference Count : 1]<UL><LI> startup_swm341.o(RESET)
</UL>
<P><STRONG><a name="[20]"></a>TIMR3_Handler</STRONG> (Thumb, 2 bytes, Stack size 0 bytes, startup_swm341.o(.text))
<BR><BR>[Calls]<UL><LI><a href="#[20]">&gt;&gt;</a>&nbsp;&nbsp;&nbsp;TIMR3_Handler
</UL>
<BR>[Called By]<UL><LI><a href="#[20]">&gt;&gt;</a>&nbsp;&nbsp;&nbsp;TIMR3_Handler
</UL>
<BR>[Address Reference Count : 1]<UL><LI> startup_swm341.o(RESET)
</UL>
<P><STRONG><a name="[21]"></a>ADC1_Handler</STRONG> (Thumb, 2 bytes, Stack size 0 bytes, startup_swm341.o(.text))
<BR><BR>[Calls]<UL><LI><a href="#[21]">&gt;&gt;</a>&nbsp;&nbsp;&nbsp;ADC1_Handler
</UL>
<BR>[Called By]<UL><LI><a href="#[21]">&gt;&gt;</a>&nbsp;&nbsp;&nbsp;ADC1_Handler
</UL>
<BR>[Address Reference Count : 1]<UL><LI> startup_swm341.o(RESET)
</UL>
<P><STRONG><a name="[22]"></a>BOD_Handler</STRONG> (Thumb, 2 bytes, Stack size 0 bytes, startup_swm341.o(.text))
<BR><BR>[Calls]<UL><LI><a href="#[22]">&gt;&gt;</a>&nbsp;&nbsp;&nbsp;BOD_Handler
</UL>
<BR>[Called By]<UL><LI><a href="#[22]">&gt;&gt;</a>&nbsp;&nbsp;&nbsp;BOD_Handler
</UL>
<BR>[Address Reference Count : 1]<UL><LI> startup_swm341.o(RESET)
</UL>
<P><STRONG><a name="[23]"></a>CORDIC_Handler</STRONG> (Thumb, 2 bytes, Stack size 0 bytes, startup_swm341.o(.text))
<BR><BR>[Calls]<UL><LI><a href="#[23]">&gt;&gt;</a>&nbsp;&nbsp;&nbsp;CORDIC_Handler
</UL>
<BR>[Called By]<UL><LI><a href="#[23]">&gt;&gt;</a>&nbsp;&nbsp;&nbsp;CORDIC_Handler
</UL>
<BR>[Address Reference Count : 1]<UL><LI> startup_swm341.o(RESET)
</UL>
<P><STRONG><a name="[24]"></a>BTIMR1_Handler</STRONG> (Thumb, 2 bytes, Stack size 0 bytes, startup_swm341.o(.text))
<BR><BR>[Calls]<UL><LI><a href="#[24]">&gt;&gt;</a>&nbsp;&nbsp;&nbsp;BTIMR1_Handler
</UL>
<BR>[Called By]<UL><LI><a href="#[24]">&gt;&gt;</a>&nbsp;&nbsp;&nbsp;BTIMR1_Handler
</UL>
<BR>[Address Reference Count : 1]<UL><LI> startup_swm341.o(RESET)
</UL>
<P><STRONG><a name="[25]"></a>PWM4_Handler</STRONG> (Thumb, 2 bytes, Stack size 0 bytes, startup_swm341.o(.text))
<BR><BR>[Calls]<UL><LI><a href="#[25]">&gt;&gt;</a>&nbsp;&nbsp;&nbsp;PWM4_Handler
</UL>
<BR>[Called By]<UL><LI><a href="#[25]">&gt;&gt;</a>&nbsp;&nbsp;&nbsp;PWM4_Handler
</UL>
<BR>[Address Reference Count : 1]<UL><LI> startup_swm341.o(RESET)
</UL>
<P><STRONG><a name="[26]"></a>HALL3_Handler</STRONG> (Thumb, 2 bytes, Stack size 0 bytes, startup_swm341.o(.text))
<BR><BR>[Calls]<UL><LI><a href="#[26]">&gt;&gt;</a>&nbsp;&nbsp;&nbsp;HALL3_Handler
</UL>
<BR>[Called By]<UL><LI><a href="#[26]">&gt;&gt;</a>&nbsp;&nbsp;&nbsp;HALL3_Handler
</UL>
<BR>[Address Reference Count : 1]<UL><LI> startup_swm341.o(RESET)
</UL>
<P><STRONG><a name="[27]"></a>BTIMR2_Handler</STRONG> (Thumb, 2 bytes, Stack size 0 bytes, startup_swm341.o(.text))
<BR><BR>[Calls]<UL><LI><a href="#[27]">&gt;&gt;</a>&nbsp;&nbsp;&nbsp;BTIMR2_Handler
</UL>
<BR>[Called By]<UL><LI><a href="#[27]">&gt;&gt;</a>&nbsp;&nbsp;&nbsp;BTIMR2_Handler
</UL>
<BR>[Address Reference Count : 1]<UL><LI> startup_swm341.o(RESET)
</UL>
<P><STRONG><a name="[28]"></a>I2C1_Handler</STRONG> (Thumb, 2 bytes, Stack size 0 bytes, startup_swm341.o(.text))
<BR><BR>[Calls]<UL><LI><a href="#[28]">&gt;&gt;</a>&nbsp;&nbsp;&nbsp;I2C1_Handler
</UL>
<BR>[Called By]<UL><LI><a href="#[28]">&gt;&gt;</a>&nbsp;&nbsp;&nbsp;I2C1_Handler
</UL>
<BR>[Address Reference Count : 1]<UL><LI> startup_swm341.o(RESET)
</UL>
<P><STRONG><a name="[29]"></a>BTIMR3_Handler</STRONG> (Thumb, 2 bytes, Stack size 0 bytes, startup_swm341.o(.text))
<BR><BR>[Calls]<UL><LI><a href="#[29]">&gt;&gt;</a>&nbsp;&nbsp;&nbsp;BTIMR3_Handler
</UL>
<BR>[Called By]<UL><LI><a href="#[29]">&gt;&gt;</a>&nbsp;&nbsp;&nbsp;BTIMR3_Handler
</UL>
<BR>[Address Reference Count : 1]<UL><LI> startup_swm341.o(RESET)
</UL>
<P><STRONG><a name="[2a]"></a>ACMP_Handler</STRONG> (Thumb, 2 bytes, Stack size 0 bytes, startup_swm341.o(.text))
<BR><BR>[Calls]<UL><LI><a href="#[2a]">&gt;&gt;</a>&nbsp;&nbsp;&nbsp;ACMP_Handler
</UL>
<BR>[Called By]<UL><LI><a href="#[2a]">&gt;&gt;</a>&nbsp;&nbsp;&nbsp;ACMP_Handler
</UL>
<BR>[Address Reference Count : 1]<UL><LI> startup_swm341.o(RESET)
</UL>
<P><STRONG><a name="[2b]"></a>XTALSTOP_Handler</STRONG> (Thumb, 2 bytes, Stack size 0 bytes, startup_swm341.o(.text))
<BR><BR>[Calls]<UL><LI><a href="#[2b]">&gt;&gt;</a>&nbsp;&nbsp;&nbsp;XTALSTOP_Handler
</UL>
<BR>[Called By]<UL><LI><a href="#[2b]">&gt;&gt;</a>&nbsp;&nbsp;&nbsp;XTALSTOP_Handler
</UL>
<BR>[Address Reference Count : 1]<UL><LI> startup_swm341.o(RESET)
</UL>
<P><STRONG><a name="[2c]"></a>FSPI_Handler</STRONG> (Thumb, 2 bytes, Stack size 0 bytes, startup_swm341.o(.text))
<BR><BR>[Calls]<UL><LI><a href="#[2c]">&gt;&gt;</a>&nbsp;&nbsp;&nbsp;FSPI_Handler
</UL>
<BR>[Called By]<UL><LI><a href="#[2c]">&gt;&gt;</a>&nbsp;&nbsp;&nbsp;FSPI_Handler
</UL>
<BR>[Address Reference Count : 1]<UL><LI> startup_swm341.o(RESET)
</UL>
<P><STRONG><a name="[2d]"></a>GPIOA_Handler</STRONG> (Thumb, 2 bytes, Stack size 0 bytes, startup_swm341.o(.text))
<BR><BR>[Calls]<UL><LI><a href="#[2d]">&gt;&gt;</a>&nbsp;&nbsp;&nbsp;GPIOA_Handler
</UL>
<BR>[Called By]<UL><LI><a href="#[2d]">&gt;&gt;</a>&nbsp;&nbsp;&nbsp;GPIOA_Handler
</UL>
<BR>[Address Reference Count : 1]<UL><LI> startup_swm341.o(RESET)
</UL>
<P><STRONG><a name="[2e]"></a>GPIOB_Handler</STRONG> (Thumb, 2 bytes, Stack size 0 bytes, startup_swm341.o(.text))
<BR><BR>[Calls]<UL><LI><a href="#[2e]">&gt;&gt;</a>&nbsp;&nbsp;&nbsp;GPIOB_Handler
</UL>
<BR>[Called By]<UL><LI><a href="#[2e]">&gt;&gt;</a>&nbsp;&nbsp;&nbsp;GPIOB_Handler
</UL>
<BR>[Address Reference Count : 1]<UL><LI> startup_swm341.o(RESET)
</UL>
<P><STRONG><a name="[2f]"></a>GPIOC_Handler</STRONG> (Thumb, 2 bytes, Stack size 0 bytes, startup_swm341.o(.text))
<BR><BR>[Calls]<UL><LI><a href="#[2f]">&gt;&gt;</a>&nbsp;&nbsp;&nbsp;GPIOC_Handler
</UL>
<BR>[Called By]<UL><LI><a href="#[2f]">&gt;&gt;</a>&nbsp;&nbsp;&nbsp;GPIOC_Handler
</UL>
<BR>[Address Reference Count : 1]<UL><LI> startup_swm341.o(RESET)
</UL>
<P><STRONG><a name="[31]"></a>GPIOM_Handler</STRONG> (Thumb, 2 bytes, Stack size 0 bytes, startup_swm341.o(.text))
<BR><BR>[Calls]<UL><LI><a href="#[31]">&gt;&gt;</a>&nbsp;&nbsp;&nbsp;GPIOM_Handler
</UL>
<BR>[Called By]<UL><LI><a href="#[31]">&gt;&gt;</a>&nbsp;&nbsp;&nbsp;GPIOM_Handler
</UL>
<BR>[Address Reference Count : 1]<UL><LI> startup_swm341.o(RESET)
</UL>
<P><STRONG><a name="[32]"></a>GPION_Handler</STRONG> (Thumb, 2 bytes, Stack size 0 bytes, startup_swm341.o(.text))
<BR><BR>[Calls]<UL><LI><a href="#[32]">&gt;&gt;</a>&nbsp;&nbsp;&nbsp;GPION_Handler
</UL>
<BR>[Called By]<UL><LI><a href="#[32]">&gt;&gt;</a>&nbsp;&nbsp;&nbsp;GPION_Handler
</UL>
<BR>[Address Reference Count : 1]<UL><LI> startup_swm341.o(RESET)
</UL>
<P><STRONG><a name="[33]"></a>GPIOA0_Handler</STRONG> (Thumb, 2 bytes, Stack size 0 bytes, startup_swm341.o(.text))
<BR><BR>[Calls]<UL><LI><a href="#[33]">&gt;&gt;</a>&nbsp;&nbsp;&nbsp;GPIOA0_Handler
</UL>
<BR>[Called By]<UL><LI><a href="#[33]">&gt;&gt;</a>&nbsp;&nbsp;&nbsp;GPIOA0_Handler
</UL>
<BR>[Address Reference Count : 1]<UL><LI> startup_swm341.o(RESET)
</UL>
<P><STRONG><a name="[34]"></a>GPIOA1_Handler</STRONG> (Thumb, 2 bytes, Stack size 0 bytes, startup_swm341.o(.text))
<BR><BR>[Calls]<UL><LI><a href="#[34]">&gt;&gt;</a>&nbsp;&nbsp;&nbsp;GPIOA1_Handler
</UL>
<BR>[Called By]<UL><LI><a href="#[34]">&gt;&gt;</a>&nbsp;&nbsp;&nbsp;GPIOA1_Handler
</UL>
<BR>[Address Reference Count : 1]<UL><LI> startup_swm341.o(RESET)
</UL>
<P><STRONG><a name="[35]"></a>GPIOA5_Handler</STRONG> (Thumb, 2 bytes, Stack size 0 bytes, startup_swm341.o(.text))
<BR><BR>[Calls]<UL><LI><a href="#[35]">&gt;&gt;</a>&nbsp;&nbsp;&nbsp;GPIOA5_Handler
</UL>
<BR>[Called By]<UL><LI><a href="#[35]">&gt;&gt;</a>&nbsp;&nbsp;&nbsp;GPIOA5_Handler
</UL>
<BR>[Address Reference Count : 1]<UL><LI> startup_swm341.o(RESET)
</UL>
<P><STRONG><a name="[36]"></a>GPIOA6_Handler</STRONG> (Thumb, 2 bytes, Stack size 0 bytes, startup_swm341.o(.text))
<BR><BR>[Calls]<UL><LI><a href="#[36]">&gt;&gt;</a>&nbsp;&nbsp;&nbsp;GPIOA6_Handler
</UL>
<BR>[Called By]<UL><LI><a href="#[36]">&gt;&gt;</a>&nbsp;&nbsp;&nbsp;GPIOA6_Handler
</UL>
<BR>[Address Reference Count : 1]<UL><LI> startup_swm341.o(RESET)
</UL>
<P><STRONG><a name="[37]"></a>GPIOA10_Handler</STRONG> (Thumb, 2 bytes, Stack size 0 bytes, startup_swm341.o(.text))
<BR><BR>[Calls]<UL><LI><a href="#[37]">&gt;&gt;</a>&nbsp;&nbsp;&nbsp;GPIOA10_Handler
</UL>
<BR>[Called By]<UL><LI><a href="#[37]">&gt;&gt;</a>&nbsp;&nbsp;&nbsp;GPIOA10_Handler
</UL>
<BR>[Address Reference Count : 1]<UL><LI> startup_swm341.o(RESET)
</UL>
<P><STRONG><a name="[38]"></a>GPIOA11_Handler</STRONG> (Thumb, 2 bytes, Stack size 0 bytes, startup_swm341.o(.text))
<BR><BR>[Calls]<UL><LI><a href="#[38]">&gt;&gt;</a>&nbsp;&nbsp;&nbsp;GPIOA11_Handler
</UL>
<BR>[Called By]<UL><LI><a href="#[38]">&gt;&gt;</a>&nbsp;&nbsp;&nbsp;GPIOA11_Handler
</UL>
<BR>[Address Reference Count : 1]<UL><LI> startup_swm341.o(RESET)
</UL>
<P><STRONG><a name="[39]"></a>GPIOA12_Handler</STRONG> (Thumb, 2 bytes, Stack size 0 bytes, startup_swm341.o(.text))
<BR><BR>[Calls]<UL><LI><a href="#[39]">&gt;&gt;</a>&nbsp;&nbsp;&nbsp;GPIOA12_Handler
</UL>
<BR>[Called By]<UL><LI><a href="#[39]">&gt;&gt;</a>&nbsp;&nbsp;&nbsp;GPIOA12_Handler
</UL>
<BR>[Address Reference Count : 1]<UL><LI> startup_swm341.o(RESET)
</UL>
<P><STRONG><a name="[3a]"></a>GPIOA13_Handler</STRONG> (Thumb, 2 bytes, Stack size 0 bytes, startup_swm341.o(.text))
<BR><BR>[Calls]<UL><LI><a href="#[3a]">&gt;&gt;</a>&nbsp;&nbsp;&nbsp;GPIOA13_Handler
</UL>
<BR>[Called By]<UL><LI><a href="#[3a]">&gt;&gt;</a>&nbsp;&nbsp;&nbsp;GPIOA13_Handler
</UL>
<BR>[Address Reference Count : 1]<UL><LI> startup_swm341.o(RESET)
</UL>
<P><STRONG><a name="[3b]"></a>GPIOB0_Handler</STRONG> (Thumb, 2 bytes, Stack size 0 bytes, startup_swm341.o(.text))
<BR><BR>[Calls]<UL><LI><a href="#[3b]">&gt;&gt;</a>&nbsp;&nbsp;&nbsp;GPIOB0_Handler
</UL>
<BR>[Called By]<UL><LI><a href="#[3b]">&gt;&gt;</a>&nbsp;&nbsp;&nbsp;GPIOB0_Handler
</UL>
<BR>[Address Reference Count : 1]<UL><LI> startup_swm341.o(RESET)
</UL>
<P><STRONG><a name="[3c]"></a>GPIOB1_Handler</STRONG> (Thumb, 2 bytes, Stack size 0 bytes, startup_swm341.o(.text))
<BR><BR>[Calls]<UL><LI><a href="#[3c]">&gt;&gt;</a>&nbsp;&nbsp;&nbsp;GPIOB1_Handler
</UL>
<BR>[Called By]<UL><LI><a href="#[3c]">&gt;&gt;</a>&nbsp;&nbsp;&nbsp;GPIOB1_Handler
</UL>
<BR>[Address Reference Count : 1]<UL><LI> startup_swm341.o(RESET)
</UL>
<P><STRONG><a name="[3d]"></a>GPIOB2_Handler</STRONG> (Thumb, 2 bytes, Stack size 0 bytes, startup_swm341.o(.text))
<BR><BR>[Calls]<UL><LI><a href="#[3d]">&gt;&gt;</a>&nbsp;&nbsp;&nbsp;GPIOB2_Handler
</UL>
<BR>[Called By]<UL><LI><a href="#[3d]">&gt;&gt;</a>&nbsp;&nbsp;&nbsp;GPIOB2_Handler
</UL>
<BR>[Address Reference Count : 1]<UL><LI> startup_swm341.o(RESET)
</UL>
<P><STRONG><a name="[3e]"></a>GPIOC0_Handler</STRONG> (Thumb, 2 bytes, Stack size 0 bytes, startup_swm341.o(.text))
<BR><BR>[Calls]<UL><LI><a href="#[3e]">&gt;&gt;</a>&nbsp;&nbsp;&nbsp;GPIOC0_Handler
</UL>
<BR>[Called By]<UL><LI><a href="#[3e]">&gt;&gt;</a>&nbsp;&nbsp;&nbsp;GPIOC0_Handler
</UL>
<BR>[Address Reference Count : 1]<UL><LI> startup_swm341.o(RESET)
</UL>
<P><STRONG><a name="[3f]"></a>GPIOC1_Handler</STRONG> (Thumb, 2 bytes, Stack size 0 bytes, startup_swm341.o(.text))
<BR><BR>[Calls]<UL><LI><a href="#[3f]">&gt;&gt;</a>&nbsp;&nbsp;&nbsp;GPIOC1_Handler
</UL>
<BR>[Called By]<UL><LI><a href="#[3f]">&gt;&gt;</a>&nbsp;&nbsp;&nbsp;GPIOC1_Handler
</UL>
<BR>[Address Reference Count : 1]<UL><LI> startup_swm341.o(RESET)
</UL>
<P><STRONG><a name="[40]"></a>GPIOC2_Handler</STRONG> (Thumb, 2 bytes, Stack size 0 bytes, startup_swm341.o(.text))
<BR><BR>[Calls]<UL><LI><a href="#[40]">&gt;&gt;</a>&nbsp;&nbsp;&nbsp;GPIOC2_Handler
</UL>
<BR>[Called By]<UL><LI><a href="#[40]">&gt;&gt;</a>&nbsp;&nbsp;&nbsp;GPIOC2_Handler
</UL>
<BR>[Address Reference Count : 1]<UL><LI> startup_swm341.o(RESET)
</UL>
<P><STRONG><a name="[41]"></a>GPIOC3_Handler</STRONG> (Thumb, 2 bytes, Stack size 0 bytes, startup_swm341.o(.text))
<BR><BR>[Calls]<UL><LI><a href="#[41]">&gt;&gt;</a>&nbsp;&nbsp;&nbsp;GPIOC3_Handler
</UL>
<BR>[Called By]<UL><LI><a href="#[41]">&gt;&gt;</a>&nbsp;&nbsp;&nbsp;GPIOC3_Handler
</UL>
<BR>[Address Reference Count : 1]<UL><LI> startup_swm341.o(RESET)
</UL>
<P><STRONG><a name="[42]"></a>GPIOC4_Handler</STRONG> (Thumb, 2 bytes, Stack size 0 bytes, startup_swm341.o(.text))
<BR><BR>[Calls]<UL><LI><a href="#[42]">&gt;&gt;</a>&nbsp;&nbsp;&nbsp;GPIOC4_Handler
</UL>
<BR>[Called By]<UL><LI><a href="#[42]">&gt;&gt;</a>&nbsp;&nbsp;&nbsp;GPIOC4_Handler
</UL>
<BR>[Address Reference Count : 1]<UL><LI> startup_swm341.o(RESET)
</UL>
<P><STRONG><a name="[43]"></a>GPIOD3_Handler</STRONG> (Thumb, 2 bytes, Stack size 0 bytes, startup_swm341.o(.text))
<BR><BR>[Calls]<UL><LI><a href="#[43]">&gt;&gt;</a>&nbsp;&nbsp;&nbsp;GPIOD3_Handler
</UL>
<BR>[Called By]<UL><LI><a href="#[43]">&gt;&gt;</a>&nbsp;&nbsp;&nbsp;GPIOD3_Handler
</UL>
<BR>[Address Reference Count : 1]<UL><LI> startup_swm341.o(RESET)
</UL>
[...]
</UL>
<BR>[Calls]<UL><LI><a href="#[28b]">&gt;&gt;</a>&nbsp;&nbsp;&nbsp;gt_anim_del_by
<LI><a href="#[165]">&gt;&gt;</a>&nbsp;&nbsp;&nbsp;_mem_free
</UL>
<BR>[Address Reference Count : 1]<UL><LI> gt_label.o(.rodata.gt_label_class)
</UL>
<P><STRONG><a name="[c4]"></a>_event_cb</STRONG> (Thumb, 46 bytes, Stack size 8 bytes, gt_label.o(.text))
<BR><BR>[Stack]<UL><LI>Max Depth = 112<LI>Call Chain = _event_cb &rArr; gt_disp_invalid_area &rArr; _gt_disp_refr_append_area &rArr; gt_area_join
</UL>
<BR>[Calls]<UL><LI><a href="#[141]">&gt;&gt;</a>&nbsp;&nbsp;&nbsp;gt_disp_invalid_area
<LI><a href="#[188]">&gt;&gt;</a>&nbsp;&nbsp;&nbsp;gt_event_send
<LI><a href="#[29c]">&gt;&gt;</a>&nbsp;&nbsp;&nbsp;gt_event_get_code
</UL>
<BR>[Address Reference Count : 1]<UL><LI> gt_label.o(.rodata.gt_label_class)
</UL>
<P><STRONG><a name="[c2]"></a>_init_cb</STRONG> (Thumb, 368 bytes, Stack size 96 bytes, gt_label.o(.text))
<BR><BR>[Stack]<UL><LI>Max Depth = 712<LI>Call Chain = _init_cb &rArr; draw_text &rArr; gt_font_split &rArr; _mem_malloc &rArr; gt_tlsf_malloc &rArr; block_prepare_used
</UL>
<BR>[Calls]<UL><LI><a href="#[15f]">&gt;&gt;</a>&nbsp;&nbsp;&nbsp;gt_obj_get_reduce
<LI><a href="#[16a]">&gt;&gt;</a>&nbsp;&nbsp;&nbsp;draw_text
<LI><a href="#[180]">&gt;&gt;</a>&nbsp;&nbsp;&nbsp;draw_focus
<LI><a href="#[18f]">&gt;&gt;</a>&nbsp;&nbsp;&nbsp;strlen
</UL>
<BR>[Address Reference Count : 1]<UL><LI> gt_label.o(.rodata.gt_label_class)
</UL>
<P><STRONG><a name="[309]"></a>_find_obj_recursive_by_id</STRONG> (Thumb, 58 bytes, Stack size 16 bytes, gt_obj.o(.text), UNUSED)
<BR><BR>[Calls]<UL><LI><a href="#[309]">&gt;&gt;</a>&nbsp;&nbsp;&nbsp;_find_obj_recursive_by_id
</UL>
<BR>[Called By]<UL><LI><a href="#[18d]">&gt;&gt;</a>&nbsp;&nbsp;&nbsp;gt_obj_find_by_id
<LI><a href="#[309]">&gt;&gt;</a>&nbsp;&nbsp;&nbsp;_find_obj_recursive_by_id
</UL>

<P><STRONG><a name="[c5]"></a>_init_cb</STRONG> (Thumb, 354 bytes, Stack size 64 bytes, gt_obj.o(.text))
<BR><BR>[Stack]<UL><LI>Max Depth = 368<LI>Call Chain = _init_cb &rArr; draw_bg &rArr; gt_draw_blend &rArr; gt_draw_blend_with_rgb565_opacity
</UL>
<BR>[Calls]<UL><LI><a href="#[15f]">&gt;&gt;</a>&nbsp;&nbsp;&nbsp;gt_obj_get_reduce
<LI><a href="#[207]">&gt;&gt;</a>&nbsp;&nbsp;&nbsp;gt_obj_get_state
<LI><a href="#[20c]">&gt;&gt;</a>&nbsp;&nbsp;&nbsp;gt_obj_get_septal_line
<LI><a href="#[20e]">&gt;&gt;</a>&nbsp;&nbsp;&nbsp;gt_obj_get_mask_effect
<LI><a href="#[181]">&gt;&gt;</a>&nbsp;&nbsp;&nbsp;gt_graph_init_rect_attr
<LI><a href="#[164]">&gt;&gt;</a>&nbsp;&nbsp;&nbsp;draw_bg
<LI><a href="#[2a3]">&gt;&gt;</a>&nbsp;&nbsp;&nbsp;gt_obj_is_type
</UL>
<BR>[Address Reference Count : 1]<UL><LI> gt_obj.o(.rodata.gt_obj_class)
</UL>
<P><STRONG><a name="[c6]"></a>_obj_event_cb</STRONG> (Thumb, 220 bytes, Stack size 8 bytes, gt_obj.o(.text))
<BR><BR>[Stack]<UL><LI>Max Depth = 112<LI>Call Chain = _obj_event_cb &rArr; gt_disp_invalid_area &rArr; _gt_disp_refr_append_area &rArr; gt_area_join
</UL>
<BR>[Calls]<UL><LI><a href="#[141]">&gt;&gt;</a>&nbsp;&nbsp;&nbsp;gt_disp_invalid_area
<LI><a href="#[206]">&gt;&gt;</a>&nbsp;&nbsp;&nbsp;gt_obj_set_state
<LI><a href="#[211]">&gt;&gt;</a>&nbsp;&nbsp;&nbsp;gt_obj_get_trigger_mode
<LI><a href="#[207]">&gt;&gt;</a>&nbsp;&nbsp;&nbsp;gt_obj_get_state
<LI><a href="#[20e]">&gt;&gt;</a>&nbsp;&nbsp;&nbsp;gt_obj_get_mask_effect
<LI><a href="#[188]">&gt;&gt;</a>&nbsp;&nbsp;&nbsp;gt_event_send
<LI><a href="#[29c]">&gt;&gt;</a>&nbsp;&nbsp;&nbsp;gt_event_get_code
</UL>
<BR>[Address Reference Count : 1]<UL><LI> gt_obj.o(.rodata.gt_obj_class)
</UL>
<P><STRONG><a name="[cb]"></a>_screen_event_cb</STRONG> (Thumb, 328 bytes, Stack size 16 bytes, gt_obj.o(.text))
<BR><BR>[Stack]<UL><LI>Max Depth = 224<LI>Call Chain = _screen_event_cb &rArr; gt_obj_scroll_to_y &rArr; gt_obj_scroll_to &rArr; gt_anim_start &rArr; _gt_timer_set_paused &rArr; __2printf
</UL>
<BR>[Calls]<UL><LI><a href="#[15c]">&gt;&gt;</a>&nbsp;&nbsp;&nbsp;gt_disp_scroll_area_act
<LI><a href="#[147]">&gt;&gt;</a>&nbsp;&nbsp;&nbsp;gt_disp_get_res_ver
<LI><a href="#[146]">&gt;&gt;</a>&nbsp;&nbsp;&nbsp;gt_disp_get_res_hor
<LI><a href="#[15b]">&gt;&gt;</a>&nbsp;&nbsp;&nbsp;gt_disp_get_area_max
<LI><a href="#[15a]">&gt;&gt;</a>&nbsp;&nbsp;&nbsp;gt_disp_get_area_act
<LI><a href="#[1d5]">&gt;&gt;</a>&nbsp;&nbsp;&nbsp;gt_obj_scroll_to_y
<LI><a href="#[1d4]">&gt;&gt;</a>&nbsp;&nbsp;&nbsp;gt_obj_scroll_to_x
<LI><a href="#[188]">&gt;&gt;</a>&nbsp;&nbsp;&nbsp;gt_event_send
<LI><a href="#[29c]">&gt;&gt;</a>&nbsp;&nbsp;&nbsp;gt_event_get_code
<LI><a href="#[2a3]">&gt;&gt;</a>&nbsp;&nbsp;&nbsp;gt_obj_is_type
</UL>
<BR>[Address Reference Count : 1]<UL><LI> gt_obj.o(.rodata.gt_screen_class)
</UL>
<P><STRONG><a name="[310]"></a>_destroy_and_free_children</STRONG> (Thumb, 310 bytes, Stack size 24 bytes, gt_obj_class.o(.text))
<BR><BR>[Stack]<UL><LI>Max Depth = 120 + In Cycle
<LI>Call Chain = _destroy_and_free_children &rArr;  _destroy_and_free_children (Cycle)
</UL>
<BR>[Calls]<UL><LI><a href="#[1b2]">&gt;&gt;</a>&nbsp;&nbsp;&nbsp;_gt_indev_remove_want_delate_target
<LI><a href="#[188]">&gt;&gt;</a>&nbsp;&nbsp;&nbsp;gt_event_send
<LI><a href="#[165]">&gt;&gt;</a>&nbsp;&nbsp;&nbsp;_mem_free
<LI><a href="#[310]">&gt;&gt;</a>&nbsp;&nbsp;&nbsp;_destroy_and_free_children
</UL>
<BR>[Called By]<UL><LI><a href="#[13c]">&gt;&gt;</a>&nbsp;&nbsp;&nbsp;_gt_obj_class_destroy
<LI><a href="#[310]">&gt;&gt;</a>&nbsp;&nbsp;&nbsp;_destroy_and_free_children
</UL>

<P><STRONG><a name="[a1]"></a>_auto_play_callback</STRONG> (Thumb, 132 bytes, Stack size 16 bytes, gt_player.o(.text))
<BR><BR>[Stack]<UL><LI>Max Depth = 152<LI>Call Chain = _auto_play_callback &rArr; _turn_prev_item &rArr; _turn_next_item &rArr;  _turn_prev_item (Cycle)
</UL>
<BR>[Calls]<UL><LI><a href="#[141]">&gt;&gt;</a>&nbsp;&nbsp;&nbsp;gt_disp_invalid_area
<LI><a href="#[288]">&gt;&gt;</a>&nbsp;&nbsp;&nbsp;gt_tick_elapse
<LI><a href="#[224]">&gt;&gt;</a>&nbsp;&nbsp;&nbsp;_gt_timer_get_user_data
<LI><a href="#[222]">&gt;&gt;</a>&nbsp;&nbsp;&nbsp;_gt_timer_get_period
<LI><a href="#[1a8]">&gt;&gt;</a>&nbsp;&nbsp;&nbsp;gt_tick_get
<LI><a href="#[313]">&gt;&gt;</a>&nbsp;&nbsp;&nbsp;_turn_prev_item
<LI><a href="#[314]">&gt;&gt;</a>&nbsp;&nbsp;&nbsp;_turn_next_item
<LI><a href="#[2a3]">&gt;&gt;</a>&nbsp;&nbsp;&nbsp;gt_obj_is_type
</UL>
<BR>[Address Reference Count : 1]<UL><LI> gt_player.o(.text)
</UL>
<P><STRONG><a name="[c8]"></a>_deinit_cb</STRONG> (Thumb, 170 bytes, Stack size 32 bytes, gt_player.o(.text))
<BR><BR>[Stack]<UL><LI>Max Depth = 72<LI>Call Chain = _deinit_cb &rArr; _gt_timer_del &rArr; __2printf
</UL>
<BR>[Calls]<UL><LI><a href="#[21c]">&gt;&gt;</a>&nbsp;&nbsp;&nbsp;_gt_timer_del
<LI><a href="#[167]">&gt;&gt;</a>&nbsp;&nbsp;&nbsp;gt_memset
<LI><a href="#[165]">&gt;&gt;</a>&nbsp;&nbsp;&nbsp;_mem_free
</UL>
<BR>[Address Reference Count : 1]<UL><LI> gt_player.o(.rodata.gt_player_class)
</UL>
<P><STRONG><a name="[c9]"></a>_event_cb</STRONG> (Thumb, 28 bytes, Stack size 8 bytes, gt_player.o(.text))
<BR><BR>[Stack]<UL><LI>Max Depth = 112<LI>Call Chain = _event_cb &rArr; gt_disp_invalid_area &rArr; _gt_disp_refr_append_area &rArr; gt_area_join
</UL>
<BR>[Calls]<UL><LI><a href="#[141]">&gt;&gt;</a>&nbsp;&nbsp;&nbsp;gt_disp_invalid_area
<LI><a href="#[29c]">&gt;&gt;</a>&nbsp;&nbsp;&nbsp;gt_event_get_code
</UL>
<BR>[Address Reference Count : 1]<UL><LI> gt_player.o(.rodata.gt_player_class)
</UL>
<P><STRONG><a name="[c7]"></a>_init_cb</STRONG> (Thumb, 100 bytes, Stack size 48 bytes, gt_player.o(.text))
<BR><BR>[Stack]<UL><LI>Max Depth = 408<LI>Call Chain = _init_cb &rArr; draw_focus &rArr; draw_bg &rArr; gt_draw_blend &rArr; gt_draw_blend_with_rgb565_opacity
</UL>
<BR>[Calls]<UL><LI><a href="#[180]">&gt;&gt;</a>&nbsp;&nbsp;&nbsp;draw_focus
<LI><a href="#[179]">&gt;&gt;</a>&nbsp;&nbsp;&nbsp;draw_bg_img
</UL>
<BR>[Address Reference Count : 1]<UL><LI> gt_player.o(.rodata.gt_player_class)
</UL>
<P><STRONG><a name="[319]"></a>_remove_item</STRONG> (Thumb, 212 bytes, Stack size 24 bytes, gt_player.o(.text), UNUSED)
<BR><BR>[Calls]<UL><LI><a href="#[153]">&gt;&gt;</a>&nbsp;&nbsp;&nbsp;gt_memmove
<LI><a href="#[135]">&gt;&gt;</a>&nbsp;&nbsp;&nbsp;_mem_realloc
<LI><a href="#[21d]">&gt;&gt;</a>&nbsp;&nbsp;&nbsp;_gt_timer_set_paused
<LI><a href="#[223]">&gt;&gt;</a>&nbsp;&nbsp;&nbsp;_gt_timer_get_paused
<LI><a href="#[1a8]">&gt;&gt;</a>&nbsp;&nbsp;&nbsp;gt_tick_get
<LI><a href="#[188]">&gt;&gt;</a>&nbsp;&nbsp;&nbsp;gt_event_send
<LI><a href="#[165]">&gt;&gt;</a>&nbsp;&nbsp;&nbsp;_mem_free
</UL>
<BR>[Called By]<UL><LI><a href="#[31b]">&gt;&gt;</a>&nbsp;&nbsp;&nbsp;gt_player_remove_item_by_index
<LI><a href="#[318]">&gt;&gt;</a>&nbsp;&nbsp;&nbsp;gt_player_remove_item
</UL>

<P><STRONG><a name="[314]"></a>_turn_next_item</STRONG> (Thumb, 290 bytes, Stack size 16 bytes, gt_player.o(.text))
<BR><BR>[Stack]<UL><LI>Max Depth = 120 + In Cycle
<LI>Call Chain = _turn_next_item &rArr;  _turn_prev_item (Cycle)
</UL>
<BR>[Calls]<UL><LI><a href="#[141]">&gt;&gt;</a>&nbsp;&nbsp;&nbsp;gt_disp_invalid_area
<LI><a href="#[21d]">&gt;&gt;</a>&nbsp;&nbsp;&nbsp;_gt_timer_set_paused
<LI><a href="#[21c]">&gt;&gt;</a>&nbsp;&nbsp;&nbsp;_gt_timer_del
<LI><a href="#[195]">&gt;&gt;</a>&nbsp;&nbsp;&nbsp;gt_fs_read_img_wh
<LI><a href="#[313]">&gt;&gt;</a>&nbsp;&nbsp;&nbsp;_turn_prev_item
</UL>
<BR>[Called By]<UL><LI><a href="#[326]">&gt;&gt;</a>&nbsp;&nbsp;&nbsp;gt_player_turn_next
<LI><a href="#[313]">&gt;&gt;</a>&nbsp;&nbsp;&nbsp;_turn_prev_item
<LI><a href="#[a1]">&gt;&gt;</a>&nbsp;&nbsp;&nbsp;_auto_play_callback
</UL>

<P><STRONG><a name="[313]"></a>_turn_prev_item</STRONG> (Thumb, 286 bytes, Stack size 16 bytes, gt_player.o(.text))
<BR><BR>[Stack]<UL><LI>Max Depth = 136<LI>Call Chain = _turn_prev_item &rArr; _turn_next_item &rArr;  _turn_prev_item (Cycle)
</UL>
<BR>[Calls]<UL><LI><a href="#[141]">&gt;&gt;</a>&nbsp;&nbsp;&nbsp;gt_disp_invalid_area
<LI><a href="#[21d]">&gt;&gt;</a>&nbsp;&nbsp;&nbsp;_gt_timer_set_paused
<LI><a href="#[21c]">&gt;&gt;</a>&nbsp;&nbsp;&nbsp;_gt_timer_del
<LI><a href="#[195]">&gt;&gt;</a>&nbsp;&nbsp;&nbsp;gt_fs_read_img_wh
<LI><a href="#[314]">&gt;&gt;</a>&nbsp;&nbsp;&nbsp;_turn_next_item
</UL>
<BR>[Called By]<UL><LI><a href="#[325]">&gt;&gt;</a>&nbsp;&nbsp;&nbsp;gt_player_turn_prev
<LI><a href="#[314]">&gt;&gt;</a>&nbsp;&nbsp;&nbsp;_turn_next_item
<LI><a href="#[a1]">&gt;&gt;</a>&nbsp;&nbsp;&nbsp;_auto_play_callback
</UL>

<P><STRONG><a name="[aa]"></a>imgbtn10_0_cb</STRONG> (Thumb, 14 bytes, Stack size 0 bytes, gt_init_screen_home.o(.text))
<BR><BR>[Stack]<UL><LI>Max Depth = 128<LI>Call Chain = imgbtn10_0_cb &rArr; gt_player_turn_next &rArr; _turn_next_item &rArr;  _turn_prev_item (Cycle)
</UL>
<BR>[Calls]<UL><LI><a href="#[326]">&gt;&gt;</a>&nbsp;&nbsp;&nbsp;gt_player_turn_next
</UL>
<BR>[Address Reference Count : 1]<UL><LI> gt_init_screen_home.o(.text)
</UL>
<P><STRONG><a name="[ab]"></a>imgbtn11_0_cb</STRONG> (Thumb, 14 bytes, Stack size 0 bytes, gt_init_screen_home.o(.text))
<BR><BR>[Stack]<UL><LI>Max Depth = 128<LI>Call Chain = imgbtn11_0_cb &rArr; gt_player_turn_next &rArr; _turn_next_item &rArr;  _turn_prev_item (Cycle)
</UL>
<BR>[Calls]<UL><LI><a href="#[326]">&gt;&gt;</a>&nbsp;&nbsp;&nbsp;gt_player_turn_next
</UL>
<BR>[Address Reference Count : 1]<UL><LI> gt_init_screen_home.o(.text)
</UL>
<P><STRONG><a name="[ac]"></a>imgbtn12_0_cb</STRONG> (Thumb, 14 bytes, Stack size 0 bytes, gt_init_screen_home.o(.text))
<BR><BR>[Stack]<UL><LI>Max Depth = 144<LI>Call Chain = imgbtn12_0_cb &rArr; gt_player_turn_prev &rArr; _turn_prev_item &rArr; _turn_next_item &rArr;  _turn_prev_item (Cycle)
</UL>
<BR>[Calls]<UL><LI><a href="#[325]">&gt;&gt;</a>&nbsp;&nbsp;&nbsp;gt_player_turn_prev
</UL>
<BR>[Address Reference Count : 1]<UL><LI> gt_init_screen_home.o(.text)
</UL>
<P><STRONG><a name="[ad]"></a>imgbtn13_0_cb</STRONG> (Thumb, 14 bytes, Stack size 0 bytes, gt_init_screen_home.o(.text))
<BR><BR>[Stack]<UL><LI>Max Depth = 128<LI>Call Chain = imgbtn13_0_cb &rArr; gt_player_turn_next &rArr; _turn_next_item &rArr;  _turn_prev_item (Cycle)
</UL>
<BR>[Calls]<UL><LI><a href="#[326]">&gt;&gt;</a>&nbsp;&nbsp;&nbsp;gt_player_turn_next
</UL>
<BR>[Address Reference Count : 1]<UL><LI> gt_init_screen_home.o(.text)
</UL>
<P><STRONG><a name="[a2]"></a>imgbtn1_0_cb</STRONG> (Thumb, 14 bytes, Stack size 0 bytes, gt_init_screen_home.o(.text))
<BR><BR>[Stack]<UL><LI>Max Depth = 128<LI>Call Chain = imgbtn1_0_cb &rArr; gt_player_turn_next &rArr; _turn_next_item &rArr;  _turn_prev_item (Cycle)
</UL>
<BR>[Calls]<UL><LI><a href="#[326]">&gt;&gt;</a>&nbsp;&nbsp;&nbsp;gt_player_turn_next
</UL>
<BR>[Address Reference Count : 1]<UL><LI> gt_init_screen_home.o(.text)
</UL>
<P><STRONG><a name="[a3]"></a>imgbtn1_1_cb</STRONG> (Thumb, 14 bytes, Stack size 0 bytes, gt_init_screen_home.o(.text))
<BR><BR>[Stack]<UL><LI>Max Depth = 128<LI>Call Chain = imgbtn1_1_cb &rArr; gt_player_turn_next &rArr; _turn_next_item &rArr;  _turn_prev_item (Cycle)
</UL>
<BR>[Calls]<UL><LI><a href="#[326]">&gt;&gt;</a>&nbsp;&nbsp;&nbsp;gt_player_turn_next
</UL>
<BR>[Address Reference Count : 1]<UL><LI> gt_init_screen_home.o(.text)
</UL>
<P><STRONG><a name="[a4]"></a>imgbtn2_0_cb</STRONG> (Thumb, 14 bytes, Stack size 0 bytes, gt_init_screen_home.o(.text))
<BR><BR>[Stack]<UL><LI>Max Depth = 128<LI>Call Chain = imgbtn2_0_cb &rArr; gt_player_turn_next &rArr; _turn_next_item &rArr;  _turn_prev_item (Cycle)
</UL>
<BR>[Calls]<UL><LI><a href="#[326]">&gt;&gt;</a>&nbsp;&nbsp;&nbsp;gt_player_turn_next
</UL>
<BR>[Address Reference Count : 1]<UL><LI> gt_init_screen_home.o(.text)
</UL>
<P><STRONG><a name="[a5]"></a>imgbtn2_1_cb</STRONG> (Thumb, 14 bytes, Stack size 0 bytes, gt_init_screen_home.o(.text))
<BR><BR>[Stack]<UL><LI>Max Depth = 128<LI>Call Chain = imgbtn2_1_cb &rArr; gt_player_turn_next &rArr; _turn_next_item &rArr;  _turn_prev_item (Cycle)
</UL>
<BR>[Calls]<UL><LI><a href="#[326]">&gt;&gt;</a>&nbsp;&nbsp;&nbsp;gt_player_turn_next
</UL>
<BR>[Address Reference Count : 1]<UL><LI> gt_init_screen_home.o(.text)
</UL>
<P><STRONG><a name="[a6]"></a>imgbtn5_0_cb</STRONG> (Thumb, 14 bytes, Stack size 0 bytes, gt_init_screen_home.o(.text))
<BR><BR>[Stack]<UL><LI>Max Depth = 144<LI>Call Chain = imgbtn5_0_cb &rArr; gt_player_turn_prev &rArr; _turn_prev_item &rArr; _turn_next_item &rArr;  _turn_prev_item (Cycle)
</UL>
<BR>[Calls]<UL><LI><a href="#[325]">&gt;&gt;</a>&nbsp;&nbsp;&nbsp;gt_player_turn_prev
</UL>
<BR>[Address Reference Count : 1]<UL><LI> gt_init_screen_home.o(.text)
</UL>
<P><STRONG><a name="[a7]"></a>imgbtn5_1_cb</STRONG> (Thumb, 14 bytes, Stack size 0 bytes, gt_init_screen_home.o(.text))
<BR><BR>[Stack]<UL><LI>Max Depth = 144<LI>Call Chain = imgbtn5_1_cb &rArr; gt_player_turn_prev &rArr; _turn_prev_item &rArr; _turn_next_item &rArr;  _turn_prev_item (Cycle)
</UL>
<BR>[Calls]<UL><LI><a href="#[325]">&gt;&gt;</a>&nbsp;&nbsp;&nbsp;gt_player_turn_prev
</UL>
<BR>[Address Reference Count : 1]<UL><LI> gt_init_screen_home.o(.text)
</UL>
<P><STRONG><a name="[a8]"></a>imgbtn6_0_cb</STRONG> (Thumb, 14 bytes, Stack size 0 bytes, gt_init_screen_home.o(.text))
<BR><BR>[Stack]<UL><LI>Max Depth = 144<LI>Call Chain = imgbtn6_0_cb &rArr; gt_player_turn_prev &rArr; _turn_prev_item &rArr; _turn_next_item &rArr;  _turn_prev_item (Cycle)
</UL>
<BR>[Calls]<UL><LI><a href="#[325]">&gt;&gt;</a>&nbsp;&nbsp;&nbsp;gt_player_turn_prev
</UL>
<BR>[Address Reference Count : 1]<UL><LI> gt_init_screen_home.o(.text)
</UL>
<P><STRONG><a name="[a9]"></a>imgbtn6_1_cb</STRONG> (Thumb, 14 bytes, Stack size 0 bytes, gt_init_screen_home.o(.text))
<BR><BR>[Stack]<UL><LI>Max Depth = 144<LI>Call Chain = imgbtn6_1_cb &rArr; gt_player_turn_prev &rArr; _turn_prev_item &rArr; _turn_next_item &rArr;  _turn_prev_item (Cycle)
</UL>
<BR>[Calls]<UL><LI><a href="#[325]">&gt;&gt;</a>&nbsp;&nbsp;&nbsp;gt_player_turn_prev
</UL>
<BR>[Address Reference Count : 1]<UL><LI> gt_init_screen_home.o(.text)
</UL>
<P><STRONG><a name="[335]"></a>GB2312Offset</STRONG> (Thumb, 88 bytes, Stack size 0 bytes, gt_gui_driver.o(.text))
<BR><BR>[Called By]<UL><LI><a href="#[bb]">&gt;&gt;</a>&nbsp;&nbsp;&nbsp;GT_GetChinese
</UL>

<P><STRONG><a name="[336]"></a>MD5Decode</STRONG> (Thumb, 24 bytes, Stack size 0 bytes, gt_gui_driver.o(.text))
<BR><BR>[Called By]<UL><LI><a href="#[332]">&gt;&gt;</a>&nbsp;&nbsp;&nbsp;MD5Transform
</UL>

<P><STRONG><a name="[333]"></a>MD5Encode</STRONG> (Thumb, 58 bytes, Stack size 16 bytes, gt_gui_driver.o(.text))
<BR><BR>[Stack]<UL><LI>Max Depth = 16<LI>Call Chain = MD5Encode
</UL>
<BR>[Called By]<UL><LI><a href="#[331]">&gt;&gt;</a>&nbsp;&nbsp;&nbsp;MD5Final
</UL>

<P><STRONG><a name="[331]"></a>MD5Final</STRONG> (Thumb, 84 bytes, Stack size 32 bytes, gt_gui_driver.o(.text))
<BR><BR>[Stack]<UL><LI>Max Depth = 424<LI>Call Chain = MD5Final &rArr; MD5Update &rArr; MD5Transform
</UL>
<BR>[Calls]<UL><LI><a href="#[330]">&gt;&gt;</a>&nbsp;&nbsp;&nbsp;MD5Update
<LI><a href="#[333]">&gt;&gt;</a>&nbsp;&nbsp;&nbsp;MD5Encode
</UL>
<BR>[Called By]<UL><LI><a href="#[e0]">&gt;&gt;</a>&nbsp;&nbsp;&nbsp;GT_Font_Init
</UL>

<P><STRONG><a name="[32f]"></a>MD5Init</STRONG> (Thumb, 48 bytes, Stack size 0 bytes, gt_gui_driver.o(.text))
<BR><BR>[Called By]<UL><LI><a href="#[e0]">&gt;&gt;</a>&nbsp;&nbsp;&nbsp;GT_Font_Init
</UL>

<P><STRONG><a name="[332]"></a>MD5Transform</STRONG> (Thumb, 1876 bytes, Stack size 360 bytes, gt_gui_driver.o(.text))
<BR><BR>[Stack]<UL><LI>Max Depth = 360<LI>Call Chain = MD5Transform
</UL>
<BR>[Calls]<UL><LI><a href="#[336]">&gt;&gt;</a>&nbsp;&nbsp;&nbsp;MD5Decode
</UL>
<BR>[Called By]<UL><LI><a href="#[330]">&gt;&gt;</a>&nbsp;&nbsp;&nbsp;MD5Update
</UL>

<P><STRONG><a name="[330]"></a>MD5Update</STRONG> (Thumb, 146 bytes, Stack size 32 bytes, gt_gui_driver.o(.text))
<BR><BR>[Stack]<UL><LI>Max Depth = 392<LI>Call Chain = MD5Update &rArr; MD5Transform
</UL>
<BR>[Calls]<UL><LI><a href="#[d1]">&gt;&gt;</a>&nbsp;&nbsp;&nbsp;__aeabi_memcpy
<LI><a href="#[332]">&gt;&gt;</a>&nbsp;&nbsp;&nbsp;MD5Transform
</UL>
<BR>[Called By]<UL><LI><a href="#[e0]">&gt;&gt;</a>&nbsp;&nbsp;&nbsp;GT_Font_Init
<LI><a href="#[331]">&gt;&gt;</a>&nbsp;&nbsp;&nbsp;MD5Final
</UL>

<P><STRONG><a name="[348]"></a>_fp_digits</STRONG> (Thumb, 366 bytes, Stack size 64 bytes, printfa.o(i._fp_digits), UNUSED)
<BR><BR>[Calls]<UL><LI><a href="#[28f]">&gt;&gt;</a>&nbsp;&nbsp;&nbsp;__aeabi_dmul
<LI><a href="#[323]">&gt;&gt;</a>&nbsp;&nbsp;&nbsp;__aeabi_ddiv
<LI><a href="#[339]">&gt;&gt;</a>&nbsp;&nbsp;&nbsp;__aeabi_dadd
<LI><a href="#[349]">&gt;&gt;</a>&nbsp;&nbsp;&nbsp;__aeabi_cdrcmple
<LI><a href="#[341]">&gt;&gt;</a>&nbsp;&nbsp;&nbsp;__aeabi_uldivmod
<LI><a href="#[343]">&gt;&gt;</a>&nbsp;&nbsp;&nbsp;__aeabi_d2ulz
</UL>
<BR>[Called By]<UL><LI><a href="#[346]">&gt;&gt;</a>&nbsp;&nbsp;&nbsp;_printf_core
</UL>

<P><STRONG><a name="[346]"></a>_printf_core</STRONG> (Thumb, 1744 bytes, Stack size 136 bytes, printfa.o(i._printf_core), UNUSED)
<BR><BR>[Calls]<UL><LI><a href="#[341]">&gt;&gt;</a>&nbsp;&nbsp;&nbsp;__aeabi_uldivmod
<LI><a href="#[34c]">&gt;&gt;</a>&nbsp;&nbsp;&nbsp;__aeabi_uidivmod
<LI><a href="#[34a]">&gt;&gt;</a>&nbsp;&nbsp;&nbsp;_printf_pre_padding
<LI><a href="#[34b]">&gt;&gt;</a>&nbsp;&nbsp;&nbsp;_printf_post_padding
<LI><a href="#[348]">&gt;&gt;</a>&nbsp;&nbsp;&nbsp;_fp_digits
</UL>
<BR>[Called By]<UL><LI><a href="#[347]">&gt;&gt;</a>&nbsp;&nbsp;&nbsp;__0vsnprintf
<LI><a href="#[345]">&gt;&gt;</a>&nbsp;&nbsp;&nbsp;__0printf
</UL>

<P><STRONG><a name="[34b]"></a>_printf_post_padding</STRONG> (Thumb, 36 bytes, Stack size 24 bytes, printfa.o(i._printf_post_padding), UNUSED)
<BR><BR>[Called By]<UL><LI><a href="#[346]">&gt;&gt;</a>&nbsp;&nbsp;&nbsp;_printf_core
</UL>

<P><STRONG><a name="[34a]"></a>_printf_pre_padding</STRONG> (Thumb, 46 bytes, Stack size 24 bytes, printfa.o(i._printf_pre_padding), UNUSED)
<BR><BR>[Called By]<UL><LI><a href="#[346]">&gt;&gt;</a>&nbsp;&nbsp;&nbsp;_printf_core
</UL>

<P><STRONG><a name="[af]"></a>_snputc</STRONG> (Thumb, 22 bytes, Stack size 0 bytes, printfa.o(i._snputc))
<BR>[Address Reference Count : 1]<UL><LI> printfa.o(i.__0vsnprintf)
</UL><P>
<H3>
Undefined Global Symbols
</H3><HR></body></html>
