<!doctype html public "-//w3c//dtd html 4.0 transitional//en">
<html><head>
<title>Static Call Graph - [.\out\hmi_mod_mcu.axf]</title></head>
<body><HR>
<H1>Static Call Graph for image .\out\hmi_mod_mcu.axf</H1><HR>
<BR><P>#&#060CALLGRAPH&#062# ARM Linker, 6160001: Last Updated: Sat Sep 14 17:39:32 2024
<BR><P>
<H3>Maximum Stack Usage =       1576 bytes + Unknown(Cycles, Untraceable Function Pointers)</H3><H3>
Call chain for Maximum Stack Depth:</H3>
_gt_png_open &rArr; lodepng_decode32 &rArr; lodepng_decode_memory &rArr; lodepng_decode &rArr; readChunk_iTXt &rArr; lodepng_zlib_decompressv &rArr; lodepng_inflatev &rArr; HuffmanTree_makeFromLengths &rArr; _mem_malloc &rArr; gt_tlsf_malloc &rArr; block_prepare_used
<P>
<H3>
Mutually Recursive functions
</H3> <LI><a href="#[1]">NMI_Handler</a>&nbsp;&nbsp;&nbsp;&rArr;&nbsp;&nbsp;&nbsp;<a href="#[1]">NMI_Handler</a><BR>
 <LI><a href="#[2]">HardFault_Handler</a>&nbsp;&nbsp;&nbsp;&rArr;&nbsp;&nbsp;&nbsp;<a href="#[2]">HardFault_Handler</a><BR>
 <LI><a href="#[3]">MemManage_Handler</a>&nbsp;&nbsp;&nbsp;&rArr;&nbsp;&nbsp;&nbsp;<a href="#[3]">MemManage_Handler</a><BR>
 <LI><a href="#[4]">BusFault_Handler</a>&nbsp;&nbsp;&nbsp;&rArr;&nbsp;&nbsp;&nbsp;<a href="#[4]">BusFault_Handler</a><BR>
 <LI><a href="#[5]">UsageFault_Handler</a>&nbsp;&nbsp;&nbsp;&rArr;&nbsp;&nbsp;&nbsp;<a href="#[5]">UsageFault_Handler</a><BR>
 <LI><a href="#[6]">SVC_Handler</a>&nbsp;&nbsp;&nbsp;&rArr;&nbsp;&nbsp;&nbsp;<a href="#[6]">SVC_Handler</a><BR>
 <LI><a href="#[7]">DebugMon_Handler</a>&nbsp;&nbsp;&nbsp;&rArr;&nbsp;&nbsp;&nbsp;<a href="#[7]">DebugMon_Handler</a><BR>
 <LI><a href="#[8]">PendSV_Handler</a>&nbsp;&nbsp;&nbsp;&rArr;&nbsp;&nbsp;&nbsp;<a href="#[8]">PendSV_Handler</a><BR>
 <LI><a href="#[a]">UART0_Handler</a>&nbsp;&nbsp;&nbsp;&rArr;&nbsp;&nbsp;&nbsp;<a href="#[a]">UART0_Handler</a><BR>
 <LI><a href="#[b]">UART1_Handler</a>&nbsp;&nbsp;&nbsp;&rArr;&nbsp;&nbsp;&nbsp;<a href="#[b]">UART1_Handler</a><BR>
 <LI><a href="#[c]">TIMR0_Handler</a>&nbsp;&nbsp;&nbsp;&rArr;&nbsp;&nbsp;&nbsp;<a href="#[c]">TIMR0_Handler</a><BR>
 <LI><a href="#[d]">TIMR1_Handler</a>&nbsp;&nbsp;&nbsp;&rArr;&nbsp;&nbsp;&nbsp;<a href="#[d]">TIMR1_Handler</a><BR>
 <LI><a href="#[e]">DMA_Handler</a>&nbsp;&nbsp;&nbsp;&rArr;&nbsp;&nbsp;&nbsp;<a href="#[e]">DMA_Handler</a><BR>
 <LI><a href="#[f]">SPI0_Handler</a>&nbsp;&nbsp;&nbsp;&rArr;&nbsp;&nbsp;&nbsp;<a href="#[f]">SPI0_Handler</a><BR>
 <LI><a href="#[10]">PWM0_Handler</a>&nbsp;&nbsp;&nbsp;&rArr;&nbsp;&nbsp;&nbsp;<a href="#[10]">PWM0_Handler</a><BR>
 <LI><a href="#[11]">WDT_Handler</a>&nbsp;&nbsp;&nbsp;&rArr;&nbsp;&nbsp;&nbsp;<a href="#[11]">WDT_Handler</a><BR>
 <LI><a href="#[12]">UART2_Handler</a>&nbsp;&nbsp;&nbsp;&rArr;&nbsp;&nbsp;&nbsp;<a href="#[12]">UART2_Handler</a><BR>
 <LI><a href="#[13]">PWM1_Handler</a>&nbsp;&nbsp;&nbsp;&rArr;&nbsp;&nbsp;&nbsp;<a href="#[13]">PWM1_Handler</a><BR>
 <LI><a href="#[14]">ADC0_Handler</a>&nbsp;&nbsp;&nbsp;&rArr;&nbsp;&nbsp;&nbsp;<a href="#[14]">ADC0_Handler</a><BR>
 <LI><a href="#[15]">BTIMR0_Handler</a>&nbsp;&nbsp;&nbsp;&rArr;&nbsp;&nbsp;&nbsp;<a href="#[15]">BTIMR0_Handler</a><BR>
 <LI><a href="#[16]">HALL0_Handler</a>&nbsp;&nbsp;&nbsp;&rArr;&nbsp;&nbsp;&nbsp;<a href="#[16]">HALL0_Handler</a><BR>
 <LI><a href="#[17]">PWM2_Handler</a>&nbsp;&nbsp;&nbsp;&rArr;&nbsp;&nbsp;&nbsp;<a href="#[17]">PWM2_Handler</a><BR>
 <LI><a href="#[18]">PWMBRK_Handler</a>&nbsp;&nbsp;&nbsp;&rArr;&nbsp;&nbsp;&nbsp;<a href="#[18]">PWMBRK_Handler</a><BR>
 <LI><a href="#[19]">I2C0_Handler</a>&nbsp;&nbsp;&nbsp;&rArr;&nbsp;&nbsp;&nbsp;<a href="#[19]">I2C0_Handler</a><BR>
 <LI><a href="#[1a]">CAN0_Handler</a>&nbsp;&nbsp;&nbsp;&rArr;&nbsp;&nbsp;&nbsp;<a href="#[1a]">CAN0_Handler</a><BR>
 <LI><a href="#[1b]">SPI1_Handler</a>&nbsp;&nbsp;&nbsp;&rArr;&nbsp;&nbsp;&nbsp;<a href="#[1b]">SPI1_Handler</a><BR>
 <LI><a href="#[1c]">RTC_Handler</a>&nbsp;&nbsp;&nbsp;&rArr;&nbsp;&nbsp;&nbsp;<a href="#[1c]">RTC_Handler</a><BR>
 <LI><a href="#[1d]">PWM3_Handler</a>&nbsp;&nbsp;&nbsp;&rArr;&nbsp;&nbsp;&nbsp;<a href="#[1d]">PWM3_Handler</a><BR>
 <LI><a href="#[1e]">TIMR2_Handler</a>&nbsp;&nbsp;&nbsp;&rArr;&nbsp;&nbsp;&nbsp;<a href="#[1e]">TIMR2_Handler</a><BR>
 <LI><a href="#[20]">TIMR3_Handler</a>&nbsp;&nbsp;&nbsp;&rArr;&nbsp;&nbsp;&nbsp;<a href="#[20]">TIMR3_Handler</a><BR>
 <LI><a href="#[21]">ADC1_Handler</a>&nbsp;&nbsp;&nbsp;&rArr;&nbsp;&nbsp;&nbsp;<a href="#[21]">ADC1_Handler</a><BR>
 <LI><a href="#[22]">BOD_Handler</a>&nbsp;&nbsp;&nbsp;&rArr;&nbsp;&nbsp;&nbsp;<a href="#[22]">BOD_Handler</a><BR>
 <LI><a href="#[23]">CORDIC_Handler</a>&nbsp;&nbsp;&nbsp;&rArr;&nbsp;&nbsp;&nbsp;<a href="#[23]">CORDIC_Handler</a><BR>
 <LI><a href="#[24]">BTIMR1_Handler</a>&nbsp;&nbsp;&nbsp;&rArr;&nbsp;&nbsp;&nbsp;<a href="#[24]">BTIMR1_Handler</a><BR>
 <LI><a href="#[25]">PWM4_Handler</a>&nbsp;&nbsp;&nbsp;&rArr;&nbsp;&nbsp;&nbsp;<a href="#[25]">PWM4_Handler</a><BR>
 <LI><a href="#[26]">HALL3_Handler</a>&nbsp;&nbsp;&nbsp;&rArr;&nbsp;&nbsp;&nbsp;<a href="#[26]">HALL3_Handler</a><BR>
 <LI><a href="#[27]">BTIMR2_Handler</a>&nbsp;&nbsp;&nbsp;&rArr;&nbsp;&nbsp;&nbsp;<a href="#[27]">BTIMR2_Handler</a><BR>
 <LI><a href="#[28]">I2C1_Handler</a>&nbsp;&nbsp;&nbsp;&rArr;&nbsp;&nbsp;&nbsp;<a href="#[28]">I2C1_Handler</a><BR>
 <LI><a href="#[29]">BTIMR3_Handler</a>&nbsp;&nbsp;&nbsp;&rArr;&nbsp;&nbsp;&nbsp;<a href="#[29]">BTIMR3_Handler</a><BR>
 <LI><a href="#[2a]">ACMP_Handler</a>&nbsp;&nbsp;&nbsp;&rArr;&nbsp;&nbsp;&nbsp;<a href="#[2a]">ACMP_Handler</a><BR>
 <LI><a href="#[2b]">XTALSTOP_Handler</a>&nbsp;&nbsp;&nbsp;&rArr;&nbsp;&nbsp;&nbsp;<a href="#[2b]">XTALSTOP_Handler</a><BR>
 <LI><a href="#[2c]">FSPI_Handler</a>&nbsp;&nbsp;&nbsp;&rArr;&nbsp;&nbsp;&nbsp;<a href="#[2c]">FSPI_Handler</a><BR>
 <LI><a href="#[2d]">GPIOA_Handler</a>&nbsp;&nbsp;&nbsp;&rArr;&nbsp;&nbsp;&nbsp;<a href="#[2d]">GPIOA_Handler</a><BR>
 <LI><a href="#[2e]">GPIOB_Handler</a>&nbsp;&nbsp;&nbsp;&rArr;&nbsp;&nbsp;&nbsp;<a href="#[2e]">GPIOB_Handler</a><BR>
 <LI><a href="#[2f]">GPIOC_Handler</a>&nbsp;&nbsp;&nbsp;&rArr;&nbsp;&nbsp;&nbsp;<a href="#[2f]">GPIOC_Handler</a><BR>
 <LI><a href="#[31]">GPIOM_Handler</a>&nbsp;&nbsp;&nbsp;&rArr;&nbsp;&nbsp;&nbsp;<a href="#[31]">GPIOM_Handler</a><BR>
 <LI><a href="#[32]">GPION_Handler</a>&nbsp;&nbsp;&nbsp;&rArr;&nbsp;&nbsp;&nbsp;<a href="#[32]">GPION_Handler</a><BR>
 <LI><a href="#[33]">GPIOA0_Handler</a>&nbsp;&nbsp;&nbsp;&rArr;&nbsp;&nbsp;&nbsp;<a href="#[33]">GPIOA0_Handler</a><BR>
 <LI><a href="#[34]">GPIOA1_Handler</a>&nbsp;&nbsp;&nbsp;&rArr;&nbsp;&nbsp;&nbsp;<a href="#[34]">GPIOA1_Handler</a><BR>
 <LI><a href="#[35]">GPIOA5_Handler</a>&nbsp;&nbsp;&nbsp;&rArr;&nbsp;&nbsp;&nbsp;<a href="#[35]">GPIOA5_Handler</a><BR>
 <LI><a href="#[36]">GPIOA6_Handler</a>&nbsp;&nbsp;&nbsp;&rArr;&nbsp;&nbsp;&nbsp;<a href="#[36]">GPIOA6_Handler</a><BR>
 <LI><a href="#[37]">GPIOA10_Handler</a>&nbsp;&nbsp;&nbsp;&rArr;&nbsp;&nbsp;&nbsp;<a href="#[37]">GPIOA10_Handler</a><BR>
 <LI><a href="#[38]">GPIOA11_Handler</a>&nbsp;&nbsp;&nbsp;&rArr;&nbsp;&nbsp;&nbsp;<a href="#[38]">GPIOA11_Handler</a><BR>
 <LI><a href="#[39]">GPIOA12_Handler</a>&nbsp;&nbsp;&nbsp;&rArr;&nbsp;&nbsp;&nbsp;<a href="#[39]">GPIOA12_Handler</a><BR>
 <LI><a href="#[3a]">GPIOA13_Handler</a>&nbsp;&nbsp;&nbsp;&rArr;&nbsp;&nbsp;&nbsp;<a href="#[3a]">GPIOA13_Handler</a><BR>
 <LI><a href="#[3b]">GPIOB0_Handler</a>&nbsp;&nbsp;&nbsp;&rArr;&nbsp;&nbsp;&nbsp;<a href="#[3b]">GPIOB0_Handler</a><BR>
 <LI><a href="#[3c]">GPIOB1_Handler</a>&nbsp;&nbsp;&nbsp;&rArr;&nbsp;&nbsp;&nbsp;<a href="#[3c]">GPIOB1_Handler</a><BR>
 <LI><a href="#[3d]">GPIOB2_Handler</a>&nbsp;&nbsp;&nbsp;&rArr;&nbsp;&nbsp;&nbsp;<a href="#[3d]">GPIOB2_Handler</a><BR>
 <LI><a href="#[3e]">GPIOC0_Handler</a>&nbsp;&nbsp;&nbsp;&rArr;&nbsp;&nbsp;&nbsp;<a href="#[3e]">GPIOC0_Handler</a><BR>
 <LI><a href="#[3f]">GPIOC1_Handler</a>&nbsp;&nbsp;&nbsp;&rArr;&nbsp;&nbsp;&nbsp;<a href="#[3f]">GPIOC1_Handler</a><BR>
 <LI><a href="#[40]">GPIOC2_Handler</a>&nbsp;&nbsp;&nbsp;&rArr;&nbsp;&nbsp;&nbsp;<a href="#[40]">GPIOC2_Handler</a><BR>
 <LI><a href="#[41]">GPIOC3_Handler</a>&nbsp;&nbsp;&nbsp;&rArr;&nbsp;&nbsp;&nbsp;<a href="#[41]">GPIOC3_Handler</a><BR>
 <LI><a href="#[42]">GPIOC4_Handler</a>&nbsp;&nbsp;&nbsp;&rArr;&nbsp;&nbsp;&nbsp;<a href="#[42]">GPIOC4_Handler</a><BR>
 <LI><a href="#[43]">GPIOD3_Handler</a>&nbsp;&nbsp;&nbsp;&rArr;&nbsp;&nbsp;&nbsp;<a href="#[43]">GPIOD3_Handler</a><BR>
 <LI><a href="#[44]">GPIOD4_Handler</a>&nbsp;&nbsp;&nbsp;&rArr;&nbsp;&nbsp;&nbsp;<a href="#[44]">GPIOD4_Handler</a><BR>
 <LI><a href="#[45]">GPIOD5_Handler</a>&nbsp;&nbsp;&nbsp;&rArr;&nbsp;&nbsp;&nbsp;<a href="#[45]">GPIOD5_Handler</a><BR>
 <LI><a href="#[46]">GPIOD6_Handler</a>&nbsp;&nbsp;&nbsp;&rArr;&nbsp;&nbsp;&nbsp;<a href="#[46]">GPIOD6_Handler</a><BR>
 <LI><a href="#[47]">GPIOD7_Handler</a>&nbsp;&nbsp;&nbsp;&rArr;&nbsp;&nbsp;&nbsp;<a href="#[47]">GPIOD7_Handler</a><BR>
 <LI><a href="#[48]">GPIOD8_Handler</a>&nbsp;&nbsp;&nbsp;&rArr;&nbsp;&nbsp;&nbsp;<a href="#[48]">GPIOD8_Handler</a><BR>
 <LI><a href="#[49]">GPIOC9_Handler</a>&nbsp;&nbsp;&nbsp;&rArr;&nbsp;&nbsp;&nbsp;<a href="#[49]">GPIOC9_Handler</a><BR>
 <LI><a href="#[4a]">GPIOC10_Handler</a>&nbsp;&nbsp;&nbsp;&rArr;&nbsp;&nbsp;&nbsp;<a href="#[4a]">GPIOC10_Handler</a><BR>
 <LI><a href="#[4b]">GPIOC11_Handler</a>&nbsp;&nbsp;&nbsp;&rArr;&nbsp;&nbsp;&nbsp;<a href="#[4b]">GPIOC11_Handler</a><BR>
 <LI><a href="#[4c]">GPIOC12_Handler</a>&nbsp;&nbsp;&nbsp;&rArr;&nbsp;&nbsp;&nbsp;<a href="#[4c]">GPIOC12_Handler</a><BR>
 <LI><a href="#[4d]">GPIOM0_Handler</a>&nbsp;&nbsp;&nbsp;&rArr;&nbsp;&nbsp;&nbsp;<a href="#[4d]">GPIOM0_Handler</a><BR>
 <LI><a href="#[4e]">GPIOM1_Handler</a>&nbsp;&nbsp;&nbsp;&rArr;&nbsp;&nbsp;&nbsp;<a href="#[4e]">GPIOM1_Handler</a><BR>
 <LI><a href="#[4f]">GPIOM2_Handler</a>&nbsp;&nbsp;&nbsp;&rArr;&nbsp;&nbsp;&nbsp;<a href="#[4f]">GPIOM2_Handler</a><BR>
 <LI><a href="#[50]">GPIOM3_Handler</a>&nbsp;&nbsp;&nbsp;&rArr;&nbsp;&nbsp;&nbsp;<a href="#[50]">GPIOM3_Handler</a><BR>
 <LI><a href="#[51]">GPIOM4_Handler</a>&nbsp;&nbsp;&nbsp;&rArr;&nbsp;&nbsp;&nbsp;<a href="#[51]">GPIOM4_Handler</a><BR>
 <LI><a href="#[52]">DIV_Handler</a>&nbsp;&nbsp;&nbsp;&rArr;&nbsp;&nbsp;&nbsp;<a href="#[52]">DIV_Handler</a><BR>
 <LI><a href="#[54]">GPIOE_Handler</a>&nbsp;&nbsp;&nbsp;&rArr;&nbsp;&nbsp;&nbsp;<a href="#[54]">GPIOE_Handler</a><BR>
 <LI><a href="#[55]">JPEG_Handler</a>&nbsp;&nbsp;&nbsp;&rArr;&nbsp;&nbsp;&nbsp;<a href="#[55]">JPEG_Handler</a><BR>
 <LI><a href="#[56]">SDIO_Handler</a>&nbsp;&nbsp;&nbsp;&rArr;&nbsp;&nbsp;&nbsp;<a href="#[56]">SDIO_Handler</a><BR>
 <LI><a href="#[57]">USB_Handler</a>&nbsp;&nbsp;&nbsp;&rArr;&nbsp;&nbsp;&nbsp;<a href="#[57]">USB_Handler</a><BR>
 <LI><a href="#[58]">CAN1_Handler</a>&nbsp;&nbsp;&nbsp;&rArr;&nbsp;&nbsp;&nbsp;<a href="#[58]">CAN1_Handler</a><BR>
 <LI><a href="#[5a]">BTIMR4_Handler</a>&nbsp;&nbsp;&nbsp;&rArr;&nbsp;&nbsp;&nbsp;<a href="#[5a]">BTIMR4_Handler</a><BR>
 <LI><a href="#[5b]">BTIMR5_Handler</a>&nbsp;&nbsp;&nbsp;&rArr;&nbsp;&nbsp;&nbsp;<a href="#[5b]">BTIMR5_Handler</a><BR>
 <LI><a href="#[5c]">BTIMR6_Handler</a>&nbsp;&nbsp;&nbsp;&rArr;&nbsp;&nbsp;&nbsp;<a href="#[5c]">BTIMR6_Handler</a><BR>
 <LI><a href="#[5d]">BTIMR7_Handler</a>&nbsp;&nbsp;&nbsp;&rArr;&nbsp;&nbsp;&nbsp;<a href="#[5d]">BTIMR7_Handler</a><BR>
 <LI><a href="#[5e]">BTIMR8_Handler</a>&nbsp;&nbsp;&nbsp;&rArr;&nbsp;&nbsp;&nbsp;<a href="#[5e]">BTIMR8_Handler</a><BR>
 <LI><a href="#[5f]">BTIMR9_Handler</a>&nbsp;&nbsp;&nbsp;&rArr;&nbsp;&nbsp;&nbsp;<a href="#[5f]">BTIMR9_Handler</a><BR>
 <LI><a href="#[60]">BTIMR10_Handler</a>&nbsp;&nbsp;&nbsp;&rArr;&nbsp;&nbsp;&nbsp;<a href="#[60]">BTIMR10_Handler</a><BR>
 <LI><a href="#[61]">BTIMR11_Handler</a>&nbsp;&nbsp;&nbsp;&rArr;&nbsp;&nbsp;&nbsp;<a href="#[61]">BTIMR11_Handler</a><BR>
 <LI><a href="#[62]">DMA2D_Handler</a>&nbsp;&nbsp;&nbsp;&rArr;&nbsp;&nbsp;&nbsp;<a href="#[62]">DMA2D_Handler</a><BR>
 <LI><a href="#[63]">QEI_Handler</a>&nbsp;&nbsp;&nbsp;&rArr;&nbsp;&nbsp;&nbsp;<a href="#[63]">QEI_Handler</a><BR>
 <LI><a href="#[121]">_destroy_and_free_children</a>&nbsp;&nbsp;&nbsp;&rArr;&nbsp;&nbsp;&nbsp;<a href="#[121]">_destroy_and_free_children</a><BR>
 <LI><a href="#[150]">_gt_obj_next_focus_get</a>&nbsp;&nbsp;&nbsp;&rArr;&nbsp;&nbsp;&nbsp;<a href="#[150]">_gt_obj_next_focus_get</a><BR>
 <LI><a href="#[14d]">_gt_obj_foreach_clicked</a>&nbsp;&nbsp;&nbsp;&rArr;&nbsp;&nbsp;&nbsp;<a href="#[14d]">_gt_obj_foreach_clicked</a><BR>
 <LI><a href="#[14c]">_gt_obj_focus_clicked</a>&nbsp;&nbsp;&nbsp;&rArr;&nbsp;&nbsp;&nbsp;<a href="#[14c]">_gt_obj_focus_clicked</a><BR>
 <LI><a href="#[129]">_find_showing_recursive_by_type</a>&nbsp;&nbsp;&nbsp;&rArr;&nbsp;&nbsp;&nbsp;<a href="#[129]">_find_showing_recursive_by_type</a><BR>
 <LI><a href="#[14f]">_gt_obj_move_child_by</a>&nbsp;&nbsp;&nbsp;&rArr;&nbsp;&nbsp;&nbsp;<a href="#[14f]">_gt_obj_move_child_by</a><BR>
 <LI><a href="#[1e3]">gt_obj_child_set_prop</a>&nbsp;&nbsp;&nbsp;&rArr;&nbsp;&nbsp;&nbsp;<a href="#[1e3]">gt_obj_child_set_prop</a><BR>
 <LI><a href="#[177]">_row_grow_inside_invert</a>&nbsp;&nbsp;&nbsp;&rArr;&nbsp;&nbsp;&nbsp;<a href="#[177]">_row_grow_inside_invert</a><BR>
 <LI><a href="#[172]">_row_grow_inside</a>&nbsp;&nbsp;&nbsp;&rArr;&nbsp;&nbsp;&nbsp;<a href="#[172]">_row_grow_inside</a><BR>
 <LI><a href="#[118]">_check_and_copy_foreach</a>&nbsp;&nbsp;&nbsp;&rArr;&nbsp;&nbsp;&nbsp;<a href="#[118]">_check_and_copy_foreach</a><BR>
 <LI><a href="#[113]">_calc_max_area_recursive</a>&nbsp;&nbsp;&nbsp;&rArr;&nbsp;&nbsp;&nbsp;<a href="#[113]">_calc_max_area_recursive</a><BR>
 <LI><a href="#[18e]">color_tree_cleanup</a>&nbsp;&nbsp;&nbsp;&rArr;&nbsp;&nbsp;&nbsp;<a href="#[18e]">color_tree_cleanup</a><BR>
</UL>
<P>
<H3>
Function Pointers
</H3><UL>
 <LI><a href="#[2a]">ACMP_Handler</a> from startup_swm341.o(.text) referenced from startup_swm341.o(RESET)
 <LI><a href="#[14]">ADC0_Handler</a> from startup_swm341.o(.text) referenced from startup_swm341.o(RESET)
 <LI><a href="#[21]">ADC1_Handler</a> from startup_swm341.o(.text) referenced from startup_swm341.o(RESET)
 <LI><a href="#[22]">BOD_Handler</a> from startup_swm341.o(.text) referenced from startup_swm341.o(RESET)
 <LI><a href="#[15]">BTIMR0_Handler</a> from startup_swm341.o(.text) referenced from startup_swm341.o(RESET)
 <LI><a href="#[60]">BTIMR10_Handler</a> from startup_swm341.o(.text) referenced from startup_swm341.o(RESET)
 <LI><a href="#[61]">BTIMR11_Handler</a> from startup_swm341.o(.text) referenced from startup_swm341.o(RESET)
 <LI><a href="#[24]">BTIMR1_Handler</a> from startup_swm341.o(.text) referenced from startup_swm341.o(RESET)
 <LI><a href="#[27]">BTIMR2_Handler</a> from startup_swm341.o(.text) referenced from startup_swm341.o(RESET)
 <LI><a href="#[29]">BTIMR3_Handler</a> from startup_swm341.o(.text) referenced from startup_swm341.o(RESET)
 <LI><a href="#[5a]">BTIMR4_Handler</a> from startup_swm341.o(.text) referenced from startup_swm341.o(RESET)
 <LI><a href="#[5b]">BTIMR5_Handler</a> from startup_swm341.o(.text) referenced from startup_swm341.o(RESET)
 <LI><a href="#[5c]">BTIMR6_Handler</a> from startup_swm341.o(.text) referenced from startup_swm341.o(RESET)
 <LI><a href="#[5d]">BTIMR7_Handler</a> from startup_swm341.o(.text) referenced from startup_swm341.o(RESET)
 <LI><a href="#[5e]">BTIMR8_Handler</a> from startup_swm341.o(.text) referenced from startup_swm341.o(RESET)
 <LI><a href="#[5f]">BTIMR9_Handler</a> from startup_swm341.o(.text) referenced from startup_swm341.o(RESET)
 <LI><a href="#[4]">BusFault_Handler</a> from startup_swm341.o(.text) referenced from startup_swm341.o(RESET)
 <LI><a href="#[1a]">CAN0_Handler</a> from startup_swm341.o(.text) referenced from startup_swm341.o(RESET)
 <LI><a href="#[58]">CAN1_Handler</a> from startup_swm341.o(.text) referenced from startup_swm341.o(RESET)
 <LI><a href="#[23]">CORDIC_Handler</a> from startup_swm341.o(.text) referenced from startup_swm341.o(RESET)
 <LI><a href="#[52]">DIV_Handler</a> from startup_swm341.o(.text) referenced from startup_swm341.o(RESET)
 <LI><a href="#[62]">DMA2D_Handler</a> from startup_swm341.o(.text) referenced from startup_swm341.o(RESET)
 <LI><a href="#[e]">DMA_Handler</a> from startup_swm341.o(.text) referenced from startup_swm341.o(RESET)
 <LI><a href="#[7]">DebugMon_Handler</a> from startup_swm341.o(.text) referenced from startup_swm341.o(RESET)
 <LI><a href="#[65]">FPU_Enable</a> from system_swm341.o(.text.FPU_Enable) referenced from startup_swm341.o(.text)
 <LI><a href="#[2c]">FSPI_Handler</a> from startup_swm341.o(.text) referenced from startup_swm341.o(RESET)
 <LI><a href="#[33]">GPIOA0_Handler</a> from startup_swm341.o(.text) referenced from startup_swm341.o(RESET)
 <LI><a href="#[37]">GPIOA10_Handler</a> from startup_swm341.o(.text) referenced from startup_swm341.o(RESET)
 <LI><a href="#[38]">GPIOA11_Handler</a> from startup_swm341.o(.text) referenced from startup_swm341.o(RESET)
 <LI><a href="#[39]">GPIOA12_Handler</a> from startup_swm341.o(.text) referenced from startup_swm341.o(RESET)
 <LI><a href="#[3a]">GPIOA13_Handler</a> from startup_swm341.o(.text) referenced from startup_swm341.o(RESET)
 <LI><a href="#[34]">GPIOA1_Handler</a> from startup_swm341.o(.text) referenced from startup_swm341.o(RESET)
 <LI><a href="#[35]">GPIOA5_Handler</a> from startup_swm341.o(.text) referenced from startup_swm341.o(RESET)
 <LI><a href="#[36]">GPIOA6_Handler</a> from startup_swm341.o(.text) referenced from startup_swm341.o(RESET)
 <LI><a href="#[2d]">GPIOA_Handler</a> from startup_swm341.o(.text) referenced from startup_swm341.o(RESET)
 <LI><a href="#[3b]">GPIOB0_Handler</a> from startup_swm341.o(.text) referenced from startup_swm341.o(RESET)
 <LI><a href="#[3c]">GPIOB1_Handler</a> from startup_swm341.o(.text) referenced from startup_swm341.o(RESET)
 <LI><a href="#[3d]">GPIOB2_Handler</a> from startup_swm341.o(.text) referenced from startup_swm341.o(RESET)
 <LI><a href="#[2e]">GPIOB_Handler</a> from startup_swm341.o(.text) referenced from startup_swm341.o(RESET)
 <LI><a href="#[3e]">GPIOC0_Handler</a> from startup_swm341.o(.text) referenced from startup_swm341.o(RESET)
 <LI><a href="#[4a]">GPIOC10_Handler</a> from startup_swm341.o(.text) referenced from startup_swm341.o(RESET)
 <LI><a href="#[4b]">GPIOC11_Handler</a> from startup_swm341.o(.text) referenced from startup_swm341.o(RESET)
 <LI><a href="#[4c]">GPIOC12_Handler</a> from startup_swm341.o(.text) referenced from startup_swm341.o(RESET)
 <LI><a href="#[3f]">GPIOC1_Handler</a> from startup_swm341.o(.text) referenced from startup_swm341.o(RESET)
 <LI><a href="#[40]">GPIOC2_Handler</a> from startup_swm341.o(.text) referenced from startup_swm341.o(RESET)
 <LI><a href="#[41]">GPIOC3_Handler</a> from startup_swm341.o(.text) referenced from startup_swm341.o(RESET)
 <LI><a href="#[42]">GPIOC4_Handler</a> from startup_swm341.o(.text) referenced from startup_swm341.o(RESET)
 <LI><a href="#[49]">GPIOC9_Handler</a> from startup_swm341.o(.text) referenced from startup_swm341.o(RESET)
 <LI><a href="#[2f]">GPIOC_Handler</a> from startup_swm341.o(.text) referenced from startup_swm341.o(RESET)
 <LI><a href="#[43]">GPIOD3_Handler</a> from startup_swm341.o(.text) referenced from startup_swm341.o(RESET)
 <LI><a href="#[44]">GPIOD4_Handler</a> from startup_swm341.o(.text) referenced from startup_swm341.o(RESET)
 <LI><a href="#[45]">GPIOD5_Handler</a> from startup_swm341.o(.text) referenced from startup_swm341.o(RESET)
 <LI><a href="#[46]">GPIOD6_Handler</a> from startup_swm341.o(.text) referenced from startup_swm341.o(RESET)
 <LI><a href="#[47]">GPIOD7_Handler</a> from startup_swm341.o(.text) referenced from startup_swm341.o(RESET)
 <LI><a href="#[48]">GPIOD8_Handler</a> from startup_swm341.o(.text) referenced from startup_swm341.o(RESET)
 <LI><a href="#[30]">GPIOD_Handler</a> from dev_touch.o(.text.GPIOD_Handler) referenced from startup_swm341.o(RESET)
 <LI><a href="#[54]">GPIOE_Handler</a> from startup_swm341.o(.text) referenced from startup_swm341.o(RESET)
 <LI><a href="#[4d]">GPIOM0_Handler</a> from startup_swm341.o(.text) referenced from startup_swm341.o(RESET)
 <LI><a href="#[4e]">GPIOM1_Handler</a> from startup_swm341.o(.text) referenced from startup_swm341.o(RESET)
 <LI><a href="#[4f]">GPIOM2_Handler</a> from startup_swm341.o(.text) referenced from startup_swm341.o(RESET)
 <LI><a href="#[50]">GPIOM3_Handler</a> from startup_swm341.o(.text) referenced from startup_swm341.o(RESET)
 <LI><a href="#[51]">GPIOM4_Handler</a> from startup_swm341.o(.text) referenced from startup_swm341.o(RESET)
 <LI><a href="#[31]">GPIOM_Handler</a> from startup_swm341.o(.text) referenced from startup_swm341.o(RESET)
 <LI><a href="#[32]">GPION_Handler</a> from startup_swm341.o(.text) referenced from startup_swm341.o(RESET)
 <LI><a href="#[ac]">GT_GetChinese</a> from gt_gui_driver.o(.text) referenced from gt_gui_driver.o(.rodata.gt_get_font_func)
 <LI><a href="#[16]">HALL0_Handler</a> from startup_swm341.o(.text) referenced from startup_swm341.o(RESET)
 <LI><a href="#[26]">HALL3_Handler</a> from startup_swm341.o(.text) referenced from startup_swm341.o(RESET)
 <LI><a href="#[2]">HardFault_Handler</a> from startup_swm341.o(.text) referenced from startup_swm341.o(RESET)
 <LI><a href="#[19]">I2C0_Handler</a> from startup_swm341.o(.text) referenced from startup_swm341.o(RESET)
 <LI><a href="#[28]">I2C1_Handler</a> from startup_swm341.o(.text) referenced from startup_swm341.o(RESET)
 <LI><a href="#[55]">JPEG_Handler</a> from startup_swm341.o(.text) referenced from startup_swm341.o(RESET)
 <LI><a href="#[53]">LCD_Handler</a> from bsp_lcd_rgb.o(.text.LCD_Handler) referenced from startup_swm341.o(RESET)
 <LI><a href="#[3]">MemManage_Handler</a> from startup_swm341.o(.text) referenced from startup_swm341.o(RESET)
 <LI><a href="#[1]">NMI_Handler</a> from startup_swm341.o(.text) referenced from startup_swm341.o(RESET)
 <LI><a href="#[10]">PWM0_Handler</a> from startup_swm341.o(.text) referenced from startup_swm341.o(RESET)
 <LI><a href="#[13]">PWM1_Handler</a> from startup_swm341.o(.text) referenced from startup_swm341.o(RESET)
 <LI><a href="#[17]">PWM2_Handler</a> from startup_swm341.o(.text) referenced from startup_swm341.o(RESET)
 <LI><a href="#[1d]">PWM3_Handler</a> from startup_swm341.o(.text) referenced from startup_swm341.o(RESET)
 <LI><a href="#[25]">PWM4_Handler</a> from startup_swm341.o(.text) referenced from startup_swm341.o(RESET)
 <LI><a href="#[18]">PWMBRK_Handler</a> from startup_swm341.o(.text) referenced from startup_swm341.o(RESET)
 <LI><a href="#[8]">PendSV_Handler</a> from startup_swm341.o(.text) referenced from startup_swm341.o(RESET)
 <LI><a href="#[63]">QEI_Handler</a> from startup_swm341.o(.text) referenced from startup_swm341.o(RESET)
 <LI><a href="#[1c]">RTC_Handler</a> from startup_swm341.o(.text) referenced from startup_swm341.o(RESET)
 <LI><a href="#[0]">Reset_Handler</a> from startup_swm341.o(.text) referenced from startup_swm341.o(RESET)
 <LI><a href="#[56]">SDIO_Handler</a> from startup_swm341.o(.text) referenced from startup_swm341.o(RESET)
 <LI><a href="#[f]">SPI0_Handler</a> from startup_swm341.o(.text) referenced from startup_swm341.o(RESET)
 <LI><a href="#[1b]">SPI1_Handler</a> from startup_swm341.o(.text) referenced from startup_swm341.o(RESET)
 <LI><a href="#[6]">SVC_Handler</a> from startup_swm341.o(.text) referenced from startup_swm341.o(RESET)
 <LI><a href="#[9]">SysTick_Handler</a> from dev_systick.o(.text.SysTick_Handler) referenced from startup_swm341.o(RESET)
 <LI><a href="#[c]">TIMR0_Handler</a> from startup_swm341.o(.text) referenced from startup_swm341.o(RESET)
 <LI><a href="#[d]">TIMR1_Handler</a> from startup_swm341.o(.text) referenced from startup_swm341.o(RESET)
 <LI><a href="#[1e]">TIMR2_Handler</a> from startup_swm341.o(.text) referenced from startup_swm341.o(RESET)
 <LI><a href="#[20]">TIMR3_Handler</a> from startup_swm341.o(.text) referenced from startup_swm341.o(RESET)
 <LI><a href="#[59]">TIMR4_Handler</a> from main.o(.text.TIMR4_Handler) referenced from startup_swm341.o(RESET)
 <LI><a href="#[a]">UART0_Handler</a> from startup_swm341.o(.text) referenced from startup_swm341.o(RESET)
 <LI><a href="#[b]">UART1_Handler</a> from startup_swm341.o(.text) referenced from startup_swm341.o(RESET)
 <LI><a href="#[12]">UART2_Handler</a> from startup_swm341.o(.text) referenced from startup_swm341.o(RESET)
 <LI><a href="#[1f]">UART3_Handler</a> from bsp_uart.o(.text.UART3_Handler) referenced from startup_swm341.o(RESET)
 <LI><a href="#[57]">USB_Handler</a> from startup_swm341.o(.text) referenced from startup_swm341.o(RESET)
 <LI><a href="#[5]">UsageFault_Handler</a> from startup_swm341.o(.text) referenced from startup_swm341.o(RESET)
 <LI><a href="#[11]">WDT_Handler</a> from startup_swm341.o(.text) referenced from startup_swm341.o(RESET)
 <LI><a href="#[2b]">XTALSTOP_Handler</a> from startup_swm341.o(.text) referenced from startup_swm341.o(RESET)
 <LI><a href="#[66]">__main</a> from entry.o(.ARM.Collect$$$$00000000) referenced from startup_swm341.o(.text)
 <LI><a href="#[8c]">_auto_play_callback</a> from gt_player.o(.text._auto_play_callback) referenced 2 times from gt_player.o(.text.gt_player_create)
 <LI><a href="#[9c]">_close_cb</a> from gt_hal_src.o(.text._close_cb) referenced 2 times from gt_hal_src.o(.text.gt_src_init)
 <LI><a href="#[a1]">_close_cb</a> from gt_hal_vf.o(.text._close_cb) referenced 2 times from gt_hal_vf.o(.text.gt_vf_init)
 <LI><a href="#[6e]">_default_equal_cb</a> from gt_vector.o(.text._default_equal_cb) referenced 2 times from gt_vector.o(.text._gt_vector_create)
 <LI><a href="#[ae]">_deinit_cb</a> from gt_img.o(.text._deinit_cb) referenced from gt_img.o(.rodata.gt_img_class)
 <LI><a href="#[b1]">_deinit_cb</a> from gt_imgbtn.o(.text._deinit_cb) referenced from gt_imgbtn.o(.rodata.gt_imgbtn_class)
 <LI><a href="#[b6]">_deinit_cb</a> from gt_player.o(.text._deinit_cb) referenced from gt_player.o(.rodata.gt_player_class)
 <LI><a href="#[96]">_equal_current_id_cb</a> from gt_scr_stack.o(.text._equal_current_id_cb) referenced 2 times from gt_scr_stack.o(.text.gt_scr_stack_has_before)
 <LI><a href="#[af]">_event_cb</a> from gt_img.o(.text._event_cb) referenced from gt_img.o(.rodata.gt_img_class)
 <LI><a href="#[b2]">_event_cb</a> from gt_imgbtn.o(.text._event_cb) referenced from gt_imgbtn.o(.rodata.gt_imgbtn_class)
 <LI><a href="#[b7]">_event_cb</a> from gt_player.o(.text._event_cb) referenced from gt_player.o(.rodata.gt_player_class)
 <LI><a href="#[91]">_flush_cb</a> from main.o(.text._flush_cb) referenced 2 times from gt_port_disp.o(.text.gt_port_disp_init)
 <LI><a href="#[95]">_free_alive_scr_object_cb</a> from gt_scr_stack.o(.text._free_alive_scr_object_cb) referenced 2 times from gt_scr_stack.o(.text.gt_scr_stack_clear)
 <LI><a href="#[ab]">_gt_anim_path_bounce</a> from gt_anim.o(.text._gt_anim_path_bounce) referenced from gt_anim.o(.rodata..Lswitch.table.gt_anim_set_path_type)
 <LI><a href="#[a7]">_gt_anim_path_ease_in</a> from gt_anim.o(.text._gt_anim_path_ease_in) referenced from gt_anim.o(.rodata..Lswitch.table.gt_anim_set_path_type)
 <LI><a href="#[a9]">_gt_anim_path_ease_in_out</a> from gt_anim.o(.text._gt_anim_path_ease_in_out) referenced from gt_anim.o(.rodata..Lswitch.table.gt_anim_set_path_type)
 <LI><a href="#[a8]">_gt_anim_path_ease_out</a> from gt_anim.o(.text._gt_anim_path_ease_out) referenced from gt_anim.o(.rodata..Lswitch.table.gt_anim_set_path_type)
 <LI><a href="#[6f]">_gt_anim_path_linear</a> from gt_anim.o(.text._gt_anim_path_linear) referenced 2 times from gt_anim.o(.text.gt_anim_init)
 <LI><a href="#[6f]">_gt_anim_path_linear</a> from gt_anim.o(.text._gt_anim_path_linear) referenced 2 times from gt_anim.o(.text.gt_anim_set_path_type)
 <LI><a href="#[aa]">_gt_anim_path_overshoot</a> from gt_anim.o(.text._gt_anim_path_overshoot) referenced from gt_anim.o(.rodata..Lswitch.table.gt_anim_set_path_type)
 <LI><a href="#[67]">_gt_anim_task_handler</a> from gt_anim.o(.text._gt_anim_task_handler) referenced 2 times from gt_anim.o(.text._gt_anim_core_init)
 <LI><a href="#[70]">_gt_disp_task_handler</a> from gt_hal_disp.o(.text._gt_disp_task_handler) referenced 2 times from gt_hal_disp.o(.text.gt_disp_drv_register)
 <LI><a href="#[6b]">_gt_img_decoder_built_in_close</a> from gt_img_decoder.o(.text._gt_img_decoder_built_in_close) referenced 2 times from gt_img_decoder.o(.text._gt_img_decoder_init)
 <LI><a href="#[68]">_gt_img_decoder_built_in_info</a> from gt_img_decoder.o(.text._gt_img_decoder_built_in_info) referenced 2 times from gt_img_decoder.o(.text._gt_img_decoder_init)
 <LI><a href="#[69]">_gt_img_decoder_built_in_open</a> from gt_img_decoder.o(.text._gt_img_decoder_built_in_open) referenced 2 times from gt_img_decoder.o(.text._gt_img_decoder_init)
 <LI><a href="#[6a]">_gt_img_decoder_built_in_read_line</a> from gt_img_decoder.o(.text._gt_img_decoder_built_in_read_line) referenced 2 times from gt_img_decoder.o(.text._gt_img_decoder_init)
 <LI><a href="#[88]">_gt_obj_destroy_handler_cb</a> from gt_obj.o(.text._gt_obj_destroy_handler_cb) referenced 2 times from gt_obj.o(.text.gt_obj_destroy)
 <LI><a href="#[90]">_gt_png_close</a> from gt_png.o(.text._gt_png_close) referenced 2 times from gt_png.o(.text.gt_png_init)
 <LI><a href="#[8d]">_gt_png_info</a> from gt_png.o(.text._gt_png_info) referenced 2 times from gt_png.o(.text.gt_png_init)
 <LI><a href="#[8e]">_gt_png_open</a> from gt_png.o(.text._gt_png_open) referenced 2 times from gt_png.o(.text.gt_png_init)
 <LI><a href="#[8f]">_gt_png_read_line</a> from gt_png.o(.text._gt_png_read_line) referenced 2 times from gt_png.o(.text.gt_png_init)
 <LI><a href="#[9a]">_gt_sjpg_close</a> from gt_sjpg.o(.text._gt_sjpg_close) referenced 2 times from gt_sjpg.o(.text.gt_sjpg_init)
 <LI><a href="#[97]">_gt_sjpg_info</a> from gt_sjpg.o(.text._gt_sjpg_info) referenced 2 times from gt_sjpg.o(.text.gt_sjpg_init)
 <LI><a href="#[98]">_gt_sjpg_open</a> from gt_sjpg.o(.text._gt_sjpg_open) referenced 2 times from gt_sjpg.o(.text.gt_sjpg_init)
 <LI><a href="#[99]">_gt_sjpg_read_line</a> from gt_sjpg.o(.text._gt_sjpg_read_line) referenced 2 times from gt_sjpg.o(.text.gt_sjpg_init)
 <LI><a href="#[77]">_imgs_equal_cb</a> from gt_imgbtn.o(.text._imgs_equal_cb) referenced 2 times from gt_imgbtn.o(.text.gt_imgbtn_create)
 <LI><a href="#[78]">_imgs_free_cb</a> from gt_imgbtn.o(.text._imgs_free_cb) referenced 2 times from gt_imgbtn.o(.text.gt_imgbtn_create)
 <LI><a href="#[7a]">_indev_scroll_throw_exec_cb</a> from gt_indev.o(.text._indev_scroll_throw_exec_cb) referenced 2 times from gt_indev.o(.text.gt_indev_handler)
 <LI><a href="#[7b]">_indev_scroll_throw_ready_cb</a> from gt_indev.o(.text._indev_scroll_throw_ready_cb) referenced 2 times from gt_indev.o(.text.gt_indev_handler)
 <LI><a href="#[ad]">_init_cb</a> from gt_img.o(.text._init_cb) referenced from gt_img.o(.rodata.gt_img_class)
 <LI><a href="#[b0]">_init_cb</a> from gt_imgbtn.o(.text._init_cb) referenced from gt_imgbtn.o(.rodata.gt_imgbtn_class)
 <LI><a href="#[b3]">_init_cb</a> from gt_obj.o(.text._init_cb) referenced from gt_obj.o(.rodata.gt_obj_class)
 <LI><a href="#[b5]">_init_cb</a> from gt_player.o(.text._init_cb) referenced from gt_player.o(.rodata.gt_player_class)
 <LI><a href="#[b4]">_obj_event_cb</a> from gt_obj.o(.text._obj_event_cb) referenced from gt_obj.o(.rodata.gt_obj_class)
 <LI><a href="#[71]">_old_scr_anim_ready_cb</a> from gt_disp.o(.text._old_scr_anim_ready_cb) referenced 2 times from gt_disp.o(.text.gt_disp_load_scr_anim)
 <LI><a href="#[9b]">_open_cb</a> from gt_hal_src.o(.text._open_cb) referenced 2 times from gt_hal_src.o(.text.gt_src_init)
 <LI><a href="#[a0]">_open_cb</a> from gt_hal_vf.o(.text._open_cb) referenced 2 times from gt_hal_vf.o(.text.gt_vf_init)
 <LI><a href="#[9d]">_read_cb</a> from gt_hal_src.o(.text._read_cb) referenced 2 times from gt_hal_src.o(.text.gt_src_init)
 <LI><a href="#[a2]">_read_cb</a> from gt_hal_vf.o(.text._read_cb) referenced 2 times from gt_hal_vf.o(.text.gt_vf_init)
 <LI><a href="#[75]">_scr_anim_del_ready_cb</a> from gt_disp.o(.text._scr_anim_del_ready_cb) referenced 2 times from gt_disp.o(.text.gt_disp_load_scr_anim)
 <LI><a href="#[74]">_scr_anim_exec_x_cb</a> from gt_disp.o(.text._scr_anim_exec_x_cb) referenced 8 times from gt_disp.o(.text.gt_disp_load_scr_anim)
 <LI><a href="#[76]">_scr_anim_exec_y_cb</a> from gt_disp.o(.text._scr_anim_exec_y_cb) referenced 8 times from gt_disp.o(.text.gt_disp_load_scr_anim)
 <LI><a href="#[73]">_scr_anim_ready_cb</a> from gt_disp.o(.text._scr_anim_ready_cb) referenced 2 times from gt_disp.o(.text.gt_disp_load_scr_anim)
 <LI><a href="#[72]">_scr_anim_start_cb</a> from gt_disp.o(.text._scr_anim_start_cb) referenced 2 times from gt_disp.o(.text.gt_disp_load_scr_anim)
 <LI><a href="#[b9]">_screen_event_cb</a> from gt_obj.o(.text._screen_event_cb) referenced from gt_obj.o(.rodata.gt_screen_class)
 <LI><a href="#[8a]">_scroll_by_x</a> from gt_obj_scroll.o(.text._scroll_by_x) referenced 4 times from gt_obj_scroll.o(.text.gt_obj_scroll_to)
 <LI><a href="#[8b]">_scroll_by_y</a> from gt_obj_scroll.o(.text._scroll_by_y) referenced 4 times from gt_obj_scroll.o(.text.gt_obj_scroll_to)
 <LI><a href="#[89]">_scroll_ready_cb</a> from gt_obj_scroll.o(.text._scroll_ready_cb) referenced 2 times from gt_obj_scroll.o(.text.gt_obj_scroll_to)
 <LI><a href="#[9e]">_seek_cb</a> from gt_hal_src.o(.text._seek_cb) referenced 2 times from gt_hal_src.o(.text.gt_src_init)
 <LI><a href="#[a4]">_seek_cb</a> from gt_hal_vf.o(.text._seek_cb) referenced 2 times from gt_hal_vf.o(.text.gt_vf_init)
 <LI><a href="#[9f]">_tell_cb</a> from gt_hal_src.o(.text._tell_cb) referenced 2 times from gt_hal_src.o(.text.gt_src_init)
 <LI><a href="#[a5]">_tell_cb</a> from gt_hal_vf.o(.text._tell_cb) referenced 2 times from gt_hal_vf.o(.text.gt_vf_init)
 <LI><a href="#[a3]">_write_cb</a> from gt_hal_vf.o(.text._write_cb) referenced 2 times from gt_hal_vf.o(.text.gt_vf_init)
 <LI><a href="#[a6]">fputc</a> from bsp_uart.o(.text.fputc) referenced from printfa.o(i.__0printf)
 <LI><a href="#[79]">gt_indev_handler</a> from gt_indev.o(.text.gt_indev_handler) referenced 2 times from gt_hal_indev.o(.text.gt_indev_drv_register)
 <LI><a href="#[b8]">gt_init_screen_home</a> from gt_init_screen_home.o(.text.gt_init_screen_home) referenced from gt_ui.o(.rodata.gt_scr_list)
 <LI><a href="#[84]">imgbtn10_0_cb</a> from gt_init_screen_home.o(.text.imgbtn10_0_cb) referenced 2 times from gt_init_screen_home.o(.text.gt_init_screen_home)
 <LI><a href="#[85]">imgbtn11_0_cb</a> from gt_init_screen_home.o(.text.imgbtn11_0_cb) referenced 2 times from gt_init_screen_home.o(.text.gt_init_screen_home)
 <LI><a href="#[86]">imgbtn12_0_cb</a> from gt_init_screen_home.o(.text.imgbtn12_0_cb) referenced 2 times from gt_init_screen_home.o(.text.gt_init_screen_home)
 <LI><a href="#[87]">imgbtn13_0_cb</a> from gt_init_screen_home.o(.text.imgbtn13_0_cb) referenced 2 times from gt_init_screen_home.o(.text.gt_init_screen_home)
 <LI><a href="#[7c]">imgbtn1_0_cb</a> from gt_init_screen_home.o(.text.imgbtn1_0_cb) referenced 2 times from gt_init_screen_home.o(.text.gt_init_screen_home)
 <LI><a href="#[7d]">imgbtn1_1_cb</a> from gt_init_screen_home.o(.text.imgbtn1_1_cb) referenced 2 times from gt_init_screen_home.o(.text.gt_init_screen_home)
 <LI><a href="#[7e]">imgbtn2_0_cb</a> from gt_init_screen_home.o(.text.imgbtn2_0_cb) referenced 2 times from gt_init_screen_home.o(.text.gt_init_screen_home)
 <LI><a href="#[7f]">imgbtn2_1_cb</a> from gt_init_screen_home.o(.text.imgbtn2_1_cb) referenced 2 times from gt_init_screen_home.o(.text.gt_init_screen_home)
 <LI><a href="#[80]">imgbtn5_0_cb</a> from gt_init_screen_home.o(.text.imgbtn5_0_cb) referenced 2 times from gt_init_screen_home.o(.text.gt_init_screen_home)
 <LI><a href="#[81]">imgbtn5_1_cb</a> from gt_init_screen_home.o(.text.imgbtn5_1_cb) referenced 2 times from gt_init_screen_home.o(.text.gt_init_screen_home)
 <LI><a href="#[82]">imgbtn6_0_cb</a> from gt_init_screen_home.o(.text.imgbtn6_0_cb) referenced 2 times from gt_init_screen_home.o(.text.gt_init_screen_home)
 <LI><a href="#[83]">imgbtn6_1_cb</a> from gt_init_screen_home.o(.text.imgbtn6_1_cb) referenced 2 times from gt_init_screen_home.o(.text.gt_init_screen_home)
 <LI><a href="#[6c]">input_func</a> from gt_sjpg.o(.text.input_func) referenced 2 times from gt_sjpg.o(.text._gt_sjpg_info)
 <LI><a href="#[6c]">input_func</a> from gt_sjpg.o(.text.input_func) referenced 2 times from gt_sjpg.o(.text._gt_sjpg_open)
 <LI><a href="#[6c]">input_func</a> from gt_sjpg.o(.text.input_func) referenced 2 times from gt_sjpg.o(.text._gt_sjpg_read_line)
 <LI><a href="#[64]">main</a> from main.o(.text.main) referenced from entry9a.o(.ARM.Collect$$$$0000000B)
 <LI><a href="#[6d]">output_func</a> from gt_sjpg.o(.text.output_func) referenced 2 times from gt_sjpg.o(.text._gt_sjpg_read_line)
 <LI><a href="#[92]">read_cb</a> from main.o(.text.read_cb) referenced 2 times from gt_port_indev.o(.text.gt_port_indev_init)
 <LI><a href="#[93]">read_cb_btn</a> from main.o(.text.read_cb_btn) referenced 2 times from gt_port_indev.o(.text.gt_port_indev_init)
 <LI><a href="#[94]">spi_wr</a> from main.o(.text.spi_wr) referenced 2 times from gt_port_vf.o(.text.gt_port_vf_init)
</UL>
<P>
<H3>
Global Symbols
</H3>
<P><STRONG><a name="[66]"></a>__main</STRONG> (Thumb, 0 bytes, Stack size unknown bytes, entry.o(.ARM.Collect$$$$00000000))
<BR>[Address Reference Count : 1]<UL><LI> startup_swm341.o(.text)
</UL>
<P><STRONG><a name="[22d]"></a>_main_stk</STRONG> (Thumb, 0 bytes, Stack size unknown bytes, entry2.o(.ARM.Collect$$$$00000001))

<P><STRONG><a name="[ba]"></a>_main_scatterload</STRONG> (Thumb, 0 bytes, Stack size unknown bytes, entry5.o(.ARM.Collect$$$$00000004))
<BR><BR>[Calls]<UL><LI><a href="#[bb]">&gt;&gt;</a>&nbsp;&nbsp;&nbsp;__scatterload
</UL>

<P><STRONG><a name="[dc]"></a>__main_after_scatterload</STRONG> (Thumb, 0 bytes, Stack size unknown bytes, entry5.o(.ARM.Collect$$$$00000004))
<BR><BR>[Called By]<UL><LI><a href="#[bb]">&gt;&gt;</a>&nbsp;&nbsp;&nbsp;__scatterload
</UL>

<P><STRONG><a name="[22e]"></a>_main_clock</STRONG> (Thumb, 0 bytes, Stack size unknown bytes, entry7b.o(.ARM.Collect$$$$00000008))

<P><STRONG><a name="[22f]"></a>_main_cpp_init</STRONG> (Thumb, 0 bytes, Stack size unknown bytes, entry8b.o(.ARM.Collect$$$$0000000A))

<P><STRONG><a name="[230]"></a>_main_init</STRONG> (Thumb, 0 bytes, Stack size unknown bytes, entry9a.o(.ARM.Collect$$$$0000000B))

<P><STRONG><a name="[231]"></a>__rt_final_cpp</STRONG> (Thumb, 0 bytes, Stack size unknown bytes, entry10a.o(.ARM.Collect$$$$0000000D))

<P><STRONG><a name="[232]"></a>__rt_final_exit</STRONG> (Thumb, 0 bytes, Stack size unknown bytes, entry11a.o(.ARM.Collect$$$$0000000F))

<P><STRONG><a name="[0]"></a>Reset_Handler</STRONG> (Thumb, 8 bytes, Stack size 0 bytes, startup_swm341.o(.text))
<BR>[Address Reference Count : 1]<UL><LI> startup_swm341.o(RESET)
</UL>
<P><STRONG><a name="[1]"></a>NMI_Handler</STRONG> (Thumb, 2 bytes, Stack size 0 bytes, startup_swm341.o(.text))
<BR><BR>[Calls]<UL><LI><a href="#[1]">&gt;&gt;</a>&nbsp;&nbsp;&nbsp;NMI_Handler
</UL>
<BR>[Called By]<UL><LI><a href="#[1]">&gt;&gt;</a>&nbsp;&nbsp;&nbsp;NMI_Handler
</UL>
<BR>[Address Reference Count : 1]<UL><LI> startup_swm341.o(RESET)
</UL>
<P><STRONG><a name="[2]"></a>HardFault_Handler</STRONG> (Thumb, 2 bytes, Stack size 0 bytes, startup_swm341.o(.text))
<BR><BR>[Calls]<UL><LI><a href="#[2]">&gt;&gt;</a>&nbsp;&nbsp;&nbsp;HardFault_Handler
</UL>
<BR>[Called By]<UL><LI><a href="#[2]">&gt;&gt;</a>&nbsp;&nbsp;&nbsp;HardFault_Handler
</UL>
<BR>[Address Reference Count : 1]<UL><LI> startup_swm341.o(RESET)
</UL>
<P><STRONG><a name="[3]"></a>MemManage_Handler</STRONG> (Thumb, 2 bytes, Stack size 0 bytes, startup_swm341.o(.text))
<BR><BR>[Calls]<UL><LI><a href="#[3]">&gt;&gt;</a>&nbsp;&nbsp;&nbsp;MemManage_Handler
</UL>
<BR>[Called By]<UL><LI><a href="#[3]">&gt;&gt;</a>&nbsp;&nbsp;&nbsp;MemManage_Handler
</UL>
<BR>[Address Reference Count : 1]<UL><LI> startup_swm341.o(RESET)
</UL>
<P><STRONG><a name="[4]"></a>BusFault_Handler</STRONG> (Thumb, 2 bytes, Stack size 0 bytes, startup_swm341.o(.text))
<BR><BR>[Calls]<UL><LI><a href="#[4]">&gt;&gt;</a>&nbsp;&nbsp;&nbsp;BusFault_Handler
</UL>
<BR>[Called By]<UL><LI><a href="#[4]">&gt;&gt;</a>&nbsp;&nbsp;&nbsp;BusFault_Handler
</UL>
<BR>[Address Reference Count : 1]<UL><LI> startup_swm341.o(RESET)
</UL>
<P><STRONG><a name="[5]"></a>UsageFault_Handler</STRONG> (Thumb, 2 bytes, Stack size 0 bytes, startup_swm341.o(.text))
<BR><BR>[Calls]<UL><LI><a href="#[5]">&gt;&gt;</a>&nbsp;&nbsp;&nbsp;UsageFault_Handler
</UL>
<BR>[Called By]<UL><LI><a href="#[5]">&gt;&gt;</a>&nbsp;&nbsp;&nbsp;UsageFault_Handler
</UL>
<BR>[Address Reference Count : 1]<UL><LI> startup_swm341.o(RESET)
</UL>
<P><STRONG><a name="[6]"></a>SVC_Handler</STRONG> (Thumb, 2 bytes, Stack size 0 bytes, startup_swm341.o(.text))
<BR><BR>[Calls]<UL><LI><a href="#[6]">&gt;&gt;</a>&nbsp;&nbsp;&nbsp;SVC_Handler
</UL>
<BR>[Called By]<UL><LI><a href="#[6]">&gt;&gt;</a>&nbsp;&nbsp;&nbsp;SVC_Handler
</UL>
<BR>[Address Reference Count : 1]<UL><LI> startup_swm341.o(RESET)
</UL>
<P><STRONG><a name="[7]"></a>DebugMon_Handler</STRONG> (Thumb, 2 bytes, Stack size 0 bytes, startup_swm341.o(.text))
<BR><BR>[Calls]<UL><LI><a href="#[7]">&gt;&gt;</a>&nbsp;&nbsp;&nbsp;DebugMon_Handler
</UL>
<BR>[Called By]<UL><LI><a href="#[7]">&gt;&gt;</a>&nbsp;&nbsp;&nbsp;DebugMon_Handler
</UL>
<BR>[Address Reference Count : 1]<UL><LI> startup_swm341.o(RESET)
</UL>
<P><STRONG><a name="[8]"></a>PendSV_Handler</STRONG> (Thumb, 2 bytes, Stack size 0 bytes, startup_swm341.o(.text))
<BR><BR>[Calls]<UL><LI><a href="#[8]">&gt;&gt;</a>&nbsp;&nbsp;&nbsp;PendSV_Handler
</UL>
<BR>[Called By]<UL><LI><a href="#[8]">&gt;&gt;</a>&nbsp;&nbsp;&nbsp;PendSV_Handler
</UL>
<BR>[Address Reference Count : 1]<UL><LI> startup_swm341.o(RESET)
</UL>
<P><STRONG><a name="[a]"></a>UART0_Handler</STRONG> (Thumb, 2 bytes, Stack size 0 bytes, startup_swm341.o(.text))
<BR><BR>[Calls]<UL><LI><a href="#[a]">&gt;&gt;</a>&nbsp;&nbsp;&nbsp;UART0_Handler
</UL>
<BR>[Called By]<UL><LI><a href="#[a]">&gt;&gt;</a>&nbsp;&nbsp;&nbsp;UART0_Handler
</UL>
<BR>[Address Reference Count : 1]<UL><LI> startup_swm341.o(RESET)
</UL>
<P><STRONG><a name="[b]"></a>UART1_Handler</STRONG> (Thumb, 2 bytes, Stack size 0 bytes, startup_swm341.o(.text))
<BR><BR>[Calls]<UL><LI><a href="#[b]">&gt;&gt;</a>&nbsp;&nbsp;&nbsp;UART1_Handler
</UL>
<BR>[Called By]<UL><LI><a href="#[b]">&gt;&gt;</a>&nbsp;&nbsp;&nbsp;UART1_Handler
</UL>
<BR>[Address Reference Count : 1]<UL><LI> startup_swm341.o(RESET)
</UL>
<P><STRONG><a name="[c]"></a>TIMR0_Handler</STRONG> (Thumb, 2 bytes, Stack size 0 bytes, startup_swm341.o(.text))
<BR><BR>[Calls]<UL><LI><a href="#[c]">&gt;&gt;</a>&nbsp;&nbsp;&nbsp;TIMR0_Handler
</UL>
<BR>[Called By]<UL><LI><a href="#[c]">&gt;&gt;</a>&nbsp;&nbsp;&nbsp;TIMR0_Handler
</UL>
<BR>[Address Reference Count : 1]<UL><LI> startup_swm341.o(RESET)
</UL>
<P><STRONG><a name="[d]"></a>TIMR1_Handler</STRONG> (Thumb, 2 bytes, Stack size 0 bytes, startup_swm341.o(.text))
<BR><BR>[Calls]<UL><LI><a href="#[d]">&gt;&gt;</a>&nbsp;&nbsp;&nbsp;TIMR1_Handler
</UL>
<BR>[Called By]<UL><LI><a href="#[d]">&gt;&gt;</a>&nbsp;&nbsp;&nbsp;TIMR1_Handler
</UL>
<BR>[Address Reference Count : 1]<UL><LI> startup_swm341.o(RESET)
</UL>
<P><STRONG><a name="[e]"></a>DMA_Handler</STRONG> (Thumb, 2 bytes, Stack size 0 bytes, startup_swm341.o(.text))
<BR><BR>[Calls]<UL><LI><a href="#[e]">&gt;&gt;</a>&nbsp;&nbsp;&nbsp;DMA_Handler
</UL>
<BR>[Called By]<UL><LI><a href="#[e]">&gt;&gt;</a>&nbsp;&nbsp;&nbsp;DMA_Handler
</UL>
<BR>[Address Reference Count : 1]<UL><LI> startup_swm341.o(RESET)
</UL>
<P><STRONG><a name="[f]"></a>SPI0_Handler</STRONG> (Thumb, 2 bytes, Stack size 0 bytes, startup_swm341.o(.text))
<BR><BR>[Calls]<UL><LI><a href="#[f]">&gt;&gt;</a>&nbsp;&nbsp;&nbsp;SPI0_Handler
</UL>
<BR>[Called By]<UL><LI><a href="#[f]">&gt;&gt;</a>&nbsp;&nbsp;&nbsp;SPI0_Handler
</UL>
<BR>[Address Reference Count : 1]<UL><LI> startup_swm341.o(RESET)
</UL>
<P><STRONG><a name="[10]"></a>PWM0_Handler</STRONG> (Thumb, 2 bytes, Stack size 0 bytes, startup_swm341.o(.text))
<BR><BR>[Calls]<UL><LI><a href="#[10]">&gt;&gt;</a>&nbsp;&nbsp;&nbsp;PWM0_Handler
</UL>
<BR>[Called By]<UL><LI><a href="#[10]">&gt;&gt;</a>&nbsp;&nbsp;&nbsp;PWM0_Handler
</UL>
<BR>[Address Reference Count : 1]<UL><LI> startup_swm341.o(RESET)
</UL>
<P><STRONG><a name="[11]"></a>WDT_Handler</STRONG> (Thumb, 2 bytes, Stack size 0 bytes, startup_swm341.o(.text))
<BR><BR>[Calls]<UL><LI><a href="#[11]">&gt;&gt;</a>&nbsp;&nbsp;&nbsp;WDT_Handler
</UL>
<BR>[Called By]<UL><LI><a href="#[11]">&gt;&gt;</a>&nbsp;&nbsp;&nbsp;WDT_Handler
</UL>
<BR>[Address Reference Count : 1]<UL><LI> startup_swm341.o(RESET)
</UL>
<P><STRONG><a name="[12]"></a>UART2_Handler</STRONG> (Thumb, 2 bytes, Stack size 0 bytes, startup_swm341.o(.text))
<BR><BR>[Calls]<UL><LI><a href="#[12]">&gt;&gt;</a>&nbsp;&nbsp;&nbsp;UART2_Handler
</UL>
<BR>[Called By]<UL><LI><a href="#[12]">&gt;&gt;</a>&nbsp;&nbsp;&nbsp;UART2_Handler
</UL>
<BR>[Address Reference Count : 1]<UL><LI> startup_swm341.o(RESET)
</UL>
<P><STRONG><a name="[13]"></a>PWM1_Handler</STRONG> (Thumb, 2 bytes, Stack size 0 bytes, startup_swm341.o(.text))
<BR><BR>[Calls]<UL><LI><a href="#[13]">&gt;&gt;</a>&nbsp;&nbsp;&nbsp;PWM1_Handler
</UL>
<BR>[Called By]<UL><LI><a href="#[13]">&gt;&gt;</a>&nbsp;&nbsp;&nbsp;PWM1_Handler
</UL>
<BR>[Address Reference Count : 1]<UL><LI> startup_swm341.o(RESET)
</UL>
<P><STRONG><a name="[14]"></a>ADC0_Handler</STRONG> (Thumb, 2 bytes, Stack size 0 bytes, startup_swm341.o(.text))
<BR><BR>[Calls]<UL><LI><a href="#[14]">&gt;&gt;</a>&nbsp;&nbsp;&nbsp;ADC0_Handler
</UL>
<BR>[Called By]<UL><LI><a href="#[14]">&gt;&gt;</a>&nbsp;&nbsp;&nbsp;ADC0_Handler
</UL>
<BR>[Address Reference Count : 1]<UL><LI> startup_swm341.o(RESET)
</UL>
<P><STRONG><a name="[15]"></a>BTIMR0_Handler</STRONG> (Thumb, 2 bytes, Stack size 0 bytes, startup_swm341.o(.text))
<BR><BR>[Calls]<UL><LI><a href="#[15]">&gt;&gt;</a>&nbsp;&nbsp;&nbsp;BTIMR0_Handler
</UL>
<BR>[Called By]<UL><LI><a href="#[15]">&gt;&gt;</a>&nbsp;&nbsp;&nbsp;BTIMR0_Handler
</UL>
<BR>[Address Reference Count : 1]<UL><LI> startup_swm341.o(RESET)
</UL>
<P><STRONG><a name="[16]"></a>HALL0_Handler</STRONG> (Thumb, 2 bytes, Stack size 0 bytes, startup_swm341.o(.text))
<BR><BR>[Calls]<UL><LI><a href="#[16]">&gt;&gt;</a>&nbsp;&nbsp;&nbsp;HALL0_Handler
</UL>
<BR>[Called By]<UL><LI><a href="#[16]">&gt;&gt;</a>&nbsp;&nbsp;&nbsp;HALL0_Handler
</UL>
<BR>[Address Reference Count : 1]<UL><LI> startup_swm341.o(RESET)
</UL>
<P><STRONG><a name="[17]"></a>PWM2_Handler</STRONG> (Thumb, 2 bytes, Stack size 0 bytes, startup_swm341.o(.text))
<BR><BR>[Calls]<UL><LI><a href="#[17]">&gt;&gt;</a>&nbsp;&nbsp;&nbsp;PWM2_Handler
</UL>
<BR>[Called By]<UL><LI><a href="#[17]">&gt;&gt;</a>&nbsp;&nbsp;&nbsp;PWM2_Handler
</UL>
<BR>[Address Reference Count : 1]<UL><LI> startup_swm341.o(RESET)
</UL>
<P><STRONG><a name="[18]"></a>PWMBRK_Handler</STRONG> (Thumb, 2 bytes, Stack size 0 bytes, startup_swm341.o(.text))
<BR><BR>[Calls]<UL><LI><a href="#[18]">&gt;&gt;</a>&nbsp;&nbsp;&nbsp;PWMBRK_Handler
</UL>
<BR>[Called By]<UL><LI><a href="#[18]">&gt;&gt;</a>&nbsp;&nbsp;&nbsp;PWMBRK_Handler
</UL>
<BR>[Address Reference Count : 1]<UL><LI> startup_swm341.o(RESET)
</UL>
<P><STRONG><a name="[19]"></a>I2C0_Handler</STRONG> (Thumb, 2 bytes, Stack size 0 bytes, startup_swm341.o(.text))
<BR><BR>[Calls]<UL><LI><a href="#[19]">&gt;&gt;</a>&nbsp;&nbsp;&nbsp;I2C0_Handler
</UL>
<BR>[Called By]<UL><LI><a href="#[19]">&gt;&gt;</a>&nbsp;&nbsp;&nbsp;I2C0_Handler
</UL>
<BR>[Address Reference Count : 1]<UL><LI> startup_swm341.o(RESET)
</UL>
<P><STRONG><a name="[1a]"></a>CAN0_Handler</STRONG> (Thumb, 2 bytes, Stack size 0 bytes, startup_swm341.o(.text))
<BR><BR>[Calls]<UL><LI><a href="#[1a]">&gt;&gt;</a>&nbsp;&nbsp;&nbsp;CAN0_Handler
</UL>
<BR>[Called By]<UL><LI><a href="#[1a]">&gt;&gt;</a>&nbsp;&nbsp;&nbsp;CAN0_Handler
</UL>
<BR>[Address Reference Count : 1]<UL><LI> startup_swm341.o(RESET)
</UL>
<P><STRONG><a name="[1b]"></a>SPI1_Handler</STRONG> (Thumb, 2 bytes, Stack size 0 bytes, startup_swm341.o(.text))
<BR><BR>[Calls]<UL><LI><a href="#[1b]">&gt;&gt;</a>&nbsp;&nbsp;&nbsp;SPI1_Handler
</UL>
<BR>[Called By]<UL><LI><a href="#[1b]">&gt;&gt;</a>&nbsp;&nbsp;&nbsp;SPI1_Handler
</UL>
<BR>[Address Reference Count : 1]<UL><LI> startup_swm341.o(RESET)
</UL>
<P><STRONG><a name="[1c]"></a>RTC_Handler</STRONG> (Thumb, 2 bytes, Stack size 0 bytes, startup_swm341.o(.text))
<BR><BR>[Calls]<UL><LI><a href="#[1c]">&gt;&gt;</a>&nbsp;&nbsp;&nbsp;RTC_Handler
</UL>
<BR>[Called By]<UL><LI><a href="#[1c]">&gt;&gt;</a>&nbsp;&nbsp;&nbsp;RTC_Handler
</UL>
<BR>[Address Reference Count : 1]<UL><LI> startup_swm341.o(RESET)
</UL>
<P><STRONG><a name="[1d]"></a>PWM3_Handler</STRONG> (Thumb, 2 bytes, Stack size 0 bytes, startup_swm341.o(.text))
<BR><BR>[Calls]<UL><LI><a href="#[1d]">&gt;&gt;</a>&nbsp;&nbsp;&nbsp;PWM3_Handler
</UL>
<BR>[Called By]<UL><LI><a href="#[1d]">&gt;&gt;</a>&nbsp;&nbsp;&nbsp;PWM3_Handler
</UL>
<BR>[Address Reference Count : 1]<UL><LI> startup_swm341.o(RESET)
</UL>
<P><STRONG><a name="[1e]"></a>TIMR2_Handler</STRONG> (Thumb, 2 bytes, Stack size 0 bytes, startup_swm341.o(.text))
<BR><BR>[Calls]<UL><LI><a href="#[1e]">&gt;&gt;</a>&nbsp;&nbsp;&nbsp;TIMR2_Handler
</UL>
<BR>[Called By]<UL><LI><a href="#[1e]">&gt;&gt;</a>&nbsp;&nbsp;&nbsp;TIMR2_Handler
</UL>
<BR>[Address Reference Count : 1]<UL><LI> startup_swm341.o(RESET)
</UL>
<P><STRONG><a name="[20]"></a>TIMR3_Handler</STRONG> (Thumb, 2 bytes, Stack size 0 bytes, startup_swm341.o(.text))
<BR><BR>[Calls]<UL><LI><a href="#[20]">&gt;&gt;</a>&nbsp;&nbsp;&nbsp;TIMR3_Handler
</UL>
<BR>[Called By]<UL><LI><a href="#[20]">&gt;&gt;</a>&nbsp;&nbsp;&nbsp;TIMR3_Handler
</UL>
<BR>[Address Reference Count : 1]<UL><LI> startup_swm341.o(RESET)
</UL>
<P><STRONG><a name="[21]"></a>ADC1_Handler</STRONG> (Thumb, 2 bytes, Stack size 0 bytes, startup_swm341.o(.text))
<BR><BR>[Calls]<UL><LI><a href="#[21]">&gt;&gt;</a>&nbsp;&nbsp;&nbsp;ADC1_Handler
</UL>
<BR>[Called By]<UL><LI><a href="#[21]">&gt;&gt;</a>&nbsp;&nbsp;&nbsp;ADC1_Handler
</UL>
<BR>[Address Reference Count : 1]<UL><LI> startup_swm341.o(RESET)
</UL>
<P><STRONG><a name="[22]"></a>BOD_Handler</STRONG> (Thumb, 2 bytes, Stack size 0 bytes, startup_swm341.o(.text))
<BR><BR>[Calls]<UL><LI><a href="#[22]">&gt;&gt;</a>&nbsp;&nbsp;&nbsp;BOD_Handler
</UL>
<BR>[Called By]<UL><LI><a href="#[22]">&gt;&gt;</a>&nbsp;&nbsp;&nbsp;BOD_Handler
</UL>
<BR>[Address Reference Count : 1]<UL><LI> startup_swm341.o(RESET)
</UL>
<P><STRONG><a name="[23]"></a>CORDIC_Handler</STRONG> (Thumb, 2 bytes, Stack size 0 bytes, startup_swm341.o(.text))
<BR><BR>[Calls]<UL><LI><a href="#[23]">&gt;&gt;</a>&nbsp;&nbsp;&nbsp;CORDIC_Handler
</UL>
<BR>[Called By]<UL><LI><a href="#[23]">&gt;&gt;</a>&nbsp;&nbsp;&nbsp;CORDIC_Handler
</UL>
<BR>[Address Reference Count : 1]<UL><LI> startup_swm341.o(RESET)
</UL>
<P><STRONG><a name="[24]"></a>BTIMR1_Handler</STRONG> (Thumb, 2 bytes, Stack size 0 bytes, startup_swm341.o(.text))
<BR><BR>[Calls]<UL><LI><a href="#[24]">&gt;&gt;</a>&nbsp;&nbsp;&nbsp;BTIMR1_Handler
</UL>
<BR>[Called By]<UL><LI><a href="#[24]">&gt;&gt;</a>&nbsp;&nbsp;&nbsp;BTIMR1_Handler
</UL>
<BR>[Address Reference Count : 1]<UL><LI> startup_swm341.o(RESET)
</UL>
<P><STRONG><a name="[25]"></a>PWM4_Handler</STRONG> (Thumb, 2 bytes, Stack size 0 bytes, startup_swm341.o(.text))
<BR><BR>[Calls]<UL><LI><a href="#[25]">&gt;&gt;</a>&nbsp;&nbsp;&nbsp;PWM4_Handler
</UL>
<BR>[Called By]<UL><LI><a href="#[25]">&gt;&gt;</a>&nbsp;&nbsp;&nbsp;PWM4_Handler
</UL>
<BR>[Address Reference Count : 1]<UL><LI> startup_swm341.o(RESET)
</UL>
<P><STRONG><a name="[26]"></a>HALL3_Handler</STRONG> (Thumb, 2 bytes, Stack size 0 bytes, startup_swm341.o(.text))
<BR><BR>[Calls]<UL><LI><a href="#[26]">&gt;&gt;</a>&nbsp;&nbsp;&nbsp;HALL3_Handler
</UL>
<BR>[Called By]<UL><LI><a href="#[26]">&gt;&gt;</a>&nbsp;&nbsp;&nbsp;HALL3_Handler
</UL>
<BR>[Address Reference Count : 1]<UL><LI> startup_swm341.o(RESET)
</UL>
<P><STRONG><a name="[27]"></a>BTIMR2_Handler</STRONG> (Thumb, 2 bytes, Stack size 0 bytes, startup_swm341.o(.text))
<BR><BR>[Calls]<UL><LI><a href="#[27]">&gt;&gt;</a>&nbsp;&nbsp;&nbsp;BTIMR2_Handler
</UL>
<BR>[Called By]<UL><LI><a href="#[27]">&gt;&gt;</a>&nbsp;&nbsp;&nbsp;BTIMR2_Handler
</UL>
<BR>[Address Reference Count : 1]<UL><LI> startup_swm341.o(RESET)
</UL>
<P><STRONG><a name="[28]"></a>I2C1_Handler</STRONG> (Thumb, 2 bytes, Stack size 0 bytes, startup_swm341.o(.text))
<BR><BR>[Calls]<UL><LI><a href="#[28]">&gt;&gt;</a>&nbsp;&nbsp;&nbsp;I2C1_Handler
</UL>
<BR>[Called By]<UL><LI><a href="#[28]">&gt;&gt;</a>&nbsp;&nbsp;&nbsp;I2C1_Handler
</UL>
<BR>[Address Reference Count : 1]<UL><LI> startup_swm341.o(RESET)
</UL>
<P><STRONG><a name="[29]"></a>BTIMR3_Handler</STRONG> (Thumb, 2 bytes, Stack size 0 bytes, startup_swm341.o(.text))
<BR><BR>[Calls]<UL><LI><a href="#[29]">&gt;&gt;</a>&nbsp;&nbsp;&nbsp;BTIMR3_Handler
</UL>
<BR>[Called By]<UL><LI><a href="#[29]">&gt;&gt;</a>&nbsp;&nbsp;&nbsp;BTIMR3_Handler
</UL>
<BR>[Address Reference Count : 1]<UL><LI> startup_swm341.o(RESET)
</UL>
<P><STRONG><a name="[2a]"></a>ACMP_Handler</STRONG> (Thumb, 2 bytes, Stack size 0 bytes, startup_swm341.o(.text))
<BR><BR>[Calls]<UL><LI><a href="#[2a]">&gt;&gt;</a>&nbsp;&nbsp;&nbsp;ACMP_Handler
</UL>
<BR>[Called By]<UL><LI><a href="#[2a]">&gt;&gt;</a>&nbsp;&nbsp;&nbsp;ACMP_Handler
</UL>
<BR>[Address Reference Count : 1]<UL><LI> startup_swm341.o(RESET)
</UL>
<P><STRONG><a name="[2b]"></a>XTALSTOP_Handler</STRONG> (Thumb, 2 bytes, Stack size 0 bytes, startup_swm341.o(.text))
<BR><BR>[Calls]<UL><LI><a href="#[2b]">&gt;&gt;</a>&nbsp;&nbsp;&nbsp;XTALSTOP_Handler
</UL>
<BR>[Called By]<UL><LI><a href="#[2b]">&gt;&gt;</a>&nbsp;&nbsp;&nbsp;XTALSTOP_Handler
</UL>
<BR>[Address Reference Count : 1]<UL><LI> startup_swm341.o(RESET)
</UL>
<P><STRONG><a name="[2c]"></a>FSPI_Handler</STRONG> (Thumb, 2 bytes, Stack size 0 bytes, startup_swm341.o(.text))
<BR><BR>[Calls]<UL><LI><a href="#[2c]">&gt;&gt;</a>&nbsp;&nbsp;&nbsp;FSPI_Handler
</UL>
<BR>[Called By]<UL><LI><a href="#[2c]">&gt;&gt;</a>&nbsp;&nbsp;&nbsp;FSPI_Handler
</UL>
<BR>[Address Reference Count : 1]<UL><LI> startup_swm341.o(RESET)
</UL>
<P><STRONG><a name="[2d]"></a>GPIOA_Handler</STRONG> (Thumb, 2 bytes, Stack size 0 bytes, startup_swm341.o(.text))
<BR><BR>[Calls]<UL><LI><a href="#[2d]">&gt;&gt;</a>&nbsp;&nbsp;&nbsp;GPIOA_Handler
</UL>
<BR>[Called By]<UL><LI><a href="#[2d]">&gt;&gt;</a>&nbsp;&nbsp;&nbsp;GPIOA_Handler
</UL>
<BR>[Address Reference Count : 1]<UL><LI> startup_swm341.o(RESET)
</UL>
<P><STRONG><a name="[2e]"></a>GPIOB_Handler</STRONG> (Thumb, 2 bytes, Stack size 0 bytes, startup_swm341.o(.text))
<BR><BR>[Calls]<UL><LI><a href="#[2e]">&gt;&gt;</a>&nbsp;&nbsp;&nbsp;GPIOB_Handler
</UL>
<BR>[Called By]<UL><LI><a href="#[2e]">&gt;&gt;</a>&nbsp;&nbsp;&nbsp;GPIOB_Handler
</UL>
<BR>[Address Reference Count : 1]<UL><LI> startup_swm341.o(RESET)
</UL>
<P><STRONG><a name="[2f]"></a>GPIOC_Handler</STRONG> (Thumb, 2 bytes, Stack size 0 bytes, startup_swm341.o(.text))
<BR><BR>[Calls]<UL><LI><a href="#[2f]">&gt;&gt;</a>&nbsp;&nbsp;&nbsp;GPIOC_Handler
</UL>
<BR>[Called By]<UL><LI><a href="#[2f]">&gt;&gt;</a>&nbsp;&nbsp;&nbsp;GPIOC_Handler
</UL>
<BR>[Address Reference Count : 1]<UL><LI> startup_swm341.o(RESET)
</UL>
<P><STRONG><a name="[31]"></a>GPIOM_Handler</STRONG> (Thumb, 2 bytes, Stack size 0 bytes, startup_swm341.o(.text))
<BR><BR>[Calls]<UL><LI><a href="#[31]">&gt;&gt;</a>&nbsp;&nbsp;&nbsp;GPIOM_Handler
</UL>
<BR>[Called By]<UL><LI><a href="#[31]">&gt;&gt;</a>&nbsp;&nbsp;&nbsp;GPIOM_Handler
</UL>
<BR>[Address Reference Count : 1]<UL><LI> startup_swm341.o(RESET)
</UL>
<P><STRONG><a name="[32]"></a>GPION_Handler</STRONG> (Thumb, 2 bytes, Stack size 0 bytes, startup_swm341.o(.text))
<BR><BR>[Calls]<UL><LI><a href="#[32]">&gt;&gt;</a>&nbsp;&nbsp;&nbsp;GPION_Handler
</UL>
<BR>[Called By]<UL><LI><a href="#[32]">&gt;&gt;</a>&nbsp;&nbsp;&nbsp;GPION_Handler
</UL>
<BR>[Address Reference Count : 1]<UL><LI> startup_swm341.o(RESET)
</UL>
<P><STRONG><a name="[33]"></a>GPIOA0_Handler</STRONG> (Thumb, 2 bytes, Stack size 0 bytes, startup_swm341.o(.text))
<BR><BR>[Calls]<UL><LI><a href="#[33]">&gt;&gt;</a>&nbsp;&nbsp;&nbsp;GPIOA0_Handler
</UL>
<BR>[Called By]<UL><LI><a href="#[33]">&gt;&gt;</a>&nbsp;&nbsp;&nbsp;GPIOA0_Handler
</UL>
<BR>[Address Reference Count : 1]<UL><LI> startup_swm341.o(RESET)
</UL>
<P><STRONG><a name="[34]"></a>GPIOA1_Handler</STRONG> (Thumb, 2 bytes, Stack size 0 bytes, startup_swm341.o(.text))
<BR><BR>[Calls]<UL><LI><a href="#[34]">&gt;&gt;</a>&nbsp;&nbsp;&nbsp;GPIOA1_Handler
</UL>
<BR>[Called By]<UL><LI><a href="#[34]">&gt;&gt;</a>&nbsp;&nbsp;&nbsp;GPIOA1_Handler
</UL>
<BR>[Address Reference Count : 1]<UL><LI> startup_swm341.o(RESET)
</UL>
<P><STRONG><a name="[35]"></a>GPIOA5_Handler</STRONG> (Thumb, 2 bytes, Stack size 0 bytes, startup_swm341.o(.text))
<BR><BR>[Calls]<UL><LI><a href="#[35]">&gt;&gt;</a>&nbsp;&nbsp;&nbsp;GPIOA5_Handler
</UL>
<BR>[Called By]<UL><LI><a href="#[35]">&gt;&gt;</a>&nbsp;&nbsp;&nbsp;GPIOA5_Handler
</UL>
<BR>[Address Reference Count : 1]<UL><LI> startup_swm341.o(RESET)
</UL>
<P><STRONG><a name="[36]"></a>GPIOA6_Handler</STRONG> (Thumb, 2 bytes, Stack size 0 bytes, startup_swm341.o(.text))
<BR><BR>[Calls]<UL><LI><a href="#[36]">&gt;&gt;</a>&nbsp;&nbsp;&nbsp;GPIOA6_Handler
</UL>
<BR>[Called By]<UL><LI><a href="#[36]">&gt;&gt;</a>&nbsp;&nbsp;&nbsp;GPIOA6_Handler
</UL>
<BR>[Address Reference Count : 1]<UL><LI> startup_swm341.o(RESET)
</UL>
<P><STRONG><a name="[37]"></a>GPIOA10_Handler</STRONG> (Thumb, 2 bytes, Stack size 0 bytes, startup_swm341.o(.text))
<BR><BR>[Calls]<UL><LI><a href="#[37]">&gt;&gt;</a>&nbsp;&nbsp;&nbsp;GPIOA10_Handler
</UL>
<BR>[Called By]<UL><LI><a href="#[37]">&gt;&gt;</a>&nbsp;&nbsp;&nbsp;GPIOA10_Handler
</UL>
<BR>[Address Reference Count : 1]<UL><LI> startup_swm341.o(RESET)
</UL>
<P><STRONG><a name="[38]"></a>GPIOA11_Handler</STRONG> (Thumb, 2 bytes, Stack size 0 bytes, startup_swm341.o(.text))
<BR><BR>[Calls]<UL><LI><a href="#[38]">&gt;&gt;</a>&nbsp;&nbsp;&nbsp;GPIOA11_Handler
</UL>
<BR>[Called By]<UL><LI><a href="#[38]">&gt;&gt;</a>&nbsp;&nbsp;&nbsp;GPIOA11_Handler
</UL>
<BR>[Address Reference Count : 1]<UL><LI> startup_swm341.o(RESET)
</UL>
<P><STRONG><a name="[39]"></a>GPIOA12_Handler</STRONG> (Thumb, 2 bytes, Stack size 0 bytes, startup_swm341.o(.text))
<BR><BR>[Calls]<UL><LI><a href="#[39]">&gt;&gt;</a>&nbsp;&nbsp;&nbsp;GPIOA12_Handler
</UL>
<BR>[Called By]<UL><LI><a href="#[39]">&gt;&gt;</a>&nbsp;&nbsp;&nbsp;GPIOA12_Handler
</UL>
<BR>[Address Reference Count : 1]<UL><LI> startup_swm341.o(RESET)
</UL>
<P><STRONG><a name="[3a]"></a>GPIOA13_Handler</STRONG> (Thumb, 2 bytes, Stack size 0 bytes, startup_swm341.o(.text))
<BR><BR>[Calls]<UL><LI><a href="#[3a]">&gt;&gt;</a>&nbsp;&nbsp;&nbsp;GPIOA13_Handler
</UL>
<BR>[Called By]<UL><LI><a href="#[3a]">&gt;&gt;</a>&nbsp;&nbsp;&nbsp;GPIOA13_Handler
</UL>
<BR>[Address Reference Count : 1]<UL><LI> startup_swm341.o(RESET)
</UL>
<P><STRONG><a name="[3b]"></a>GPIOB0_Handler</STRONG> (Thumb, 2 bytes, Stack size 0 bytes, startup_swm341.o(.text))
<BR><BR>[Calls]<UL><LI><a href="#[3b]">&gt;&gt;</a>&nbsp;&nbsp;&nbsp;GPIOB0_Handler
</UL>
<BR>[Called By]<UL><LI><a href="#[3b]">&gt;&gt;</a>&nbsp;&nbsp;&nbsp;GPIOB0_Handler
</UL>
<BR>[Address Reference Count : 1]<UL><LI> startup_swm341.o(RESET)
</UL>
<P><STRONG><a name="[3c]"></a>GPIOB1_Handler</STRONG> (Thumb, 2 bytes, Stack size 0 bytes, startup_swm341.o(.text))
<BR><BR>[Calls]<UL><LI><a href="#[3c]">&gt;&gt;</a>&nbsp;&nbsp;&nbsp;GPIOB1_Handler
</UL>
<BR>[Called By]<UL><LI><a href="#[3c]">&gt;&gt;</a>&nbsp;&nbsp;&nbsp;GPIOB1_Handler
</UL>
<BR>[Address Reference Count : 1]<UL><LI> startup_swm341.o(RESET)
</UL>
<P><STRONG><a name="[3d]"></a>GPIOB2_Handler</STRONG> (Thumb, 2 bytes, Stack size 0 bytes, startup_swm341.o(.text))
<BR><BR>[Calls]<UL><LI><a href="#[3d]">&gt;&gt;</a>&nbsp;&nbsp;&nbsp;GPIOB2_Handler
</UL>
<BR>[Called By]<UL><LI><a href="#[3d]">&gt;&gt;</a>&nbsp;&nbsp;&nbsp;GPIOB2_Handler
</UL>
<BR>[Address Reference Count : 1]<UL><LI> startup_swm341.o(RESET)
</UL>
<P><STRONG><a name="[3e]"></a>GPIOC0_Handler</STRONG> (Thumb, 2 bytes, Stack size 0 bytes, startup_swm341.o(.text))
<BR><BR>[Calls]<UL><LI><a href="#[3e]">&gt;&gt;</a>&nbsp;&nbsp;&nbsp;GPIOC0_Handler
</UL>
<BR>[Called By]<UL><LI><a href="#[3e]">&gt;&gt;</a>&nbsp;&nbsp;&nbsp;GPIOC0_Handler
</UL>
<BR>[Address Reference Count : 1]<UL><LI> startup_swm341.o(RESET)
</UL>
<P><STRONG><a name="[3f]"></a>GPIOC1_Handler</STRONG> (Thumb, 2 bytes, Stack size 0 bytes, startup_swm341.o(.text))
<BR><BR>[Calls]<UL><LI><a href="#[3f]">&gt;&gt;</a>&nbsp;&nbsp;&nbsp;GPIOC1_Handler
</UL>
<BR>[Called By]<UL><LI><a href="#[3f]">&gt;&gt;</a>&nbsp;&nbsp;&nbsp;GPIOC1_Handler
</UL>
<BR>[Address Reference Count : 1]<UL><LI> startup_swm341.o(RESET)
</UL>
<P><STRONG><a name="[40]"></a>GPIOC2_Handler</STRONG> (Thumb, 2 bytes, Stack size 0 bytes, startup_swm341.o(.text))
<BR><BR>[Calls]<UL><LI><a href="#[40]">&gt;&gt;</a>&nbsp;&nbsp;&nbsp;GPIOC2_Handler
</UL>
<BR>[Called By]<UL><LI><a href="#[40]">&gt;&gt;</a>&nbsp;&nbsp;&nbsp;GPIOC2_Handler
</UL>
<BR>[Address Reference Count : 1]<UL><LI> startup_swm341.o(RESET)
</UL>
<P><STRONG><a name="[41]"></a>GPIOC3_Handler</STRONG> (Thumb, 2 bytes, Stack size 0 bytes, startup_swm341.o(.text))
<BR><BR>[Calls]<UL><LI><a href="#[41]">&gt;&gt;</a>&nbsp;&nbsp;&nbsp;GPIOC3_Handler
</UL>
<BR>[Called By]<UL><LI><a href="#[41]">&gt;&gt;</a>&nbsp;&nbsp;&nbsp;GPIOC3_Handler
</UL>
<BR>[Address Reference Count : 1]<UL><LI> startup_swm341.o(RESET)
</UL>
<P><STRONG><a name="[42]"></a>GPIOC4_Handler</STRONG> (Thumb, 2 bytes, Stack size 0 bytes, startup_swm341.o(.text))
<BR><BR>[Calls]<UL><LI><a href="#[42]">&gt;&gt;</a>&nbsp;&nbsp;&nbsp;GPIOC4_Handler
</UL>
<BR>[Called By]<UL><LI><a href="#[42]">&gt;&gt;</a>&nbsp;&nbsp;&nbsp;GPIOC4_Handler
</UL>
<BR>[Address Reference Count : 1]<UL><LI> startup_swm341.o(RESET)
</UL>
<P><STRONG><a name="[43]"></a>GPIOD3_Handler</STRONG> (Thumb, 2 bytes, Stack size 0 bytes, startup_swm341.o(.text))
<BR><BR>[Calls]<UL><LI><a href="#[43]">&gt;&gt;</a>&nbsp;&nbsp;&nbsp;GPIOD3_Handler
</UL>
<BR>[Called By]<UL><LI><a href="#[43]">&gt;&gt;</a>&nbsp;&nbsp;&nbsp;GPIOD3_Handler
</UL>
<BR>[Address Reference Count : 1]<UL><LI> startup_swm341.o(RESET)
</UL>
<P><STRONG><a name="[44]"></a>GPIOD4_Handler</STRONG> (Thumb, 2 bytes, Stack size 0 bytes, startup_swm341.o(.text))
<BR><BR>[Calls]<UL><LI><a href="#[44]">&gt;&gt;</a>&nbsp;&nbsp;&nbsp;GPIOD4_Handler
</UL>
<BR>[Called By]<UL><LI><a href="#[44]">&gt;&gt;</a>&nbsp;&nbsp;&nbsp;GPIOD4_Handler
</UL>
<BR>[Address Reference Count : 1]<UL><LI> startup_swm341.o(RESET)
</UL>
<P><STRONG><a name="[45]"></a>GPIOD5_Handler</STRONG> (Thumb, 2 bytes, Stack size 0 bytes, startup_swm341.o(.text))
<BR><BR>[Calls]<UL><LI><a href="#[45]">&gt;&gt;</a>&nbsp;&nbsp;&nbsp;GPIOD5_Handler
</UL>
<BR>[Called By]<UL><LI><a href="#[45]">&gt;&gt;</a>&nbsp;&nbsp;&nbsp;GPIOD5_Handler
</UL>
<BR>[Address Reference Count : 1]<UL><LI> startup_swm341.o(RESET)
</UL>
<P><STRONG><a name="[46]"></a>GPIOD6_Handler</STRONG> (Thumb, 2 bytes, Stack size 0 bytes, startup_swm341.o(.text))
<BR><BR>[Calls]<UL><LI><a href="#[46]">&gt;&gt;</a>&nbsp;&nbsp;&nbsp;GPIOD6_Handler
</UL>
<BR>[Called By]<UL><LI><a href="#[46]">&gt;&gt;</a>&nbsp;&nbsp;&nbsp;GPIOD6_Handler
</UL>
<BR>[Address Reference Count : 1]<UL><LI> startup_swm341.o(RESET)
</UL>
<P><STRONG><a name="[47]"></a>GPIOD7_Handler</STRONG> (Thumb, 2 bytes, Stack size 0 bytes, startup_swm341.o(.text))
<BR><BR>[Calls]<UL><LI><a href="#[47]">&gt;&gt;</a>&nbsp;&nbsp;&nbsp;GPIOD7_Handler
</UL>
<BR>[Called By]<UL><LI><a href="#[47]">&gt;&gt;</a>&nbsp;&nbsp;&nbsp;GPIOD7_Handler
</UL>
<BR>[Address Reference Count : 1]<UL><LI> startup_swm341.o(RESET)
</UL>
<P><STRONG><a name="[48]"></a>GPIOD8_Handler</STRONG> (Thumb, 2 bytes, Stack size 0 bytes, startup_swm341.o(.text))
<BR><BR>[Calls]<UL><LI><a href="#[48]">&gt;&gt;</a>&nbsp;&nbsp;&nbsp;GPIOD8_Handler
</UL>
<BR>[Called By]<UL><LI><a href="#[48]">&gt;&gt;</a>&nbsp;&nbsp;&nbsp;GPIOD8_Handler
</UL>
<BR>[Address Reference Count : 1]<UL><LI> startup_swm341.o(RESET)
</UL>
<P><STRONG><a name="[49]"></a>GPIOC9_Handler</STRONG> (Thumb, 2 bytes, Stack size 0 bytes, startup_swm341.o(.text))
<BR><BR>[Calls]<UL><LI><a href="#[49]">&gt;&gt;</a>&nbsp;&nbsp;&nbsp;GPIOC9_Handler
</UL>
<BR>[Called By]<UL><LI><a href="#[49]">&gt;&gt;</a>&nbsp;&nbsp;&nbsp;GPIOC9_Handler
</UL>
<BR>[Address Reference Count : 1]<UL><LI> startup_swm341.o(RESET)
</UL>
<P><STRONG><a name="[4a]"></a>GPIOC10_Handler</STRONG> (Thumb, 2 bytes, Stack size 0 bytes, startup_swm341.o(.text))
<BR><BR>[Calls]<UL><LI><a href="#[4a]">&gt;&gt;</a>&nbsp;&nbsp;&nbsp;GPIOC10_Handler
</UL>
<BR>[Called By]<UL><LI><a href="#[4a]">&gt;&gt;</a>&nbsp;&nbsp;&nbsp;GPIOC10_Handler
</UL>
<BR>[Address Reference Count : 1]<UL><LI> startup_swm341.o(RESET)
</UL>
<P><STRONG><a name="[4b]"></a>GPIOC11_Handler</STRONG> (Thumb, 2 bytes, Stack size 0 bytes, startup_swm341.o(.text))
<BR><BR>[Calls]<UL><LI><a href="#[4b]">&gt;&gt;</a>&nbsp;&nbsp;&nbsp;GPIOC11_Handler
</UL>
<BR>[Called By]<UL><LI><a href="#[4b]">&gt;&gt;</a>&nbsp;&nbsp;&nbsp;GPIOC11_Handler
</UL>
<BR>[Address Reference Count : 1]<UL><LI> startup_swm341.o(RESET)
</UL>
<P><STRONG><a name="[4c]"></a>GPIOC12_Handler</STRONG> (Thumb, 2 bytes, Stack size 0 bytes, startup_swm341.o(.text))
<BR><BR>[Calls]<UL><LI><a href="#[4c]">&gt;&gt;</a>&nbsp;&nbsp;&nbsp;GPIOC12_Handler
</UL>
<BR>[Called By]<UL><LI><a href="#[4c]">&gt;&gt;</a>&nbsp;&nbsp;&nbsp;GPIOC12_Handler
</UL>
<BR>[Address Reference Count : 1]<UL><LI> startup_swm341.o(RESET)
</UL>
<P><STRONG><a name="[4d]"></a>GPIOM0_Handler</STRONG> (Thumb, 2 bytes, Stack size 0 bytes, startup_swm341.o(.text))
<BR><BR>[Calls]<UL><LI><a href="#[4d]">&gt;&gt;</a>&nbsp;&nbsp;&nbsp;GPIOM0_Handler
</UL>
<BR>[Called By]<UL><LI><a href="#[4d]">&gt;&gt;</a>&nbsp;&nbsp;&nbsp;GPIOM0_Handler
</UL>
<BR>[Address Reference Count : 1]<UL><LI> startup_swm341.o(RESET)
</UL>
<P><STRONG><a name="[4e]"></a>GPIOM1_Handler</STRONG> (Thumb, 2 bytes, Stack size 0 bytes, startup_swm341.o(.text))
<BR><BR>[Calls]<UL><LI><a href="#[4e]">&gt;&gt;</a>&nbsp;&nbsp;&nbsp;GPIOM1_Handler
</UL>
<BR>[Called By]<UL><LI><a href="#[4e]">&gt;&gt;</a>&nbsp;&nbsp;&nbsp;GPIOM1_Handler
</UL>
<BR>[Address Reference Count : 1]<UL><LI> startup_swm341.o(RESET)
</UL>
<P><STRONG><a name="[4f]"></a>GPIOM2_Handler</STRONG> (Thumb, 2 bytes, Stack size 0 bytes, startup_swm341.o(.text))
<BR><BR>[Calls]<UL><LI><a href="#[4f]">&gt;&gt;</a>&nbsp;&nbsp;&nbsp;GPIOM2_Handler
</UL>
<BR>[Called By]<UL><LI><a href="#[4f]">&gt;&gt;</a>&nbsp;&nbsp;&nbsp;GPIOM2_Handler
</UL>
<BR>[Address Reference Count : 1]<UL><LI> startup_swm341.o(RESET)
</UL>
<P><STRONG><a name="[50]"></a>GPIOM3_Handler</STRONG> (Thumb, 2 bytes, Stack size 0 bytes, startup_swm341.o(.text))
<BR><BR>[Calls]<UL><LI><a href="#[50]">&gt;&gt;</a>&nbsp;&nbsp;&nbsp;GPIOM3_Handler
</UL>
<BR>[Called By]<UL><LI><a href="#[50]">&gt;&gt;</a>&nbsp;&nbsp;&nbsp;GPIOM3_Handler
</UL>
<BR>[Address Reference Count : 1]<UL><LI> startup_swm341.o(RESET)
</UL>
<P><STRONG><a name="[51]"></a>GPIOM4_Handler</STRONG> (Thumb, 2 bytes, Stack size 0 bytes, startup_swm341.o(.text))
<BR><BR>[Calls]<UL><LI><a href="#[51]">&gt;&gt;</a>&nbsp;&nbsp;&nbsp;GPIOM4_Handler
</UL>
<BR>[Called By]<UL><LI><a href="#[51]">&gt;&gt;</a>&nbsp;&nbsp;&nbsp;GPIOM4_Handler
</UL>
<BR>[Address Reference Count : 1]<UL><LI> startup_swm341.o(RESET)
</UL>
<P><STRONG><a name="[52]"></a>DIV_Handler</STRONG> (Thumb, 2 bytes, Stack size 0 bytes, startup_swm341.o(.text))
<BR><BR>[Calls]<UL><LI><a href="#[52]">&gt;&gt;</a>&nbsp;&nbsp;&nbsp;DIV_Handler
</UL>
<BR>[Called By]<UL><LI><a href="#[52]">&gt;&gt;</a>&nbsp;&nbsp;&nbsp;DIV_Handler
</UL>
<BR>[Address Reference Count : 1]<UL><LI> startup_swm341.o(RESET)
</UL>
<P><STRONG><a name="[54]"></a>GPIOE_Handler</STRONG> (Thumb, 2 bytes, Stack size 0 bytes, startup_swm341.o(.text))
<BR><BR>[Calls]<UL><LI><a href="#[54]">&gt;&gt;</a>&nbsp;&nbsp;&nbsp;GPIOE_Handler
</UL>
<BR>[Called By]<UL><LI><a href="#[54]">&gt;&gt;</a>&nbsp;&nbsp;&nbsp;GPIOE_Handler
</UL>
<BR>[Address Reference Count : 1]<UL><LI> startup_swm341.o(RESET)
</UL>
<P><STRONG><a name="[55]"></a>JPEG_Handler</STRONG> (Thumb, 2 bytes, Stack size 0 bytes, startup_swm341.o(.text))
<BR><BR>[Calls]<UL><LI><a href="#[55]">&gt;&gt;</a>&nbsp;&nbsp;&nbsp;JPEG_Handler
</UL>
<BR>[Called By]<UL><LI><a href="#[55]">&gt;&gt;</a>&nbsp;&nbsp;&nbsp;JPEG_Handler
</UL>
<BR>[Address Reference Count : 1]<UL><LI> startup_swm341.o(RESET)
</UL>
<P><STRONG><a name="[56]"></a>SDIO_Handler</STRONG> (Thumb, 2 bytes, Stack size 0 bytes, startup_swm341.o(.text))
<BR><BR>[Calls]<UL><LI><a href="#[56]">&gt;&gt;</a>&nbsp;&nbsp;&nbsp;SDIO_Handler
</UL>
<BR>[Called By]<UL><LI><a href="#[56]">&gt;&gt;</a>&nbsp;&nbsp;&nbsp;SDIO_Handler
</UL>
<BR>[Address Reference Count : 1]<UL><LI> startup_swm341.o(RESET)
</UL>
<P><STRONG><a name="[57]"></a>USB_Handler</STRONG> (Thumb, 2 bytes, Stack size 0 bytes, startup_swm341.o(.text))
<BR><BR>[Calls]<UL><LI><a href="#[57]">&gt;&gt;</a>&nbsp;&nbsp;&nbsp;USB_Handler
</UL>
<BR>[Called By]<UL><LI><a href="#[57]">&gt;&gt;</a>&nbsp;&nbsp;&nbsp;USB_Handler
</UL>
<BR>[Address Reference Count : 1]<UL><LI> startup_swm341.o(RESET)
</UL>
<P><STRONG><a name="[58]"></a>CAN1_Handler</STRONG> (Thumb, 2 bytes, Stack size 0 bytes, startup_swm341.o(.text))
<BR><BR>[Calls]<UL><LI><a href="#[58]">&gt;&gt;</a>&nbsp;&nbsp;&nbsp;CAN1_Handler
</UL>
<BR>[Called By]<UL><LI><a href="#[58]">&gt;&gt;</a>&nbsp;&nbsp;&nbsp;CAN1_Handler
</UL>
<BR>[Address Reference Count : 1]<UL><LI> startup_swm341.o(RESET)
</UL>
<P><STRONG><a name="[5a]"></a>BTIMR4_Handler</STRONG> (Thumb, 2 bytes, Stack size 0 bytes, startup_swm341.o(.text))
<BR><BR>[Calls]<UL><LI><a href="#[5a]">&gt;&gt;</a>&nbsp;&nbsp;&nbsp;BTIMR4_Handler
</UL>
<BR>[Called By]<UL><LI><a href="#[5a]">&gt;&gt;</a>&nbsp;&nbsp;&nbsp;BTIMR4_Handler
</UL>
<BR>[Address Reference Count : 1]<UL><LI> startup_swm341.o(RESET)
</UL>
<P><STRONG><a name="[5b]"></a>BTIMR5_Handler</STRONG> (Thumb, 2 bytes, Stack size 0 bytes, startup_swm341.o(.text))
<BR><BR>[Calls]<UL><LI><a href="#[5b]">&gt;&gt;</a>&nbsp;&nbsp;&nbsp;BTIMR5_Handler
</UL>
<BR>[Called By]<UL><LI><a href="#[5b]">&gt;&gt;</a>&nbsp;&nbsp;&nbsp;BTIMR5_Handler
</UL>
<BR>[Address Reference Count : 1]<UL><LI> startup_swm341.o(RESET)
</UL>
<P><STRONG><a name="[5c]"></a>BTIMR6_Handler</STRONG> (Thumb, 2 bytes, Stack size 0 bytes, startup_swm341.o(.text))
<BR><BR>[Calls]<UL><LI><a href="#[5c]">&gt;&gt;</a>&nbsp;&nbsp;&nbsp;BTIMR6_Handler
</UL>
<BR>[Called By]<UL><LI><a href="#[5c]">&gt;&gt;</a>&nbsp;&nbsp;&nbsp;BTIMR6_Handler
</UL>
<BR>[Address Reference Count : 1]<UL><LI> startup_swm341.o(RESET)
</UL>
<P><STRONG><a name="[5d]"></a>BTIMR7_Handler</STRONG> (Thumb, 2 bytes, Stack size 0 bytes, startup_swm341.o(.text))
<BR><BR>[Calls]<UL><LI><a href="#[5d]">&gt;&gt;</a>&nbsp;&nbsp;&nbsp;BTIMR7_Handler
</UL>
<BR>[Called By]<UL><LI><a href="#[5d]">&gt;&gt;</a>&nbsp;&nbsp;&nbsp;BTIMR7_Handler
</UL>
<BR>[Address Reference Count : 1]<UL><LI> startup_swm341.o(RESET)
</UL>
<P><STRONG><a name="[5e]"></a>BTIMR8_Handler</STRONG> (Thumb, 2 bytes, Stack size 0 bytes, startup_swm341.o(.text))
<BR><BR>[Calls]<UL><LI><a href="#[5e]">&gt;&gt;</a>&nbsp;&nbsp;&nbsp;BTIMR8_Handler
</UL>
<BR>[Called By]<UL><LI><a href="#[5e]">&gt;&gt;</a>&nbsp;&nbsp;&nbsp;BTIMR8_Handler
</UL>
<BR>[Address Reference Count : 1]<UL><LI> startup_swm341.o(RESET)
</UL>
<P><STRONG><a name="[5f]"></a>BTIMR9_Handler</STRONG> (Thumb, 2 bytes, Stack size 0 bytes, startup_swm341.o(.text))
<BR><BR>[Calls]<UL><LI><a href="#[5f]">&gt;&gt;</a>&nbsp;&nbsp;&nbsp;BTIMR9_Handler
</UL>
<BR>[Called By]<UL><LI><a href="#[5f]">&gt;&gt;</a>&nbsp;&nbsp;&nbsp;BTIMR9_Handler
</UL>
<BR>[Address Reference Count : 1]<UL><LI> startup_swm341.o(RESET)
</UL>
<P><STRONG><a name="[60]"></a>BTIMR10_Handler</STRONG> (Thumb, 2 bytes, Stack size 0 bytes, startup_swm341.o(.text))
<BR><BR>[Calls]<UL><LI><a href="#[60]">&gt;&gt;</a>&nbsp;&nbsp;&nbsp;BTIMR10_Handler
</UL>
<BR>[Called By]<UL><LI><a href="#[60]">&gt;&gt;</a>&nbsp;&nbsp;&nbsp;BTIMR10_Handler
</UL>
<BR>[Address Reference Count : 1]<UL><LI> startup_swm341.o(RESET)
</UL>
<P><STRONG><a name="[61]"></a>BTIMR11_Handler</STRONG> (Thumb, 2 bytes, Stack size 0 bytes, startup_swm341.o(.text))
<BR><BR>[Calls]<UL><LI><a href="#[61]">&gt;&gt;</a>&nbsp;&nbsp;&nbsp;BTIMR11_Handler
</UL>
<BR>[Called By]<UL><LI><a href="#[61]">&gt;&gt;</a>&nbsp;&nbsp;&nbsp;BTIMR11_Handler
</UL>
<BR>[Address Reference Count : 1]<UL><LI> startup_swm341.o(RESET)
</UL>
<P><STRONG><a name="[62]"></a>DMA2D_Handler</STRONG> (Thumb, 2 bytes, Stack size 0 bytes, startup_swm341.o(.text))
<BR><BR>[Calls]<UL><LI><a href="#[62]">&gt;&gt;</a>&nbsp;&nbsp;&nbsp;DMA2D_Handler
</UL>
<BR>[Called By]<UL><LI><a href="#[62]">&gt;&gt;</a>&nbsp;&nbsp;&nbsp;DMA2D_Handler
</UL>
<BR>[Address Reference Count : 1]<UL><LI> startup_swm341.o(RESET)
</UL>
<P><STRONG><a name="[63]"></a>QEI_Handler</STRONG> (Thumb, 2 bytes, Stack size 0 bytes, startup_swm341.o(.text))
<BR><BR>[Calls]<UL><LI><a href="#[63]">&gt;&gt;</a>&nbsp;&nbsp;&nbsp;QEI_Handler
</UL>
<BR>[Called By]<UL><LI><a href="#[63]">&gt;&gt;</a>&nbsp;&nbsp;&nbsp;QEI_Handler
</UL>
<BR>[Address Reference Count : 1]<UL><LI> startup_swm341.o(RESET)
</UL>
<P><STRONG><a name="[bc]"></a>GT_Font_Init</STRONG> (Thumb, 322 bytes, Stack size 176 bytes, gt_gui_driver.o(.text))
<BR><BR>[Stack]<UL><LI>Max Depth = 600<LI>Call Chain = GT_Font_Init &rArr; MD5Final &rArr; MD5Update &rArr; MD5Transform
</UL>
<BR>[Calls]<UL><LI><a href="#[bd]">&gt;&gt;</a>&nbsp;&nbsp;&nbsp;gt_read_data
<LI><a href="#[c2]">&gt;&gt;</a>&nbsp;&nbsp;&nbsp;memcmp
<LI><a href="#[be]">&gt;&gt;</a>&nbsp;&nbsp;&nbsp;__aeabi_memclr
<LI><a href="#[c0]">&gt;&gt;</a>&nbsp;&nbsp;&nbsp;MD5Update
<LI><a href="#[bf]">&gt;&gt;</a>&nbsp;&nbsp;&nbsp;MD5Init
<LI><a href="#[c1]">&gt;&gt;</a>&nbsp;&nbsp;&nbsp;MD5Final
</UL>
<BR>[Called By]<UL><LI><a href="#[64]">&gt;&gt;</a>&nbsp;&nbsp;&nbsp;main
</UL>

<P><STRONG><a name="[233]"></a>GT_Set_Chinese_Charset_Type</STRONG> (Thumb, 12 bytes, Stack size 0 bytes, gt_gui_driver.o(.text), UNUSED)

<P><STRONG><a name="[c6]"></a>GT_Get_Chinese_Charset_Type</STRONG> (Thumb, 12 bytes, Stack size 0 bytes, gt_gui_driver.o(.text))
<BR><BR>[Called By]<UL><LI><a href="#[ac]">&gt;&gt;</a>&nbsp;&nbsp;&nbsp;GT_GetChinese
</UL>

<P><STRONG><a name="[ac]"></a>GT_GetChinese</STRONG> (Thumb, 80 bytes, Stack size 16 bytes, gt_gui_driver.o(.text))
<BR><BR>[Stack]<UL><LI>Max Depth = 64<LI>Call Chain = GT_GetChinese &rArr; UnicodeToGBK &rArr; r_dat_bat &rArr; __aeabi_memcpy4
</UL>
<BR>[Calls]<UL><LI><a href="#[c9]">&gt;&gt;</a>&nbsp;&nbsp;&nbsp;r_dat_bat
<LI><a href="#[c7]">&gt;&gt;</a>&nbsp;&nbsp;&nbsp;UnicodeToGBK
<LI><a href="#[c6]">&gt;&gt;</a>&nbsp;&nbsp;&nbsp;GT_Get_Chinese_Charset_Type
<LI><a href="#[c8]">&gt;&gt;</a>&nbsp;&nbsp;&nbsp;GB2312Offset
</UL>
<BR>[Address Reference Count : 1]<UL><LI> gt_gui_driver.o(.rodata.gt_get_font_func)
</UL>
<P><STRONG><a name="[c7]"></a>UnicodeToGBK</STRONG> (Thumb, 172 bytes, Stack size 16 bytes, gt_gui_driver.o(.text))
<BR><BR>[Stack]<UL><LI>Max Depth = 48<LI>Call Chain = UnicodeToGBK &rArr; r_dat_bat &rArr; __aeabi_memcpy4
</UL>
<BR>[Calls]<UL><LI><a href="#[c9]">&gt;&gt;</a>&nbsp;&nbsp;&nbsp;r_dat_bat
</UL>
<BR>[Called By]<UL><LI><a href="#[ac]">&gt;&gt;</a>&nbsp;&nbsp;&nbsp;GT_GetChinese
</UL>

<P><STRONG><a name="[ca]"></a>GBKToUnicode</STRONG> (Thumb, 282 bytes, Stack size 16 bytes, gt_gui_driver.o(.text), UNUSED)
<BR><BR>[Calls]<UL><LI><a href="#[c9]">&gt;&gt;</a>&nbsp;&nbsp;&nbsp;r_dat_bat
</UL>

<P><STRONG><a name="[234]"></a>GT_Get_Font_Width</STRONG> (Thumb, 10 bytes, Stack size 0 bytes, gt_gui_driver.o(.text), UNUSED)

<P><STRONG><a name="[235]"></a>GT_Get_Font_Height</STRONG> (Thumb, 10 bytes, Stack size 0 bytes, gt_gui_driver.o(.text), UNUSED)

<P><STRONG><a name="[236]"></a>GT_Check_Is_Vec</STRONG> (Thumb, 4 bytes, Stack size 0 bytes, gt_gui_driver.o(.text), UNUSED)

<P><STRONG><a name="[cc]"></a>GT_Get_Font_Func_S</STRONG> (Thumb, 44 bytes, Stack size 0 bytes, gt_gui_driver.o(.text), UNUSED)
<BR><BR>[Called By]<UL><LI><a href="#[cb]">&gt;&gt;</a>&nbsp;&nbsp;&nbsp;GT_Get_Font_Type
</UL>

<P><STRONG><a name="[cb]"></a>GT_Get_Font_Type</STRONG> (Thumb, 16 bytes, Stack size 8 bytes, gt_gui_driver.o(.text), UNUSED)
<BR><BR>[Calls]<UL><LI><a href="#[cc]">&gt;&gt;</a>&nbsp;&nbsp;&nbsp;GT_Get_Font_Func_S
</UL>

<P><STRONG><a name="[237]"></a>GT_Font_Code_Transform</STRONG> (Thumb, 24 bytes, Stack size 0 bytes, gt_gui_driver.o(.text), UNUSED)

<P><STRONG><a name="[238]"></a>GT_Get_Font_Convertor_Data</STRONG> (Thumb, 24 bytes, Stack size 0 bytes, gt_gui_driver.o(.text), UNUSED)

<P><STRONG><a name="[1bf]"></a>tolower</STRONG> (Thumb, 12 bytes, Stack size 0 bytes, tolower.o(.text))
<BR><BR>[Called By]<UL><LI><a href="#[125]">&gt;&gt;</a>&nbsp;&nbsp;&nbsp;gt_fs_read_img_wh
<LI><a href="#[141]">&gt;&gt;</a>&nbsp;&nbsp;&nbsp;gt_fs_open
</UL>

<P><STRONG><a name="[239]"></a>___aeabi_memcpy8$move</STRONG> (Thumb, 0 bytes, Stack size 8 bytes, memmovea.o(.text), UNUSED)

<P><STRONG><a name="[c3]"></a>__aeabi_memcpy</STRONG> (Thumb, 64 bytes, Stack size 8 bytes, memmovea.o(.text))
<BR><BR>[Stack]<UL><LI>Max Depth = 8<LI>Call Chain = __aeabi_memcpy
</UL>
<BR>[Called By]<UL><LI><a href="#[c9]">&gt;&gt;</a>&nbsp;&nbsp;&nbsp;r_dat_bat
<LI><a href="#[94]">&gt;&gt;</a>&nbsp;&nbsp;&nbsp;spi_wr
<LI><a href="#[91]">&gt;&gt;</a>&nbsp;&nbsp;&nbsp;_flush_cb
<LI><a href="#[156]">&gt;&gt;</a>&nbsp;&nbsp;&nbsp;gt_memcpy
<LI><a href="#[20d]">&gt;&gt;</a>&nbsp;&nbsp;&nbsp;lodepng_decode
<LI><a href="#[20c]">&gt;&gt;</a>&nbsp;&nbsp;&nbsp;lodepng_convert
<LI><a href="#[212]">&gt;&gt;</a>&nbsp;&nbsp;&nbsp;readChunk_zTXt
<LI><a href="#[215]">&gt;&gt;</a>&nbsp;&nbsp;&nbsp;readChunk_tEXt
<LI><a href="#[211]">&gt;&gt;</a>&nbsp;&nbsp;&nbsp;readChunk_iTXt
<LI><a href="#[21b]">&gt;&gt;</a>&nbsp;&nbsp;&nbsp;lodepng_inflatev
<LI><a href="#[20b]">&gt;&gt;</a>&nbsp;&nbsp;&nbsp;lodepng_add_text_sized
<LI><a href="#[20a]">&gt;&gt;</a>&nbsp;&nbsp;&nbsp;lodepng_add_itext_sized
<LI><a href="#[c0]">&gt;&gt;</a>&nbsp;&nbsp;&nbsp;MD5Update
</UL>

<P><STRONG><a name="[224]"></a>__aeabi_memcpy4</STRONG> (Thumb, 0 bytes, Stack size 8 bytes, memmovea.o(.text))
<BR><BR>[Stack]<UL><LI>Max Depth = 8<LI>Call Chain = __aeabi_memcpy4
</UL>
<BR>[Called By]<UL><LI><a href="#[c9]">&gt;&gt;</a>&nbsp;&nbsp;&nbsp;r_dat_bat
<LI><a href="#[94]">&gt;&gt;</a>&nbsp;&nbsp;&nbsp;spi_wr
</UL>

<P><STRONG><a name="[1e2]"></a>__aeabi_memmove</STRONG> (Thumb, 0 bytes, Stack size 8 bytes, memmovea.o(.text))
<BR><BR>[Stack]<UL><LI>Max Depth = 8<LI>Call Chain = __aeabi_memmove
</UL>
<BR>[Called By]<UL><LI><a href="#[148]">&gt;&gt;</a>&nbsp;&nbsp;&nbsp;gt_memmove
</UL>

<P><STRONG><a name="[23a]"></a>__aeabi_memmove4</STRONG> (Thumb, 0 bytes, Stack size 8 bytes, memmovea.o(.text), UNUSED)

<P><STRONG><a name="[23b]"></a>__aeabi_memmove8</STRONG> (Thumb, 0 bytes, Stack size 8 bytes, memmovea.o(.text), UNUSED)

<P><STRONG><a name="[ce]"></a>__aeabi_memset</STRONG> (Thumb, 14 bytes, Stack size 0 bytes, memseta.o(.text))
<BR><BR>[Called By]<UL><LI><a href="#[120]">&gt;&gt;</a>&nbsp;&nbsp;&nbsp;gt_memset
<LI><a href="#[cf]">&gt;&gt;</a>&nbsp;&nbsp;&nbsp;_memset$wrapper
<LI><a href="#[be]">&gt;&gt;</a>&nbsp;&nbsp;&nbsp;__aeabi_memclr
</UL>

<P><STRONG><a name="[23c]"></a>__aeabi_memset4</STRONG> (Thumb, 0 bytes, Stack size 0 bytes, memseta.o(.text), UNUSED)

<P><STRONG><a name="[23d]"></a>__aeabi_memset8</STRONG> (Thumb, 0 bytes, Stack size 0 bytes, memseta.o(.text), UNUSED)

<P><STRONG><a name="[be]"></a>__aeabi_memclr</STRONG> (Thumb, 4 bytes, Stack size 0 bytes, memseta.o(.text))
<BR><BR>[Calls]<UL><LI><a href="#[ce]">&gt;&gt;</a>&nbsp;&nbsp;&nbsp;__aeabi_memset
</UL>
<BR>[Called By]<UL><LI><a href="#[bc]">&gt;&gt;</a>&nbsp;&nbsp;&nbsp;GT_Font_Init
<LI><a href="#[13e]">&gt;&gt;</a>&nbsp;&nbsp;&nbsp;gt_memset_0
<LI><a href="#[20d]">&gt;&gt;</a>&nbsp;&nbsp;&nbsp;lodepng_decode
<LI><a href="#[20c]">&gt;&gt;</a>&nbsp;&nbsp;&nbsp;lodepng_convert
<LI><a href="#[21b]">&gt;&gt;</a>&nbsp;&nbsp;&nbsp;lodepng_inflatev
<LI><a href="#[f1]">&gt;&gt;</a>&nbsp;&nbsp;&nbsp;HuffmanTree_makeFromLengths
</UL>

[...]
<LI><a href="#[122]">&gt;&gt;</a>&nbsp;&nbsp;&nbsp;gt_event_send
<LI><a href="#[124]">&gt;&gt;</a>&nbsp;&nbsp;&nbsp;gt_event_get_code
<LI><a href="#[10d]">&gt;&gt;</a>&nbsp;&nbsp;&nbsp;gt_disp_invalid_area
<LI><a href="#[127]">&gt;&gt;</a>&nbsp;&nbsp;&nbsp;_gt_vector_turn_next
<LI><a href="#[128]">&gt;&gt;</a>&nbsp;&nbsp;&nbsp;_gt_vector_get_item
</UL>
<BR>[Address Reference Count : 1]<UL><LI> gt_imgbtn.o(.rodata.gt_imgbtn_class)
</UL>
<P><STRONG><a name="[77]"></a>_imgs_equal_cb</STRONG> (Thumb, 18 bytes, Stack size 8 bytes, gt_imgbtn.o(.text._imgs_equal_cb))
<BR><BR>[Stack]<UL><LI>Max Depth = 16<LI>Call Chain = _imgs_equal_cb &rArr; strcmp
</UL>
<BR>[Calls]<UL><LI><a href="#[11d]">&gt;&gt;</a>&nbsp;&nbsp;&nbsp;strcmp
</UL>
<BR>[Address Reference Count : 1]<UL><LI> gt_imgbtn.o(.text.gt_imgbtn_create)
</UL>
<P><STRONG><a name="[78]"></a>_imgs_free_cb</STRONG> (Thumb, 30 bytes, Stack size 8 bytes, gt_imgbtn.o(.text._imgs_free_cb))
<BR><BR>[Stack]<UL><LI>Max Depth = 24<LI>Call Chain = _imgs_free_cb &rArr; _mem_free &rArr; gt_tlsf_free
</UL>
<BR>[Calls]<UL><LI><a href="#[f3]">&gt;&gt;</a>&nbsp;&nbsp;&nbsp;_mem_free
</UL>
<BR>[Address Reference Count : 1]<UL><LI> gt_imgbtn.o(.text.gt_imgbtn_create)
</UL>
<P><STRONG><a name="[b0]"></a>_init_cb</STRONG> (Thumb, 80 bytes, Stack size 48 bytes, gt_imgbtn.o(.text._init_cb))
<BR><BR>[Stack]<UL><LI>Max Depth = 408<LI>Call Chain = _init_cb &rArr; draw_focus &rArr; draw_bg &rArr; gt_draw_blend &rArr; gt_draw_blend_with_rgb565_opacity
</UL>
<BR>[Calls]<UL><LI><a href="#[167]">&gt;&gt;</a>&nbsp;&nbsp;&nbsp;draw_focus
<LI><a href="#[166]">&gt;&gt;</a>&nbsp;&nbsp;&nbsp;draw_bg_img
</UL>
<BR>[Address Reference Count : 1]<UL><LI> gt_imgbtn.o(.rodata.gt_imgbtn_class)
</UL>
<P><STRONG><a name="[b3]"></a>_init_cb</STRONG> (Thumb, 354 bytes, Stack size 64 bytes, gt_obj.o(.text._init_cb))
<BR><BR>[Stack]<UL><LI>Max Depth = 368<LI>Call Chain = _init_cb &rArr; draw_bg &rArr; gt_draw_blend &rArr; gt_draw_blend_with_rgb565_opacity
</UL>
<BR>[Calls]<UL><LI><a href="#[16b]">&gt;&gt;</a>&nbsp;&nbsp;&nbsp;gt_obj_get_state
<LI><a href="#[16c]">&gt;&gt;</a>&nbsp;&nbsp;&nbsp;gt_obj_get_septal_line
<LI><a href="#[16a]">&gt;&gt;</a>&nbsp;&nbsp;&nbsp;gt_obj_get_mask_effect
<LI><a href="#[168]">&gt;&gt;</a>&nbsp;&nbsp;&nbsp;gt_graph_init_rect_attr
<LI><a href="#[169]">&gt;&gt;</a>&nbsp;&nbsp;&nbsp;draw_bg
<LI><a href="#[119]">&gt;&gt;</a>&nbsp;&nbsp;&nbsp;gt_obj_get_reduce
<LI><a href="#[10c]">&gt;&gt;</a>&nbsp;&nbsp;&nbsp;gt_obj_is_type
</UL>
<BR>[Address Reference Count : 1]<UL><LI> gt_obj.o(.rodata.gt_obj_class)
</UL>
<P><STRONG><a name="[b4]"></a>_obj_event_cb</STRONG> (Thumb, 220 bytes, Stack size 8 bytes, gt_obj.o(.text._obj_event_cb))
<BR><BR>[Stack]<UL><LI>Max Depth = 112<LI>Call Chain = _obj_event_cb &rArr; gt_disp_invalid_area &rArr; _gt_disp_refr_append_area &rArr; gt_area_join
</UL>
<BR>[Calls]<UL><LI><a href="#[171]">&gt;&gt;</a>&nbsp;&nbsp;&nbsp;gt_obj_set_state
<LI><a href="#[170]">&gt;&gt;</a>&nbsp;&nbsp;&nbsp;gt_obj_get_trigger_mode
<LI><a href="#[16b]">&gt;&gt;</a>&nbsp;&nbsp;&nbsp;gt_obj_get_state
<LI><a href="#[16a]">&gt;&gt;</a>&nbsp;&nbsp;&nbsp;gt_obj_get_mask_effect
<LI><a href="#[122]">&gt;&gt;</a>&nbsp;&nbsp;&nbsp;gt_event_send
<LI><a href="#[124]">&gt;&gt;</a>&nbsp;&nbsp;&nbsp;gt_event_get_code
<LI><a href="#[10d]">&gt;&gt;</a>&nbsp;&nbsp;&nbsp;gt_disp_invalid_area
</UL>
<BR>[Address Reference Count : 1]<UL><LI> gt_obj.o(.rodata.gt_obj_class)
</UL>
<P><STRONG><a name="[b9]"></a>_screen_event_cb</STRONG> (Thumb, 328 bytes, Stack size 16 bytes, gt_obj.o(.text._screen_event_cb))
<BR><BR>[Stack]<UL><LI>Max Depth = 224<LI>Call Chain = _screen_event_cb &rArr; gt_obj_scroll_to_y &rArr; gt_obj_scroll_to &rArr; gt_event_send &rArr; gt_obj_is_bubble_notify &rArr; __2printf
</UL>
<BR>[Calls]<UL><LI><a href="#[17f]">&gt;&gt;</a>&nbsp;&nbsp;&nbsp;gt_obj_scroll_to_y
<LI><a href="#[180]">&gt;&gt;</a>&nbsp;&nbsp;&nbsp;gt_obj_scroll_to_x
<LI><a href="#[122]">&gt;&gt;</a>&nbsp;&nbsp;&nbsp;gt_event_send
<LI><a href="#[124]">&gt;&gt;</a>&nbsp;&nbsp;&nbsp;gt_event_get_code
<LI><a href="#[181]">&gt;&gt;</a>&nbsp;&nbsp;&nbsp;gt_disp_scroll_area_act
<LI><a href="#[17c]">&gt;&gt;</a>&nbsp;&nbsp;&nbsp;gt_disp_get_res_ver
<LI><a href="#[17b]">&gt;&gt;</a>&nbsp;&nbsp;&nbsp;gt_disp_get_res_hor
<LI><a href="#[17e]">&gt;&gt;</a>&nbsp;&nbsp;&nbsp;gt_disp_get_area_max
<LI><a href="#[182]">&gt;&gt;</a>&nbsp;&nbsp;&nbsp;gt_disp_get_area_act
<LI><a href="#[10c]">&gt;&gt;</a>&nbsp;&nbsp;&nbsp;gt_obj_is_type
</UL>
<BR>[Address Reference Count : 1]<UL><LI> gt_obj.o(.rodata.gt_screen_class)
</UL>
<P><STRONG><a name="[121]"></a>_destroy_and_free_children</STRONG> (Thumb, 310 bytes, Stack size 24 bytes, gt_obj_class.o(.text._destroy_and_free_children))
<BR><BR>[Stack]<UL><LI>Max Depth = 120 + In Cycle
<LI>Call Chain = _destroy_and_free_children &rArr;  _destroy_and_free_children (Cycle)
</UL>
<BR>[Calls]<UL><LI><a href="#[123]">&gt;&gt;</a>&nbsp;&nbsp;&nbsp;_gt_indev_remove_want_delate_target
<LI><a href="#[122]">&gt;&gt;</a>&nbsp;&nbsp;&nbsp;gt_event_send
<LI><a href="#[f3]">&gt;&gt;</a>&nbsp;&nbsp;&nbsp;_mem_free
<LI><a href="#[121]">&gt;&gt;</a>&nbsp;&nbsp;&nbsp;_destroy_and_free_children
</UL>
<BR>[Called By]<UL><LI><a href="#[12a]">&gt;&gt;</a>&nbsp;&nbsp;&nbsp;_gt_obj_class_destroy
<LI><a href="#[121]">&gt;&gt;</a>&nbsp;&nbsp;&nbsp;_destroy_and_free_children
</UL>

<P><STRONG><a name="[8c]"></a>_auto_play_callback</STRONG> (Thumb, 132 bytes, Stack size 16 bytes, gt_player.o(.text._auto_play_callback))
<BR><BR>[Stack]<UL><LI>Max Depth = 152<LI>Call Chain = _auto_play_callback &rArr; _turn_prev_item &rArr; _turn_next_item &rArr; gt_disp_invalid_area &rArr; _gt_disp_refr_append_area &rArr; gt_area_join
</UL>
<BR>[Calls]<UL><LI><a href="#[112]">&gt;&gt;</a>&nbsp;&nbsp;&nbsp;gt_tick_get
<LI><a href="#[10d]">&gt;&gt;</a>&nbsp;&nbsp;&nbsp;gt_disp_invalid_area
<LI><a href="#[10e]">&gt;&gt;</a>&nbsp;&nbsp;&nbsp;gt_tick_elapse
<LI><a href="#[10b]">&gt;&gt;</a>&nbsp;&nbsp;&nbsp;_gt_timer_get_user_data
<LI><a href="#[10f]">&gt;&gt;</a>&nbsp;&nbsp;&nbsp;_gt_timer_get_period
<LI><a href="#[10c]">&gt;&gt;</a>&nbsp;&nbsp;&nbsp;gt_obj_is_type
<LI><a href="#[110]">&gt;&gt;</a>&nbsp;&nbsp;&nbsp;_turn_prev_item
<LI><a href="#[111]">&gt;&gt;</a>&nbsp;&nbsp;&nbsp;_turn_next_item
</UL>
<BR>[Address Reference Count : 1]<UL><LI> gt_player.o(.text.gt_player_create)
</UL>
<P><STRONG><a name="[b6]"></a>_deinit_cb</STRONG> (Thumb, 170 bytes, Stack size 32 bytes, gt_player.o(.text._deinit_cb))
<BR><BR>[Stack]<UL><LI>Max Depth = 72<LI>Call Chain = _deinit_cb &rArr; _gt_timer_del &rArr; __2printf
</UL>
<BR>[Calls]<UL><LI><a href="#[120]">&gt;&gt;</a>&nbsp;&nbsp;&nbsp;gt_memset
<LI><a href="#[f3]">&gt;&gt;</a>&nbsp;&nbsp;&nbsp;_mem_free
<LI><a href="#[11f]">&gt;&gt;</a>&nbsp;&nbsp;&nbsp;_gt_timer_del
</UL>
<BR>[Address Reference Count : 1]<UL><LI> gt_player.o(.rodata.gt_player_class)
</UL>
<P><STRONG><a name="[b7]"></a>_event_cb</STRONG> (Thumb, 28 bytes, Stack size 8 bytes, gt_player.o(.text._event_cb))
<BR><BR>[Stack]<UL><LI>Max Depth = 112<LI>Call Chain = _event_cb &rArr; gt_disp_invalid_area &rArr; _gt_disp_refr_append_area &rArr; gt_area_join
</UL>
<BR>[Calls]<UL><LI><a href="#[124]">&gt;&gt;</a>&nbsp;&nbsp;&nbsp;gt_event_get_code
<LI><a href="#[10d]">&gt;&gt;</a>&nbsp;&nbsp;&nbsp;gt_disp_invalid_area
</UL>
<BR>[Address Reference Count : 1]<UL><LI> gt_player.o(.rodata.gt_player_class)
</UL>
<P><STRONG><a name="[b5]"></a>_init_cb</STRONG> (Thumb, 100 bytes, Stack size 48 bytes, gt_player.o(.text._init_cb))
<BR><BR>[Stack]<UL><LI>Max Depth = 408<LI>Call Chain = _init_cb &rArr; draw_focus &rArr; draw_bg &rArr; gt_draw_blend &rArr; gt_draw_blend_with_rgb565_opacity
</UL>
<BR>[Calls]<UL><LI><a href="#[167]">&gt;&gt;</a>&nbsp;&nbsp;&nbsp;draw_focus
<LI><a href="#[166]">&gt;&gt;</a>&nbsp;&nbsp;&nbsp;draw_bg_img
</UL>
<BR>[Address Reference Count : 1]<UL><LI> gt_player.o(.rodata.gt_player_class)
</UL>
<P><STRONG><a name="[111]"></a>_turn_next_item</STRONG> (Thumb, 292 bytes, Stack size 16 bytes, gt_player.o(.text._turn_next_item))
<BR><BR>[Stack]<UL><LI>Max Depth = 120<LI>Call Chain = _turn_next_item &rArr; gt_disp_invalid_area &rArr; _gt_disp_refr_append_area &rArr; gt_area_join
</UL>
<BR>[Calls]<UL><LI><a href="#[125]">&gt;&gt;</a>&nbsp;&nbsp;&nbsp;gt_fs_read_img_wh
<LI><a href="#[10d]">&gt;&gt;</a>&nbsp;&nbsp;&nbsp;gt_disp_invalid_area
<LI><a href="#[12d]">&gt;&gt;</a>&nbsp;&nbsp;&nbsp;_gt_timer_set_paused
<LI><a href="#[11f]">&gt;&gt;</a>&nbsp;&nbsp;&nbsp;_gt_timer_del
</UL>
<BR>[Called By]<UL><LI><a href="#[1e8]">&gt;&gt;</a>&nbsp;&nbsp;&nbsp;gt_player_turn_next
<LI><a href="#[110]">&gt;&gt;</a>&nbsp;&nbsp;&nbsp;_turn_prev_item
<LI><a href="#[8c]">&gt;&gt;</a>&nbsp;&nbsp;&nbsp;_auto_play_callback
</UL>

<P><STRONG><a name="[110]"></a>_turn_prev_item</STRONG> (Thumb, 288 bytes, Stack size 16 bytes, gt_player.o(.text._turn_prev_item))
<BR><BR>[Stack]<UL><LI>Max Depth = 136<LI>Call Chain = _turn_prev_item &rArr; _turn_next_item &rArr; gt_disp_invalid_area &rArr; _gt_disp_refr_append_area &rArr; gt_area_join
</UL>
<BR>[Calls]<UL><LI><a href="#[125]">&gt;&gt;</a>&nbsp;&nbsp;&nbsp;gt_fs_read_img_wh
<LI><a href="#[10d]">&gt;&gt;</a>&nbsp;&nbsp;&nbsp;gt_disp_invalid_area
<LI><a href="#[12d]">&gt;&gt;</a>&nbsp;&nbsp;&nbsp;_gt_timer_set_paused
<LI><a href="#[11f]">&gt;&gt;</a>&nbsp;&nbsp;&nbsp;_gt_timer_del
<LI><a href="#[111]">&gt;&gt;</a>&nbsp;&nbsp;&nbsp;_turn_next_item
</UL>
<BR>[Called By]<UL><LI><a href="#[1e9]">&gt;&gt;</a>&nbsp;&nbsp;&nbsp;gt_player_turn_prev
<LI><a href="#[8c]">&gt;&gt;</a>&nbsp;&nbsp;&nbsp;_auto_play_callback
</UL>

<P><STRONG><a name="[84]"></a>imgbtn10_0_cb</STRONG> (Thumb, 14 bytes, Stack size 0 bytes, gt_init_screen_home.o(.text.imgbtn10_0_cb))
<BR><BR>[Stack]<UL><LI>Max Depth = 128<LI>Call Chain = imgbtn10_0_cb &rArr; gt_player_turn_next &rArr; _turn_next_item &rArr; gt_disp_invalid_area &rArr; _gt_disp_refr_append_area &rArr; gt_area_join
</UL>
<BR>[Calls]<UL><LI><a href="#[1e8]">&gt;&gt;</a>&nbsp;&nbsp;&nbsp;gt_player_turn_next
</UL>
<BR>[Address Reference Count : 1]<UL><LI> gt_init_screen_home.o(.text.gt_init_screen_home)
</UL>
<P><STRONG><a name="[85]"></a>imgbtn11_0_cb</STRONG> (Thumb, 14 bytes, Stack size 0 bytes, gt_init_screen_home.o(.text.imgbtn11_0_cb))
<BR><BR>[Stack]<UL><LI>Max Depth = 128<LI>Call Chain = imgbtn11_0_cb &rArr; gt_player_turn_next &rArr; _turn_next_item &rArr; gt_disp_invalid_area &rArr; _gt_disp_refr_append_area &rArr; gt_area_join
</UL>
<BR>[Calls]<UL><LI><a href="#[1e8]">&gt;&gt;</a>&nbsp;&nbsp;&nbsp;gt_player_turn_next
</UL>
<BR>[Address Reference Count : 1]<UL><LI> gt_init_screen_home.o(.text.gt_init_screen_home)
</UL>
<P><STRONG><a name="[86]"></a>imgbtn12_0_cb</STRONG> (Thumb, 14 bytes, Stack size 0 bytes, gt_init_screen_home.o(.text.imgbtn12_0_cb))
<BR><BR>[Stack]<UL><LI>Max Depth = 144<LI>Call Chain = imgbtn12_0_cb &rArr; gt_player_turn_prev &rArr; _turn_prev_item &rArr; _turn_next_item &rArr; gt_disp_invalid_area &rArr; _gt_disp_refr_append_area &rArr; gt_area_join
</UL>
<BR>[Calls]<UL><LI><a href="#[1e9]">&gt;&gt;</a>&nbsp;&nbsp;&nbsp;gt_player_turn_prev
</UL>
<BR>[Address Reference Count : 1]<UL><LI> gt_init_screen_home.o(.text.gt_init_screen_home)
</UL>
<P><STRONG><a name="[87]"></a>imgbtn13_0_cb</STRONG> (Thumb, 14 bytes, Stack size 0 bytes, gt_init_screen_home.o(.text.imgbtn13_0_cb))
<BR><BR>[Stack]<UL><LI>Max Depth = 128<LI>Call Chain = imgbtn13_0_cb &rArr; gt_player_turn_next &rArr; _turn_next_item &rArr; gt_disp_invalid_area &rArr; _gt_disp_refr_append_area &rArr; gt_area_join
</UL>
<BR>[Calls]<UL><LI><a href="#[1e8]">&gt;&gt;</a>&nbsp;&nbsp;&nbsp;gt_player_turn_next
</UL>
<BR>[Address Reference Count : 1]<UL><LI> gt_init_screen_home.o(.text.gt_init_screen_home)
</UL>
<P><STRONG><a name="[7c]"></a>imgbtn1_0_cb</STRONG> (Thumb, 14 bytes, Stack size 0 bytes, gt_init_screen_home.o(.text.imgbtn1_0_cb))
<BR><BR>[Stack]<UL><LI>Max Depth = 128<LI>Call Chain = imgbtn1_0_cb &rArr; gt_player_turn_next &rArr; _turn_next_item &rArr; gt_disp_invalid_area &rArr; _gt_disp_refr_append_area &rArr; gt_area_join
</UL>
<BR>[Calls]<UL><LI><a href="#[1e8]">&gt;&gt;</a>&nbsp;&nbsp;&nbsp;gt_player_turn_next
</UL>
<BR>[Address Reference Count : 1]<UL><LI> gt_init_screen_home.o(.text.gt_init_screen_home)
</UL>
<P><STRONG><a name="[7d]"></a>imgbtn1_1_cb</STRONG> (Thumb, 14 bytes, Stack size 0 bytes, gt_init_screen_home.o(.text.imgbtn1_1_cb))
<BR><BR>[Stack]<UL><LI>Max Depth = 128<LI>Call Chain = imgbtn1_1_cb &rArr; gt_player_turn_next &rArr; _turn_next_item &rArr; gt_disp_invalid_area &rArr; _gt_disp_refr_append_area &rArr; gt_area_join
</UL>
<BR>[Calls]<UL><LI><a href="#[1e8]">&gt;&gt;</a>&nbsp;&nbsp;&nbsp;gt_player_turn_next
</UL>
<BR>[Address Reference Count : 1]<UL><LI> gt_init_screen_home.o(.text.gt_init_screen_home)
</UL>
<P><STRONG><a name="[7e]"></a>imgbtn2_0_cb</STRONG> (Thumb, 14 bytes, Stack size 0 bytes, gt_init_screen_home.o(.text.imgbtn2_0_cb))
<BR><BR>[Stack]<UL><LI>Max Depth = 128<LI>Call Chain = imgbtn2_0_cb &rArr; gt_player_turn_next &rArr; _turn_next_item &rArr; gt_disp_invalid_area &rArr; _gt_disp_refr_append_area &rArr; gt_area_join
</UL>
<BR>[Calls]<UL><LI><a href="#[1e8]">&gt;&gt;</a>&nbsp;&nbsp;&nbsp;gt_player_turn_next
</UL>
<BR>[Address Reference Count : 1]<UL><LI> gt_init_screen_home.o(.text.gt_init_screen_home)
</UL>
<P><STRONG><a name="[7f]"></a>imgbtn2_1_cb</STRONG> (Thumb, 14 bytes, Stack size 0 bytes, gt_init_screen_home.o(.text.imgbtn2_1_cb))
<BR><BR>[Stack]<UL><LI>Max Depth = 128<LI>Call Chain = imgbtn2_1_cb &rArr; gt_player_turn_next &rArr; _turn_next_item &rArr; gt_disp_invalid_area &rArr; _gt_disp_refr_append_area &rArr; gt_area_join
</UL>
<BR>[Calls]<UL><LI><a href="#[1e8]">&gt;&gt;</a>&nbsp;&nbsp;&nbsp;gt_player_turn_next
</UL>
<BR>[Address Reference Count : 1]<UL><LI> gt_init_screen_home.o(.text.gt_init_screen_home)
</UL>
<P><STRONG><a name="[80]"></a>imgbtn5_0_cb</STRONG> (Thumb, 14 bytes, Stack size 0 bytes, gt_init_screen_home.o(.text.imgbtn5_0_cb))
<BR><BR>[Stack]<UL><LI>Max Depth = 144<LI>Call Chain = imgbtn5_0_cb &rArr; gt_player_turn_prev &rArr; _turn_prev_item &rArr; _turn_next_item &rArr; gt_disp_invalid_area &rArr; _gt_disp_refr_append_area &rArr; gt_area_join
</UL>
<BR>[Calls]<UL><LI><a href="#[1e9]">&gt;&gt;</a>&nbsp;&nbsp;&nbsp;gt_player_turn_prev
</UL>
<BR>[Address Reference Count : 1]<UL><LI> gt_init_screen_home.o(.text.gt_init_screen_home)
</UL>
<P><STRONG><a name="[81]"></a>imgbtn5_1_cb</STRONG> (Thumb, 14 bytes, Stack size 0 bytes, gt_init_screen_home.o(.text.imgbtn5_1_cb))
<BR><BR>[Stack]<UL><LI>Max Depth = 144<LI>Call Chain = imgbtn5_1_cb &rArr; gt_player_turn_prev &rArr; _turn_prev_item &rArr; _turn_next_item &rArr; gt_disp_invalid_area &rArr; _gt_disp_refr_append_area &rArr; gt_area_join
</UL>
<BR>[Calls]<UL><LI><a href="#[1e9]">&gt;&gt;</a>&nbsp;&nbsp;&nbsp;gt_player_turn_prev
</UL>
<BR>[Address Reference Count : 1]<UL><LI> gt_init_screen_home.o(.text.gt_init_screen_home)
</UL>
<P><STRONG><a name="[82]"></a>imgbtn6_0_cb</STRONG> (Thumb, 14 bytes, Stack size 0 bytes, gt_init_screen_home.o(.text.imgbtn6_0_cb))
<BR><BR>[Stack]<UL><LI>Max Depth = 144<LI>Call Chain = imgbtn6_0_cb &rArr; gt_player_turn_prev &rArr; _turn_prev_item &rArr; _turn_next_item &rArr; gt_disp_invalid_area &rArr; _gt_disp_refr_append_area &rArr; gt_area_join
</UL>
<BR>[Calls]<UL><LI><a href="#[1e9]">&gt;&gt;</a>&nbsp;&nbsp;&nbsp;gt_player_turn_prev
</UL>
<BR>[Address Reference Count : 1]<UL><LI> gt_init_screen_home.o(.text.gt_init_screen_home)
</UL>
<P><STRONG><a name="[83]"></a>imgbtn6_1_cb</STRONG> (Thumb, 14 bytes, Stack size 0 bytes, gt_init_screen_home.o(.text.imgbtn6_1_cb))
<BR><BR>[Stack]<UL><LI>Max Depth = 144<LI>Call Chain = imgbtn6_1_cb &rArr; gt_player_turn_prev &rArr; _turn_prev_item &rArr; _turn_next_item &rArr; gt_disp_invalid_area &rArr; _gt_disp_refr_append_area &rArr; gt_area_join
</UL>
<BR>[Calls]<UL><LI><a href="#[1e9]">&gt;&gt;</a>&nbsp;&nbsp;&nbsp;gt_player_turn_prev
</UL>
<BR>[Address Reference Count : 1]<UL><LI> gt_init_screen_home.o(.text.gt_init_screen_home)
</UL>
<P><STRONG><a name="[c8]"></a>GB2312Offset</STRONG> (Thumb, 88 bytes, Stack size 0 bytes, gt_gui_driver.o(.text))
<BR><BR>[Called By]<UL><LI><a href="#[ac]">&gt;&gt;</a>&nbsp;&nbsp;&nbsp;GT_GetChinese
</UL>

<P><STRONG><a name="[cd]"></a>MD5Decode</STRONG> (Thumb, 24 bytes, Stack size 0 bytes, gt_gui_driver.o(.text))
<BR><BR>[Called By]<UL><LI><a href="#[c4]">&gt;&gt;</a>&nbsp;&nbsp;&nbsp;MD5Transform
</UL>

<P><STRONG><a name="[c5]"></a>MD5Encode</STRONG> (Thumb, 58 bytes, Stack size 16 bytes, gt_gui_driver.o(.text))
<BR><BR>[Stack]<UL><LI>Max Depth = 16<LI>Call Chain = MD5Encode
</UL>
<BR>[Called By]<UL><LI><a href="#[c1]">&gt;&gt;</a>&nbsp;&nbsp;&nbsp;MD5Final
</UL>

<P><STRONG><a name="[c1]"></a>MD5Final</STRONG> (Thumb, 84 bytes, Stack size 32 bytes, gt_gui_driver.o(.text))
<BR><BR>[Stack]<UL><LI>Max Depth = 424<LI>Call Chain = MD5Final &rArr; MD5Update &rArr; MD5Transform
</UL>
<BR>[Calls]<UL><LI><a href="#[c0]">&gt;&gt;</a>&nbsp;&nbsp;&nbsp;MD5Update
<LI><a href="#[c5]">&gt;&gt;</a>&nbsp;&nbsp;&nbsp;MD5Encode
</UL>
<BR>[Called By]<UL><LI><a href="#[bc]">&gt;&gt;</a>&nbsp;&nbsp;&nbsp;GT_Font_Init
</UL>

<P><STRONG><a name="[bf]"></a>MD5Init</STRONG> (Thumb, 48 bytes, Stack size 0 bytes, gt_gui_driver.o(.text))
<BR><BR>[Called By]<UL><LI><a href="#[bc]">&gt;&gt;</a>&nbsp;&nbsp;&nbsp;GT_Font_Init
</UL>

<P><STRONG><a name="[c4]"></a>MD5Transform</STRONG> (Thumb, 1876 bytes, Stack size 360 bytes, gt_gui_driver.o(.text))
<BR><BR>[Stack]<UL><LI>Max Depth = 360<LI>Call Chain = MD5Transform
</UL>
<BR>[Calls]<UL><LI><a href="#[cd]">&gt;&gt;</a>&nbsp;&nbsp;&nbsp;MD5Decode
</UL>
<BR>[Called By]<UL><LI><a href="#[c0]">&gt;&gt;</a>&nbsp;&nbsp;&nbsp;MD5Update
</UL>

<P><STRONG><a name="[c0]"></a>MD5Update</STRONG> (Thumb, 146 bytes, Stack size 32 bytes, gt_gui_driver.o(.text))
<BR><BR>[Stack]<UL><LI>Max Depth = 392<LI>Call Chain = MD5Update &rArr; MD5Transform
</UL>
<BR>[Calls]<UL><LI><a href="#[c3]">&gt;&gt;</a>&nbsp;&nbsp;&nbsp;__aeabi_memcpy
<LI><a href="#[c4]">&gt;&gt;</a>&nbsp;&nbsp;&nbsp;MD5Transform
</UL>
<BR>[Called By]<UL><LI><a href="#[bc]">&gt;&gt;</a>&nbsp;&nbsp;&nbsp;GT_Font_Init
<LI><a href="#[c1]">&gt;&gt;</a>&nbsp;&nbsp;&nbsp;MD5Final
</UL>

<P><STRONG><a name="[228]"></a>_fp_digits</STRONG> (Thumb, 366 bytes, Stack size 64 bytes, printfa.o(i._fp_digits), UNUSED)
<BR><BR>[Calls]<UL><LI><a href="#[d7]">&gt;&gt;</a>&nbsp;&nbsp;&nbsp;__aeabi_dmul
<LI><a href="#[d0]">&gt;&gt;</a>&nbsp;&nbsp;&nbsp;__aeabi_dadd
<LI><a href="#[229]">&gt;&gt;</a>&nbsp;&nbsp;&nbsp;__aeabi_cdrcmple
<LI><a href="#[d8]">&gt;&gt;</a>&nbsp;&nbsp;&nbsp;__aeabi_ddiv
<LI><a href="#[d9]">&gt;&gt;</a>&nbsp;&nbsp;&nbsp;__aeabi_uldivmod
<LI><a href="#[db]">&gt;&gt;</a>&nbsp;&nbsp;&nbsp;__aeabi_d2ulz
</UL>
<BR>[Called By]<UL><LI><a href="#[227]">&gt;&gt;</a>&nbsp;&nbsp;&nbsp;_printf_core
</UL>

<P><STRONG><a name="[227]"></a>_printf_core</STRONG> (Thumb, 1744 bytes, Stack size 136 bytes, printfa.o(i._printf_core), UNUSED)
<BR><BR>[Calls]<UL><LI><a href="#[d9]">&gt;&gt;</a>&nbsp;&nbsp;&nbsp;__aeabi_uldivmod
<LI><a href="#[22c]">&gt;&gt;</a>&nbsp;&nbsp;&nbsp;__aeabi_uidivmod
<LI><a href="#[22a]">&gt;&gt;</a>&nbsp;&nbsp;&nbsp;_printf_pre_padding
<LI><a href="#[22b]">&gt;&gt;</a>&nbsp;&nbsp;&nbsp;_printf_post_padding
<LI><a href="#[228]">&gt;&gt;</a>&nbsp;&nbsp;&nbsp;_fp_digits
</UL>
<BR>[Called By]<UL><LI><a href="#[226]">&gt;&gt;</a>&nbsp;&nbsp;&nbsp;__0printf
</UL>

<P><STRONG><a name="[22b]"></a>_printf_post_padding</STRONG> (Thumb, 36 bytes, Stack size 24 bytes, printfa.o(i._printf_post_padding), UNUSED)
<BR><BR>[Called By]<UL><LI><a href="#[227]">&gt;&gt;</a>&nbsp;&nbsp;&nbsp;_printf_core
</UL>

<P><STRONG><a name="[22a]"></a>_printf_pre_padding</STRONG> (Thumb, 46 bytes, Stack size 24 bytes, printfa.o(i._printf_pre_padding), UNUSED)
<BR><BR>[Called By]<UL><LI><a href="#[227]">&gt;&gt;</a>&nbsp;&nbsp;&nbsp;_printf_core
</UL>
<P>
<H3>
Undefined Global Symbols
</H3><HR></body></html>
