<html>
<body>
<pre>
<h1>礦ision Build Log</h1>
<h2>Tool Versions:</h2>
IDE-Version: μVision V5.34.0.0
Copyright (C) 2021 ARM Ltd and ARM Germany GmbH. All rights reserved.
License Information: XX Z, YY, LIC=ZB4EI-TYS0T-8T23P-MGT9M-W7ZGY-GQRVJ
 
Tool Versions:
Toolchain:       MDK-ARM Plus  Version: 5.34.0.0
Toolchain Path:  D:\Keil_v5\ARM\ARMCLANG\Bin
C Compiler:      ArmClang.exe V6.16
Assembler:       Armasm.exe V6.16
Linker/Locator:  ArmLink.exe V6.16
Library Manager: ArmAr.exe V6.16
Hex Converter:   FromElf.exe V6.16
CPU DLL:         
Dialog DLL:      
Target DLL:      Segger\JL2CM3.dll V2.99.38.0
Dialog DLL:      TCM.DLL V1.48.0.0
 
<h2>Project:</h2>
C:\Users\Z\Desktop\GTC-480800TFT70GP 串口例程(1)\GTC-480800TFT70GP 串口例程\Keil5工程\GTC-480800TFT70GP.uvprojx
Project File Date:  09/14/2024

<h2>Output:</h2>
*** Using Compiler 'V6.16', folder: 'D:\Keil_v5\ARM\ARMCLANG\Bin'
Build target 'SWM341'
compiling main.c...
linking...
Program Size: Code=118052 RO-data=15972 RW-data=152 ZI-data=821544  
FromELF: creating hex file...
After Build - User command #1: fromelf --bin -o "C:\Users\Z\Desktop\GTC-480800TFT70GP 串口例程(1)\GTC-480800TFT70GP 串口例程\Keil5工程\out\hmi_mod_mcu.bin" "C:\Users\Z\Desktop\GTC-480800TFT70GP 串口例程(1)\GTC-480800TFT70GP 串口例程\Keil5工程\out\hmi_mod_mcu.axf"
".\out\hmi_mod_mcu.axf" - 0 Error(s), 0 Warning(s).

<h2>Software Packages used:</h2>

Package Vendor: Synwit
                http://www.synwit.com/pack/Synwit.SWM32_DFP.1.20.8.pack
                Synwit.SWM32_DFP.1.20.8
                Synwit 32bit MCU Device Support

<h2>Collection of Component include folders:</h2>
  C:\Users\Z\AppData\Local\Arm\Packs\Synwit\SWM32_DFP\1.20.8\CSL\SWM341\CMSIS\DeviceSupport

<h2>Collection of Component Files used:</h2>
Build Time Elapsed:  00:00:02
</pre>
</body>
</html>
