Component: ARM Compiler 6.16 Tool: armlink [5dfeaa00]

==============================================================================

Section Cross References

    main.o(.text) refers to swm341_timr.o(.text) for TIMR_INTClr
    main.o(.text) refers to gt_hal_tick.o(.text) for gt_tick_inc
    main.o(.text) refers to memmovea.o(.text) for __aeabi_memcpy4
    main.o(.text) refers to bsp_lcd_rgb.o(.data._LCD_Buffer) for _LCD_Buffer
    main.o(.text) refers to dev_xpt2046.o(.text) for TP_Scan
    main.o(.text) refers to dev_xpt2046.o(.data.tp_dev) for tp_dev
    main.o(.text) refers to system_swm341.o(.text) for SystemInit
    main.o(.text) refers to bsp_uart.o(.text) for bsp_uart0_init
    main.o(.text) refers to bsp_sfc.o(.text) for bsp_sfc_config
    main.o(.text) refers to bsp_lcd_rgb.o(.text) for bsp_lcd_rgb_init
    main.o(.text) refers to dev_systick.o(.text) for systick_init
    main.o(.text) refers to system_swm341.o(.data.CyclesPerUs) for CyclesPerUs
    main.o(.text) refers to gt_gui_driver.o(.text) for GT_Font_Init
    main.o(.text) refers to gt_handler.o(.text) for gt_init
    main.o(.text) refers to gt_ui.o(.text) for gt_ui_init
    main.o(.text) refers to bsp_uart.o(.bss.uart_status) for uart_status
    main.o(.text) refers to gt_init_screen_home.o(.bss.update_sreen_status) for update_sreen_status
    main.o(.text) refers to bsp_uart.o(.bss.UART_BUF) for UART_BUF
    main.o(.text) refers to main.o(.rodata.str1.1) for .L.str
    main.o(.text) refers to gt_init_screen_home.o(.text) for Refresh_New_Page
    main.o(.text) refers to printfa.o(i.__0printf) for __2printf
    main.o(.text) refers to puts.o(i.puts) for puts
    main.o(.ARM.exidx) refers to main.o(.text) for [Anonymous Symbol]
    bsp_lcd_rgb.o(.text) refers to bsp_lcd_rgb.o(.data._LCD_Buffer) for _LCD_Buffer
    bsp_lcd_rgb.o(.text) refers to swm341_lcd.o(.text) for LCD_Init
    bsp_lcd_rgb.o(.text) refers to swm341_port.o(.text) for PORT_Init
    bsp_lcd_rgb.o(.text) refers to swm341_sdram.o(.text) for SDRAM_Init
    bsp_lcd_rgb.o(.text) refers to swm341_gpio.o(.text) for GPIO_Init
    bsp_lcd_rgb.o(.text) refers to bsp_lcd_rgb.o(.bss.POINT_COLOR) for POINT_COLOR
    bsp_lcd_rgb.o(.ARM.exidx) refers to bsp_lcd_rgb.o(.text) for [Anonymous Symbol]
    bsp_led.o(.text) refers to swm341_gpio.o(.text) for GPIO_SetBit
    bsp_led.o(.ARM.exidx) refers to bsp_led.o(.text) for [Anonymous Symbol]
    bsp_sfc.o(.text) refers to swm341_port.o(.text) for PORT_Init
    bsp_sfc.o(.text) refers to swm341_sfc.o(.text) for SFC_Init
    bsp_sfc.o(.text) refers to swm341_gpio.o(.text) for GPIO_Init
    bsp_sfc.o(.text) refers to memmovea.o(.text) for __aeabi_memcpy4
    bsp_sfc.o(.text) refers to bsp_sfc.o(.rodata.str1.1) for .Lstr
    bsp_sfc.o(.text) refers to puts.o(i.puts) for puts
    bsp_sfc.o(.ARM.exidx) refers to bsp_sfc.o(.text) for [Anonymous Symbol]
    bsp_uart.o(.text) refers to swm341_uart.o(.text) for UART_WriteByte
    bsp_uart.o(.text) refers to swm341_port.o(.text) for PORT_Init
    bsp_uart.o(.text) refers to bsp_uart.o(.bss._uart3_count) for _uart3_count
    bsp_uart.o(.text) refers to bsp_uart.o(.bss._uart3_rx_buf) for _uart3_rx_buf
    bsp_uart.o(.text) refers to bsp_uart.o(.bss.UART_BUF) for UART_BUF
    bsp_uart.o(.text) refers to swm341_wdt.o(.text) for WDT_Init
    bsp_uart.o(.text) refers to bsp_uart.o(.bss.uart_status) for uart_status
    bsp_uart.o(.ARM.exidx) refers to bsp_uart.o(.text) for [Anonymous Symbol]
    dev_systick.o(.text) refers to system_swm341.o(.data.SystemCoreClock) for SystemCoreClock
    dev_systick.o(.text) refers to dev_systick.o(.bss.Systick_Time) for Systick_Time
    dev_systick.o(.ARM.exidx) refers to dev_systick.o(.text) for [Anonymous Symbol]
    dev_touch.o(.text) refers to swm341_exti.o(.text) for EXTI_State
    dev_touch.o(.text) refers to dev_touch.o(.bss.TP_Dev) for TP_Dev
    dev_touch.o(.text) refers to tp_gt911.o(.text) for gt9x_read_points
    dev_touch.o(.text) refers to dev_touch.o(.bss.Boot_Video_Flag) for Boot_Video_Flag
    dev_touch.o(.text) refers to swm341_gpio.o(.text) for GPIO_Init
    dev_touch.o(.ARM.exidx) refers to dev_touch.o(.text) for [Anonymous Symbol]
    dev_xpt2046.o(.text) refers to swm341_gpio.o(.text) for GPIO_Init
    dev_xpt2046.o(.text) refers to swm341_exti.o(.text) for EXTI_Init
    dev_xpt2046.o(.text) refers to dev_xpt2046.o(.data.CMD_RDX) for CMD_RDX
    dev_xpt2046.o(.text) refers to dev_xpt2046.o(.data.CMD_RDY) for CMD_RDY
    dev_xpt2046.o(.text) refers to dev_xpt2046.o(.data.tp_dev) for tp_dev
    dev_xpt2046.o(.text) refers to ffltui.o(.text) for __aeabi_ui2f
    dev_xpt2046.o(.text) refers to fmul.o(.text) for __aeabi_fmul
    dev_xpt2046.o(.text) refers to fflti.o(.text) for __aeabi_i2f
    dev_xpt2046.o(.text) refers to fadd.o(.text) for __aeabi_fadd
    dev_xpt2046.o(.text) refers to ffixi.o(.text) for __aeabi_f2iz
    dev_xpt2046.o(.text) refers to dev_xpt2046.o(.bss.Buf) for Buf
[...]
    gt_color_focus                           0x00045035   Thumb Code    40  gt_color.o(.text)
    gt_color_focus_set                       0x0004505d   Thumb Code    12  gt_color.o(.text)
    _gt_gc_get_disp                          0x00045069   Thumb Code    12  gt_gc.o(.text)
    _gt_gc_set_disp                          0x00045075   Thumb Code    12  gt_gc.o(.text)
    _gt_gc_get_scr_info                      0x00045081   Thumb Code    12  gt_gc.o(.text)
    _gt_gc_get_size                          0x0004508d   Thumb Code     4  gt_gc.o(.text)
    _gt_gc_get_ascii_width_cache             0x00045091   Thumb Code    12  gt_gc.o(.text)
    gt_sin                                   0x0004509d   Thumb Code   100  gt_math.o(.text)
    gt_cos                                   0x00045101   Thumb Code   104  gt_math.o(.text)
    gt_square                                0x00045169   Thumb Code    12  gt_math.o(.text)
    gt_abs                                   0x00045175   Thumb Code     8  gt_math.o(.text)
    gt_per_255                               0x0004517d   Thumb Code    14  gt_math.o(.text)
    gt_cubic_bezier                          0x0004518d   Thumb Code   302  gt_math.o(.text)
    gt_math_catmullrom                       0x000452bd   Thumb Code   442  gt_math.o(.text)
    gt_map                                   0x00045479   Thumb Code    58  gt_math.o(.text)
    gt_math_calc_bezier                      0x000454b5   Thumb Code    82  gt_math.o(.text)
    gt_tlsf_check                            0x00045509   Thumb Code   488  gt_tlsf.o(.text)
    gt_tlsf_walk_pool                        0x000456f1   Thumb Code    72  gt_tlsf.o(.text)
    gt_tlsf_block_size                       0x00045789   Thumb Code    16  gt_tlsf.o(.text)
    gt_tlsf_check_pool                       0x00045799   Thumb Code    52  gt_tlsf.o(.text)
    gt_tlsf_size                             0x000457cd   Thumb Code     6  gt_tlsf.o(.text)
    gt_tlsf_align_size                       0x000457d5   Thumb Code     4  gt_tlsf.o(.text)
    gt_tlsf_block_size_min                   0x000457d9   Thumb Code     4  gt_tlsf.o(.text)
    gt_tlsf_block_size_max                   0x000457dd   Thumb Code     6  gt_tlsf.o(.text)
    gt_tlsf_pool_overhead                    0x000457e5   Thumb Code     4  gt_tlsf.o(.text)
    gt_tlsf_alloc_overhead                   0x000457e9   Thumb Code     4  gt_tlsf.o(.text)
    gt_tlsf_add_pool                         0x000457ed   Thumb Code   180  gt_tlsf.o(.text)
    gt_tlsf_remove_pool                      0x00045919   Thumb Code   110  gt_tlsf.o(.text)
    gt_tlsf_create                           0x00045989   Thumb Code   184  gt_tlsf.o(.text)
    gt_tlsf_create_with_pool                 0x00045a79   Thumb Code    28  gt_tlsf.o(.text)
    gt_tlsf_destroy                          0x00045a95   Thumb Code     2  gt_tlsf.o(.text)
    gt_tlsf_get_pool                         0x00045a99   Thumb Code     6  gt_tlsf.o(.text)
    gt_tlsf_malloc                           0x00045aa1   Thumb Code    52  gt_tlsf.o(.text)
    gt_tlsf_memalign                         0x00045ca1   Thumb Code   340  gt_tlsf.o(.text)
    gt_tlsf_free                             0x00045df5   Thumb Code   398  gt_tlsf.o(.text)
    gt_tlsf_realloc                          0x00045f85   Thumb Code   680  gt_tlsf.o(.text)
    _gt_vector_create                        0x0004622d   Thumb Code    72  gt_vector.o(.text)
    _gt_vector_add_free_item_cb              0x00046289   Thumb Code    24  gt_vector.o(.text)
    _gt_vector_add_equal_item_cb             0x000462a1   Thumb Code    24  gt_vector.o(.text)
    _gt_vector_add_item                      0x000462c5   Thumb Code    68  gt_vector.o(.text)
    _gt_vector_replace_item                  0x0004631d   Thumb Code   108  gt_vector.o(.text)
    _gt_vector_remove_item                   0x00046389   Thumb Code   158  gt_vector.o(.text)
    _gt_vector_turn_prev                     0x00046429   Thumb Code   108  gt_vector.o(.text)
    _gt_vector_turn_next                     0x00046495   Thumb Code   116  gt_vector.o(.text)
    _gt_vector_get_count                     0x00046509   Thumb Code    14  gt_vector.o(.text)
    _gt_vector_set_index                     0x00046519   Thumb Code    40  gt_vector.o(.text)
    _gt_vector_get_index                     0x00046541   Thumb Code    18  gt_vector.o(.text)
    _gt_vector_get_item                      0x00046555   Thumb Code   120  gt_vector.o(.text)
    _gt_vector_is_tail_index_now             0x000465cd   Thumb Code    30  gt_vector.o(.text)
    _gt_vector_free                          0x000465ed   Thumb Code   144  gt_vector.o(.text)
    _gt_vector_clear_all_items               0x0004668d   Thumb Code   122  gt_vector.o(.text)
    _gt_vector_get_iterator                  0x00046709   Thumb Code    72  gt_vector.o(.text)
    gt_stack_create                          0x000467c5   Thumb Code   176  gt_stack.o(.text)
    gt_stack_push                            0x00046875   Thumb Code   146  gt_stack.o(.text)
    gt_stack_pop                             0x00046909   Thumb Code    82  gt_stack.o(.text)
    gt_stack_peek                            0x0004695d   Thumb Code    56  gt_stack.o(.text)
    gt_stack_peek_by                         0x00046995   Thumb Code    62  gt_stack.o(.text)
    gt_stack_is_empty                        0x000469d5   Thumb Code    16  gt_stack.o(.text)
    gt_stack_is_full                         0x000469e5   Thumb Code    22  gt_stack.o(.text)
    gt_stack_clear                           0x000469fd   Thumb Code    38  gt_stack.o(.text)
    gt_stack_get_depth                       0x00046a25   Thumb Code    12  gt_stack.o(.text)
    gt_stack_get_count                       0x00046a31   Thumb Code    12  gt_stack.o(.text)
    gt_stack_get_item_size                   0x00046a3d   Thumb Code    10  gt_stack.o(.text)
    gt_stack_is_cycle                        0x00046a49   Thumb Code    14  gt_stack.o(.text)
    gt_stack_search_item_from_top            0x00046a59   Thumb Code   120  gt_stack.o(.text)
    gt_stack_search_item_from_bottom         0x00046ad1   Thumb Code   130  gt_stack.o(.text)
    gt_stack_iterator                        0x00046b55   Thumb Code   128  gt_stack.o(.text)
    gt_stack_destroy                         0x00046bd5   Thumb Code    72  gt_stack.o(.text)
    gt_btn_create                            0x00046c1d   Thumb Code   208  gt_btn.o(.text)
    gt_btn_set_color_pressed                 0x00046d39   Thumb Code    36  gt_btn.o(.text)
    gt_btn_set_color_background              0x00046d5d   Thumb Code    24  gt_btn.o(.text)
    gt_btn_set_color_border                  0x00046d75   Thumb Code    36  gt_btn.o(.text)
    gt_btn_set_border_width                  0x00046d99   Thumb Code    36  gt_btn.o(.text)
    gt_btn_set_text                          0x00046dbd   Thumb Code   198  gt_btn.o(.text)
    gt_btn_get_text                          0x00046e85   Thumb Code    38  gt_btn.o(.text)
    gt_btn_set_font_color                    0x00046ead   Thumb Code    36  gt_btn.o(.text)
    gt_btn_set_font_color_pressed            0x00046ed1   Thumb Code    36  gt_btn.o(.text)
    gt_btn_set_font_size                     0x00046ef5   Thumb Code    22  gt_btn.o(.text)
    gt_btn_set_font_gray                     0x00046f0d   Thumb Code    22  gt_btn.o(.text)
    gt_btn_set_font_align                    0x00046f25   Thumb Code    22  gt_btn.o(.text)
    gt_btn_set_font_family_cn                0x00046f3d   Thumb Code    22  gt_btn.o(.text)
    gt_btn_set_font_family_en                0x00046f55   Thumb Code    22  gt_btn.o(.text)
    gt_btn_set_font_family_fl                0x00046f6d   Thumb Code    22  gt_btn.o(.text)
    gt_btn_set_font_family_numb              0x00046f85   Thumb Code    22  gt_btn.o(.text)
    gt_btn_set_radius                        0x00046f9d   Thumb Code    34  gt_btn.o(.text)
    gt_btn_add_state_content                 0x00046fc1   Thumb Code   150  gt_btn.o(.text)
    gt_btn_remove_state_content              0x00047059   Thumb Code    42  gt_btn.o(.text)
    gt_btn_clear_all_state_content           0x00047085   Thumb Code    28  gt_btn.o(.text)
    gt_btn_get_state_content_index           0x000470a1   Thumb Code    30  gt_btn.o(.text)
    gt_btn_set_font_thick_en                 0x000470c1   Thumb Code    22  gt_btn.o(.text)
    gt_btn_set_font_thick_cn                 0x000470d9   Thumb Code    22  gt_btn.o(.text)
    gt_btn_set_font_encoding                 0x000470f1   Thumb Code    22  gt_btn.o(.text)
    gt_btn_set_space                         0x00047109   Thumb Code    28  gt_btn.o(.text)
    gt_btn_set_selected                      0x00047125   Thumb Code    24  gt_btn.o(.text)
    gt_img_create                            0x000473c9   Thumb Code    14  gt_img.o(.text)
    gt_img_set_src                           0x000473d9   Thumb Code   164  gt_img.o(.text)
    gt_img_set_raw_data                      0x0004747d   Thumb Code   156  gt_img.o(.text)
    gt_img_get_src                           0x0004752d   Thumb Code    20  gt_img.o(.text)
    gt_img_get_width                         0x00047541   Thumb Code    50  gt_img.o(.text)
    gt_img_get_height                        0x00047575   Thumb Code    54  gt_img.o(.text)
    gt_imgbtn_create                         0x000476a5   Thumb Code    62  gt_imgbtn.o(.text)
    gt_imgbtn_style_set_selected             0x0004773d   Thumb Code    52  gt_imgbtn.o(.text)
    gt_imgbtn_set_src                        0x00047771   Thumb Code   224  gt_imgbtn.o(.text)
    gt_imgbtn_set_src_press                  0x00047851   Thumb Code   130  gt_imgbtn.o(.text)
    gt_imgbtn_set_src_release                0x000478d5   Thumb Code   130  gt_imgbtn.o(.text)
    gt_imgbtn_add_state_item                 0x00047959   Thumb Code   202  gt_imgbtn.o(.text)
    gt_imgbtn_remove_state_item              0x00047a25   Thumb Code    56  gt_imgbtn.o(.text)
    gt_imgbtn_clear_all_state_item           0x00047a5d   Thumb Code    28  gt_imgbtn.o(.text)
    bt_imgbtn_get_state_item_index           0x00047a79   Thumb Code    30  gt_imgbtn.o(.text)
    gt_input_number_create                   0x00047c5d   Thumb Code    98  gt_input_number.o(.text)
    gt_input_number_set_fill_zero_front      0x00047cc1   Thumb Code   140  gt_input_number.o(.text)
    gt_input_number_get_fill_zero_front      0x00047d4d   Thumb Code    26  gt_input_number.o(.text)
    gt_input_number_set_value                0x00047d69   Thumb Code   188  gt_input_number.o(.text)
    gt_input_number_get_value                0x00047e25   Thumb Code    24  gt_input_number.o(.text)
    gt_input_number_set_max                  0x00047e3d   Thumb Code   156  gt_input_number.o(.text)
    gt_input_number_set_min                  0x00047ed9   Thumb Code   156  gt_input_number.o(.text)
    gt_input_number_set_step                 0x00047f75   Thumb Code    24  gt_input_number.o(.text)
    gt_input_number_increase                 0x00047f8d   Thumb Code   192  gt_input_number.o(.text)
    gt_input_number_decrease                 0x0004804d   Thumb Code   190  gt_input_number.o(.text)
    gt_input_number_set_display_integer_length 0x0004810d   Thumb Code   134  gt_input_number.o(.text)
    gt_input_number_set_display_decimal_length 0x00048195   Thumb Code   144  gt_input_number.o(.text)
    gt_input_number_set_font_color           0x00048225   Thumb Code    34  gt_input_number.o(.text)
    gt_input_number_set_font_size            0x00048249   Thumb Code    34  gt_input_number.o(.text)
    gt_input_number_set_font_gray            0x0004826d   Thumb Code    34  gt_input_number.o(.text)
    gt_input_number_set_font_align           0x00048291   Thumb Code    34  gt_input_number.o(.text)
    gt_input_number_set_font_family_cn       0x000482b5   Thumb Code    34  gt_input_number.o(.text)
    gt_input_number_set_font_family_en       0x000482d9   Thumb Code    34  gt_input_number.o(.text)
    gt_input_number_set_font_family_fl       0x000482fd   Thumb Code    34  gt_input_number.o(.text)
    gt_input_number_set_font_family_numb     0x00048321   Thumb Code    34  gt_input_number.o(.text)
    gt_input_number_set_font_thick_en        0x00048345   Thumb Code    34  gt_input_number.o(.text)
    gt_input_number_set_font_thick_cn        0x00048369   Thumb Code    34  gt_input_number.o(.text)
    gt_input_number_set_space                0x0004838d   Thumb Code    38  gt_input_number.o(.text)
    gt_label_create                          0x00048401   Thumb Code   132  gt_label.o(.text)
    gt_label_set_text                        0x0004849d   Thumb Code   270  gt_label.o(.text)
    gt_label_set_text_by_len                 0x000485ad   Thumb Code   328  gt_label.o(.text)
    gt_label_get_text                        0x000486f5   Thumb Code    20  gt_label.o(.text)
    gt_label_set_font_color                  0x00048709   Thumb Code    36  gt_label.o(.text)
    gt_label_set_font_size                   0x0004872d   Thumb Code    68  gt_label.o(.text)
    gt_label_set_font_gray                   0x00048771   Thumb Code    22  gt_label.o(.text)
    gt_label_set_font_align                  0x00048789   Thumb Code    36  gt_label.o(.text)
    gt_label_set_font_family_cn              0x000487ad   Thumb Code    22  gt_label.o(.text)
    gt_label_set_font_family_en              0x000487c5   Thumb Code    22  gt_label.o(.text)
    gt_label_set_font_family_fl              0x000487dd   Thumb Code    22  gt_label.o(.text)
    gt_label_set_font_family_numb            0x000487f5   Thumb Code    22  gt_label.o(.text)
    gt_label_set_font_thick_en               0x0004880d   Thumb Code    22  gt_label.o(.text)
    gt_label_set_font_thick_cn               0x00048825   Thumb Code    22  gt_label.o(.text)
    gt_label_set_font_encoding               0x0004883d   Thumb Code    22  gt_label.o(.text)
    gt_label_set_space                       0x00048855   Thumb Code    74  gt_label.o(.text)
    gt_label_get_font_size                   0x000488a1   Thumb Code    22  gt_label.o(.text)
    gt_label_get_space_x                     0x000488b9   Thumb Code    22  gt_label.o(.text)
    gt_label_get_space_y                     0x000488d1   Thumb Code    22  gt_label.o(.text)
    gt_label_get_longest_line_substring_width 0x000488e9   Thumb Code    36  gt_label.o(.text)
    gt_label_set_single_line                 0x0004890d   Thumb Code   110  gt_label.o(.text)
    gt_label_set_omit_single_line            0x0004897d   Thumb Code    98  gt_label.o(.text)
    gt_label_set_auto_scroll_single_line     0x000489e1   Thumb Code   320  gt_label.o(.text)
    gt_label_set_auto_scroll_speed           0x00048b39   Thumb Code    86  gt_label.o(.text)
    gt_label_set_font_style                  0x00048b91   Thumb Code    52  gt_label.o(.text)
    gt_label_is_single_line                  0x00048bc5   Thumb Code    26  gt_label.o(.text)
    gt_label_is_omit_single_line             0x00048be1   Thumb Code    26  gt_label.o(.text)
    gt_label_is_auto_scroll_single_line      0x00048bfd   Thumb Code    42  gt_label.o(.text)
    gt_obj_create                            0x00048e15   Thumb Code    50  gt_obj.o(.text)
    gt_obj_get_parent                        0x00048e49   Thumb Code    10  gt_obj.o(.text)
    gt_obj_change_parent                     0x00048e55   Thumb Code     4  gt_obj.o(.text)
    gt_obj_find_by_id                        0x00048e59   Thumb Code    74  gt_obj.o(.text)
    gt_obj_register_id                       0x00048ee1   Thumb Code     8  gt_obj.o(.text)
    gt_obj_get_id                            0x00048ee9   Thumb Code    14  gt_obj.o(.text)
    gt_obj_is_child                          0x00048ef9   Thumb Code    62  gt_obj.o(.text)
    gt_obj_destroy                           0x00048f39   Thumb Code    58  gt_obj.o(.text)
    gt_obj_destroy_immediately               0x00048fdd   Thumb Code     4  gt_obj.o(.text)
    gt_screen_set_bgcolor                    0x00048fe1   Thumb Code    22  gt_obj.o(.text)
    gt_screen_get_bgcolor                    0x00048ff9   Thumb Code    22  gt_obj.o(.text)
    gt_obj_set_bgcolor                       0x00049011   Thumb Code    20  gt_obj.o(.text)
    gt_obj_get_bgcolor                       0x00049025   Thumb Code    20  gt_obj.o(.text)
    gt_obj_get_limit_right                   0x00049039   Thumb Code   322  gt_obj.o(.text)
    gt_obj_get_limit_bottom                  0x0004917d   Thumb Code   322  gt_obj.o(.text)
    gt_obj_get_childs_max_size               0x000492c1   Thumb Code   570  gt_obj.o(.text)
    gt_obj_get_childs_max_width              0x000494fd   Thumb Code   314  gt_obj.o(.text)
    gt_obj_get_childs_max_height             0x00049639   Thumb Code   314  gt_obj.o(.text)
    gt_obj_show_bg                           0x00049775   Thumb Code    36  gt_obj.o(.text)
    gt_obj_is_show_bg                        0x00049799   Thumb Code    26  gt_obj.o(.text)
    gt_obj_class_create                      0x00049acd   Thumb Code   442  gt_obj_class.o(.text)
    _gt_obj_class_inherent_attr_from_parent  0x00049c89   Thumb Code    48  gt_obj_class.o(.text)
    gt_obj_class_get_type                    0x00049cb9   Thumb Code    18  gt_obj_class.o(.text)
    gt_obj_is_type                           0x00049ccd   Thumb Code    36  gt_obj_class.o(.text)
    _gt_obj_class_change_parent              0x00049cf1   Thumb Code   176  gt_obj_class.o(.text)
    _gt_obj_class_destroy                    0x00049e7d   Thumb Code   280  gt_obj_class.o(.text)
    _gt_obj_class_destroy_children           0x0004a0e9   Thumb Code    44  gt_obj_class.o(.text)
    gt_rect_create                           0x0004a115   Thumb Code    36  gt_rect.o(.text)
    gt_rect_set_bg_color                     0x0004a139   Thumb Code    34  gt_rect.o(.text)
    gt_rect_set_color_border                 0x0004a15d   Thumb Code    34  gt_rect.o(.text)
    gt_rect_set_radius                       0x0004a181   Thumb Code    34  gt_rect.o(.text)
    gt_rect_set_border                       0x0004a1a5   Thumb Code    36  gt_rect.o(.text)
    gt_rect_set_fill                         0x0004a1c9   Thumb Code    36  gt_rect.o(.text)
    gt_slider_create                         0x0004a281   Thumb Code    94  gt_slider.o(.text)
    gt_slider_set_pos                        0x0004a2e1   Thumb Code    56  gt_slider.o(.text)
    gt_slider_set_start_end                  0x0004a3d1   Thumb Code    28  gt_slider.o(.text)
    gt_slider_get_pos                        0x0004a3ed   Thumb Code    24  gt_slider.o(.text)
    gt_slider_get_start                      0x0004a405   Thumb Code    24  gt_slider.o(.text)
    gt_slider_get_end                        0x0004a41d   Thumb Code    24  gt_slider.o(.text)
    gt_slider_get_total                      0x0004a435   Thumb Code    30  gt_slider.o(.text)
    gt_slider_set_color_act                  0x0004a455   Thumb Code    36  gt_slider.o(.text)
    gt_slider_set_color_ina                  0x0004a479   Thumb Code    36  gt_slider.o(.text)
    gt_slider_set_dir                        0x0004a49d   Thumb Code    76  gt_slider.o(.text)
    gt_slider_get_dir                        0x0004a4e9   Thumb Code    22  gt_slider.o(.text)
    gt_slider_get_step                       0x0004a501   Thumb Code    22  gt_slider.o(.text)
    gt_slider_set_step                       0x0004a519   Thumb Code    22  gt_slider.o(.text)
    gt_slider_set_tag                        0x0004a531   Thumb Code   114  gt_slider.o(.text)
    gt_slider_set_tag_visible                0x0004a5a5   Thumb Code    48  gt_slider.o(.text)
    gt_slider_set_tag_size                   0x0004a5d5   Thumb Code    36  gt_slider.o(.text)
    gt_slider_set_thickness                  0x0004a5f9   Thumb Code    36  gt_slider.o(.text)
    gt_slider_set_mode                       0x0004a61d   Thumb Code    50  gt_slider.o(.text)
    gt_slider_set_AB_repeat_color            0x0004a651   Thumb Code    36  gt_slider.o(.text)
    gt_slider_set_AB_repeat_remark_point     0x0004a675   Thumb Code   118  gt_slider.o(.text)
    gt_slider_set_AB_repeat_start_by         0x0004a6ed   Thumb Code     6  gt_slider.o(.text)
    gt_slider_set_AB_repeat_stop_by          0x0004a6f5   Thumb Code     6  gt_slider.o(.text)
    gt_slider_unset_AB_repeat                0x0004a6fd   Thumb Code    46  gt_slider.o(.text)
    gt_switch_create                         0x0004ae89   Thumb Code    44  gt_switch.o(.text)
    gt_switch_set_color_act                  0x0004aeb5   Thumb Code    34  gt_switch.o(.text)
    gt_switch_set_color_ina                  0x0004aed9   Thumb Code    34  gt_switch.o(.text)
    gt_switch_set_color_point                0x0004aefd   Thumb Code    36  gt_switch.o(.text)
    gt_switch_set_color_divider              0x0004af21   Thumb Code    36  gt_switch.o(.text)
    gt_switch_set_style                      0x0004af45   Thumb Code    52  gt_switch.o(.text)
    gt_switch_set_div_line                   0x0004af79   Thumb Code    48  gt_switch.o(.text)
    gt_dialog_create                         0x0004b1a1   Thumb Code   234  gt_dialog.o(.text)
    gt_dialog_create_issue                   0x0004b28d   Thumb Code   508  gt_dialog.o(.text)
    gt_dialog_show                           0x0004b48d   Thumb Code    82  gt_dialog.o(.text)
    gt_dialog_close                          0x0004b54d   Thumb Code    30  gt_dialog.o(.text)
    gt_dialog_get_active_obj                 0x0004b56d   Thumb Code    22  gt_dialog.o(.text)
    gt_dialog_has_showing                    0x0004b5c5   Thumb Code    28  gt_dialog.o(.text)
    gt_dialog_set_border_color               0x0004b5e1   Thumb Code    22  gt_dialog.o(.text)
    gt_dialog_set_border_width               0x0004b5f9   Thumb Code    22  gt_dialog.o(.text)
    gt_dialog_set_bgcolor                    0x0004b611   Thumb Code    20  gt_dialog.o(.text)
    gt_dialog_set_border_radius              0x0004b625   Thumb Code    22  gt_dialog.o(.text)
    gt_dialog_set_outside_auto_hide          0x0004b63d   Thumb Code    34  gt_dialog.o(.text)
    gt_dialog_set_anim_time                  0x0004b661   Thumb Code    20  gt_dialog.o(.text)
    gt_dialog_set_title_font_color           0x0004b675   Thumb Code    34  gt_dialog.o(.text)
    gt_dialog_set_title_font_size            0x0004b699   Thumb Code    34  gt_dialog.o(.text)
    gt_dialog_set_title_font_align           0x0004b6bd   Thumb Code    34  gt_dialog.o(.text)
    gt_dialog_set_title_font_family_cn       0x0004b6e1   Thumb Code    34  gt_dialog.o(.text)
    gt_dialog_set_title_font_family_en       0x0004b705   Thumb Code    34  gt_dialog.o(.text)
    gt_dialog_set_title_font_family_fl       0x0004b729   Thumb Code    34  gt_dialog.o(.text)
    gt_dialog_set_title_font_thick_en        0x0004b74d   Thumb Code    34  gt_dialog.o(.text)
    gt_dialog_set_title_font_thick_cn        0x0004b771   Thumb Code    34  gt_dialog.o(.text)
    gt_dialog_set_content_font_color         0x0004b795   Thumb Code    34  gt_dialog.o(.text)
    gt_dialog_set_content_font_size          0x0004b7b9   Thumb Code    34  gt_dialog.o(.text)
    gt_dialog_set_content_font_align         0x0004b7dd   Thumb Code    34  gt_dialog.o(.text)
    gt_dialog_set_content_font_family_cn     0x0004b801   Thumb Code    34  gt_dialog.o(.text)
    gt_dialog_set_content_font_family_en     0x0004b825   Thumb Code    34  gt_dialog.o(.text)
    gt_dialog_set_content_font_family_fl     0x0004b849   Thumb Code    34  gt_dialog.o(.text)
    gt_dialog_set_content_font_thick_en      0x0004b86d   Thumb Code    34  gt_dialog.o(.text)
    gt_dialog_set_content_font_thick_cn      0x0004b891   Thumb Code    34  gt_dialog.o(.text)
    Refresh_New_Page                         0x0004ba69   Thumb Code   232  gt_init_screen_home.o(.text)
    send_pack                                0x0004bb51   Thumb Code   148  gt_init_screen_home.o(.text)
    gt_init_screen_home                      0x0004bbe5   Thumb Code  1852  gt_init_screen_home.o(.text)
    gt_ui_init                               0x0004c461   Thumb Code    36  gt_ui.o(.text)
    GT_Font_Init                             0x0004c485   Thumb Code   376  gt_gui_driver.o(.text)
    GT_Set_Chinese_Charset_Type              0x0004c715   Thumb Code    12  gt_gui_driver.o(.text)
    GT_Get_Chinese_Charset_Type              0x0004c721   Thumb Code    12  gt_gui_driver.o(.text)
    GT_GetChinese                            0x0004c72d   Thumb Code   114  gt_gui_driver.o(.text)
    GT_GetASCII                              0x0004c7a1   Thumb Code   100  gt_gui_driver.o(.text)
    UnicodeToGBK                             0x0004c805   Thumb Code   168  gt_gui_driver.o(.text)
    GBKToUnicode                             0x0004ca45   Thumb Code   244  gt_gui_driver.o(.text)
    GT_Get_Font_Width                        0x0004cb39   Thumb Code   148  gt_gui_driver.o(.text)
    GT_Get_Font_Height                       0x0004cbcd   Thumb Code    64  gt_gui_driver.o(.text)
    GT_Check_Is_Vec                          0x0004cc0d   Thumb Code     4  gt_gui_driver.o(.text)
    GT_Get_Font_Func_S                       0x0004cc11   Thumb Code    34  gt_gui_driver.o(.text)
    GT_Get_Font_Type                         0x0004cc35   Thumb Code    16  gt_gui_driver.o(.text)
    GT_Font_Code_Transform                   0x0004cc45   Thumb Code    24  gt_gui_driver.o(.text)
    GT_Get_Font_Convertor_Data               0x0004cc5d   Thumb Code    24  gt_gui_driver.o(.text)
    __aeabi_ldivmod                          0x0004d413   Thumb Code    98  ldiv.o(.text)
    tolower                                  0x0004d475   Thumb Code    12  tolower.o(.text)
    ___aeabi_memcpy8$move                    0x0004d481   Thumb Code     0  memmovea.o(.text)
    __aeabi_memcpy                           0x0004d481   Thumb Code    64  memmovea.o(.text)
    __aeabi_memcpy4                          0x0004d481   Thumb Code     0  memmovea.o(.text)
    __aeabi_memmove                          0x0004d481   Thumb Code     0  memmovea.o(.text)
    __aeabi_memmove4                         0x0004d481   Thumb Code     0  memmovea.o(.text)
    __aeabi_memmove8                         0x0004d481   Thumb Code     0  memmovea.o(.text)
    __aeabi_memset                           0x0004d4c1   Thumb Code    14  memseta.o(.text)
    __aeabi_memset4                          0x0004d4c1   Thumb Code     0  memseta.o(.text)
    __aeabi_memset8                          0x0004d4c1   Thumb Code     0  memseta.o(.text)
    __aeabi_memclr                           0x0004d4cf   Thumb Code     4  memseta.o(.text)
    __aeabi_memclr4                          0x0004d4cf   Thumb Code     0  memseta.o(.text)
    __aeabi_memclr8                          0x0004d4cf   Thumb Code     0  memseta.o(.text)
    _memset$wrapper                          0x0004d4d3   Thumb Code    18  memseta.o(.text)
    strstr                                   0x0004d4e5   Thumb Code    36  strstr.o(.text)
    strlen                                   0x0004d509   Thumb Code    14  strlen.o(.text)
    strcmp                                   0x0004d517   Thumb Code    28  strcmp.o(.text)
    memcmp                                   0x0004d533   Thumb Code    26  memcmp.o(.text)
    strcpy                                   0x0004d54d   Thumb Code    18  strcpy.o(.text)
    __aeabi_fadd                             0x0004d55f   Thumb Code   164  fadd.o(.text)
    __aeabi_fsub                             0x0004d603   Thumb Code     6  fadd.o(.text)
    __aeabi_frsub                            0x0004d609   Thumb Code     6  fadd.o(.text)
    __aeabi_fmul                             0x0004d60f   Thumb Code   100  fmul.o(.text)
    __aeabi_fdiv                             0x0004d673   Thumb Code   124  fdiv.o(.text)
    __aeabi_dadd                             0x0004d6ef   Thumb Code   322  dadd.o(.text)
    __aeabi_dsub                             0x0004d831   Thumb Code     6  dadd.o(.text)
    __aeabi_drsub                            0x0004d837   Thumb Code     6  dadd.o(.text)
    __aeabi_dmul                             0x0004d83d   Thumb Code   228  dmul.o(.text)
    __aeabi_ddiv                             0x0004d921   Thumb Code   222  ddiv.o(.text)
    __aeabi_fcmple                           0x0004d9ff   Thumb Code    28  fcmple.o(.text)
    __aeabi_fcmplt                           0x0004da1b   Thumb Code    28  fcmplt.o(.text)
    __aeabi_fcmpge                           0x0004da37   Thumb Code    28  fcmpge.o(.text)
    __aeabi_fcmpgt                           0x0004da53   Thumb Code    28  fcmpgt.o(.text)
    __aeabi_dcmple                           0x0004da6f   Thumb Code    54  dcmple.o(.text)
    __aeabi_dcmplt                           0x0004daa5   Thumb Code    54  dcmplt.o(.text)
    __aeabi_dcmpge                           0x0004dadb   Thumb Code    54  dcmpge.o(.text)
    __aeabi_i2f                              0x0004db11   Thumb Code    18  fflti.o(.text)
    __aeabi_ui2f                             0x0004db23   Thumb Code    10  ffltui.o(.text)
    __aeabi_i2d                              0x0004db2d   Thumb Code    34  dflti.o(.text)
    __aeabi_ui2d                             0x0004db4f   Thumb Code    26  dfltui.o(.text)
    __aeabi_f2iz                             0x0004db69   Thumb Code    50  ffixi.o(.text)
    __aeabi_d2iz                             0x0004db9b   Thumb Code    62  dfixi.o(.text)
    __aeabi_f2d                              0x0004dbd9   Thumb Code    38  f2d.o(.text)
    __aeabi_d2f                              0x0004dbff   Thumb Code    56  d2f.o(.text)
    __aeabi_uidiv                            0x0004dc37   Thumb Code     0  uidiv.o(.text)
    __aeabi_uidivmod                         0x0004dc37   Thumb Code    44  uidiv.o(.text)
    __aeabi_uldivmod                         0x0004dc63   Thumb Code    98  uldiv.o(.text)
    __aeabi_llsl                             0x0004dcc5   Thumb Code    30  llshl.o(.text)
    _ll_shift_l                              0x0004dcc5   Thumb Code     0  llshl.o(.text)
    __aeabi_llsr                             0x0004dce3   Thumb Code    32  llushr.o(.text)
    _ll_ushift_r                             0x0004dce3   Thumb Code     0  llushr.o(.text)
    __aeabi_lasr                             0x0004dd03   Thumb Code    36  llsshr.o(.text)
    _ll_sshift_r                             0x0004dd03   Thumb Code     0  llsshr.o(.text)
    __I$use$fp                               0x0004dd27   Thumb Code     0  iusefp.o(.text)
    _float_round                             0x0004dd27   Thumb Code    18  fepilogue.o(.text)
    _float_epilogue                          0x0004dd39   Thumb Code    92  fepilogue.o(.text)
    _double_round                            0x0004dd95   Thumb Code    30  depilogue.o(.text)
    _double_epilogue                         0x0004ddb3   Thumb Code   156  depilogue.o(.text)
    _dsqrt                                   0x0004de4f   Thumb Code   162  dsqrt.o(.text)
    __aeabi_d2ulz                            0x0004def1   Thumb Code    48  dfixul.o(.text)
    __aeabi_cdrcmple                         0x0004df21   Thumb Code    48  cdrcmple.o(.text)
    __ARM_fcmp4                              0x0004df51   Thumb Code    54  fcmp4.o(.text)
    _fcmp4                                   0x0004df51   Thumb Code     0  fcmp4.o(.text)
    __scatterload                            0x0004df89   Thumb Code    28  init.o(.text)
    __scatterload_rt2                        0x0004df89   Thumb Code     0  init.o(.text)
    __decompress                             0x0004dfad   Thumb Code     0  __dczerorl.o(.text)
    __decompress0                            0x0004dfad   Thumb Code    58  __dczerorl.o(.text)
    __0printf                                0x0004dfe9   Thumb Code    22  printfa.o(i.__0printf)
    __1printf                                0x0004dfe9   Thumb Code     0  printfa.o(i.__0printf)
    __2printf                                0x0004dfe9   Thumb Code     0  printfa.o(i.__0printf)
    __c89printf                              0x0004dfe9   Thumb Code     0  printfa.o(i.__0printf)
    printf                                   0x0004dfe9   Thumb Code     0  printfa.o(i.__0printf)
    __0sprintf                               0x0004e009   Thumb Code    34  printfa.o(i.__0sprintf)
    __1sprintf                               0x0004e009   Thumb Code     0  printfa.o(i.__0sprintf)
    __2sprintf                               0x0004e009   Thumb Code     0  printfa.o(i.__0sprintf)
    __c89sprintf                             0x0004e009   Thumb Code     0  printfa.o(i.__0sprintf)
    sprintf                                  0x0004e009   Thumb Code     0  printfa.o(i.__0sprintf)
    __0vsnprintf                             0x0004e031   Thumb Code    46  printfa.o(i.__0vsnprintf)
    __1vsnprintf                             0x0004e031   Thumb Code     0  printfa.o(i.__0vsnprintf)
    __2vsnprintf                             0x0004e031   Thumb Code     0  printfa.o(i.__0vsnprintf)
    __c89vsnprintf                           0x0004e031   Thumb Code     0  printfa.o(i.__0vsnprintf)
    vsnprintf                                0x0004e031   Thumb Code     0  printfa.o(i.__0vsnprintf)
    __scatterload_copy                       0x0004e065   Thumb Code    14  handlers.o(i.__scatterload_copy)
    __scatterload_null                       0x0004e073   Thumb Code     2  handlers.o(i.__scatterload_null)
    __scatterload_zeroinit                   0x0004e075   Thumb Code    14  handlers.o(i.__scatterload_zeroinit)
    __set_errno                              0x0004e085   Thumb Code     6  errno.o(i.__set_errno)
    fmaxf                                    0x0004e963   Thumb Code    40  fmaxf.o(i.fmaxf)
    puts                                     0x0004e98d   Thumb Code    30  puts.o(i.puts)
    sqrt                                     0x0004e9b1   Thumb Code    76  sqrt.o(i.sqrt)
    asc2_1206                                0x000505fc   Data        1140  lcd_show.o(.rodata.asc2_1206)
    asc2_1608                                0x00050a70   Data        1520  lcd_show.o(.rodata.asc2_1608)
    asc2_2412                                0x00051060   Data        3420  lcd_show.o(.rodata.asc2_2412)
    asc2_3216                                0x00051dbc   Data       12160  lcd_show.o(.rodata.asc2_3216)
    gt_get_font_func                         0x00054ec8   Data          48  gt_gui_driver.o(.rodata.gt_get_font_func)
    pal_button_pressed                       0x00055620   Data          24  ugui.o(.rodata.pal_button_pressed)
    pal_button_released                      0x00055638   Data          24  ugui.o(.rodata.pal_button_released)
    pal_checkbox_pressed                     0x00055650   Data          24  ugui.o(.rodata.pal_checkbox_pressed)
    pal_checkbox_released                    0x00055668   Data          24  ugui.o(.rodata.pal_checkbox_released)
    pal_window                               0x00055680   Data          24  ugui.o(.rodata.pal_window)
    Region$$Table$$Base                      0x0005c62c   Number         0  anon$$obj.o(Region$$Table)
    Region$$Table$$Limit                     0x0005c64c   Number         0  anon$$obj.o(Region$$Table)
    __stdout                                 0x20000000   Data           4  stdout.o(.data)
    CMD_RDX                                  0x20000008   Data           1  dev_xpt2046.o(.data.CMD_RDX)
    CMD_RDY                                  0x20000009   Data           1  dev_xpt2046.o(.data.CMD_RDY)
    CyclesPerUs                              0x2000000c   Data           4  system_swm341.o(.data.CyclesPerUs)
    SystemCoreClock                          0x20000050   Data           4  system_swm341.o(.data.SystemCoreClock)
    TP_REMIND_MSG_TBL                        0x20000054   Data          10  dev_xpt2046.o(.data.TP_REMIND_MSG_TBL)
    _LCD_Buffer                              0x20000060   Data           4  bsp_lcd_rgb.o(.data._LCD_Buffer)
    _gt_global_call                          0x20000068   Data         164  gt_gc.o(.data._gt_global_call)
    tp_dev                                   0x2000011c   Data          52  dev_xpt2046.o(.data.tp_dev)
    Boot_Video_Flag                          0x20000150   Data           1  dev_touch.o(.bss.Boot_Video_Flag)
    Buf                                      0x20000151   Data          20  dev_xpt2046.o(.bss.Buf)
    FlagAdjusted                             0x20000165   Data           1  dev_xpt2046.o(.bss.FlagAdjusted)
    POINT_COLOR                              0x20000168   Data           4  bsp_lcd_rgb.o(.bss.POINT_COLOR)
    TP_Dev                                   0x20000170   Data          22  dev_touch.o(.bss.TP_Dev)
    UART_BUF                                 0x20000186   Data          20  bsp_uart.o(.bss.UART_BUF)
    lcddev                                   0x2000c288   Data          14  bsp_lcd_rgb.o(.bss.lcddev)
    pos_temp                                 0x2000c296   Data          16  dev_xpt2046.o(.bss.pos_temp)
    screen_home                              0x2000c2ac   Data           4  gt_init_screen_home.o(.bss.screen_home)
    uart_status                              0x2000c2b9   Data           1  bsp_uart.o(.bss.uart_status)
    update_sreen_status                      0x2000c2ba   Data           1  gt_init_screen_home.o(.bss.update_sreen_status)
    __initial_sp                             0x2000e2c0   Data           0  startup_swm341.o(STACK)



==============================================================================

Memory Map of the image

  Image Entry point : 0x000201a9

  Load Region LR_IROM1 (Base: 0x00020000, Size: 0x0003c7a0, Max: 0x00060000, ABSOLUTE, COMPRESSED[0x0003c688])

    Execution Region ER_IROM1 (Exec base: 0x00020000, Load base: 0x00020000, Size: 0x0003c64c, Max: 0x00060000, ABSOLUTE)

    Exec Addr    Load Addr    Size         Type   Attr      Idx    E Section Name        Object

    0x00020000   0x00020000   0x000001a8   Data   RO          144    RESET               startup_swm341.o
    0x000201a8   0x000201a8   0x00000000   Code   RO         1392  * .ARM.Collect$$$$00000000  mc_w.l(entry.o)
    0x000201a8   0x000201a8   0x00000004   Code   RO         1728    .ARM.Collect$$$$00000001  mc_w.l(entry2.o)
    0x000201ac   0x000201ac   0x00000004   Code   RO         1731    .ARM.Collect$$$$00000004  mc_w.l(entry5.o)
    0x000201b0   0x000201b0   0x00000000   Code   RO         1733    .ARM.Collect$$$$00000008  mc_w.l(entry7b.o)
    0x000201b0   0x000201b0   0x00000000   Code   RO         1735    .ARM.Collect$$$$0000000A  mc_w.l(entry8b.o)
    0x000201b0   0x000201b0   0x00000008   Code   RO         1736    .ARM.Collect$$$$0000000B  mc_w.l(entry9a.o)
    0x000201b8   0x000201b8   0x00000000   Code   RO         1738    .ARM.Collect$$$$0000000D  mc_w.l(entry10a.o)
    0x000201b8   0x000201b8   0x00000000   Code   RO         1740    .ARM.Collect$$$$0000000F  mc_w.l(entry11a.o)
    0x000201b8   0x000201b8   0x00000004   Code   RO         1729    .ARM.Collect$$$$00002712  mc_w.l(entry2.o)
    0x000201bc   0x000201bc   0x00000248   Code   RO            1    .text               main.o
    0x00020404   0x00020404   0x000005ce   Code   RO           11    .text               bsp_lcd_rgb.o
    0x000209d2   0x000209d2   0x00000002   PAD
    0x000209d4   0x000209d4   0x000004ea   Code   RO           31    .text               bsp_sfc.o
    0x00020ebe   0x00020ebe   0x00000002   PAD
    0x00020ec0   0x00020ec0   0x00000356   Code   RO           41    .text               bsp_uart.o
    0x00021216   0x00021216   0x00000002   PAD
    0x00021218   0x00021218   0x00000102   Code   RO           53    .text               dev_systick.o
    0x0002131a   0x0002131a   0x00000002   PAD
    0x0002131c   0x0002131c   0x00000094   Code   RO           63    .text               dev_touch.o
    0x000213b0   0x000213b0   0x00000bf8   Code   RO           73    .text               dev_xpt2046.o
    0x00021fa8   0x00021fa8   0x00000772   Code   RO           89    .text               lcd_show.o
    0x0002271a   0x0002271a   0x00000002   PAD
    0x0002271c   0x0002271c   0x00000540   Code   RO          102    .text               tp_gt911.o
    0x00022c5c   0x00022c5c   0x00004ebe   Code   RO          110    .text               ugui.o
    0x00027b1a   0x00027b1a   0x00000002   PAD
    0x00027b1c   0x00027b1c   0x000010fa   Code   RO          131    .text               system_swm341.o
    0x00028c16   0x00028c16   0x00000002   PAD
    0x00028c18   0x00028c18   0x000000d8   Code   RO          145    .text               startup_swm341.o
    0x00028cf0   0x00028cf0   0x0000009a   Code   RO          219    .text               swm341_exti.o
    0x00028d8a   0x00028d8a   0x00000002   PAD
    0x00028d8c   0x00028d8c   0x00000136   Code   RO          228    .text               swm341_flash.o
    0x00028ec2   0x00028ec2   0x00000002   PAD
    0x00028ec4   0x00028ec4   0x0000028c   Code   RO          240    .text               swm341_gpio.o
    0x00029150   0x00029150   0x000002fa   Code   RO          248    .text               swm341_i2c.o
    0x0002944a   0x0002944a   0x00000002   PAD
    0x0002944c   0x0002944c   0x0000031c   Code   RO          274    .text               swm341_lcd.o
    0x00029768   0x00029768   0x0000004a   Code   RO          283    .text               swm341_port.o
    0x000297b2   0x000297b2   0x00000002   PAD
    0x000297b4   0x000297b4   0x000001ca   Code   RO          327    .text               swm341_sdram.o
    0x0002997e   0x0002997e   0x00000002   PAD
    0x00029980   0x00029980   0x000005ce   Code   RO          335    .text               swm341_sfc.o
    0x00029f4e   0x00029f4e   0x00000002   PAD
    0x00029f50   0x00029f50   0x00000b04   Code   RO          353    .text               swm341_timr.o
    0x0002aa54   0x0002aa54   0x0000035a   Code   RO          361    .text               swm341_uart.o
    0x0002adae   0x0002adae   0x00000002   PAD
    0x0002adb0   0x0002adb0   0x000000a0   Code   RO          397    .text               swm341_wdt.o
    0x0002ae50   0x0002ae50   0x00000008   Code   RO          405    .text               gt_font_config.o
    0x0002ae58   0x0002ae58   0x00000046   Code   RO          412    .text               gt_port_disp.o
    0x0002ae9e   0x0002ae9e   0x00000002   PAD
    0x0002aea0   0x0002aea0   0x0000004a   Code   RO          421    .text               gt_port_indev.o
    0x0002aeea   0x0002aeea   0x00000002   PAD
    0x0002aeec   0x0002aeec   0x0000000e   Code   RO          430    .text               gt_port_src.o
    0x0002aefa   0x0002aefa   0x00000002   PAD
    0x0002aefc   0x0002aefc   0x0000001e   Code   RO          440    .text               gt_port_vf.o
    0x0002af1a   0x0002af1a   0x00000002   PAD
    0x0002af1c   0x0002af1c   0x000012ea   Code   RO          449    .text               gt_disp.o
    0x0002c206   0x0002c206   0x00000002   PAD
    0x0002c208   0x0002c208   0x00003b2c   Code   RO          460    .text               gt_draw.o
    0x0002fd34   0x0002fd34   0x000002ac   Code   RO          489    .text               gt_event.o
    0x0002ffe0   0x0002ffe0   0x00000282   Code   RO          499    .text               gt_fs.o
    0x00030262   0x00030262   0x00000002   PAD
    0x00030264   0x00030264   0x0000001a   Code   RO          510    .text               gt_graph_base.o
    0x0003027e   0x0003027e   0x00000002   PAD
    0x00030280   0x00030280   0x00000058   Code   RO          518    .text               gt_handler.o
    0x000302d8   0x000302d8   0x000002ba   Code   RO          526    .text               gt_img_decoder.o
    0x00030592   0x00030592   0x00000002   PAD
    0x00030594   0x00030594   0x00000b0a   Code   RO          536    .text               gt_indev.o
    0x0003109e   0x0003109e   0x00000002   PAD
    0x000310a0   0x000310a0   0x0000067c   Code   RO          550    .text               gt_layout.o
    0x0003171c   0x0003171c   0x00000178   Code   RO          559    .text               gt_mem.o
    0x00031894   0x00031894   0x0000039c   Code   RO          572    .text               gt_obj_pos.o
    0x00031c30   0x00031c30   0x000001fa   Code   RO          582    .text               gt_obj_scroll.o
    0x00031e2a   0x00031e2a   0x00000002   PAD
    0x00031e2c   0x00031e2c   0x0000002c   Code   RO          591    .text               gt_refr.o
    0x00031e58   0x00031e58   0x00000402   Code   RO          599    .text               gt_scr_stack.o
    0x0003225a   0x0003225a   0x00000002   PAD
    0x0003225c   0x0003225c   0x00000b2e   Code   RO          608    .text               gt_style.o
    0x00032d8a   0x00032d8a   0x00000002   PAD
    0x00032d8c   0x00032d8c   0x0000022e   Code   RO          617    .text               gt_timer.o
    0x00032fba   0x00032fba   0x00000002   PAD
    0x00032fbc   0x00032fbc   0x0000000e   Code   RO          628    .text               gt_extra.o
    0x00032fca   0x00032fca   0x00000002   PAD
    0x00032fcc   0x00032fcc   0x000006a4   Code   RO          635    .text               gt_draw_blend.o
    0x00033670   0x00033670   0x00001012   Code   RO          653    .text               gt_draw_blend_with_rgb565.o
    0x00034682   0x00034682   0x00000002   PAD
    0x00034684   0x00034684   0x0000073e   Code   RO          681    .text               gt_sjpg.o
    0x00034dc2   0x00034dc2   0x00000002   PAD
    0x00034dc4   0x00034dc4   0x00001b86   Code   RO          691    .text               tjpgd.o
    0x0003694a   0x0003694a   0x00000002   PAD
    0x0003694c   0x0003694c   0x000004fc   Code   RO          703    .text               gt_png.o
    0x00036e48   0x00036e48   0x0000a0da   Code   RO          713    .text               lodepng.o
    0x00040f22   0x00040f22   0x00000002   PAD
    0x00040f24   0x00040f24   0x0000280e   Code   RO          737    .text               gt_font.o
    0x00043732   0x00043732   0x00000002   PAD
    0x00043734   0x00043734   0x00000084   Code   RO          753    .text               gt_symbol.o
    0x000437b8   0x000437b8   0x00000520   Code   RO          809    .text               gt_hal_disp.o
    0x00043cd8   0x00043cd8   0x00000080   Code   RO          822    .text               gt_hal_fs.o
    0x00043d58   0x00043d58   0x000000e8   Code   RO          831    .text               gt_hal_indev.o
    0x00043e40   0x00043e40   0x000001cc   Code   RO          843    .text               gt_hal_src.o
    0x0004400c   0x0004400c   0x0000008c   Code   RO          854    .text               gt_hal_tick.o
    0x00044098   0x00044098   0x000002d8   Code   RO          864    .text               gt_hal_vf.o
    0x00044370   0x00044370   0x000009b4   Code   RO          877    .text               gt_anim.o
    0x00044d24   0x00044d24   0x0000029e   Code   RO          893    .text               gt_area.o
    0x00044fc2   0x00044fc2   0x00000002   PAD
    0x00044fc4   0x00044fc4   0x000000a4   Code   RO          902    .text               gt_color.o
    0x00045068   0x00045068   0x00000034   Code   RO          913    .text               gt_gc.o
    0x0004509c   0x0004509c   0x0000046a   Code   RO          922    .text               gt_math.o
    0x00045506   0x00045506   0x00000002   PAD
    0x00045508   0x00045508   0x00000d24   Code   RO          933    .text               gt_tlsf.o
    0x0004622c   0x0004622c   0x00000596   Code   RO          952    .text               gt_vector.o
    0x000467c2   0x000467c2   0x00000002   PAD
    0x000467c4   0x000467c4   0x00000458   Code   RO          963    .text               gt_stack.o
    0x00046c1c   0x00046c1c   0x000007ac   Code   RO          975    .text               gt_btn.o
    0x000473c8   0x000473c8   0x000002da   Code   RO         1016    .text               gt_img.o
    0x000476a2   0x000476a2   0x00000002   PAD
    0x000476a4   0x000476a4   0x000005b8   Code   RO         1026    .text               gt_imgbtn.o
    0x00047c5c   0x00047c5c   0x000007a2   Code   RO         1048    .text               gt_input_number.o
    0x000483fe   0x000483fe   0x00000002   PAD
    0x00048400   0x00048400   0x00000a12   Code   RO         1085    .text               gt_label.o
    0x00048e12   0x00048e12   0x00000002   PAD
    0x00048e14   0x00048e14   0x00000cb8   Code   RO         1115    .text               gt_obj.o
    0x00049acc   0x00049acc   0x00000648   Code   RO         1126    .text               gt_obj_class.o
    0x0004a114   0x0004a114   0x0000016c   Code   RO         1178    .text               gt_rect.o
    0x0004a280   0x0004a280   0x00000c06   Code   RO         1187    .text               gt_slider.o
    0x0004ae86   0x0004ae86   0x00000002   PAD
    0x0004ae88   0x0004ae88   0x00000316   Code   RO         1198    .text               gt_switch.o
    0x0004b19e   0x0004b19e   0x00000002   PAD
    0x0004b1a0   0x0004b1a0   0x000008c8   Code   RO         1245    .text               gt_dialog.o
    0x0004ba68   0x0004ba68   0x000009f6   Code   RO         1328    .text               gt_init_screen_home.o
    0x0004c45e   0x0004c45e   0x00000002   PAD
    0x0004c460   0x0004c460   0x00000024   Code   RO         1360    .text               gt_ui.o
    0x0004c484   0x0004c484   0x00000f8e   Code   RO         1368    .text               gt_gui_driver.lib(gt_gui_driver.o)
    0x0004d412   0x0004d412   0x00000062   Code   RO         1399    .text               mc_w.l(ldiv.o)
    0x0004d474   0x0004d474   0x0000000c   Code   RO         1401    .text               mc_w.l(tolower.o)
    0x0004d480   0x0004d480   0x00000040   Code   RO         1405    .text               mc_w.l(memmovea.o)
    0x0004d4c0   0x0004d4c0   0x00000024   Code   RO         1407    .text               mc_w.l(memseta.o)
    0x0004d4e4   0x0004d4e4   0x00000024   Code   RO         1409    .text               mc_w.l(strstr.o)
    0x0004d508   0x0004d508   0x0000000e   Code   RO         1411    .text               mc_w.l(strlen.o)
    0x0004d516   0x0004d516   0x0000001c   Code   RO         1413    .text               mc_w.l(strcmp.o)
    0x0004d532   0x0004d532   0x0000001a   Code   RO         1415    .text               mc_w.l(memcmp.o)
    0x0004d54c   0x0004d54c   0x00000012   Code   RO         1417    .text               mc_w.l(strcpy.o)
    0x0004d55e   0x0004d55e   0x000000b0   Code   RO         1684    .text               mf_w.l(fadd.o)
    0x0004d60e   0x0004d60e   0x00000064   Code   RO         1686    .text               mf_w.l(fmul.o)
    0x0004d672   0x0004d672   0x0000007c   Code   RO         1688    .text               mf_w.l(fdiv.o)
    0x0004d6ee   0x0004d6ee   0x0000014e   Code   RO         1690    .text               mf_w.l(dadd.o)
    0x0004d83c   0x0004d83c   0x000000e4   Code   RO         1692    .text               mf_w.l(dmul.o)
    0x0004d920   0x0004d920   0x000000de   Code   RO         1694    .text               mf_w.l(ddiv.o)
    0x0004d9fe   0x0004d9fe   0x0000001c   Code   RO         1696    .text               mf_w.l(fcmple.o)
    0x0004da1a   0x0004da1a   0x0000001c   Code   RO         1698    .text               mf_w.l(fcmplt.o)
    0x0004da36   0x0004da36   0x0000001c   Code   RO         1700    .text               mf_w.l(fcmpge.o)
    0x0004da52   0x0004da52   0x0000001c   Code   RO         1702    .text               mf_w.l(fcmpgt.o)
    0x0004da6e   0x0004da6e   0x00000036   Code   RO         1706    .text               mf_w.l(dcmple.o)
    0x0004daa4   0x0004daa4   0x00000036   Code   RO         1708    .text               mf_w.l(dcmplt.o)
    0x0004dada   0x0004dada   0x00000036   Code   RO         1710    .text               mf_w.l(dcmpge.o)
    0x0004db10   0x0004db10   0x00000012   Code   RO         1712    .text               mf_w.l(fflti.o)
    0x0004db22   0x0004db22   0x0000000a   Code   RO         1714    .text               mf_w.l(ffltui.o)
    0x0004db2c   0x0004db2c   0x00000022   Code   RO         1716    .text               mf_w.l(dflti.o)
    0x0004db4e   0x0004db4e   0x0000001a   Code   RO         1718    .text               mf_w.l(dfltui.o)
    0x0004db68   0x0004db68   0x00000032   Code   RO         1720    .text               mf_w.l(ffixi.o)
    0x0004db9a   0x0004db9a   0x0000003e   Code   RO         1722    .text               mf_w.l(dfixi.o)
    0x0004dbd8   0x0004dbd8   0x00000026   Code   RO         1724    .text               mf_w.l(f2d.o)
    0x0004dbfe   0x0004dbfe   0x00000038   Code   RO         1726    .text               mf_w.l(d2f.o)
    0x0004dc36   0x0004dc36   0x0000002c   Code   RO         1752    .text               mc_w.l(uidiv.o)
    0x0004dc62   0x0004dc62   0x00000062   Code   RO         1754    .text               mc_w.l(uldiv.o)
    0x0004dcc4   0x0004dcc4   0x0000001e   Code   RO         1756    .text               mc_w.l(llshl.o)
    0x0004dce2   0x0004dce2   0x00000020   Code   RO         1758    .text               mc_w.l(llushr.o)
    0x0004dd02   0x0004dd02   0x00000024   Code   RO         1760    .text               mc_w.l(llsshr.o)
    0x0004dd26   0x0004dd26   0x00000000   Code   RO         1769    .text               mc_w.l(iusefp.o)
    0x0004dd26   0x0004dd26   0x0000006e   Code   RO         1770    .text               mf_w.l(fepilogue.o)
    0x0004dd94   0x0004dd94   0x000000ba   Code   RO         1772    .text               mf_w.l(depilogue.o)
    0x0004de4e   0x0004de4e   0x000000a2   Code   RO         1774    .text               mf_w.l(dsqrt.o)
    0x0004def0   0x0004def0   0x00000030   Code   RO         1776    .text               mf_w.l(dfixul.o)
    0x0004df20   0x0004df20   0x00000030   Code   RO         1778    .text               mf_w.l(cdrcmple.o)
    0x0004df50   0x0004df50   0x00000036   Code   RO         1780    .text               mf_w.l(fcmp4.o)
    0x0004df86   0x0004df86   0x00000002   PAD
    0x0004df88   0x0004df88   0x00000024   Code   RO         1782    .text               mc_w.l(init.o)
    0x0004dfac   0x0004dfac   0x0000003a   Code   RO         1792    .text               mc_w.l(__dczerorl.o)
    0x0004dfe6   0x0004dfe6   0x00000002   PAD
    0x0004dfe8   0x0004dfe8   0x00000020   Code   RO         1656    i.__0printf         mc_w.l(printfa.o)
    0x0004e008   0x0004e008   0x00000028   Code   RO         1658    i.__0sprintf        mc_w.l(printfa.o)
    0x0004e030   0x0004e030   0x00000034   Code   RO         1661    i.__0vsnprintf      mc_w.l(printfa.o)
    0x0004e064   0x0004e064   0x0000000e   Code   RO         1786    i.__scatterload_copy  mc_w.l(handlers.o)
    0x0004e072   0x0004e072   0x00000002   Code   RO         1787    i.__scatterload_null  mc_w.l(handlers.o)
    0x0004e074   0x0004e074   0x0000000e   Code   RO         1788    i.__scatterload_zeroinit  mc_w.l(handlers.o)
    0x0004e082   0x0004e082   0x00000002   PAD
    0x0004e084   0x0004e084   0x0000000c   Code   RO         1764    i.__set_errno       mc_w.l(errno.o)
    0x0004e090   0x0004e090   0x00000184   Code   RO         1663    i._fp_digits        mc_w.l(printfa.o)
    0x0004e214   0x0004e214   0x000006dc   Code   RO         1664    i._printf_core      mc_w.l(printfa.o)
    0x0004e8f0   0x0004e8f0   0x00000024   Code   RO         1665    i._printf_post_padding  mc_w.l(printfa.o)
    0x0004e914   0x0004e914   0x0000002e   Code   RO         1666    i._printf_pre_padding  mc_w.l(printfa.o)
    0x0004e942   0x0004e942   0x00000016   Code   RO         1667    i._snputc           mc_w.l(printfa.o)
    0x0004e958   0x0004e958   0x0000000a   Code   RO         1668    i._sputc            mc_w.l(printfa.o)
    0x0004e962   0x0004e962   0x00000028   Code   RO         1390    i.fmaxf             m_ws.l(fmaxf.o)
    0x0004e98a   0x0004e98a   0x00000002   PAD
    0x0004e98c   0x0004e98c   0x00000024   Code   RO         1395    i.puts              mc_w.l(puts.o)
    0x0004e9b0   0x0004e9b0   0x0000004c   Code   RO         1387    i.sqrt              m_ws.l(sqrt.o)
    0x0004e9fc   0x0004e9fc   0x00000010   Data   RO          955    .rodata..L__const._gt_vector_get_iterator.ret_iter  gt_vector.o
    0x0004ea0c   0x0004ea0c   0x00000014   Data   RO          885    .rodata..Lswitch.table.gt_anim_set_path_type  gt_anim.o
    0x0004ea20   0x0004ea20   0x000001d0   Data   RO          729    .rodata..Lswitch.table.lodepng_error_text  lodepng.o
    0x0004ebf0   0x0004ebf0   0x0000001c   Data   RO          724    .rodata.ADAM7_DX    lodepng.o
    0x0004ec0c   0x0004ec0c   0x0000001c   Data   RO          726    .rodata.ADAM7_DY    lodepng.o
    0x0004ec28   0x0004ec28   0x0000001c   Data   RO          725    .rodata.ADAM7_IX    lodepng.o
    0x0004ec44   0x0004ec44   0x0000001c   Data   RO          727    .rodata.ADAM7_IY    lodepng.o
    0x0004ec60   0x0004ec60   0x0000004c   Data   RO          723    .rodata.CLCL_ORDER  lodepng.o
    0x0004ecac   0x0004ecac   0x00000400   Data   RO          695    .rodata.Clip8       tjpgd.o
    0x0004f0ac   0x0004f0ac   0x00000078   Data   RO          721    .rodata.DISTANCEBASE  lodepng.o
    0x0004f124   0x0004f124   0x00000078   Data   RO          722    .rodata.DISTANCEEXTRA  lodepng.o
    0x0004f19c   0x0004f19c   0x00000080   Data   RO          694    .rodata.Ipsf        tjpgd.o
    0x0004f21c   0x0004f21c   0x00000074   Data   RO          719    .rodata.LENGTHBASE  lodepng.o
    0x0004f290   0x0004f290   0x00000074   Data   RO          720    .rodata.LENGTHEXTRA  lodepng.o
    0x0004f304   0x0004f304   0x00000040   Data   RO          693    .rodata.Zig         tjpgd.o
    0x0004f344   0x0004f344   0x00000be0   Data   RO          743    .rodata._ascii_16   gt_font.o
    0x0004ff24   0x0004ff24   0x000000b6   Data   RO          924    .rodata._gt_sin_90_table  gt_math.o
    0x0004ffda   0x0004ffda   0x00000002   PAD
    0x0004ffdc   0x0004ffdc   0x00000400   Data   RO          925    .rodata._gt_tab_per_255  gt_math.o
    0x000503dc   0x000503dc   0x000001ea   Data   RO          742    .rodata._latin_16x16_width  gt_font.o
    0x000505c6   0x000505c6   0x00000002   PAD
    0x000505c8   0x000505c8   0x00000028   Data   RO          432    .rodata._src_icon_sys  gt_port_src.o
    0x000505f0   0x000505f0   0x00000003   Data   RO          480    .rodata._utf8_dots  gt_draw.o
    0x000505f3   0x000505f3   0x00000009   Data   RO          481    .rodata._utf8_full_stops  gt_draw.o
    0x000505fc   0x000505fc   0x00000474   Data   RO           91    .rodata.asc2_1206   lcd_show.o
    0x00050a70   0x00050a70   0x000005f0   Data   RO           92    .rodata.asc2_1608   lcd_show.o
    0x00051060   0x00051060   0x00000d5c   Data   RO           93    .rodata.asc2_2412   lcd_show.o
    0x00051dbc   0x00051dbc   0x00002f80   Data   RO           94    .rodata.asc2_3216   lcd_show.o
    0x00054d3c   0x00054d3c   0x00000010   Data   RO          541    .rodata.cst16       gt_indev.o
    0x00054d4c   0x00054d4c   0x00000020   Data   RO          451    .rodata.cst32       gt_disp.o
    0x00054d6c   0x00054d6c   0x00000020   Data   RO          728    .rodata.cst32       lodepng.o
    0x00054d8c   0x00054d8c   0x00000004   Data   RO          502    .rodata.cst4        gt_fs.o
    0x00054d90   0x00054d90   0x00000008   Data   RO          574    .rodata.cst8        gt_obj_pos.o
    0x00054d98   0x00054d98   0x00000008   Data   RO          966    .rodata.cst8        gt_stack.o
    0x00054da0   0x00054da0   0x00000010   Data   RO          977    .rodata.gt_btn_class  gt_btn.o
    0x00054db0   0x00054db0   0x00000010   Data   RO         1247    .rodata.gt_dialog_class  gt_dialog.o
    0x00054dc0   0x00054dc0   0x00000108   Data   RO          739    .rodata.gt_font_lan_get.ranges  gt_font.o
    0x00054ec8   0x00054ec8   0x00000030   Data   RO         1374    .rodata.gt_get_font_func  gt_gui_driver.lib(gt_gui_driver.o)
    0x00054ef8   0x00054ef8   0x00000010   Data   RO         1018    .rodata.gt_img_class  gt_img.o
    0x00054f08   0x00054f08   0x00000010   Data   RO         1028    .rodata.gt_imgbtn_class  gt_imgbtn.o
    0x00054f18   0x00054f18   0x00000010   Data   RO         1050    .rodata.gt_input_number_class  gt_input_number.o
    0x00054f28   0x00054f28   0x00000010   Data   RO         1087    .rodata.gt_label_class  gt_label.o
    0x00054f38   0x00054f38   0x00000010   Data   RO          813    .rodata.gt_layer_top_class  gt_hal_disp.o
    0x00054f48   0x00054f48   0x00000010   Data   RO         1117    .rodata.gt_obj_class  gt_obj.o
    0x00054f58   0x00054f58   0x00000010   Data   RO         1180    .rodata.gt_rect_class  gt_rect.o
    0x00054f68   0x00054f68   0x00000008   Data   RO         1362    .rodata.gt_scr_list  gt_ui.o
    0x00054f70   0x00054f70   0x00000010   Data   RO         1118    .rodata.gt_screen_class  gt_obj.o
    0x00054f80   0x00054f80   0x00000010   Data   RO         1189    .rodata.gt_slider_class  gt_slider.o
    0x00054f90   0x00054f90   0x00000010   Data   RO         1200    .rodata.gt_switcher_class  gt_switch.o
    0x00054fa0   0x00054fa0   0x00000280   Data   RO         1372    .rodata.gtuid       gt_gui_driver.lib(gt_gui_driver.o)
    0x00055220   0x00055220   0x00000400   Data   RO          718    .rodata.lodepng_crc32_table  lodepng.o
    0x00055620   0x00055620   0x00000018   Data   RO          118    .rodata.pal_button_pressed  ugui.o
    0x00055638   0x00055638   0x00000018   Data   RO          119    .rodata.pal_button_released  ugui.o
    0x00055650   0x00055650   0x00000018   Data   RO          120    .rodata.pal_checkbox_pressed  ugui.o
    0x00055668   0x00055668   0x00000018   Data   RO          121    .rodata.pal_checkbox_released  ugui.o
    0x00055680   0x00055680   0x00000018   Data   RO          117    .rodata.pal_window  ugui.o
    0x00055698   0x00055698   0x0000000c   Data   RO          464    .rodata.r_1         gt_draw.o
    0x000556a4   0x000556a4   0x00000042   Data   RO          473    .rodata.r_10        gt_draw.o
    0x000556e6   0x000556e6   0x00000048   Data   RO          474    .rodata.r_11        gt_draw.o
    0x0005572e   0x0005572e   0x0000004e   Data   RO          475    .rodata.r_12        gt_draw.o
    0x0005577c   0x0005577c   0x00000054   Data   RO          476    .rodata.r_13        gt_draw.o
    0x000557d0   0x000557d0   0x0000005a   Data   RO          477    .rodata.r_14        gt_draw.o
    0x0005582a   0x0005582a   0x00000060   Data   RO          478    .rodata.r_15        gt_draw.o
    0x0005588a   0x0005588a   0x00000066   Data   RO          479    .rodata.r_16        gt_draw.o
    0x000558f0   0x000558f0   0x00000012   Data   RO          465    .rodata.r_2         gt_draw.o
    0x00055902   0x00055902   0x00000018   Data   RO          466    .rodata.r_3         gt_draw.o
    0x0005591a   0x0005591a   0x0000001e   Data   RO          467    .rodata.r_4         gt_draw.o
    0x00055938   0x00055938   0x00000024   Data   RO          468    .rodata.r_5         gt_draw.o
    0x0005595c   0x0005595c   0x0000002a   Data   RO          469    .rodata.r_6         gt_draw.o
    0x00055986   0x00055986   0x00000030   Data   RO          470    .rodata.r_7         gt_draw.o
    0x000559b6   0x000559b6   0x00000036   Data   RO          471    .rodata.r_8         gt_draw.o
    0x000559ec   0x000559ec   0x0000003c   Data   RO          472    .rodata.r_9         gt_draw.o
    0x00055a28   0x00055a28   0x00000044   Data   RO          463    .rodata.small_radius_make  gt_draw.o
    0x00055a6c   0x00055a6c   0x0000079e   Data   RO          434    .rodata.src_z483    gt_port_src.o
    0x0005620a   0x0005620a   0x00000005   Data   RO            3    .rodata.str1.1      main.o
    0x0005620f   0x0005620f   0x00000020   Data   RO           33    .rodata.str1.1      bsp_sfc.o
    0x0005622f   0x0005622f   0x00000002   Data   RO          123    .rodata.str1.1      ugui.o
    0x00056231   0x00056231   0x0000000b   Data   RO          433    .rodata.str1.1      gt_port_src.o
    0x0005623c   0x0005623c   0x00000024   Data   RO          443    .rodata.str1.1      gt_port_vf.o
    0x00056260   0x00056260   0x0000006a   Data   RO          452    .rodata.str1.1      gt_disp.o
    0x000562ca   0x000562ca   0x000003d9   Data   RO          462    .rodata.str1.1      gt_draw.o
    0x000566a3   0x000566a3   0x00000016   Data   RO          528    .rodata.str1.1      gt_img_decoder.o
    0x000566b9   0x000566b9   0x00000047   Data   RO          683    .rodata.str1.1      gt_sjpg.o
    0x00056700   0x00056700   0x0000001f   Data   RO          705    .rodata.str1.1      gt_png.o
    0x0005671f   0x0005671f   0x00001333   Data   RO          715    .rodata.str1.1      lodepng.o
    0x00057a52   0x00057a52   0x00000076   Data   RO          740    .rodata.str1.1      gt_font.o
    0x00057ac8   0x00057ac8   0x00000068   Data   RO          757    .rodata.str1.1      gt_symbol.o
    0x00057b30   0x00057b30   0x00000010   Data   RO          812    .rodata.str1.1      gt_hal_disp.o
    0x00057b40   0x00057b40   0x00000010   Data   RO          824    .rodata.str1.1      gt_hal_fs.o
    0x00057b50   0x00057b50   0x00000026   Data   RO          880    .rodata.str1.1      gt_anim.o
    0x00057b76   0x00057b76   0x0000002a   Data   RO          954    .rodata.str1.1      gt_vector.o
    0x00057ba0   0x00057ba0   0x00000021   Data   RO          965    .rodata.str1.1      gt_stack.o
    0x00057bc1   0x00057bc1   0x00000037   Data   RO          978    .rodata.str1.1      gt_btn.o
    0x00057bf8   0x00057bf8   0x0000000f   Data   RO         1019    .rodata.str1.1      gt_img.o
    0x00057c07   0x00057c07   0x0000007d   Data   RO         1029    .rodata.str1.1      gt_imgbtn.o
    0x00057c84   0x00057c84   0x00000008   Data   RO         1051    .rodata.str1.1      gt_input_number.o
    0x00057c8c   0x00057c8c   0x00000040   Data   RO         1088    .rodata.str1.1      gt_label.o
    0x00057ccc   0x00057ccc   0x00000059   Data   RO         1128    .rodata.str1.1      gt_obj_class.o
    0x00057d25   0x00057d25   0x00000100   Data   RO          763    .rodata.symbol_16x16_backspace  gt_symbol.o
    0x00057e25   0x00057e25   0x00000100   Data   RO          776    .rodata.symbol_16x16_close  gt_symbol.o
    0x00057f25   0x00057f25   0x00000100   Data   RO          773    .rodata.symbol_16x16_down  gt_symbol.o
    0x00058025   0x00058025   0x00000100   Data   RO          771    .rodata.symbol_16x16_keyboard  gt_symbol.o
    0x00058125   0x00058125   0x00000100   Data   RO          770    .rodata.symbol_16x16_left  gt_symbol.o
    0x00058225   0x00058225   0x00000100   Data   RO          762    .rodata.symbol_16x16_new_line  gt_symbol.o
    0x00058325   0x00058325   0x00000100   Data   RO          775    .rodata.symbol_16x16_ok  gt_symbol.o
    0x00058425   0x00058425   0x00000100   Data   RO          759    .rodata.symbol_16x16_pause  gt_symbol.o
    0x00058525   0x00058525   0x00000100   Data   RO          758    .rodata.symbol_16x16_play  gt_symbol.o
    0x00058625   0x00058625   0x00000100   Data   RO          769    .rodata.symbol_16x16_right  gt_symbol.o
    0x00058725   0x00058725   0x00000100   Data   RO          774    .rodata.symbol_16x16_save  gt_symbol.o
    0x00058825   0x00058825   0x00000100   Data   RO          772    .rodata.symbol_16x16_up  gt_symbol.o
    0x00058925   0x00058925   0x00000240   Data   RO          794    .rodata.symbol_24x24_close  gt_symbol.o
    0x00058b65   0x00058b65   0x00000240   Data   RO          796    .rodata.symbol_24x24_pause  gt_symbol.o
    0x00058da5   0x00058da5   0x00000240   Data   RO          795    .rodata.symbol_24x24_play  gt_symbol.o
    0x00058fe5   0x00058fe5   0x00000240   Data   RO          784    .rodata.symbol_backspace_24x24  gt_symbol.o
    0x00059225   0x00059225   0x00000100   Data   RO          765    .rodata.symbol_ch_16x16  gt_symbol.o
    0x00059325   0x00059325   0x00000240   Data   RO          786    .rodata.symbol_ch_24x24  gt_symbol.o
    0x00059565   0x00059565   0x00000100   Data   RO          764    .rodata.symbol_en_16x16  gt_symbol.o
    0x00059665   0x00059665   0x00000240   Data   RO          785    .rodata.symbol_en_24x24  gt_symbol.o
    0x000598a5   0x000598a5   0x00000240   Data   RO          792    .rodata.symbol_keyboard_24x24  gt_symbol.o
    0x00059ae5   0x00059ae5   0x00000240   Data   RO          791    .rodata.symbol_left_24x24  gt_symbol.o
    0x00059d25   0x00059d25   0x00000100   Data   RO          767    .rodata.symbol_lower_case_16x16  gt_symbol.o
    0x00059e25   0x00059e25   0x00000240   Data   RO          788    .rodata.symbol_lower_case_24x24  gt_symbol.o
    0x0005a065   0x0005a065   0x00000240   Data   RO          783    .rodata.symbol_new_line_24x24  gt_symbol.o
    0x0005a2a5   0x0005a2a5   0x00000240   Data   RO          793    .rodata.symbol_ok_24x24  gt_symbol.o
    0x0005a4e5   0x0005a4e5   0x00000240   Data   RO          790    .rodata.symbol_right_24x24  gt_symbol.o
    0x0005a725   0x0005a725   0x00000100   Data   RO          761    .rodata.symbol_space_16x16  gt_symbol.o
    0x0005a825   0x0005a825   0x00000240   Data   RO          782    .rodata.symbol_space_24x24  gt_symbol.o
    0x0005aa65   0x0005aa65   0x00000100   Data   RO          768    .rodata.symbol_upper_case_16x16  gt_symbol.o
    0x0005ab65   0x0005ab65   0x00000240   Data   RO          789    .rodata.symbol_upper_case_24x24  gt_symbol.o
    0x0005ada5   0x0005ada5   0x00000100   Data   RO          766    .rodata.symbol_well_number_16x16  gt_symbol.o
    0x0005aea5   0x0005aea5   0x00000240   Data   RO          787    .rodata.symbol_well_number_24x24  gt_symbol.o
    0x0005b0e5   0x0005b0e5   0x00000003   PAD
    0x0005b0e8   0x0005b0e8   0x000000d0   Data   RO          755    .rodata.symbols_16x16  gt_symbol.o
    0x0005b1b8   0x0005b1b8   0x000000b8   Data   RO          756    .rodata.symbols_24x24  gt_symbol.o
    0x0005b270   0x0005b270   0x0000003c   Data   RO          442    .rodata.virt_file_sys  gt_port_vf.o
    0x0005b2ac   0x0005b2ac   0x00000100   Data   RO          777    .rodata.voice_play_16x16_left_1  gt_symbol.o
    0x0005b3ac   0x0005b3ac   0x00000100   Data   RO          778    .rodata.voice_play_16x16_left_2  gt_symbol.o
    0x0005b4ac   0x0005b4ac   0x00000100   Data   RO          760    .rodata.voice_play_16x16_left_3  gt_symbol.o
    0x0005b5ac   0x0005b5ac   0x00000100   Data   RO          779    .rodata.voice_play_16x16_right_1  gt_symbol.o
    0x0005b6ac   0x0005b6ac   0x00000100   Data   RO          780    .rodata.voice_play_16x16_right_2  gt_symbol.o
    0x0005b7ac   0x0005b7ac   0x00000100   Data   RO          781    .rodata.voice_play_16x16_right_3  gt_symbol.o
    0x0005b8ac   0x0005b8ac   0x00000240   Data   RO          797    .rodata.voice_play_24x24_left_1  gt_symbol.o
    0x0005baec   0x0005baec   0x00000240   Data   RO          798    .rodata.voice_play_24x24_left_2  gt_symbol.o
    0x0005bd2c   0x0005bd2c   0x00000240   Data   RO          799    .rodata.voice_play_24x24_left_3  gt_symbol.o
    0x0005bf6c   0x0005bf6c   0x00000240   Data   RO          800    .rodata.voice_play_24x24_right_1  gt_symbol.o
    0x0005c1ac   0x0005c1ac   0x00000240   Data   RO          801    .rodata.voice_play_24x24_right_2  gt_symbol.o
    0x0005c3ec   0x0005c3ec   0x00000240   Data   RO          802    .rodata.voice_play_24x24_right_3  gt_symbol.o
    0x0005c62c   0x0005c62c   0x00000020   Data   RO         1785    Region$$Table       anon$$obj.o


    Execution Region RW_IRAM1 (Exec base: 0x20000000, Load base: 0x0005c650, Size: 0x0000e2c0, Max: 0x00010000, ABSOLUTE, COMPRESSED[0x00000038])

    Exec Addr    Load Addr    Size         Type   Attr      Idx    E Section Name        Object

    0x20000000   COMPRESSED   0x00000004   Data   RW         1742    .data               mc_w.l(stdout.o)
    0x20000004   COMPRESSED   0x00000004   Data   RW         1765    .data               mc_w.l(errno.o)
    0x20000008   COMPRESSED   0x00000001   Data   RW           78    .data.CMD_RDX       dev_xpt2046.o
    0x20000009   COMPRESSED   0x00000001   Data   RW           79    .data.CMD_RDY       dev_xpt2046.o
    0x2000000a   COMPRESSED   0x00000002   PAD
    0x2000000c   COMPRESSED   0x00000004   Data   RW          134    .data.CyclesPerUs   system_swm341.o
    0x20000010   COMPRESSED   0x00000040   Data   RW         1375    .data.PADDING       gt_gui_driver.lib(gt_gui_driver.o)
    0x20000050   COMPRESSED   0x00000004   Data   RW          133    .data.SystemCoreClock  system_swm341.o
    0x20000054   COMPRESSED   0x0000000a   Data   RW           80    .data.TP_REMIND_MSG_TBL  dev_xpt2046.o
    0x2000005e   COMPRESSED   0x00000002   PAD
    0x20000060   COMPRESSED   0x00000004   Data   RW           13    .data._LCD_Buffer   bsp_lcd_rgb.o
    0x20000064   COMPRESSED   0x00000004   Data   RW          904    .data._focus_color  gt_color.o
    0x20000068   COMPRESSED   0x000000a4   Data   RW          915    .data._gt_global_call  gt_gc.o
    0x2000010c   COMPRESSED   0x00000004   Data   RW          542    .data._gt_indev_handler_keypad.last_key  gt_indev.o
    0x20000110   COMPRESSED   0x00000008   Data   RW          538    .data._indev_params  gt_indev.o
    0x20000118   COMPRESSED   0x00000001   Data   RW          869    .data._state        gt_hal_vf.o
    0x20000119   COMPRESSED   0x00000003   PAD
    0x2000011c   COMPRESSED   0x00000034   Data   RW           77    .data.tp_dev        dev_xpt2046.o
    0x20000150        -       0x00000001   Zero   RW           65    .bss.Boot_Video_Flag  dev_touch.o
    0x20000151        -       0x00000014   Zero   RW           76    .bss.Buf            dev_xpt2046.o
    0x20000165        -       0x00000001   Zero   RW           75    .bss.FlagAdjusted   dev_xpt2046.o
    0x20000166        -       0x00000001   Zero   RW         1371    .bss.GT_UID_MD5_FLAG  gt_gui_driver.lib(gt_gui_driver.o)
    0x20000167   COMPRESSED   0x00000001   PAD
    0x20000168        -       0x00000004   Zero   RW           14    .bss.POINT_COLOR    bsp_lcd_rgb.o
    0x2000016c        -       0x00000004   Zero   RW           55    .bss.Systick_Time   dev_systick.o
    0x20000170        -       0x00000016   Zero   RW           66    .bss.TP_Dev         dev_touch.o
    0x20000186        -       0x00000014   Zero   RW           45    .bss.UART_BUF       bsp_uart.o
    0x2000019a   COMPRESSED   0x00000002   PAD
    0x2000019c        -       0x00000008   Zero   RW          122    .bss._UG_HandleEvents.msg  ugui.o
    0x200001a4        -       0x00000001   Zero   RW          564    .bss._addr_end      gt_mem.o
    0x200001a5   COMPRESSED   0x00000003   PAD
    0x200001a8        -       0x00000001   Zero   RW          563    .bss._addr_start    gt_mem.o
    0x200001a9   COMPRESSED   0x00000003   PAD
    0x200001ac        -       0x00000004   Zero   RW          882    .bss._anim_act      gt_anim.o
    0x200001b0        -       0x00000004   Zero   RW          883    .bss._anim_timer    gt_anim.o
    0x200001b4        -       0x00000004   Zero   RW          744    .bss._font_family_list.0  gt_font.o
    0x200001b8        -       0x00000002   Zero   RW          745    .bss._font_family_list.1  gt_font.o
    0x200001ba        -       0x00000001   Zero   RW          539    .bss._gt_indev_handler_button.flag_key_down  gt_indev.o
    0x200001bb   COMPRESSED   0x00000001   PAD
    0x200001bc        -       0x00000004   Zero   RW          540    .bss._gt_indev_handler_button.last_run  gt_indev.o
    0x200001c0        -       0x00000001   Zero   RW          520    .bss._gt_init_done_flag  gt_handler.o
    0x200001c1        -       0x00000001   Zero   RW          741    .bss._gt_project_encoding  gt_font.o
    0x200001c2        -       0x00000001   Zero   RW          620    .bss._gt_timer_task_ready_flag  gt_timer.o
    0x200001c3        -       0x00000001   Zero   RW          879    .bss._is_list_change  gt_anim.o
    0x200001c4        -       0x00000001   Zero   RW          884    .bss._is_run_same_time  gt_anim.o
    0x200001c5   COMPRESSED   0x00000003   PAD
    0x200001c8        -       0x0000c000   Zero   RW          561    .bss._mem_pool_int  gt_mem.o
    0x2000c1c8        -       0x00000004   Zero   RW          845    .bss._self          gt_hal_src.o
    0x2000c1cc        -       0x00000004   Zero   RW          857    .bss._tick          gt_hal_tick.o
    0x2000c1d0        -       0x00000004   Zero   RW          881    .bss._time_last_run  gt_anim.o
    0x2000c1d4        -       0x00000004   Zero   RW          562    .bss._tlsf          gt_mem.o
    0x2000c1d8        -       0x00000001   Zero   RW           43    .bss._uart3_count   bsp_uart.o
    0x2000c1d9        -       0x0000000a   Zero   RW           44    .bss._uart3_rx_buf  bsp_uart.o
    0x2000c1e3   COMPRESSED   0x00000001   PAD
    0x2000c1e4        -       0x00000004   Zero   RW          867    .bss._vf_dev        gt_hal_vf.o
    0x2000c1e8        -       0x00000004   Zero   RW          866    .bss._vfs           gt_hal_vf.o
    0x2000c1ec        -       0x00000001   Zero   RW          834    .bss.cnt_indev      gt_hal_indev.o
    0x2000c1ed   COMPRESSED   0x00000003   PAD
    0x2000c1f0        -       0x0000000c   Zero   RW          414    .bss.drv            gt_port_disp.o
    0x2000c1fc        -       0x00000004   Zero   RW          811    .bss.graph_buf_all  gt_hal_disp.o
    0x2000c200        -       0x00000001   Zero   RW         1373    .bss.gt_font_chinese_encoding  gt_gui_driver.lib(gt_gui_driver.o)
    0x2000c201   COMPRESSED   0x00000003   PAD
    0x2000c204        -       0x00000004   Zero   RW          116    .bss.gui            ugui.o
    0x2000c208        -       0x00000004   Zero   RW         1344    .bss.imgbtn1        gt_init_screen_home.o
    0x2000c20c        -       0x00000004   Zero   RW         1346    .bss.imgbtn2        gt_init_screen_home.o
    0x2000c210        -       0x00000004   Zero   RW         1347    .bss.imgbtn3        gt_init_screen_home.o
    0x2000c214        -       0x00000004   Zero   RW         1349    .bss.imgbtn4        gt_init_screen_home.o
    0x2000c218        -       0x00000004   Zero   RW         1350    .bss.imgbtn5        gt_init_screen_home.o
    0x2000c21c        -       0x00000004   Zero   RW         1352    .bss.imgbtn6        gt_init_screen_home.o
    0x2000c220        -       0x00000004   Zero   RW          836    .bss.indev          gt_hal_indev.o
    0x2000c224        -       0x00000014   Zero   RW          833    .bss.indev_act      gt_hal_indev.o
    0x2000c238        -       0x00000010   Zero   RW          424    .bss.indev_drv_button  gt_port_indev.o
    0x2000c248        -       0x00000010   Zero   RW          423    .bss.indev_drv_pointer  gt_port_indev.o
    0x2000c258        -       0x00000004   Zero   RW         1332    .bss.inputNum1      gt_init_screen_home.o
    0x2000c25c        -       0x00000004   Zero   RW         1333    .bss.inputNum2      gt_init_screen_home.o
    0x2000c260        -       0x00000004   Zero   RW         1334    .bss.inputNum3      gt_init_screen_home.o
    0x2000c264        -       0x00000004   Zero   RW         1337    .bss.lab1           gt_init_screen_home.o
    0x2000c268        -       0x00000004   Zero   RW         1338    .bss.lab2           gt_init_screen_home.o
    0x2000c26c        -       0x00000004   Zero   RW         1339    .bss.lab3           gt_init_screen_home.o
    0x2000c270        -       0x00000004   Zero   RW         1340    .bss.lab4           gt_init_screen_home.o
    0x2000c274        -       0x00000004   Zero   RW         1341    .bss.lab5           gt_init_screen_home.o
    0x2000c278        -       0x00000004   Zero   RW         1342    .bss.lab6           gt_init_screen_home.o
    0x2000c27c        -       0x00000004   Zero   RW         1343    .bss.lab7           gt_init_screen_home.o
    0x2000c280        -       0x00000004   Zero   RW         1348    .bss.lab8           gt_init_screen_home.o
    0x2000c284        -       0x00000004   Zero   RW         1351    .bss.lab9           gt_init_screen_home.o
    0x2000c288        -       0x0000000e   Zero   RW           15    .bss.lcddev         bsp_lcd_rgb.o
    0x2000c296        -       0x00000010   Zero   RW           81    .bss.pos_temp       dev_xpt2046.o
    0x2000c2a6   COMPRESSED   0x00000002   PAD
    0x2000c2a8        -       0x00000004   Zero   RW         1336    .bss.rect1          gt_init_screen_home.o
    0x2000c2ac        -       0x00000004   Zero   RW         1330    .bss.screen_home    gt_init_screen_home.o
    0x2000c2b0        -       0x00000004   Zero   RW         1335    .bss.slider1        gt_init_screen_home.o
    0x2000c2b4        -       0x00000004   Zero   RW         1331    .bss.switch1        gt_init_screen_home.o
    0x2000c2b8        -       0x00000001   Zero   RW          856    .bss.tick_irq_flag  gt_hal_tick.o
    0x2000c2b9        -       0x00000001   Zero   RW           46    .bss.uart_status    bsp_uart.o
    0x2000c2ba        -       0x00000001   Zero   RW         1353    .bss.update_sreen_status  gt_init_screen_home.o
    0x2000c2bb   COMPRESSED   0x00000005   PAD
    0x2000c2c0        -       0x00002000   Zero   RW          142    STACK               startup_swm341.o



  Load Region LR$$.bss.ARM.__at_0x80180000 (Base: 0x80180000, Size: 0x00000000, Max: 0x0003fc00, ABSOLUTE)

    Execution Region ER$$.bss.ARM.__at_0x80180000 (Exec base: 0x80180000, Load base: 0x80180000, Size: 0x0003fc00, Max: 0x0003fc00, ABSOLUTE, UNINIT)

    Exec Addr    Load Addr    Size         Type   Attr      Idx    E Section Name        Object

    0x80180000        -       0x0003fc00   Zero   RW          415    .bss.ARM.__at_0x80180000  gt_port_disp.o


==============================================================================

Image component sizes


      Code (inc. data)   RO Data    RW Data    ZI Data      Debug   Object Name

      1486          0          0          4         18       4451   bsp_lcd_rgb.o
      1258          0         32          0          0       5841   bsp_sfc.o
       854          0          0          0         32       3556   bsp_uart.o
       258          0          0          0          4       5548   dev_systick.o
       148          0          0          0         23       4546   dev_touch.o
      3064        176          0         64         37       9260   dev_xpt2046.o
      2484         36         58          0         14      20192   gt_anim.o
       670          0          0          0          0       4217   gt_area.o
      1964         48         71          0          0      20741   gt_btn.o
       164          0          0          4          0       2043   gt_color.o
      2248         26         16          0          0      25988   gt_dialog.o
      4842        124        138          0          0      29417   gt_disp.o
     15148        240       1977          0          0      54136   gt_draw.o
      1700          0          0          0          0       7790   gt_draw_blend.o
      4114          0          0          0          0      15183   gt_draw_blend_with_rgb565.o
       684         44          0          0          0      10372   gt_event.o
        14          0          0          0          0        433   gt_extra.o
     10254        450       3912          0          7      36393   gt_font.o
         8          0          0          0          0        867   gt_font_config.o
       642          0          4          0          0       6918   gt_fs.o
        52          0          0        164          0       8991   gt_gc.o
        26          0          0          0          0       5102   gt_graph_base.o
      1312        100         32          0          4      13337   gt_hal_disp.o
       128         48         16          0          0       2406   gt_hal_fs.o
       232         24          0          0         25       9631   gt_hal_indev.o
       460         24          0          0          4       5000   gt_hal_src.o
       140          0          0          0          5       1276   gt_hal_tick.o
       728         24          0          1          8       5929   gt_hal_vf.o
        88          0          0          0          1        890   gt_handler.o
       730         36         31          0          0      12638   gt_img.o
       698          0         22          0          0       8643   gt_img_decoder.o
      1464         24        141          0          0      15389   gt_imgbtn.o
      2826         12         16         12          5      21682   gt_indev.o
      2550        108          0          0         89      10566   gt_init_screen_home.o
      1954          6         24          0          0      14971   gt_input_number.o
      2578         60         80          0          0      22204   gt_label.o
      1660          0          0          0          0      14067   gt_layout.o
      1130          0       1206          0          0       5444   gt_math.o
       376         16          0          0      49158       4069   gt_mem.o
      3256         42         32          0          0      22631   gt_obj.o
      1608         96         89          0          0      12968   gt_obj_class.o
       924          0          8          0          0      11228   gt_obj_pos.o
       506          0          0          0          0      10738   gt_obj_scroll.o
      1276         68         31          0          0       9708   gt_png.o
        70          0          0          0     261132       1656   gt_port_disp.o
        74          0          0          0         32       1808   gt_port_indev.o
        14          0       2001          0          0       1119   gt_port_src.o
        30          0         96          0          0       1050   gt_port_vf.o
       364          0         16          0          0      11719   gt_rect.o
        44          0          0          0          0       7461   gt_refr.o
      1026          0          0          0          0      13892   gt_scr_stack.o
      1854         20         71          0          0      11849   gt_sjpg.o
      3078         40         16          0          0      24404   gt_slider.o
      1112          0         41          0          0       8002   gt_stack.o
      2862         10          0          0          0      23013   gt_style.o
       790          0         16          0          0      12985   gt_switch.o
       132          0      18736          0          0       3486   gt_symbol.o
       558         44          0          0          1       4945   gt_timer.o
      3364        216          0          0          0      26893   gt_tlsf.o
        36          0          8          0          0       6687   gt_ui.o
      1430         80         58          0          0       8713   gt_vector.o
      1906          6      18240          0          0       8148   lcd_show.o
     41178        232       7095          0          0     143560   lodepng.o
       584          4          5          0          0       4834   main.o
       216         10        424          0       8192       4464   startup_swm341.o
       154          0          0          0          0       2479   swm341_exti.o
       310          0          0          0          0       2083   swm341_flash.o
       652          0          0          0          0       6841   swm341_gpio.o
       762          0          0          0          0       8970   swm341_i2c.o
       796          0          0          0          0       9688   swm341_lcd.o
        74          0          0          0          0       1248   swm341_port.o
       458          4          0          0          0       3465   swm341_sdram.o
      1486          0          0          0          0       6877   swm341_sfc.o
      2820          6          0          0          0      14388   swm341_timr.o
       858         20          0          0          0       9610   swm341_uart.o
       160          0          0          0          0       5855   swm341_wdt.o
      4346         12          0          8          0      10060   system_swm341.o
      7046         60       1216          0          0      20474   tjpgd.o
      1344         24          0          0          0       4393   tp_gt911.o
     20158         78        122          0         12      85415   ugui.o

    ----------------------------------------------------------------------
    180936       2698      56136        264     318826    1039934   Object Totals
         0          0         32          0          0          0   (incl. Generated)
        84          0          7          7         23          0   (incl. Padding)

    ----------------------------------------------------------------------

      Code (inc. data)   RO Data    RW Data    ZI Data      Debug   Library Member Name

      3982         52        688         64          2      11635   gt_gui_driver.o
        40          0          0          0          0         80   fmaxf.o
        76          0          0          0          0         84   sqrt.o
        58          0          0          0          0          0   __dczerorl.o
         0          0          0          0          0          0   entry.o
         0          0          0          0          0          0   entry10a.o
         0          0          0          0          0          0   entry11a.o
         8          4          0          0          0          0   entry2.o
         4          0          0          0          0          0   entry5.o
         0          0          0          0          0          0   entry7b.o
         0          0          0          0          0          0   entry8b.o
         8          4          0          0          0          0   entry9a.o
        12          6          0          4          0         68   errno.o
        30          0          0          0          0          0   handlers.o
        36          8          0          0          0         68   init.o
         0          0          0          0          0          0   iusefp.o
        98          0          0          0          0         84   ldiv.o
        30          0          0          0          0         68   llshl.o
        36          0          0          0          0         68   llsshr.o
        32          0          0          0          0         68   llushr.o
        26          0          0          0          0         80   memcmp.o
        64          0          0          0          0         76   memmovea.o
        36          0          0          0          0        108   memseta.o
      2382        102          0          0          0        752   printfa.o
        36          6          0          0          0         80   puts.o
         0          0          0          4          0          0   stdout.o
        28          0          0          0          0         76   strcmp.o
        18          0          0          0          0         68   strcpy.o
        14          0          0          0          0         68   strlen.o
        36          0          0          0          0         80   strstr.o
        12          0          0          0          0         68   tolower.o
        44          0          0          0          0         80   uidiv.o
        98          0          0          0          0         92   uldiv.o
        48          0          0          0          0         68   cdrcmple.o
        56          0          0          0          0         88   d2f.o
       334          0          0          0          0        148   dadd.o
        54          0          0          0          0         80   dcmpge.o
        54          0          0          0          0         80   dcmple.o
        54          0          0          0          0         80   dcmplt.o
       222          0          0          0          0        100   ddiv.o
       186          0          0          0          0        176   depilogue.o
        62          0          0          0          0         80   dfixi.o
        48          0          0          0          0         68   dfixul.o
        34          0          0          0          0         76   dflti.o
        26          0          0          0          0         76   dfltui.o
       228          0          0          0          0         96   dmul.o
       162          0          0          0          0        100   dsqrt.o
        38          0          0          0          0         68   f2d.o
       176          0          0          0          0        140   fadd.o
        54          0          0          0          0         68   fcmp4.o
        28          0          0          0          0         68   fcmpge.o
        28          0          0          0          0         68   fcmpgt.o
        28          0          0          0          0         68   fcmple.o
        28          0          0          0          0         68   fcmplt.o
       124          0          0          0          0         88   fdiv.o
       110          0          0          0          0        168   fepilogue.o
        50          0          0          0          0         68   ffixi.o
        18          0          0          0          0         68   fflti.o
        10          0          0          0          0         68   ffltui.o
       100          0          0          0          0         76   fmul.o

    ----------------------------------------------------------------------
      9612        182        688         72          6      16251   Library Totals
         8          0          0          0          4          0   (incl. Padding)

    ----------------------------------------------------------------------

      Code (inc. data)   RO Data    RW Data    ZI Data      Debug   Library Name

      3982         52        688         64          2      11635   gt_gui_driver.lib
       116          0          0          0          0        164   m_ws.l
      3146        130          0          8          0       2052   mc_w.l
      2360          0          0          0          0       2400   mf_w.l

    ----------------------------------------------------------------------
      9612        182        688         72          6      16251   Library Totals

    ----------------------------------------------------------------------

==============================================================================


      Code (inc. data)   RO Data    RW Data    ZI Data      Debug   

    190548       2880      56824        336     318832    1052449   Grand Totals
    190548       2880      56824         56     318832    1052449   ELF Image Totals (compressed)
    190548       2880      56824         56          0          0   ROM Totals

==============================================================================

    Total RO  Size (Code + RO Data)               247372 ( 241.57kB)
    Total RW  Size (RW Data + ZI Data)            319168 ( 311.69kB)
    Total ROM Size (Code + RO Data + RW Data)     247428 ( 241.63kB)

==============================================================================

