Component: ARM Compiler 6.15 Tool: armlink [5dd79300]

==============================================================================

Section Cross References

    main.o(.text) refers to swm341_timr.o(.text) for TIMR_INTClr
    main.o(.text) refers to gt_hal_tick.o(.text) for gt_tick_inc
    main.o(.text) refers to memmovea.o(.text) for __aeabi_memcpy4
    main.o(.text) refers to bsp_lcd_rgb.o(.data._LCD_Buffer) for _LCD_Buffer
    main.o(.text) refers to dev_xpt2046.o(.text) for TP_Scan
    main.o(.text) refers to dev_xpt2046.o(.data.tp_dev) for tp_dev
    main.o(.text) refers to system_swm341.o(.text) for SystemInit
    main.o(.text) refers to bsp_uart.o(.text) for bsp_uart0_init
    main.o(.text) refers to bsp_sfc.o(.text) for bsp_sfc_config
    main.o(.text) refers to bsp_lcd_rgb.o(.text) for bsp_lcd_rgb_init
    main.o(.text) refers to dev_systick.o(.text) for systick_init
    main.o(.text) refers to system_swm341.o(.data.CyclesPerUs) for CyclesPerUs
    main.o(.text) refers to gt_gui_driver.o(.text) for GT_Font_Init
    main.o(.text) refers to gt_handler.o(.text) for gt_init
    main.o(.text) refers to gt_ui.o(.text) for gt_ui_init
    main.o(.text) refers to bsp_uart.o(.bss.uart_status) for uart_status
    main.o(.text) refers to gt_init_screen_home.o(.bss.update_sreen_status) for update_sreen_status
    main.o(.text) refers to bsp_uart.o(.bss.UART_BUF) for UART_BUF
    main.o(.text) refers to main.o(.rodata.str1.1) for .L.str
    main.o(.text) refers to gt_init_screen_home.o(.text) for Refresh_New_Page
    main.o(.text) refers to printfa.o(i.__0printf) for __2printf
    main.o(.text) refers to puts.o(i.puts) for puts
    main.o(.ARM.exidx) refers to main.o(.text) for [Anonymous Symbol]
    bsp_lcd_rgb.o(.text) refers to bsp_lcd_rgb.o(.data._LCD_Buffer) for _LCD_Buffer
    bsp_lcd_rgb.o(.text) refers to swm341_lcd.o(.text) for LCD_Init
    bsp_lcd_rgb.o(.text) refers to swm341_port.o(.text) for PORT_Init
    bsp_lcd_rgb.o(.text) refers to swm341_sdram.o(.text) for SDRAM_Init
    bsp_lcd_rgb.o(.text) refers to swm341_gpio.o(.text) for GPIO_Init
    bsp_lcd_rgb.o(.text) refers to bsp_lcd_rgb.o(.bss.POINT_COLOR) for POINT_COLOR
    bsp_lcd_rgb.o(.ARM.exidx) refers to bsp_lcd_rgb.o(.text) for [Anonymous Symbol]
    bsp_led.o(.text) refers to swm341_gpio.o(.text) for GPIO_SetBit
    bsp_led.o(.ARM.exidx) refers to bsp_led.o(.text) for [Anonymous Symbol]
    bsp_sfc.o(.text) refers to swm341_port.o(.text) for PORT_Init
    bsp_sfc.o(.text) refers to swm341_sfc.o(.text) for SFC_Init
    bsp_sfc.o(.text) refers to swm341_gpio.o(.text) for GPIO_Init
    bsp_sfc.o(.text) refers to memmovea.o(.text) for __aeabi_memcpy4
    bsp_sfc.o(.text) refers to bsp_sfc.o(.rodata.str1.1) for .Lstr
    bsp_sfc.o(.text) refers to puts.o(i.puts) for puts
    bsp_sfc.o(.ARM.exidx) refers to bsp_sfc.o(.text) for [Anonymous Symbol]
    bsp_uart.o(.text) refers to swm341_uart.o(.text) for UART_WriteByte
    bsp_uart.o(.text) refers to swm341_port.o(.text) for PORT_Init
    bsp_uart.o(.text) refers to bsp_uart.o(.bss._uart3_count) for _uart3_count
    bsp_uart.o(.text) refers to bsp_uart.o(.bss._uart3_rx_buf) for _uart3_rx_buf
    bsp_uart.o(.text) refers to bsp_uart.o(.bss.UART_BUF) for UART_BUF
    bsp_uart.o(.text) refers to swm341_wdt.o(.text) for WDT_Init
    bsp_uart.o(.text) refers to bsp_uart.o(.bss.uart_status) for uart_status
    bsp_uart.o(.ARM.exidx) refers to bsp_uart.o(.text) for [Anonymous Symbol]
    dev_systick.o(.text) refers to system_swm341.o(.data.SystemCoreClock) for SystemCoreClock
    dev_systick.o(.text) refers to dev_systick.o(.bss.Systick_Time) for Systick_Time
    dev_systick.o(.ARM.exidx) refers to dev_systick.o(.text) for [Anonymous Symbol]
    dev_touch.o(.text) refers to swm341_exti.o(.text) for EXTI_State
    dev_touch.o(.text) refers to dev_touch.o(.bss.TP_Dev) for TP_Dev
    dev_touch.o(.text) refers to tp_gt911.o(.text) for gt9x_read_points
    dev_touch.o(.text) refers to dev_touch.o(.bss.Boot_Video_Flag) for Boot_Video_Flag
    dev_touch.o(.text) refers to swm341_gpio.o(.text) for GPIO_Init
    dev_touch.o(.ARM.exidx) refers to dev_touch.o(.text) for [Anonymous Symbol]
    dev_xpt2046.o(.text) refers to swm341_gpio.o(.text) for GPIO_Init
    dev_xpt2046.o(.text) refers to swm341_exti.o(.text) for EXTI_Init
    dev_xpt2046.o(.text) refers to dev_xpt2046.o(.data.CMD_RDX) for CMD_RDX
    dev_xpt2046.o(.text) refers to dev_xpt2046.o(.data.CMD_RDY) for CMD_RDY
    dev_xpt2046.o(.text) refers to dev_xpt2046.o(.data.tp_dev) for tp_dev
    dev_xpt2046.o(.text) refers to ffltui.o(.text) for __aeabi_ui2f
    dev_xpt2046.o(.text) refers to fmul.o(.text) for __aeabi_fmul
    dev_xpt2046.o(.text) refers to fflti.o(.text) for __aeabi_i2f
    dev_xpt2046.o(.text) refers to fadd.o(.text) for __aeabi_fadd
    dev_xpt2046.o(.text) refers to ffixi.o(.text) for __aeabi_f2iz
    dev_xpt2046.o(.text) refers to dev_xpt2046.o(.bss.Buf) for Buf
[...]
    gt_bresenham_line                        0x0002f895   Thumb Code   138  gt_graph_base.o(.text)
    gt_graph_rect                            0x0002f921   Thumb Code   714  gt_graph_base.o(.text)
    gt_graph_dot_draw_to_color               0x0002fbed   Thumb Code   528  gt_graph_base.o(.text)
    gt_rect                                  0x0002fdfd   Thumb Code     2  gt_graph_base.o(.text)
    gt_init                                  0x0002fe01   Thumb Code    66  gt_handler.o(.text)
    gt_task_handler                          0x0002fe45   Thumb Code    20  gt_handler.o(.text)
    _gt_img_decoder_init                     0x0002fe59   Thumb Code   102  gt_img_decoder.o(.text)
    gt_img_decoder_create                    0x0002fec1   Thumb Code    44  gt_img_decoder.o(.text)
    gt_img_decoder_set_info_cb               0x0002feed   Thumb Code     4  gt_img_decoder.o(.text)
    gt_img_decoder_set_open_cb               0x0002ff29   Thumb Code     4  gt_img_decoder.o(.text)
    gt_img_decoder_set_read_line_cb          0x0002ff65   Thumb Code     4  gt_img_decoder.o(.text)
    gt_img_decoder_set_close_cb              0x0002ffb9   Thumb Code     4  gt_img_decoder.o(.text)
    gt_img_decoder_register                  0x0002ffc9   Thumb Code    20  gt_img_decoder.o(.text)
    gt_img_decoder_get_type                  0x0002ffdd   Thumb Code     4  gt_img_decoder.o(.text)
    gt_img_decoder_get_info                  0x0002ffe1   Thumb Code    54  gt_img_decoder.o(.text)
    gt_img_decoder_open                      0x00030019   Thumb Code   132  gt_img_decoder.o(.text)
    gt_img_decoder_read_line                 0x0003009d   Thumb Code    52  gt_img_decoder.o(.text)
    gt_img_decoder_close                     0x000300d1   Thumb Code    14  gt_img_decoder.o(.text)
    gt_indev_get_point_act                   0x000300e1   Thumb Code    10  gt_indev.o(.text)
    gt_indev_get_point_newly                 0x000300ed   Thumb Code    10  gt_indev.o(.text)
    gt_indev_get_gesture                     0x000300f9   Thumb Code     4  gt_indev.o(.text)
    gt_indev_handler                         0x000300fd   Thumb Code   732  gt_indev.o(.text)
    gt_mem_init                              0x000303d9   Thumb Code    52  gt_mem.o(.text)
    gt_mem_deinit                            0x0003040d   Thumb Code    14  gt_mem.o(.text)
    _mem_malloc                              0x0003041d   Thumb Code    40  gt_mem.o(.text)
    _mem_realloc                             0x00030445   Thumb Code    42  gt_mem.o(.text)
    _mem_free                                0x00030471   Thumb Code    20  gt_mem.o(.text)
    gt_memcpy                                0x00030485   Thumb Code    36  gt_mem.o(.text)
    gt_memmove                               0x000304a9   Thumb Code    12  gt_mem.o(.text)
    gt_memset_0                              0x000304b5   Thumb Code    12  gt_mem.o(.text)
    gt_memset                                0x000304c1   Thumb Code    18  gt_mem.o(.text)
    gt_memcmp                                0x000304d5   Thumb Code     4  gt_mem.o(.text)
    gt_mem_check_used                        0x000304d9   Thumb Code   176  gt_mem.o(.text)
    gt_area_copy                             0x00030589   Thumb Code    10  gt_obj_pos.o(.text)
    gt_obj_is_visible                        0x00030595   Thumb Code    82  gt_obj_pos.o(.text)
    gt_obj_check_visible                     0x000305e9   Thumb Code    64  gt_obj_pos.o(.text)
    gt_obj_get_valid_area                    0x00030629   Thumb Code   130  gt_obj_pos.o(.text)
    gt_obj_check_is_clicked                  0x000306ad   Thumb Code    50  gt_obj_pos.o(.text)
    gt_find_clicked_obj_by_point             0x000306e1   Thumb Code    50  gt_obj_pos.o(.text)
    gt_obj_check_scr                         0x00030795   Thumb Code    48  gt_obj_pos.o(.text)
    _gt_obj_set_process_point                0x000307c5   Thumb Code     6  gt_obj_pos.o(.text)
    _gt_obj_set_process_scroll_xy            0x000307cd   Thumb Code     6  gt_obj_pos.o(.text)
    gt_obj_get_click_point_by_phy_point      0x000307d5   Thumb Code    40  gt_obj_pos.o(.text)
    gt_refr_timer                            0x000307fd   Thumb Code    68  gt_refr.o(.text)
    gt_obj_set_area                          0x00030841   Thumb Code   116  gt_style.o(.text)
    gt_obj_area_change                       0x000308b5   Thumb Code   102  gt_style.o(.text)
    gt_obj_set_pos                           0x0003091d   Thumb Code   124  gt_style.o(.text)
    gt_obj_pos_change                        0x00030999   Thumb Code   102  gt_style.o(.text)
    gt_obj_set_size                          0x00030a01   Thumb Code   106  gt_style.o(.text)
    gt_obj_size_change                       0x00030a6d   Thumb Code    86  gt_style.o(.text)
    gt_obj_set_x                             0x00030ac5   Thumb Code   138  gt_style.o(.text)
    gt_obj_set_y                             0x00030b51   Thumb Code   108  gt_style.o(.text)
    gt_obj_set_w                             0x00030bbd   Thumb Code   114  gt_style.o(.text)
    gt_obj_set_h                             0x00030c31   Thumb Code   114  gt_style.o(.text)
    gt_obj_set_opa                           0x00030ca5   Thumb Code    14  gt_style.o(.text)
    gt_obj_get_x                             0x00030cb5   Thumb Code     4  gt_style.o(.text)
    gt_obj_get_y                             0x00030cb9   Thumb Code     4  gt_style.o(.text)
    gt_obj_get_w                             0x00030cbd   Thumb Code     4  gt_style.o(.text)
    gt_obj_get_h                             0x00030cc1   Thumb Code     4  gt_style.o(.text)
    gt_obj_set_visible                       0x00030cc5   Thumb Code    46  gt_style.o(.text)
    gt_obj_set_disabled                      0x00030cf5   Thumb Code    66  gt_style.o(.text)
    gt_obj_is_disabled                       0x00030d39   Thumb Code     8  gt_style.o(.text)
    gt_obj_set_state                         0x00030d41   Thumb Code    20  gt_style.o(.text)
    gt_obj_get_state                         0x00030d55   Thumb Code    10  gt_style.o(.text)
    gt_timer_get_idle                        0x00030d61   Thumb Code    12  gt_timer.o(.text)
    _gt_timer_core_init                      0x00030d6d   Thumb Code    14  gt_timer.o(.text)
    _gt_timer_create                         0x00030d7d   Thumb Code   104  gt_timer.o(.text)
    _gt_timer_del                            0x00030de5   Thumb Code    16  gt_timer.o(.text)
    _gt_timer_set_repeat_count               0x00030df5   Thumb Code    16  gt_timer.o(.text)
    _gt_timer_handler                        0x00030e05   Thumb Code   232  gt_timer.o(.text)
    _gt_timer_get_laster_timer               0x00030eed   Thumb Code    12  gt_timer.o(.text)
    _gt_timer_get_repeat_count               0x00030ef9   Thumb Code    14  gt_timer.o(.text)
    _gt_timer_set_period                     0x00030f09   Thumb Code     4  gt_timer.o(.text)
    _gt_timer_set_paused                     0x00030f0d   Thumb Code    54  gt_timer.o(.text)
    _gt_timer_get_paused                     0x00030f45   Thumb Code     6  gt_timer.o(.text)
    _gt_timer_set_user_data                  0x00030f4d   Thumb Code     4  gt_timer.o(.text)
    _gt_timer_get_user_data                  0x00030f51   Thumb Code     4  gt_timer.o(.text)
    _gt_extra_init                           0x00030f55   Thumb Code     4  gt_extra.o(.text)
    gt_draw_blend                            0x00030f59   Thumb Code  1486  gt_draw_blend.o(.text)
    gt_png_init                              0x00031529   Thumb Code    72  gt_png.o(.text)
    lodepng_load_file                        0x0003198d   Thumb Code   154  lodepng.o(.text)
    lodepng_save_file                        0x00031a29   Thumb Code    44  lodepng.o(.text)
    lodepng_inflate                          0x00031a55   Thumb Code    44  lodepng.o(.text)
    lodepng_zlib_decompress                  0x00032d0d   Thumb Code    44  lodepng.o(.text)
    lodepng_decompress_settings_init         0x00032ec1   Thumb Code    16  lodepng.o(.text)
    lodepng_crc32                            0x00032ed1   Thumb Code   200  lodepng.o(.text)
    lodepng_chunk_length                     0x00032f99   Thumb Code     6  lodepng.o(.text)
    lodepng_chunk_type                       0x00032fa1   Thumb Code    22  lodepng.o(.text)
    lodepng_chunk_type_equals                0x00032fb9   Thumb Code   102  lodepng.o(.text)
    lodepng_chunk_ancillary                  0x00033021   Thumb Code     8  lodepng.o(.text)
    lodepng_chunk_private                    0x00033029   Thumb Code     8  lodepng.o(.text)
    lodepng_chunk_safetocopy                 0x00033031   Thumb Code     8  lodepng.o(.text)
    lodepng_chunk_data                       0x00033039   Thumb Code     4  lodepng.o(.text)
    lodepng_chunk_data_const                 0x0003303d   Thumb Code     4  lodepng.o(.text)
    lodepng_chunk_check_crc                  0x00033041   Thumb Code   244  lodepng.o(.text)
    lodepng_chunk_generate_crc               0x00033135   Thumb Code   218  lodepng.o(.text)
    lodepng_chunk_next                       0x00033211   Thumb Code   116  lodepng.o(.text)
    lodepng_chunk_next_const                 0x00033285   Thumb Code   116  lodepng.o(.text)
    lodepng_chunk_find                       0x000332f9   Thumb Code   246  lodepng.o(.text)
    lodepng_chunk_find_const                 0x000333f1   Thumb Code   246  lodepng.o(.text)
    lodepng_chunk_append                     0x000334e9   Thumb Code   200  lodepng.o(.text)
    lodepng_chunk_create                     0x000335b1   Thumb Code   400  lodepng.o(.text)
    lodepng_color_mode_init                  0x00033741   Thumb Code    24  lodepng.o(.text)
    lodepng_color_mode_cleanup               0x00033759   Thumb Code    30  lodepng.o(.text)
    lodepng_palette_clear                    0x00033779   Thumb Code    30  lodepng.o(.text)
    lodepng_color_mode_copy                  0x00033799   Thumb Code   100  lodepng.o(.text)
    lodepng_color_mode_make                  0x000337fd   Thumb Code    20  lodepng.o(.text)
    lodepng_palette_add                      0x00033811   Thumb Code   312  lodepng.o(.text)
    lodepng_get_bpp                          0x00033949   Thumb Code    40  lodepng.o(.text)
    lodepng_get_channels                     0x00033971   Thumb Code    30  lodepng.o(.text)
    lodepng_is_greyscale_type                0x00033991   Thumb Code    14  lodepng.o(.text)
    lodepng_is_alpha_type                    0x000339a1   Thumb Code     8  lodepng.o(.text)
    lodepng_is_palette_type                  0x000339a9   Thumb Code    12  lodepng.o(.text)
    lodepng_has_palette_alpha                0x000339b5   Thumb Code   112  lodepng.o(.text)
    lodepng_can_have_alpha                   0x00033a25   Thumb Code   116  lodepng.o(.text)
    lodepng_get_raw_size                     0x00033a99   Thumb Code    62  lodepng.o(.text)
    lodepng_add_text                         0x00033ad9   Thumb Code    72  lodepng.o(.text)
    lodepng_clear_text                       0x00033c2d   Thumb Code   100  lodepng.o(.text)
    lodepng_clear_itext                      0x00033c91   Thumb Code     2  lodepng.o(.text)
    lodepng_add_itext                        0x00033d31   Thumb Code    78  lodepng.o(.text)
    lodepng_set_icc                          0x00033fa1   Thumb Code   212  lodepng.o(.text)
    lodepng_clear_icc                        0x00034075   Thumb Code    52  lodepng.o(.text)
    lodepng_info_init                        0x000340a9   Thumb Code    78  lodepng.o(.text)
    lodepng_info_cleanup                     0x000340f9   Thumb Code   206  lodepng.o(.text)
    lodepng_info_copy                        0x000341c9   Thumb Code  1136  lodepng.o(.text)
    lodepng_convert                          0x00034639   Thumb Code  8458  lodepng.o(.text)
    lodepng_convert_rgb                      0x00036779   Thumb Code   286  lodepng.o(.text)
    lodepng_inspect                          0x00036899   Thumb Code   718  lodepng.o(.text)
    lodepng_inspect_chunk                    0x00036b69   Thumb Code  1294  lodepng.o(.text)
    lodepng_decode                           0x00037b2d   Thumb Code  6612  lodepng.o(.text)
    lodepng_decode_memory                    0x00039501   Thumb Code   198  lodepng.o(.text)
    lodepng_state_init                       0x000395c9   Thumb Code   130  lodepng.o(.text)
    lodepng_state_cleanup                    0x0003964d   Thumb Code    40  lodepng.o(.text)
    lodepng_decode32                         0x00039675   Thumb Code    30  lodepng.o(.text)
    lodepng_decode24                         0x00039695   Thumb Code    30  lodepng.o(.text)
    lodepng_decode_file                      0x000396b5   Thumb Code    88  lodepng.o(.text)
    lodepng_decode32_file                    0x0003970d   Thumb Code    88  lodepng.o(.text)
    lodepng_decode24_file                    0x00039765   Thumb Code    88  lodepng.o(.text)
    lodepng_decoder_settings_init            0x000397bd   Thumb Code    28  lodepng.o(.text)
    lodepng_state_copy                       0x000397d9   Thumb Code   244  lodepng.o(.text)
    lodepng_error_text                       0x000398cd   Thumb Code    28  lodepng.o(.text)
    _gt_gb_font_one_char_code_len_get        0x0003b5a9   Thumb Code   122  gt_font.o(.text)
    gt_unicode_to_utf8                       0x0003b625   Thumb Code   244  gt_font.o(.text)
    _gt_utf8_to_unicode                      0x0003b719   Thumb Code   118  gt_font.o(.text)
    gt_font_one_char_code_len_get            0x0003b791   Thumb Code   160  gt_font.o(.text)
    gt_encoding_table_one_char               0x0003b831   Thumb Code   516  gt_font.o(.text)
    gt_utf8_check_char                       0x0003ba35   Thumb Code   110  gt_font.o(.text)
    gt_gb_check_char                         0x0003baa5   Thumb Code    94  gt_font.o(.text)
    _gt_is_style_cn_or_en                    0x0003bb05   Thumb Code   160  gt_font.o(.text)
    gt_style_en_data_is_convertor            0x0003bba5   Thumb Code   164  gt_font.o(.text)
    gt_font_get_string_dot                   0x0003bc49   Thumb Code   528  gt_font.o(.text)
    gt_font_type_get                         0x0003be59   Thumb Code     4  gt_font.o(.text)
    gt_font_code_transform                   0x0003be5d   Thumb Code    40  gt_font.o(.text)
    gt_font_convertor_data_get               0x0003be85   Thumb Code     4  gt_font.o(.text)
    gt_font_get_string_width                 0x0003be89   Thumb Code    58  gt_font.o(.text)
    gt_font_get_one_word_width               0x0003bec5   Thumb Code   370  gt_font.o(.text)
    gt_font_get_next_word_width              0x0003c039   Thumb Code    86  gt_font.o(.text)
    gt_font_get_word_width_figure_up         0x0003c091   Thumb Code   376  gt_font.o(.text)
    gt_dot_to_mask_buf                       0x0003c209   Thumb Code     2  gt_font.o(.text)
    gt_project_encoding_set                  0x0003c20d   Thumb Code    12  gt_font.o(.text)
    gt_project_encoding_get                  0x0003c219   Thumb Code    12  gt_font.o(.text)
    gt_symbol_check_by_unicode               0x0003c225   Thumb Code    20  gt_symbol.o(.text)
    gt_symbol_get_mask_buf                   0x0003c239   Thumb Code    88  gt_symbol.o(.text)
    gt_disp_drv_init                         0x0003c291   Thumb Code    12  gt_hal_disp.o(.text)
    gt_disp_drv_register                     0x0003c29d   Thumb Code   120  gt_hal_disp.o(.text)
    gt_disp_graph_get_buf_default            0x0003c315   Thumb Code    12  gt_hal_disp.o(.text)
    gt_disp_get_default                      0x0003c325   Thumb Code    12  gt_hal_disp.o(.text)
    gt_disp_get_res_hor                      0x0003c331   Thumb Code    40  gt_hal_disp.o(.text)
    gt_disp_get_res_ver                      0x0003c359   Thumb Code    40  gt_hal_disp.o(.text)
    gt_disp_graph_buf_init                   0x0003c381   Thumb Code    12  gt_hal_disp.o(.text)
    gt_disp_graph_get_buf_backup             0x0003c38d   Thumb Code     4  gt_hal_disp.o(.text)
    _gt_disp_refr_reset_areas                0x0003c391   Thumb Code    46  gt_hal_disp.o(.text)
    _gt_disp_refr_append_area                0x0003c3c1   Thumb Code   214  gt_hal_disp.o(.text)
    _gt_disp_refr_area_push                  0x0003c499   Thumb Code    30  gt_hal_disp.o(.text)
    _gt_disp_refr_check                      0x0003c4b9   Thumb Code    26  gt_hal_disp.o(.text)
    _gt_disp_refr_area_pop                   0x0003c4d5   Thumb Code    38  gt_hal_disp.o(.text)
    _gt_disp_refr_get_area                   0x0003c4fd   Thumb Code   116  gt_hal_disp.o(.text)
    _gt_disp_update_max_area                 0x0003c571   Thumb Code    80  gt_hal_disp.o(.text)
    gt_disp_invalid_area                     0x0003c5c1   Thumb Code    26  gt_hal_disp.o(.text)
    _gt_hal_fp_init                          0x0003c5dd   Thumb Code    72  gt_hal_fs.o(.text)
    gt_indev_drv_init                        0x0003c625   Thumb Code    36  gt_hal_indev.o(.text)
    gt_indev_drv_register                    0x0003c649   Thumb Code   144  gt_hal_indev.o(.text)
    gt_indev_set_default                     0x0003c6dd   Thumb Code    12  gt_hal_indev.o(.text)
    gt_indev_get_default                     0x0003c6e9   Thumb Code    12  gt_hal_indev.o(.text)
    gt_indev_get_dev_by_idx                  0x0003c6f5   Thumb Code    20  gt_hal_indev.o(.text)
    gt_indev_get_dev_count                   0x0003c709   Thumb Code    12  gt_hal_indev.o(.text)
    gt_src_init                              0x0003c715   Thumb Code   156  gt_hal_src.o(.text)
    gt_src_get_drv                           0x0003c7b1   Thumb Code    12  gt_hal_src.o(.text)
    gt_tick_inc                              0x0003c8c1   Thumb Code    28  gt_hal_tick.o(.text)
    gt_tick_get                              0x0003c8dd   Thumb Code    56  gt_hal_tick.o(.text)
    gt_tick_elapse                           0x0003c915   Thumb Code    56  gt_hal_tick.o(.text)
    gt_vf_init                               0x0003c94d   Thumb Code   108  gt_hal_vf.o(.text)
    gt_vf_drv_register                       0x0003c9b9   Thumb Code   114  gt_hal_vf.o(.text)
    gt_vf_get_drv                            0x0003cbb1   Thumb Code    20  gt_hal_vf.o(.text)
    gt_anim_get_data                         0x0003cbc5   Thumb Code    14  gt_anim.o(.text)
    gt_anim_param_init                       0x0003cbd5   Thumb Code    16  gt_anim.o(.text)
    gt_anim_pos_move                         0x0003cbe5   Thumb Code   200  gt_anim.o(.text)
    gt_anim_init                             0x0003ccad   Thumb Code    50  gt_anim.o(.text)
    gt_anim_set_path_type                    0x0003cce1   Thumb Code   102  gt_anim.o(.text)
    gt_anim_start                            0x0003cd91   Thumb Code   276  gt_anim.o(.text)
    _gt_anim_core_init                       0x0003cea5   Thumb Code    72  gt_anim.o(.text)
    gt_anim_del                              0x0003d0f1   Thumb Code   174  gt_anim.o(.text)
    gt_anim_del_all                          0x0003d1a1   Thumb Code   160  gt_anim.o(.text)
    gt_area_is_intersect_screen              0x0003d439   Thumb Code    88  gt_area.o(.text)
    gt_area_intersect_screen                 0x0003d491   Thumb Code   206  gt_area.o(.text)
    gt_area_is_on                            0x0003d561   Thumb Code    66  gt_area.o(.text)
    gt_area_join                             0x0003d5a5   Thumb Code    96  gt_area.o(.text)
    gt_area_check_legal                      0x0003d605   Thumb Code    34  gt_area.o(.text)
    gt_color_area_copy                       0x0003d629   Thumb Code    96  gt_color.o(.text)
    gt_color_fill                            0x0003d689   Thumb Code    82  gt_color.o(.text)
    gt_anti_aliasing_div                     0x0003d6dd   Thumb Code   702  gt_effects.o(.text)
    gt_sin                                   0x0003d99d   Thumb Code    98  gt_math.o(.text)
    gt_cos                                   0x0003da01   Thumb Code   102  gt_math.o(.text)
    gt_square                                0x0003da69   Thumb Code    12  gt_math.o(.text)
    gt_abs                                   0x0003da75   Thumb Code     8  gt_math.o(.text)
    gt_per_255                               0x0003da7d   Thumb Code    14  gt_math.o(.text)
    gt_map                                   0x0003da8d   Thumb Code    58  gt_math.o(.text)
    gt_bezier3                               0x0003dac9   Thumb Code    78  gt_math.o(.text)
    gt_tlsf_check                            0x0003db19   Thumb Code   476  gt_tlsf.o(.text)
    gt_tlsf_walk_pool                        0x0003dcf5   Thumb Code    72  gt_tlsf.o(.text)
    gt_tlsf_block_size                       0x0003dd8d   Thumb Code    16  gt_tlsf.o(.text)
    gt_tlsf_check_pool                       0x0003dd9d   Thumb Code    52  gt_tlsf.o(.text)
    gt_tlsf_size                             0x0003ddd1   Thumb Code     6  gt_tlsf.o(.text)
    gt_tlsf_align_size                       0x0003ddd9   Thumb Code     4  gt_tlsf.o(.text)
    gt_tlsf_block_size_min                   0x0003dddd   Thumb Code     4  gt_tlsf.o(.text)
    gt_tlsf_block_size_max                   0x0003dde1   Thumb Code     6  gt_tlsf.o(.text)
    gt_tlsf_pool_overhead                    0x0003dde9   Thumb Code     4  gt_tlsf.o(.text)
    gt_tlsf_alloc_overhead                   0x0003dded   Thumb Code     4  gt_tlsf.o(.text)
    gt_tlsf_add_pool                         0x0003ddf1   Thumb Code   300  gt_tlsf.o(.text)
    gt_tlsf_remove_pool                      0x0003df1d   Thumb Code   110  gt_tlsf.o(.text)
    gt_tlsf_create                           0x0003df8d   Thumb Code   240  gt_tlsf.o(.text)
    gt_tlsf_create_with_pool                 0x0003e07d   Thumb Code    28  gt_tlsf.o(.text)
    gt_tlsf_destroy                          0x0003e099   Thumb Code     2  gt_tlsf.o(.text)
    gt_tlsf_get_pool                         0x0003e09d   Thumb Code     6  gt_tlsf.o(.text)
    gt_tlsf_malloc                           0x0003e0a5   Thumb Code    52  gt_tlsf.o(.text)
    gt_tlsf_memalign                         0x0003e2a5   Thumb Code   340  gt_tlsf.o(.text)
    gt_tlsf_free                             0x0003e3f9   Thumb Code   398  gt_tlsf.o(.text)
    gt_tlsf_realloc                          0x0003e589   Thumb Code   672  gt_tlsf.o(.text)
    _gt_vector_add_free_item_cb              0x0003e829   Thumb Code    44  gt_vector.o(.text)
    _gt_vector_add_equal_item_cb             0x0003e891   Thumb Code    44  gt_vector.o(.text)
    _gt_vector_add_item                      0x0003e8bd   Thumb Code   238  gt_vector.o(.text)
    _gt_vector_remove_item                   0x0003e9ad   Thumb Code   210  gt_vector.o(.text)
    _gt_vector_turn_next                     0x0003ea81   Thumb Code    54  gt_vector.o(.text)
    _gt_vector_get_count                     0x0003eab9   Thumb Code    18  gt_vector.o(.text)
    _gt_vector_get_index                     0x0003eacd   Thumb Code    22  gt_vector.o(.text)
    _gt_vector_free                          0x0003eae5   Thumb Code   120  gt_vector.o(.text)
    _gt_vector_clear_all_items               0x0003eb5d   Thumb Code    92  gt_vector.o(.text)
    gt_imgbtn_create                         0x0003ed65   Thumb Code    46  gt_imgbtn.o(.text)
    gt_imgbtn_style_set_selected             0x0003ed95   Thumb Code    30  gt_imgbtn.o(.text)
    gt_imgbtn_set_src                        0x0003edb5   Thumb Code    98  gt_imgbtn.o(.text)
    gt_imgbtn_set_src_press                  0x0003ee19   Thumb Code    94  gt_imgbtn.o(.text)
    gt_imgbtn_set_src_release                0x0003ee79   Thumb Code    94  gt_imgbtn.o(.text)
    gt_imgbtn_add_state_item                 0x0003eed9   Thumb Code   112  gt_imgbtn.o(.text)
    gt_imgbtn_remove_state_item              0x0003ef49   Thumb Code    28  gt_imgbtn.o(.text)
    gt_imgbtn_clear_all_state_item           0x0003ef65   Thumb Code    16  gt_imgbtn.o(.text)
    bt_imgbtn_get_state_item_index           0x0003ef75   Thumb Code    20  gt_imgbtn.o(.text)
    gt_input_number_create                   0x0003f091   Thumb Code    96  gt_input_number.o(.text)
    gt_input_number_set_fill_zero_front      0x0003f0f1   Thumb Code    28  gt_input_number.o(.text)
    gt_input_number_get_fill_zero_front      0x0003f10d   Thumb Code    12  gt_input_number.o(.text)
    gt_input_number_set_value                0x0003f119   Thumb Code    78  gt_input_number.o(.text)
    gt_input_number_get_value                0x0003f169   Thumb Code     8  gt_input_number.o(.text)
    gt_input_number_set_max                  0x0003f171   Thumb Code    24  gt_input_number.o(.text)
    gt_input_number_set_min                  0x0003f189   Thumb Code    24  gt_input_number.o(.text)
    gt_input_number_set_step                 0x0003f1a1   Thumb Code    24  gt_input_number.o(.text)
    gt_input_number_increase                 0x0003f1b9   Thumb Code    62  gt_input_number.o(.text)
    gt_input_number_decrease                 0x0003f1f9   Thumb Code    60  gt_input_number.o(.text)
    gt_input_number_set_display_integer_length 0x0003f235   Thumb Code    24  gt_input_number.o(.text)
    gt_input_number_set_display_decimal_length 0x0003f24d   Thumb Code    36  gt_input_number.o(.text)
    gt_input_number_set_font_color           0x0003f271   Thumb Code    16  gt_input_number.o(.text)
    gt_input_number_set_font_size            0x0003f281   Thumb Code    14  gt_input_number.o(.text)
    gt_input_number_set_font_gray            0x0003f291   Thumb Code    14  gt_input_number.o(.text)
    gt_input_number_set_font_align           0x0003f2a1   Thumb Code    14  gt_input_number.o(.text)
    gt_input_number_set_font_family_cn       0x0003f2b1   Thumb Code    14  gt_input_number.o(.text)
    gt_input_number_set_font_family_en       0x0003f2c1   Thumb Code    14  gt_input_number.o(.text)
    gt_input_number_set_font_family_numb     0x0003f2d1   Thumb Code    14  gt_input_number.o(.text)
    gt_input_number_set_font_thick_en        0x0003f2e1   Thumb Code    14  gt_input_number.o(.text)
    gt_input_number_set_font_thick_cn        0x0003f2f1   Thumb Code    14  gt_input_number.o(.text)
    gt_input_number_set_space                0x0003f301   Thumb Code    14  gt_input_number.o(.text)
    gt_label_create                          0x0003f43d   Thumb Code   112  gt_label.o(.text)
    gt_label_set_text                        0x0003f4ad   Thumb Code   114  gt_label.o(.text)
    gt_label_get_text                        0x0003f521   Thumb Code    12  gt_label.o(.text)
    gt_label_set_font_color                  0x0003f52d   Thumb Code    16  gt_label.o(.text)
    gt_label_set_font_size                   0x0003f53d   Thumb Code     6  gt_label.o(.text)
    gt_label_set_font_gray                   0x0003f545   Thumb Code     6  gt_label.o(.text)
    gt_label_set_font_align                  0x0003f54d   Thumb Code     6  gt_label.o(.text)
    gt_label_set_font_family_cn              0x0003f555   Thumb Code     6  gt_label.o(.text)
    gt_label_set_font_family_en              0x0003f55d   Thumb Code     6  gt_label.o(.text)
    gt_label_set_font_thick_en               0x0003f565   Thumb Code     6  gt_label.o(.text)
    gt_label_set_font_thick_cn               0x0003f56d   Thumb Code     6  gt_label.o(.text)
    gt_label_set_font_family_numb            0x0003f575   Thumb Code     6  gt_label.o(.text)
    gt_label_set_space                       0x0003f57d   Thumb Code     8  gt_label.o(.text)
    _gt_obj_destroy_handler_cb               0x0003f5e1   Thumb Code    54  gt_obj.o(.text)
    gt_obj_create                            0x0003f619   Thumb Code    26  gt_obj.o(.text)
    gt_obj_destroy                           0x0003f635   Thumb Code    36  gt_obj.o(.text)
    gt_screen_set_bgcolor                    0x0003f659   Thumb Code    16  gt_obj.o(.text)
    gt_screen_get_bgcolor                    0x0003f669   Thumb Code    18  gt_obj.o(.text)
    gt_obj_class_create                      0x0003f67d   Thumb Code   320  gt_obj_class.o(.text)
    _gt_obj_class_destroy                    0x0003f7bd   Thumb Code   428  gt_obj_class.o(.text)
    gt_obj_class_get_type                    0x0003fa85   Thumb Code     6  gt_obj_class.o(.text)
    gt_rect_create                           0x0003fb71   Thumb Code    44  gt_rect.o(.text)
    gt_rect_set_bg_color                     0x0003fb9d   Thumb Code    16  gt_rect.o(.text)
    gt_rect_set_color_border                 0x0003fbad   Thumb Code    16  gt_rect.o(.text)
    gt_rect_set_radius                       0x0003fbbd   Thumb Code    16  gt_rect.o(.text)
    gt_rect_set_border                       0x0003fbcd   Thumb Code    16  gt_rect.o(.text)
    gt_rect_set_fill                         0x0003fbdd   Thumb Code    16  gt_rect.o(.text)
    gt_slider_create                         0x00040051   Thumb Code    64  gt_slider.o(.text)
    gt_slider_set_pos                        0x00040091   Thumb Code   190  gt_slider.o(.text)
    gt_slider_set_start_end                  0x00040151   Thumb Code     8  gt_slider.o(.text)
    gt_slider_get_pos                        0x00040159   Thumb Code     8  gt_slider.o(.text)
    gt_slider_get_start                      0x00040161   Thumb Code     8  gt_slider.o(.text)
    gt_slider_get_end                        0x00040169   Thumb Code     8  gt_slider.o(.text)
    gt_slider_get_total                      0x00040171   Thumb Code    12  gt_slider.o(.text)
    gt_slider_set_color_act                  0x0004017d   Thumb Code    16  gt_slider.o(.text)
    gt_slider_set_color_ina                  0x0004018d   Thumb Code    16  gt_slider.o(.text)
    gt_slider_set_dir                        0x0004019d   Thumb Code    14  gt_slider.o(.text)
    gt_slider_get_dir                        0x000401ad   Thumb Code     6  gt_slider.o(.text)
    gt_slider_set_step                       0x000401b5   Thumb Code     6  gt_slider.o(.text)
    gt_slider_get_step                       0x000401bd   Thumb Code     6  gt_slider.o(.text)
    gt_slider_set_tag                        0x000401c5   Thumb Code   104  gt_slider.o(.text)
    gt_slider_set_tag_visible                0x0004022d   Thumb Code    16  gt_slider.o(.text)
    gt_switch_create                         0x000403a5   Thumb Code    50  gt_switch.o(.text)
    gt_switch_set_color_act                  0x000403d9   Thumb Code    16  gt_switch.o(.text)
    gt_switch_set_color_ina                  0x000403e9   Thumb Code    16  gt_switch.o(.text)
    gt_switch_set_color_point                0x000403f9   Thumb Code    16  gt_switch.o(.text)
    Refresh_New_Page                         0x00040409   Thumb Code   232  gt_init_screen_home.o(.text)
    send_pack                                0x000404f1   Thumb Code   148  gt_init_screen_home.o(.text)
    gt_init_screen_home                      0x00040585   Thumb Code  1964  gt_init_screen_home.o(.text)
    gt_ui_init                               0x00040e05   Thumb Code     4  gt_ui.o(.text)
    GT_Font_Init                             0x00040e09   Thumb Code   344  gt_gui_driver.o(.text)
    GT_Set_Chinese_Charset_Type              0x00041079   Thumb Code    12  gt_gui_driver.o(.text)
    GT_Get_Chinese_Charset_Type              0x00041085   Thumb Code    12  gt_gui_driver.o(.text)
    GT_GetChinese                            0x00041091   Thumb Code   110  gt_gui_driver.o(.text)
    GT_GetASCII                              0x00041101   Thumb Code   100  gt_gui_driver.o(.text)
    UnicodeToGBK                             0x00041165   Thumb Code   168  gt_gui_driver.o(.text)
    GBKToUnicode                             0x000413b9   Thumb Code   276  gt_gui_driver.o(.text)
    GT_Get_Font_Width                        0x000414cd   Thumb Code   148  gt_gui_driver.o(.text)
    GT_Get_Font_Height                       0x00041561   Thumb Code    64  gt_gui_driver.o(.text)
    GT_Check_Is_Vec                          0x000415a1   Thumb Code     4  gt_gui_driver.o(.text)
    GT_Get_Font_Func_S                       0x000415a5   Thumb Code    34  gt_gui_driver.o(.text)
    GT_Get_Font_Type                         0x000415c9   Thumb Code    16  gt_gui_driver.o(.text)
    GT_Font_Code_Transform                   0x000415d9   Thumb Code    24  gt_gui_driver.o(.text)
    GT_Get_Font_Convertor_Data               0x000415f1   Thumb Code    24  gt_gui_driver.o(.text)
    tolower                                  0x00041daf   Thumb Code    12  tolower.o(.text)
    ___aeabi_memcpy8$move                    0x00041dbb   Thumb Code     0  memmovea.o(.text)
    __aeabi_memcpy                           0x00041dbb   Thumb Code    64  memmovea.o(.text)
    __aeabi_memcpy4                          0x00041dbb   Thumb Code     0  memmovea.o(.text)
    __aeabi_memmove                          0x00041dbb   Thumb Code     0  memmovea.o(.text)
    __aeabi_memmove4                         0x00041dbb   Thumb Code     0  memmovea.o(.text)
    __aeabi_memmove8                         0x00041dbb   Thumb Code     0  memmovea.o(.text)
    __aeabi_memset                           0x00041dfb   Thumb Code    14  memseta.o(.text)
    __aeabi_memset4                          0x00041dfb   Thumb Code     0  memseta.o(.text)
    __aeabi_memset8                          0x00041dfb   Thumb Code     0  memseta.o(.text)
    __aeabi_memclr                           0x00041e09   Thumb Code     4  memseta.o(.text)
    __aeabi_memclr4                          0x00041e09   Thumb Code     0  memseta.o(.text)
    __aeabi_memclr8                          0x00041e09   Thumb Code     0  memseta.o(.text)
    _memset$wrapper                          0x00041e0d   Thumb Code    18  memseta.o(.text)
    strstr                                   0x00041e1f   Thumb Code    36  strstr.o(.text)
    strlen                                   0x00041e43   Thumb Code    14  strlen.o(.text)
    strcmp                                   0x00041e51   Thumb Code    28  strcmp.o(.text)
    memcmp                                   0x00041e6d   Thumb Code    26  memcmp.o(.text)
    strcpy                                   0x00041e87   Thumb Code    18  strcpy.o(.text)
    __aeabi_fadd                             0x00041e99   Thumb Code   164  fadd.o(.text)
    __aeabi_fsub                             0x00041f3d   Thumb Code     6  fadd.o(.text)
    __aeabi_frsub                            0x00041f43   Thumb Code     6  fadd.o(.text)
    __aeabi_fmul                             0x00041f49   Thumb Code   100  fmul.o(.text)
    __aeabi_fdiv                             0x00041fad   Thumb Code   124  fdiv.o(.text)
    __aeabi_dadd                             0x00042029   Thumb Code   322  dadd.o(.text)
    __aeabi_dsub                             0x0004216b   Thumb Code     6  dadd.o(.text)
    __aeabi_drsub                            0x00042171   Thumb Code     6  dadd.o(.text)
    __aeabi_dmul                             0x00042177   Thumb Code   228  dmul.o(.text)
    __aeabi_ddiv                             0x0004225b   Thumb Code   222  ddiv.o(.text)
    __aeabi_fcmple                           0x00042339   Thumb Code    28  fcmple.o(.text)
    __aeabi_fcmpgt                           0x00042355   Thumb Code    28  fcmpgt.o(.text)
    __aeabi_dcmple                           0x00042371   Thumb Code    54  dcmple.o(.text)
    __aeabi_dcmplt                           0x000423a7   Thumb Code    54  dcmplt.o(.text)
    __aeabi_dcmpge                           0x000423dd   Thumb Code    54  dcmpge.o(.text)
    __aeabi_i2f                              0x00042413   Thumb Code    18  fflti.o(.text)
    __aeabi_ui2f                             0x00042425   Thumb Code    10  ffltui.o(.text)
    __aeabi_ui2d                             0x0004242f   Thumb Code    26  dfltui.o(.text)
    __aeabi_f2iz                             0x00042449   Thumb Code    50  ffixi.o(.text)
    __aeabi_d2iz                             0x0004247b   Thumb Code    62  dfixi.o(.text)
    __aeabi_f2d                              0x000424b9   Thumb Code    38  f2d.o(.text)
    __aeabi_uidiv                            0x000424df   Thumb Code     0  uidiv.o(.text)
    __aeabi_uidivmod                         0x000424df   Thumb Code    44  uidiv.o(.text)
    __aeabi_uldivmod                         0x0004250b   Thumb Code    98  uldiv.o(.text)
    __aeabi_llsl                             0x0004256d   Thumb Code    30  llshl.o(.text)
    _ll_shift_l                              0x0004256d   Thumb Code     0  llshl.o(.text)
    __aeabi_llsr                             0x0004258b   Thumb Code    32  llushr.o(.text)
    _ll_ushift_r                             0x0004258b   Thumb Code     0  llushr.o(.text)
    __aeabi_lasr                             0x000425ab   Thumb Code    36  llsshr.o(.text)
    _ll_sshift_r                             0x000425ab   Thumb Code     0  llsshr.o(.text)
    __I$use$fp                               0x000425cf   Thumb Code     0  iusefp.o(.text)
    _float_round                             0x000425cf   Thumb Code    18  fepilogue.o(.text)
    _float_epilogue                          0x000425e1   Thumb Code    92  fepilogue.o(.text)
    _double_round                            0x0004263d   Thumb Code    30  depilogue.o(.text)
    _double_epilogue                         0x0004265b   Thumb Code   156  depilogue.o(.text)
    _dsqrt                                   0x000426f7   Thumb Code   162  dsqrt.o(.text)
    __aeabi_d2ulz                            0x00042799   Thumb Code    48  dfixul.o(.text)
    __aeabi_cdrcmple                         0x000427c9   Thumb Code    48  cdrcmple.o(.text)
    __scatterload                            0x000427f9   Thumb Code    28  init.o(.text)
    __scatterload_rt2                        0x000427f9   Thumb Code     0  init.o(.text)
    __decompress                             0x0004281d   Thumb Code     0  __dczerorl2.o(.text)
    __decompress1                            0x0004281d   Thumb Code    86  __dczerorl2.o(.text)
    __0printf                                0x00042875   Thumb Code    22  printfa.o(i.__0printf)
    __1printf                                0x00042875   Thumb Code     0  printfa.o(i.__0printf)
    __2printf                                0x00042875   Thumb Code     0  printfa.o(i.__0printf)
    __c89printf                              0x00042875   Thumb Code     0  printfa.o(i.__0printf)
    printf                                   0x00042875   Thumb Code     0  printfa.o(i.__0printf)
    __0sprintf                               0x00042895   Thumb Code    34  printfa.o(i.__0sprintf)
    __1sprintf                               0x00042895   Thumb Code     0  printfa.o(i.__0sprintf)
    __2sprintf                               0x00042895   Thumb Code     0  printfa.o(i.__0sprintf)
    __c89sprintf                             0x00042895   Thumb Code     0  printfa.o(i.__0sprintf)
    sprintf                                  0x00042895   Thumb Code     0  printfa.o(i.__0sprintf)
    __0vsnprintf                             0x000428bd   Thumb Code    46  printfa.o(i.__0vsnprintf)
    __1vsnprintf                             0x000428bd   Thumb Code     0  printfa.o(i.__0vsnprintf)
    __2vsnprintf                             0x000428bd   Thumb Code     0  printfa.o(i.__0vsnprintf)
    __c89vsnprintf                           0x000428bd   Thumb Code     0  printfa.o(i.__0vsnprintf)
    vsnprintf                                0x000428bd   Thumb Code     0  printfa.o(i.__0vsnprintf)
    __scatterload_copy                       0x000428f1   Thumb Code    14  handlers.o(i.__scatterload_copy)
    __scatterload_null                       0x000428ff   Thumb Code     2  handlers.o(i.__scatterload_null)
    __scatterload_zeroinit                   0x00042901   Thumb Code    14  handlers.o(i.__scatterload_zeroinit)
    __set_errno                              0x00042911   Thumb Code     6  errno.o(i.__set_errno)
    puts                                     0x000431f1   Thumb Code    30  puts.o(i.puts)
    sqrt                                     0x00043215   Thumb Code    76  sqrt.o(i.sqrt)
    asc2_1206                                0x0004537c   Data        1140  lcd_show.o(.rodata.asc2_1206)
    asc2_1608                                0x000457f0   Data        1520  lcd_show.o(.rodata.asc2_1608)
    asc2_2412                                0x00045de0   Data        3420  lcd_show.o(.rodata.asc2_2412)
    asc2_3216                                0x00046b3c   Data       12160  lcd_show.o(.rodata.asc2_3216)
    gt_get_font_func                         0x0004a6bc   Data          48  gt_gui_driver.o(.rodata.gt_get_font_func)
    gt_imgbtn_class                          0x0004a6ec   Data          16  gt_imgbtn.o(.rodata.gt_imgbtn_class)
    gt_input_number_class                    0x0004a6fc   Data          16  gt_input_number.o(.rodata.gt_input_number_class)
    gt_label_class                           0x0004a70c   Data          16  gt_label.o(.rodata.gt_label_class)
    gt_obj_class                             0x0004a71c   Data          16  gt_obj.o(.rodata.gt_obj_class)
    gt_rect_class                            0x0004a72c   Data          16  gt_rect.o(.rodata.gt_rect_class)
    gt_slider_class                          0x0004a73c   Data          16  gt_slider.o(.rodata.gt_slider_class)
    gt_switcher_class                        0x0004a74c   Data          16  gt_switch.o(.rodata.gt_switcher_class)
    pal_button_pressed                       0x0004ad8c   Data          24  ugui.o(.rodata.pal_button_pressed)
    pal_button_released                      0x0004ada4   Data          24  ugui.o(.rodata.pal_button_released)
    pal_checkbox_pressed                     0x0004adbc   Data          24  ugui.o(.rodata.pal_checkbox_pressed)
    pal_checkbox_released                    0x0004add4   Data          24  ugui.o(.rodata.pal_checkbox_released)
    pal_window                               0x0004adec   Data          24  ugui.o(.rodata.pal_window)
    Region$$Table$$Base                      0x0004e100   Number         0  anon$$obj.o(Region$$Table)
    Region$$Table$$Limit                     0x0004e120   Number         0  anon$$obj.o(Region$$Table)
    __stdout                                 0x20000000   Data           4  stdout.o(.data)
    CMD_RDX                                  0x20000008   Data           1  dev_xpt2046.o(.data.CMD_RDX)
    CMD_RDY                                  0x20000009   Data           1  dev_xpt2046.o(.data.CMD_RDY)
    CyclesPerUs                              0x2000000c   Data           4  system_swm341.o(.data.CyclesPerUs)
    SystemCoreClock                          0x20000050   Data           4  system_swm341.o(.data.SystemCoreClock)
    TP_REMIND_MSG_TBL                        0x20000054   Data          10  dev_xpt2046.o(.data.TP_REMIND_MSG_TBL)
    _LCD_Buffer                              0x20000060   Data           4  bsp_lcd_rgb.o(.data._LCD_Buffer)
    latin_16x16_width                        0x20000065   Data         490  gt_font.o(.data.latin_16x16_width)
    radius_dat                               0x20000250   Data         156  gt_draw.o(.data.radius_dat)
    tp_dev                                   0x200002ec   Data          52  dev_xpt2046.o(.data.tp_dev)
    Boot_Video_Flag                          0x20000320   Data           1  dev_touch.o(.bss.Boot_Video_Flag)
    Buf                                      0x20000321   Data          20  dev_xpt2046.o(.bss.Buf)
    FlagAdjusted                             0x20000335   Data           1  dev_xpt2046.o(.bss.FlagAdjusted)
    POINT_COLOR                              0x20000338   Data           4  bsp_lcd_rgb.o(.bss.POINT_COLOR)
    TP_Dev                                   0x20000340   Data          22  dev_touch.o(.bss.TP_Dev)
    UART_BUF                                 0x20000356   Data          20  bsp_uart.o(.bss.UART_BUF)
    _gt_anim_ll                              0x20000388   Data           8  gt_gc.o(.bss._gt_anim_ll)
    _gt_img_decoder_ll                       0x20000398   Data           8  gt_gc.o(.bss._gt_img_decoder_ll)
    _gt_timer_ll                             0x200003bc   Data           8  gt_gc.o(.bss._gt_timer_ll)
    lcddev                                   0x200084e8   Data          14  bsp_lcd_rgb.o(.bss.lcddev)
    pos_temp                                 0x200084f6   Data          16  dev_xpt2046.o(.bss.pos_temp)
    screen_home                              0x2000850c   Data           4  gt_init_screen_home.o(.bss.screen_home)
    uart_status                              0x20008519   Data           1  bsp_uart.o(.bss.uart_status)
    update_sreen_status                      0x2000851a   Data           1  gt_init_screen_home.o(.bss.update_sreen_status)
    __initial_sp                             0x2000a520   Data           0  startup_swm341.o(STACK)



==============================================================================

Memory Map of the image

  Image Entry point : 0x000201a9

  Load Region LR_IROM1 (Base: 0x00020000, Size: 0x0002e440, Max: 0x00060000, ABSOLUTE, COMPRESSED[0x0002e2e0])

    Execution Region ER_IROM1 (Exec base: 0x00020000, Load base: 0x00020000, Size: 0x0002e120, Max: 0x00060000, ABSOLUTE)

    Exec Addr    Load Addr    Size         Type   Attr      Idx    E Section Name        Object

    0x00020000   0x00020000   0x000001a8   Data   RO          144    RESET               startup_swm341.o
    0x000201a8   0x000201a8   0x00000000   Code   RO         1161  * .ARM.Collect$$$$00000000  mc_w.l(entry.o)
    0x000201a8   0x000201a8   0x00000004   Code   RO         1489    .ARM.Collect$$$$00000001  mc_w.l(entry2.o)
    0x000201ac   0x000201ac   0x00000004   Code   RO         1492    .ARM.Collect$$$$00000004  mc_w.l(entry5.o)
    0x000201b0   0x000201b0   0x00000000   Code   RO         1494    .ARM.Collect$$$$00000008  mc_w.l(entry7b.o)
    0x000201b0   0x000201b0   0x00000000   Code   RO         1496    .ARM.Collect$$$$0000000A  mc_w.l(entry8b.o)
    0x000201b0   0x000201b0   0x00000008   Code   RO         1497    .ARM.Collect$$$$0000000B  mc_w.l(entry9a.o)
    0x000201b8   0x000201b8   0x00000000   Code   RO         1499    .ARM.Collect$$$$0000000D  mc_w.l(entry10a.o)
    0x000201b8   0x000201b8   0x00000000   Code   RO         1501    .ARM.Collect$$$$0000000F  mc_w.l(entry11a.o)
    0x000201b8   0x000201b8   0x00000004   Code   RO         1490    .ARM.Collect$$$$00002712  mc_w.l(entry2.o)
    0x000201bc   0x000201bc   0x00000248   Code   RO            1    .text               main.o
    0x00020404   0x00020404   0x000005ce   Code   RO           11    .text               bsp_lcd_rgb.o
    0x000209d2   0x000209d2   0x00000002   PAD
    0x000209d4   0x000209d4   0x000004ea   Code   RO           31    .text               bsp_sfc.o
    0x00020ebe   0x00020ebe   0x00000002   PAD
    0x00020ec0   0x00020ec0   0x00000376   Code   RO           41    .text               bsp_uart.o
    0x00021236   0x00021236   0x00000002   PAD
    0x00021238   0x00021238   0x00000102   Code   RO           53    .text               dev_systick.o
    0x0002133a   0x0002133a   0x00000002   PAD
    0x0002133c   0x0002133c   0x00000094   Code   RO           63    .text               dev_touch.o
    0x000213d0   0x000213d0   0x00000c1c   Code   RO           73    .text               dev_xpt2046.o
    0x00021fec   0x00021fec   0x0000079e   Code   RO           89    .text               lcd_show.o
    0x0002278a   0x0002278a   0x00000002   PAD
    0x0002278c   0x0002278c   0x00000540   Code   RO          102    .text               tp_gt911.o
    0x00022ccc   0x00022ccc   0x00004eb6   Code   RO          110    .text               ugui.o
    0x00027b82   0x00027b82   0x00000002   PAD
    0x00027b84   0x00027b84   0x000010fa   Code   RO          131    .text               system_swm341.o
    0x00028c7e   0x00028c7e   0x00000002   PAD
    0x00028c80   0x00028c80   0x000000d8   Code   RO          145    .text               startup_swm341.o
    0x00028d58   0x00028d58   0x0000009a   Code   RO          219    .text               swm341_exti.o
    0x00028df2   0x00028df2   0x00000002   PAD
    0x00028df4   0x00028df4   0x00000136   Code   RO          228    .text               swm341_flash.o
    0x00028f2a   0x00028f2a   0x00000002   PAD
    0x00028f2c   0x00028f2c   0x0000028c   Code   RO          240    .text               swm341_gpio.o
    0x000291b8   0x000291b8   0x000002fa   Code   RO          248    .text               swm341_i2c.o
    0x000294b2   0x000294b2   0x00000002   PAD
    0x000294b4   0x000294b4   0x0000031c   Code   RO          274    .text               swm341_lcd.o
    0x000297d0   0x000297d0   0x0000004a   Code   RO          283    .text               swm341_port.o
    0x0002981a   0x0002981a   0x00000002   PAD
    0x0002981c   0x0002981c   0x000001ca   Code   RO          327    .text               swm341_sdram.o
    0x000299e6   0x000299e6   0x00000002   PAD
    0x000299e8   0x000299e8   0x000005ce   Code   RO          335    .text               swm341_sfc.o
    0x00029fb6   0x00029fb6   0x00000002   PAD
    0x00029fb8   0x00029fb8   0x00000b04   Code   RO          353    .text               swm341_timr.o
    0x0002aabc   0x0002aabc   0x00000356   Code   RO          361    .text               swm341_uart.o
    0x0002ae12   0x0002ae12   0x00000002   PAD
    0x0002ae14   0x0002ae14   0x000000a0   Code   RO          397    .text               swm341_wdt.o
    0x0002aeb4   0x0002aeb4   0x00000046   Code   RO          405    .text               gt_port_disp.o
    0x0002aefa   0x0002aefa   0x00000002   PAD
    0x0002aefc   0x0002aefc   0x0000004a   Code   RO          414    .text               gt_port_indev.o
    0x0002af46   0x0002af46   0x00000002   PAD
    0x0002af48   0x0002af48   0x0000000e   Code   RO          423    .text               gt_port_src.o
    0x0002af56   0x0002af56   0x00000002   PAD
    0x0002af58   0x0002af58   0x00000028   Code   RO          435    .text               gt_port_vf.o
    0x0002af80   0x0002af80   0x00000394   Code   RO          445    .text               gt_disp.o
    0x0002b314   0x0002b314   0x00002a08   Code   RO          454    .text               gt_draw.o
    0x0002dd1c   0x0002dd1c   0x0000032a   Code   RO          480    .text               gt_event.o
    0x0002e046   0x0002e046   0x00000002   PAD
    0x0002e048   0x0002e048   0x00000278   Code   RO          493    .text               gt_fs.o
    0x0002e2c0   0x0002e2c0   0x00001b3e   Code   RO          506    .text               gt_graph_base.o
    0x0002fdfe   0x0002fdfe   0x00000002   PAD
    0x0002fe00   0x0002fe00   0x00000058   Code   RO          517    .text               gt_handler.o
    0x0002fe58   0x0002fe58   0x00000286   Code   RO          525    .text               gt_img_decoder.o
    0x000300de   0x000300de   0x00000002   PAD
    0x000300e0   0x000300e0   0x000002f8   Code   RO          535    .text               gt_indev.o
    0x000303d8   0x000303d8   0x000001b0   Code   RO          548    .text               gt_mem.o
    0x00030588   0x00030588   0x00000274   Code   RO          562    .text               gt_obj_pos.o
    0x000307fc   0x000307fc   0x00000044   Code   RO          578    .text               gt_refr.o
    0x00030840   0x00030840   0x0000051e   Code   RO          586    .text               gt_style.o
    0x00030d5e   0x00030d5e   0x00000002   PAD
    0x00030d60   0x00030d60   0x000001f4   Code   RO          595    .text               gt_timer.o
    0x00030f54   0x00030f54   0x00000004   Code   RO          609    .text               gt_extra.o
    0x00030f58   0x00030f58   0x000005ce   Code   RO          616    .text               gt_draw_blend.o
    0x00031526   0x00031526   0x00000002   PAD
    0x00031528   0x00031528   0x00000464   Code   RO          625    .text               gt_png.o
    0x0003198c   0x0003198c   0x00009c1a   Code   RO          635    .text               lodepng.o
    0x0003b5a6   0x0003b5a6   0x00000002   PAD
    0x0003b5a8   0x0003b5a8   0x00000c7c   Code   RO          659    .text               gt_font.o
    0x0003c224   0x0003c224   0x0000006c   Code   RO          672    .text               gt_symbol.o
    0x0003c290   0x0003c290   0x0000034a   Code   RO          699    .text               gt_hal_disp.o
    0x0003c5da   0x0003c5da   0x00000002   PAD
    0x0003c5dc   0x0003c5dc   0x00000048   Code   RO          710    .text               gt_hal_fs.o
    0x0003c624   0x0003c624   0x000000f0   Code   RO          718    .text               gt_hal_indev.o
    0x0003c714   0x0003c714   0x000001ac   Code   RO          729    .text               gt_hal_src.o
    0x0003c8c0   0x0003c8c0   0x0000008c   Code   RO          739    .text               gt_hal_tick.o
    0x0003c94c   0x0003c94c   0x00000278   Code   RO          749    .text               gt_hal_vf.o
    0x0003cbc4   0x0003cbc4   0x00000874   Code   RO          761    .text               gt_anim.o
    0x0003d438   0x0003d438   0x000001ee   Code   RO          776    .text               gt_area.o
    0x0003d626   0x0003d626   0x00000002   PAD
    0x0003d628   0x0003d628   0x000000b2   Code   RO          785    .text               gt_color.o
    0x0003d6da   0x0003d6da   0x00000002   PAD
    0x0003d6dc   0x0003d6dc   0x000002be   Code   RO          793    .text               gt_effects.o
    0x0003d99a   0x0003d99a   0x00000002   PAD
    0x0003d99c   0x0003d99c   0x0000017a   Code   RO          812    .text               gt_math.o
    0x0003db16   0x0003db16   0x00000002   PAD
    0x0003db18   0x0003db18   0x00000d10   Code   RO          823    .text               gt_tlsf.o
    0x0003e828   0x0003e828   0x000003b2   Code   RO          842    .text               gt_vector.o
    0x0003ebda   0x0003ebda   0x00000002   PAD
    0x0003ebdc   0x0003ebdc   0x000003ce   Code   RO          906    .text               gt_imgbtn.o
    0x0003efaa   0x0003efaa   0x00000002   PAD
    0x0003efac   0x0003efac   0x00000362   Code   RO          928    .text               gt_input_number.o
    0x0003f30e   0x0003f30e   0x00000002   PAD
    0x0003f310   0x0003f310   0x00000274   Code   RO          956    .text               gt_label.o
    0x0003f584   0x0003f584   0x000000f6   Code   RO          987    .text               gt_obj.o
    0x0003f67a   0x0003f67a   0x00000002   PAD
    0x0003f67c   0x0003f67c   0x0000040e   Code   RO          996    .text               gt_obj_class.o
    0x0003fa8a   0x0003fa8a   0x00000002   PAD
    0x0003fa8c   0x0003fa8c   0x00000160   Code   RO         1048    .text               gt_rect.o
    0x0003fbec   0x0003fbec   0x00000650   Code   RO         1058    .text               gt_slider.o
    0x0004023c   0x0004023c   0x000001cc   Code   RO         1069    .text               gt_switch.o
    0x00040408   0x00040408   0x000009fa   Code   RO         1100    .text               gt_init_screen_home.o
    0x00040e02   0x00040e02   0x00000002   PAD
    0x00040e04   0x00040e04   0x00000004   Code   RO         1132    .text               gt_ui.o
    0x00040e08   0x00040e08   0x00000fa6   Code   RO         1139    .text               gt_gui_driver.lib(gt_gui_driver.o)
    0x00041dae   0x00041dae   0x0000000c   Code   RO         1168    .text               mc_w.l(tolower.o)
    0x00041dba   0x00041dba   0x00000040   Code   RO         1172    .text               mc_w.l(memmovea.o)
    0x00041dfa   0x00041dfa   0x00000024   Code   RO         1174    .text               mc_w.l(memseta.o)
    0x00041e1e   0x00041e1e   0x00000024   Code   RO         1176    .text               mc_w.l(strstr.o)
    0x00041e42   0x00041e42   0x0000000e   Code   RO         1178    .text               mc_w.l(strlen.o)
    0x00041e50   0x00041e50   0x0000001c   Code   RO         1180    .text               mc_w.l(strcmp.o)
    0x00041e6c   0x00041e6c   0x0000001a   Code   RO         1182    .text               mc_w.l(memcmp.o)
    0x00041e86   0x00041e86   0x00000012   Code   RO         1184    .text               mc_w.l(strcpy.o)
    0x00041e98   0x00041e98   0x000000b0   Code   RO         1451    .text               mf_w.l(fadd.o)
    0x00041f48   0x00041f48   0x00000064   Code   RO         1453    .text               mf_w.l(fmul.o)
    0x00041fac   0x00041fac   0x0000007c   Code   RO         1455    .text               mf_w.l(fdiv.o)
    0x00042028   0x00042028   0x0000014e   Code   RO         1457    .text               mf_w.l(dadd.o)
    0x00042176   0x00042176   0x000000e4   Code   RO         1459    .text               mf_w.l(dmul.o)
    0x0004225a   0x0004225a   0x000000de   Code   RO         1461    .text               mf_w.l(ddiv.o)
    0x00042338   0x00042338   0x0000001c   Code   RO         1463    .text               mf_w.l(fcmple.o)
    0x00042354   0x00042354   0x0000001c   Code   RO         1465    .text               mf_w.l(fcmpgt.o)
    0x00042370   0x00042370   0x00000036   Code   RO         1467    .text               mf_w.l(dcmple.o)
    0x000423a6   0x000423a6   0x00000036   Code   RO         1469    .text               mf_w.l(dcmplt.o)
    0x000423dc   0x000423dc   0x00000036   Code   RO         1471    .text               mf_w.l(dcmpge.o)
    0x00042412   0x00042412   0x00000012   Code   RO         1473    .text               mf_w.l(fflti.o)
    0x00042424   0x00042424   0x0000000a   Code   RO         1475    .text               mf_w.l(ffltui.o)
    0x0004242e   0x0004242e   0x0000001a   Code   RO         1479    .text               mf_w.l(dfltui.o)
    0x00042448   0x00042448   0x00000032   Code   RO         1481    .text               mf_w.l(ffixi.o)
    0x0004247a   0x0004247a   0x0000003e   Code   RO         1483    .text               mf_w.l(dfixi.o)
    0x000424b8   0x000424b8   0x00000026   Code   RO         1485    .text               mf_w.l(f2d.o)
    0x000424de   0x000424de   0x0000002c   Code   RO         1513    .text               mc_w.l(uidiv.o)
    0x0004250a   0x0004250a   0x00000062   Code   RO         1515    .text               mc_w.l(uldiv.o)
    0x0004256c   0x0004256c   0x0000001e   Code   RO         1517    .text               mc_w.l(llshl.o)
    0x0004258a   0x0004258a   0x00000020   Code   RO         1519    .text               mc_w.l(llushr.o)
    0x000425aa   0x000425aa   0x00000024   Code   RO         1521    .text               mc_w.l(llsshr.o)
    0x000425ce   0x000425ce   0x00000000   Code   RO         1530    .text               mc_w.l(iusefp.o)
    0x000425ce   0x000425ce   0x0000006e   Code   RO         1531    .text               mf_w.l(fepilogue.o)
    0x0004263c   0x0004263c   0x000000ba   Code   RO         1533    .text               mf_w.l(depilogue.o)
    0x000426f6   0x000426f6   0x000000a2   Code   RO         1535    .text               mf_w.l(dsqrt.o)
    0x00042798   0x00042798   0x00000030   Code   RO         1537    .text               mf_w.l(dfixul.o)
    0x000427c8   0x000427c8   0x00000030   Code   RO         1539    .text               mf_w.l(cdrcmple.o)
    0x000427f8   0x000427f8   0x00000024   Code   RO         1541    .text               mc_w.l(init.o)
    0x0004281c   0x0004281c   0x00000056   Code   RO         1551    .text               mc_w.l(__dczerorl2.o)
    0x00042872   0x00042872   0x00000002   PAD
    0x00042874   0x00042874   0x00000020   Code   RO         1423    i.__0printf         mc_w.l(printfa.o)
    0x00042894   0x00042894   0x00000028   Code   RO         1425    i.__0sprintf        mc_w.l(printfa.o)
    0x000428bc   0x000428bc   0x00000034   Code   RO         1428    i.__0vsnprintf      mc_w.l(printfa.o)
    0x000428f0   0x000428f0   0x0000000e   Code   RO         1545    i.__scatterload_copy  mc_w.l(handlers.o)
    0x000428fe   0x000428fe   0x00000002   Code   RO         1546    i.__scatterload_null  mc_w.l(handlers.o)
    0x00042900   0x00042900   0x0000000e   Code   RO         1547    i.__scatterload_zeroinit  mc_w.l(handlers.o)
    0x0004290e   0x0004290e   0x00000002   PAD
    0x00042910   0x00042910   0x0000000c   Code   RO         1525    i.__set_errno       mc_w.l(errno.o)
    0x0004291c   0x0004291c   0x00000184   Code   RO         1430    i._fp_digits        mc_w.l(printfa.o)
    0x00042aa0   0x00042aa0   0x000006dc   Code   RO         1431    i._printf_core      mc_w.l(printfa.o)
    0x0004317c   0x0004317c   0x00000024   Code   RO         1432    i._printf_post_padding  mc_w.l(printfa.o)
    0x000431a0   0x000431a0   0x0000002e   Code   RO         1433    i._printf_pre_padding  mc_w.l(printfa.o)
    0x000431ce   0x000431ce   0x00000016   Code   RO         1434    i._snputc           mc_w.l(printfa.o)
    0x000431e4   0x000431e4   0x0000000a   Code   RO         1435    i._sputc            mc_w.l(printfa.o)
    0x000431ee   0x000431ee   0x00000002   PAD
    0x000431f0   0x000431f0   0x00000024   Code   RO         1164    i.puts              mc_w.l(puts.o)
    0x00043214   0x00043214   0x0000004c   Code   RO         1158    i.sqrt              m_ws.l(sqrt.o)
    0x00043260   0x00043260   0x000001d0   Data   RO          651    .rodata..Lswitch.table.lodepng_error_text  lodepng.o
    0x00043430   0x00043430   0x0000001c   Data   RO          646    .rodata.ADAM7_DX    lodepng.o
    0x0004344c   0x0004344c   0x0000001c   Data   RO          648    .rodata.ADAM7_DY    lodepng.o
    0x00043468   0x00043468   0x0000001c   Data   RO          647    .rodata.ADAM7_IX    lodepng.o
    0x00043484   0x00043484   0x0000001c   Data   RO          649    .rodata.ADAM7_IY    lodepng.o
    0x000434a0   0x000434a0   0x0000004c   Data   RO          645    .rodata.CLCL_ORDER  lodepng.o
    0x000434ec   0x000434ec   0x00000078   Data   RO          643    .rodata.DISTANCEBASE  lodepng.o
    0x00043564   0x00043564   0x00000078   Data   RO          644    .rodata.DISTANCEEXTRA  lodepng.o
    0x000435dc   0x000435dc   0x00000074   Data   RO          641    .rodata.LENGTHBASE  lodepng.o
    0x00043650   0x00043650   0x00000074   Data   RO          642    .rodata.LENGTHEXTRA  lodepng.o
    0x000436c4   0x000436c4   0x00000006   Data   RO          495    .rodata._drive_label  gt_fs.o
    0x000436ca   0x000436ca   0x000000b6   Data   RO          814    .rodata._gt_sin_90_table  gt_math.o
    0x00043780   0x00043780   0x00000400   Data   RO          815    .rodata._gt_tab_per_255  gt_math.o
    0x00043b80   0x00043b80   0x00000010   Data   RO          427    .rodata._src_bmp_img  gt_port_src.o
    0x00043b90   0x00043b90   0x00000050   Data   RO          425    .rodata._src_icon_sys  gt_port_src.o
    0x00043be0   0x00043be0   0x00001531   Data   RO          429    .rodata._src_png_50x50_img  gt_port_src.o
    0x00045111   0x00045111   0x0000026b   Data   RO          428    .rodata._src_png_file_img  gt_port_src.o
    0x0004537c   0x0004537c   0x00000474   Data   RO           91    .rodata.asc2_1206   lcd_show.o
    0x000457f0   0x000457f0   0x000005f0   Data   RO           92    .rodata.asc2_1608   lcd_show.o
    0x00045de0   0x00045de0   0x00000d5c   Data   RO           93    .rodata.asc2_2412   lcd_show.o
    0x00046b3c   0x00046b3c   0x00002f80   Data   RO           94    .rodata.asc2_3216   lcd_show.o
    0x00049abc   0x00049abc   0x00000be0   Data   RO          664    .rodata.ascii_16    gt_font.o
    0x0004a69c   0x0004a69c   0x00000020   Data   RO          650    .rodata.cst32       lodepng.o
    0x0004a6bc   0x0004a6bc   0x00000030   Data   RO         1145    .rodata.gt_get_font_func  gt_gui_driver.lib(gt_gui_driver.o)
    0x0004a6ec   0x0004a6ec   0x00000010   Data   RO          908    .rodata.gt_imgbtn_class  gt_imgbtn.o
    0x0004a6fc   0x0004a6fc   0x00000010   Data   RO          930    .rodata.gt_input_number_class  gt_input_number.o
    0x0004a70c   0x0004a70c   0x00000010   Data   RO          958    .rodata.gt_label_class  gt_label.o
    0x0004a71c   0x0004a71c   0x00000010   Data   RO          989    .rodata.gt_obj_class  gt_obj.o
    0x0004a72c   0x0004a72c   0x00000010   Data   RO         1050    .rodata.gt_rect_class  gt_rect.o
    0x0004a73c   0x0004a73c   0x00000010   Data   RO         1060    .rodata.gt_slider_class  gt_slider.o
    0x0004a74c   0x0004a74c   0x00000010   Data   RO         1071    .rodata.gt_switcher_class  gt_switch.o
    0x0004a75c   0x0004a75c   0x00000230   Data   RO         1143    .rodata.gtuid       gt_gui_driver.lib(gt_gui_driver.o)
    0x0004a98c   0x0004a98c   0x00000400   Data   RO          640    .rodata.lodepng_crc32_table  lodepng.o
    0x0004ad8c   0x0004ad8c   0x00000018   Data   RO          118    .rodata.pal_button_pressed  ugui.o
    0x0004ada4   0x0004ada4   0x00000018   Data   RO          119    .rodata.pal_button_released  ugui.o
    0x0004adbc   0x0004adbc   0x00000018   Data   RO          120    .rodata.pal_checkbox_pressed  ugui.o
    0x0004add4   0x0004add4   0x00000018   Data   RO          121    .rodata.pal_checkbox_released  ugui.o
    0x0004adec   0x0004adec   0x00000018   Data   RO          117    .rodata.pal_window  ugui.o
    0x0004ae04   0x0004ae04   0x00000001   Data   RO          456    .rodata.radius1     gt_draw.o
    0x0004ae05   0x0004ae05   0x00000064   Data   RO          465    .rodata.radius10    gt_draw.o
    0x0004ae69   0x0004ae69   0x00000079   Data   RO          466    .rodata.radius11    gt_draw.o
    0x0004aee2   0x0004aee2   0x00000090   Data   RO          467    .rodata.radius12    gt_draw.o
    0x0004af72   0x0004af72   0x00000004   Data   RO          457    .rodata.radius2     gt_draw.o
    0x0004af76   0x0004af76   0x00000009   Data   RO          458    .rodata.radius3     gt_draw.o
    0x0004af7f   0x0004af7f   0x00000010   Data   RO          459    .rodata.radius4     gt_draw.o
    0x0004af8f   0x0004af8f   0x00000019   Data   RO          460    .rodata.radius5     gt_draw.o
    0x0004afa8   0x0004afa8   0x00000024   Data   RO          461    .rodata.radius6     gt_draw.o
    0x0004afcc   0x0004afcc   0x00000031   Data   RO          462    .rodata.radius7     gt_draw.o
    0x0004affd   0x0004affd   0x00000040   Data   RO          463    .rodata.radius8     gt_draw.o
    0x0004b03d   0x0004b03d   0x00000051   Data   RO          464    .rodata.radius9     gt_draw.o
    0x0004b08e   0x0004b08e   0x00000005   Data   RO            3    .rodata.str1.1      main.o
    0x0004b093   0x0004b093   0x00000020   Data   RO           33    .rodata.str1.1      bsp_sfc.o
    0x0004b0b3   0x0004b0b3   0x00000002   Data   RO          123    .rodata.str1.1      ugui.o
    0x0004b0b5   0x0004b0b5   0x0000001c   Data   RO          426    .rodata.str1.1      gt_port_src.o
    0x0004b0d1   0x0004b0d1   0x00000024   Data   RO          439    .rodata.str1.1      gt_port_vf.o
    0x0004b0f5   0x0004b0f5   0x0000003a   Data   RO          472    .rodata.str1.1      gt_draw.o
    0x0004b12f   0x0004b12f   0x00000022   Data   RO          482    .rodata.str1.1      gt_event.o
    0x0004b151   0x0004b151   0x00000027   Data   RO          509    .rodata.str1.1      gt_graph_base.o
    0x0004b178   0x0004b178   0x00000028   Data   RO          527    .rodata.str1.1      gt_img_decoder.o
    0x0004b1a0   0x0004b1a0   0x00000022   Data   RO          598    .rodata.str1.1      gt_timer.o
    0x0004b1c2   0x0004b1c2   0x00000025   Data   RO          627    .rodata.str1.1      gt_png.o
    0x0004b1e7   0x0004b1e7   0x0000132d   Data   RO          637    .rodata.str1.1      lodepng.o
    0x0004c514   0x0004c514   0x00000034   Data   RO          676    .rodata.str1.1      gt_symbol.o
    0x0004c548   0x0004c548   0x00000023   Data   RO          763    .rodata.str1.1      gt_anim.o
    0x0004c56b   0x0004c56b   0x00000024   Data   RO          844    .rodata.str1.1      gt_vector.o
    0x0004c58f   0x0004c58f   0x00000026   Data   RO          909    .rodata.str1.1      gt_imgbtn.o
    0x0004c5b5   0x0004c5b5   0x00000025   Data   RO          959    .rodata.str1.1      gt_label.o
    0x0004c5da   0x0004c5da   0x00000029   Data   RO          998    .rodata.str1.1      gt_obj_class.o
    0x0004c603   0x0004c603   0x00000026   Data   RO         1061    .rodata.str1.1      gt_slider.o
    0x0004c629   0x0004c629   0x00000100   Data   RO          683    .rodata.symbol_16x16_backspace  gt_symbol.o
    0x0004c729   0x0004c729   0x00000100   Data   RO          682    .rodata.symbol_16x16_down  gt_symbol.o
    0x0004c829   0x0004c829   0x00000100   Data   RO          684    .rodata.symbol_16x16_keyboard  gt_symbol.o
    0x0004c929   0x0004c929   0x00000100   Data   RO          680    .rodata.symbol_16x16_left  gt_symbol.o
    0x0004ca29   0x0004ca29   0x00000100   Data   RO          677    .rodata.symbol_16x16_new_line  gt_symbol.o
    0x0004cb29   0x0004cb29   0x00000100   Data   RO          679    .rodata.symbol_16x16_right  gt_symbol.o
    0x0004cc29   0x0004cc29   0x00000100   Data   RO          678    .rodata.symbol_16x16_save  gt_symbol.o
    0x0004cd29   0x0004cd29   0x00000100   Data   RO          681    .rodata.symbol_16x16_up  gt_symbol.o
    0x0004ce29   0x0004ce29   0x00000240   Data   RO          688    .rodata.symbol_backspace_24x24  gt_symbol.o
    0x0004d069   0x0004d069   0x00000240   Data   RO          686    .rodata.symbol_en_24x24  gt_symbol.o
    0x0004d2a9   0x0004d2a9   0x00000240   Data   RO          691    .rodata.symbol_keyboard_24x24  gt_symbol.o
    0x0004d4e9   0x0004d4e9   0x00000240   Data   RO          689    .rodata.symbol_left_24x24  gt_symbol.o
    0x0004d729   0x0004d729   0x00000240   Data   RO          685    .rodata.symbol_new_line_24x24  gt_symbol.o
    0x0004d969   0x0004d969   0x00000240   Data   RO          692    .rodata.symbol_ok_24x24  gt_symbol.o
    0x0004dba9   0x0004dba9   0x00000240   Data   RO          690    .rodata.symbol_right_24x24  gt_symbol.o
    0x0004dde9   0x0004dde9   0x00000240   Data   RO          687    .rodata.symbol_spell_24x24  gt_symbol.o
    0x0004e029   0x0004e029   0x00000003   PAD
    0x0004e02c   0x0004e02c   0x00000048   Data   RO          674    .rodata.symbols_16x16  gt_symbol.o
    0x0004e074   0x0004e074   0x00000050   Data   RO          675    .rodata.symbols_24x24  gt_symbol.o
    0x0004e0c4   0x0004e0c4   0x0000003c   Data   RO          437    .rodata.virt_file_sys  gt_port_vf.o
    0x0004e100   0x0004e100   0x00000020   Data   RO         1544    Region$$Table       anon$$obj.o


    Execution Region RW_IRAM1 (Exec base: 0x20000000, Load base: 0x0004e120, Size: 0x0000a520, Max: 0x00010000, ABSOLUTE, COMPRESSED[0x000001c0])

    Exec Addr    Load Addr    Size         Type   Attr      Idx    E Section Name        Object

    0x20000000   COMPRESSED   0x00000004   Data   RW         1503    .data               mc_w.l(stdout.o)
    0x20000004   COMPRESSED   0x00000004   Data   RW         1526    .data               mc_w.l(errno.o)
    0x20000008   COMPRESSED   0x00000001   Data   RW           78    .data.CMD_RDX       dev_xpt2046.o
    0x20000009   COMPRESSED   0x00000001   Data   RW           79    .data.CMD_RDY       dev_xpt2046.o
    0x2000000a   COMPRESSED   0x00000002   PAD
    0x2000000c   COMPRESSED   0x00000004   Data   RW          134    .data.CyclesPerUs   system_swm341.o
    0x20000010   COMPRESSED   0x00000040   Data   RW         1146    .data.PADDING       gt_gui_driver.lib(gt_gui_driver.o)
    0x20000050   COMPRESSED   0x00000004   Data   RW          133    .data.SystemCoreClock  system_swm341.o
    0x20000054   COMPRESSED   0x0000000a   Data   RW           80    .data.TP_REMIND_MSG_TBL  dev_xpt2046.o
    0x2000005e   COMPRESSED   0x00000002   PAD
    0x20000060   COMPRESSED   0x00000004   Data   RW           13    .data._LCD_Buffer   bsp_lcd_rgb.o
    0x20000064   COMPRESSED   0x00000001   Data   RW          753    .data._state        gt_hal_vf.o
    0x20000065   COMPRESSED   0x000001ea   Data   RW          661    .data.latin_16x16_width  gt_font.o
    0x2000024f   COMPRESSED   0x00000001   PAD
    0x20000250   COMPRESSED   0x0000009c   Data   RW          468    .data.radius_dat    gt_draw.o
    0x200002ec   COMPRESSED   0x00000034   Data   RW           77    .data.tp_dev        dev_xpt2046.o
    0x20000320        -       0x00000001   Zero   RW           65    .bss.Boot_Video_Flag  dev_touch.o
    0x20000321        -       0x00000014   Zero   RW           76    .bss.Buf            dev_xpt2046.o
    0x20000335        -       0x00000001   Zero   RW           75    .bss.FlagAdjusted   dev_xpt2046.o
    0x20000336        -       0x00000001   Zero   RW         1142    .bss.GT_UID_MD5_FLAG  gt_gui_driver.lib(gt_gui_driver.o)
    0x20000337   COMPRESSED   0x00000001   PAD
    0x20000338        -       0x00000004   Zero   RW           14    .bss.POINT_COLOR    bsp_lcd_rgb.o
    0x2000033c        -       0x00000004   Zero   RW           55    .bss.Systick_Time   dev_systick.o
    0x20000340        -       0x00000016   Zero   RW           66    .bss.TP_Dev         dev_touch.o
    0x20000356        -       0x00000014   Zero   RW           45    .bss.UART_BUF       bsp_uart.o
    0x2000036a   COMPRESSED   0x00000002   PAD
    0x2000036c        -       0x00000008   Zero   RW          122    .bss._UG_HandleEvents.msg  ugui.o
    0x20000374        -       0x00000001   Zero   RW          553    .bss._addr_end      gt_mem.o
    0x20000375   COMPRESSED   0x00000003   PAD
    0x20000378        -       0x00000001   Zero   RW          552    .bss._addr_start    gt_mem.o
    0x20000379   COMPRESSED   0x00000003   PAD
    0x2000037c        -       0x00000004   Zero   RW          766    .bss._anim_act      gt_anim.o
    0x20000380        -       0x00000004   Zero   RW          767    .bss._anim_timer    gt_anim.o
    0x20000384        -       0x00000004   Zero   RW          712    .bss._fp            gt_hal_fs.o
    0x20000388        -       0x00000008   Zero   RW          804    .bss._gt_anim_ll    gt_gc.o
    0x20000390        -       0x00000001   Zero   RW          483    .bss._gt_event_is_locked  gt_event.o
    0x20000391   COMPRESSED   0x00000003   PAD
    0x20000394        -       0x00000004   Zero   RW          484    .bss._gt_event_obj_locked  gt_event.o
    0x20000398        -       0x00000008   Zero   RW          806    .bss._gt_img_decoder_ll  gt_gc.o
    0x200003a0        -       0x00000001   Zero   RW          539    .bss._gt_indev_handler_button.flag_key_down  gt_indev.o
    0x200003a1   COMPRESSED   0x00000003   PAD
    0x200003a4        -       0x00000004   Zero   RW          540    .bss._gt_indev_handler_button.last_run  gt_indev.o
    0x200003a8        -       0x00000001   Zero   RW          537    .bss._gt_indev_handler_point.flag_key_down  gt_indev.o
    0x200003a9   COMPRESSED   0x00000003   PAD
    0x200003ac        -       0x00000004   Zero   RW          538    .bss._gt_indev_handler_point.last_run  gt_indev.o
    0x200003b0        -       0x00000001   Zero   RW          519    .bss._gt_init_done_flag  gt_handler.o
    0x200003b1        -       0x00000001   Zero   RW          663    .bss._gt_project_encoding  gt_font.o
    0x200003b2   COMPRESSED   0x00000002   PAD
    0x200003b4        -       0x00000004   Zero   RW          599    .bss._gt_timer_handler.busy_time  gt_timer.o
    0x200003b8        -       0x00000004   Zero   RW          600    .bss._gt_timer_handler.idle_period_start  gt_timer.o
    0x200003bc        -       0x00000008   Zero   RW          805    .bss._gt_timer_ll   gt_gc.o
    0x200003c4        -       0x00000001   Zero   RW          601    .bss._gt_timer_task_ready_flag  gt_timer.o
    0x200003c5        -       0x00000001   Zero   RW          764    .bss._is_list_change  gt_anim.o
    0x200003c6        -       0x00000001   Zero   RW          485    .bss._is_print_no_screen_flag  gt_event.o
    0x200003c7        -       0x00000001   Zero   RW          768    .bss._is_run_same_time  gt_anim.o
    0x200003c8        -       0x00000004   Zero   RW          554    .bss._max_addr      gt_mem.o
    0x200003cc        -       0x00008000   Zero   RW          550    .bss._mem_pool_int  gt_mem.o
    0x200083cc        -       0x00000004   Zero   RW          731    .bss._self          gt_hal_src.o
    0x200083d0        -       0x00000004   Zero   RW          497    .bss._self.0        gt_fs.o
    0x200083d4        -       0x00000004   Zero   RW          498    .bss._self.1        gt_fs.o
    0x200083d8        -       0x00000004   Zero   RW          742    .bss._tick          gt_hal_tick.o
    0x200083dc        -       0x00000004   Zero   RW          765    .bss._time_last_run  gt_anim.o
    0x200083e0        -       0x00000004   Zero   RW          551    .bss._tlsf          gt_mem.o
    0x200083e4        -       0x00000001   Zero   RW           43    .bss._uart3_count   bsp_uart.o
    0x200083e5        -       0x0000000a   Zero   RW           44    .bss._uart3_rx_buf  bsp_uart.o
    0x200083ef   COMPRESSED   0x00000001   PAD
    0x200083f0        -       0x00000004   Zero   RW          752    .bss._vf_dev        gt_hal_vf.o
    0x200083f4        -       0x00000004   Zero   RW          751    .bss._vfs           gt_hal_vf.o
    0x200083f8        -       0x00000001   Zero   RW          721    .bss.cnt_indev      gt_hal_indev.o
    0x200083f9   COMPRESSED   0x00000003   PAD
    0x200083fc        -       0x00000004   Zero   RW          508    .bss.color          gt_graph_base.o
    0x20008400        -       0x00000004   Zero   RW          701    .bss.disp_p         gt_hal_disp.o
    0x20008404        -       0x00000004   Zero   RW          470    .bss.draw_bg.color_circle_p  gt_draw.o
    0x20008408        -       0x00000004   Zero   RW          471    .bss.draw_bg.mask_left_up  gt_draw.o
    0x2000840c        -       0x00000002   Zero   RW          469    .bss.draw_bg.radius_pre  gt_draw.o
    0x2000840e   COMPRESSED   0x00000002   PAD
    0x20008410        -       0x00000010   Zero   RW          407    .bss.drv            gt_port_disp.o
    0x20008420        -       0x0000002c   Zero   RW          438    .bss.drv_vf         gt_port_vf.o
    0x2000844c        -       0x00000001   Zero   RW          496    .bss.file_occupied_count  gt_fs.o
    0x2000844d   COMPRESSED   0x00000003   PAD
    0x20008450        -       0x00000004   Zero   RW          702    .bss.graph_buf_all  gt_hal_disp.o
    0x20008454        -       0x00000001   Zero   RW         1144    .bss.gt_font_chinese_encoding  gt_gui_driver.lib(gt_gui_driver.o)
    0x20008455   COMPRESSED   0x00000001   PAD
    0x20008456        -       0x00000002   Zero   RW          662    .bss.gt_font_get_next_word_width.idx  gt_font.o
    0x20008458        -       0x00000004   Zero   RW          116    .bss.gui            ugui.o
    0x2000845c        -       0x00000004   Zero   RW          597    .bss.idle_last      gt_timer.o
    0x20008460        -       0x00000004   Zero   RW         1116    .bss.imgbtn1        gt_init_screen_home.o
    0x20008464        -       0x00000004   Zero   RW         1118    .bss.imgbtn2        gt_init_screen_home.o
    0x20008468        -       0x00000004   Zero   RW         1119    .bss.imgbtn3        gt_init_screen_home.o
    0x2000846c        -       0x00000004   Zero   RW         1121    .bss.imgbtn4        gt_init_screen_home.o
    0x20008470        -       0x00000004   Zero   RW         1122    .bss.imgbtn5        gt_init_screen_home.o
    0x20008474        -       0x00000004   Zero   RW         1124    .bss.imgbtn6        gt_init_screen_home.o
    0x20008478        -       0x00000004   Zero   RW          722    .bss.indev          gt_hal_indev.o
    0x2000847c        -       0x00000014   Zero   RW          720    .bss.indev_act      gt_hal_indev.o
    0x20008490        -       0x00000014   Zero   RW          417    .bss.indev_drv_button  gt_port_indev.o
    0x200084a4        -       0x00000014   Zero   RW          416    .bss.indev_drv_pointer  gt_port_indev.o
    0x200084b8        -       0x00000004   Zero   RW         1104    .bss.inputNum1      gt_init_screen_home.o
    0x200084bc        -       0x00000004   Zero   RW         1105    .bss.inputNum2      gt_init_screen_home.o
    0x200084c0        -       0x00000004   Zero   RW         1106    .bss.inputNum3      gt_init_screen_home.o
    0x200084c4        -       0x00000004   Zero   RW         1109    .bss.lab1           gt_init_screen_home.o
    0x200084c8        -       0x00000004   Zero   RW         1110    .bss.lab2           gt_init_screen_home.o
    0x200084cc        -       0x00000004   Zero   RW         1111    .bss.lab3           gt_init_screen_home.o
    0x200084d0        -       0x00000004   Zero   RW         1112    .bss.lab4           gt_init_screen_home.o
    0x200084d4        -       0x00000004   Zero   RW         1113    .bss.lab5           gt_init_screen_home.o
    0x200084d8        -       0x00000004   Zero   RW         1114    .bss.lab6           gt_init_screen_home.o
    0x200084dc        -       0x00000004   Zero   RW         1115    .bss.lab7           gt_init_screen_home.o
    0x200084e0        -       0x00000004   Zero   RW         1120    .bss.lab8           gt_init_screen_home.o
    0x200084e4        -       0x00000004   Zero   RW         1123    .bss.lab9           gt_init_screen_home.o
    0x200084e8        -       0x0000000e   Zero   RW           15    .bss.lcddev         bsp_lcd_rgb.o
    0x200084f6        -       0x00000010   Zero   RW           81    .bss.pos_temp       dev_xpt2046.o
    0x20008506   COMPRESSED   0x00000002   PAD
    0x20008508        -       0x00000004   Zero   RW         1108    .bss.rect1          gt_init_screen_home.o
    0x2000850c        -       0x00000004   Zero   RW         1102    .bss.screen_home    gt_init_screen_home.o
    0x20008510        -       0x00000004   Zero   RW         1107    .bss.slider1        gt_init_screen_home.o
    0x20008514        -       0x00000004   Zero   RW         1103    .bss.switch1        gt_init_screen_home.o
    0x20008518        -       0x00000001   Zero   RW          741    .bss.tick_irq_flag  gt_hal_tick.o
    0x20008519        -       0x00000001   Zero   RW           46    .bss.uart_status    bsp_uart.o
    0x2000851a        -       0x00000001   Zero   RW         1125    .bss.update_sreen_status  gt_init_screen_home.o
    0x2000851b   COMPRESSED   0x00000005   PAD
    0x20008520        -       0x00002000   Zero   RW          142    STACK               startup_swm341.o



  Load Region LR$$.bss.ARM.__at_0x80180000 (Base: 0x80180000, Size: 0x00000000, Max: 0x0003fc00, ABSOLUTE)

    Execution Region ER$$.bss.ARM.__at_0x80180000 (Exec base: 0x80180000, Load base: 0x80180000, Size: 0x0003fc00, Max: 0x0003fc00, ABSOLUTE, UNINIT)

    Exec Addr    Load Addr    Size         Type   Attr      Idx    E Section Name        Object

    0x80180000        -       0x0003fc00   Zero   RW          408    .bss.ARM.__at_0x80180000  gt_port_disp.o


==============================================================================

Image component sizes


      Code (inc. data)   RO Data    RW Data    ZI Data      Debug   Object Name

      1486          0          0          4         18       4479   bsp_lcd_rgb.o
      1258          0         32          0          0       5847   bsp_sfc.o
       886          0          0          0         32       3525   bsp_uart.o
       258          0          0          0          4       5576   dev_systick.o
       148          0          0          0         23       4574   dev_touch.o
      3100        176          0         64         37       9318   dev_xpt2046.o
      2164         12         35          0         14      15920   gt_anim.o
       494          0          0          0          0       3416   gt_area.o
       178          0          0          0          0       1945   gt_color.o
       916          0          0          0          0       8993   gt_disp.o
     10760        120        708        156         10      34396   gt_draw.o
      1486          0          0          0          0       7978   gt_draw_blend.o
       702          0          0          0          0       3664   gt_effects.o
       810          0         34          0          6       8376   gt_event.o
         4          0          0          0          0        447   gt_extra.o
      3196          0       3040        490          3      13735   gt_font.o
       632          0          6          0          9       7280   gt_fs.o
         0          0          0          0         24       1130   gt_gc.o
      6974          8         39          0          4      23755   gt_graph_base.o
       842         36          0          0          8       9203   gt_hal_disp.o
        72         36          0          0          4       1481   gt_hal_fs.o
       240         40          0          0         25       6417   gt_hal_indev.o
       428         36          0          0          4       4987   gt_hal_src.o
       140          0          0          0          5       1323   gt_hal_tick.o
       632         36          0          1          8       5458   gt_hal_vf.o
        88          0          0          0          1        912   gt_handler.o
       646          0         40          0          0       7453   gt_img_decoder.o
       974          8         54          0          0       9810   gt_imgbtn.o
       760          0          0          0         10       8115   gt_indev.o
      2554        108          0          0         89       7804   gt_init_screen_home.o
       866         52         16          0          0       9754   gt_input_number.o
       628         16         53          0          0       8860   gt_label.o
       378          0       1206          0          0       2815   gt_math.o
       432         16          0          0      32778       4092   gt_mem.o
       246          8         16          0          0       5974   gt_obj.o
      1038          0         41          0          0       9900   gt_obj_class.o
       628          0          0          0          0       9096   gt_obj_pos.o
      1124         72         37          0          0       7887   gt_png.o
        70          0          0          0     261136       1695   gt_port_disp.o
        74          0          0          0         40       1821   gt_port_indev.o
        14          0       6168          0          0       1261   gt_port_src.o
        40          0         96          0         44       2330   gt_port_vf.o
       352         36         16          0          0       6989   gt_rect.o
        68          0          0          0          0       5087   gt_refr.o
      1616         16         54          0          0      12025   gt_slider.o
      1310          0          0          0          0      12205   gt_style.o
       460         40         16          0          0       6863   gt_switch.o
       108          0       6860          0          0       2249   gt_symbol.o
       500          0         34          0         13       4664   gt_timer.o
      3344        216          0          0          0      27106   gt_tlsf.o
         4          0          0          0          0        393   gt_ui.o
       946          0         36          0          0       4651   gt_vector.o
      1950          6      18240          0          0       8321   lcd_show.o
     39962        232       7089          0          0     144503   lodepng.o
       584          4          5          0          0       4886   main.o
       216         10        424          0       8192       4488   startup_swm341.o
       154          0          0          0          0       2507   swm341_exti.o
       310          0          0          0          0       2111   swm341_flash.o
       652          0          0          0          0       6869   swm341_gpio.o
       762          0          0          0          0       8998   swm341_i2c.o
       796          0          0          0          0       9709   swm341_lcd.o
        74          0          0          0          0       1276   swm341_port.o
       458          4          0          0          0       3493   swm341_sdram.o
      1486          0          0          0          0       6918   swm341_sfc.o
      2820          6          0          0          0      14416   swm341_timr.o
       854         20          0          0          0       9644   swm341_uart.o
       160          0          0          0          0       5883   swm341_wdt.o
      4346         12          0          8          0      10088   system_swm341.o
      1344         24          0          0          0       4421   tp_gt911.o
     20150         78        122          0         12      85740   ugui.o

    ----------------------------------------------------------------------
    134220       1484      44552        728     302588     709305   Object Totals
         0          0         32          0          0          0   (incl. Generated)
        68          0          3          5         35          0   (incl. Padding)

    ----------------------------------------------------------------------

      Code (inc. data)   RO Data    RW Data    ZI Data      Debug   Library Member Name

      4006         52        608         64          2      11796   gt_gui_driver.o
        76          0          0          0          0         84   sqrt.o
        86          0          0          0          0          0   __dczerorl2.o
         0          0          0          0          0          0   entry.o
         0          0          0          0          0          0   entry10a.o
         0          0          0          0          0          0   entry11a.o
         8          4          0          0          0          0   entry2.o
         4          0          0          0          0          0   entry5.o
         0          0          0          0          0          0   entry7b.o
         0          0          0          0          0          0   entry8b.o
         8          4          0          0          0          0   entry9a.o
        12          6          0          4          0         68   errno.o
        30          0          0          0          0          0   handlers.o
        36          8          0          0          0         68   init.o
         0          0          0          0          0          0   iusefp.o
        30          0          0          0          0         68   llshl.o
        36          0          0          0          0         68   llsshr.o
        32          0          0          0          0         68   llushr.o
        26          0          0          0          0         80   memcmp.o
        64          0          0          0          0         76   memmovea.o
        36          0          0          0          0        108   memseta.o
      2382        102          0          0          0        752   printfa.o
        36          6          0          0          0         80   puts.o
         0          0          0          4          0          0   stdout.o
        28          0          0          0          0         76   strcmp.o
        18          0          0          0          0         68   strcpy.o
        14          0          0          0          0         68   strlen.o
        36          0          0          0          0         80   strstr.o
        12          0          0          0          0         68   tolower.o
        44          0          0          0          0         80   uidiv.o
        98          0          0          0          0         92   uldiv.o
        48          0          0          0          0         68   cdrcmple.o
       334          0          0          0          0        148   dadd.o
        54          0          0          0          0         80   dcmpge.o
        54          0          0          0          0         80   dcmple.o
        54          0          0          0          0         80   dcmplt.o
       222          0          0          0          0        100   ddiv.o
       186          0          0          0          0        176   depilogue.o
        62          0          0          0          0         80   dfixi.o
        48          0          0          0          0         68   dfixul.o
        26          0          0          0          0         76   dfltui.o
       228          0          0          0          0         96   dmul.o
       162          0          0          0          0        100   dsqrt.o
        38          0          0          0          0         68   f2d.o
       176          0          0          0          0        140   fadd.o
        28          0          0          0          0         68   fcmpgt.o
        28          0          0          0          0         68   fcmple.o
       124          0          0          0          0         88   fdiv.o
       110          0          0          0          0        168   fepilogue.o
        50          0          0          0          0         68   ffixi.o
        18          0          0          0          0         68   fflti.o
        10          0          0          0          0         68   ffltui.o
       100          0          0          0          0         76   fmul.o

    ----------------------------------------------------------------------
      9324        182        608         72          4      15880   Library Totals
         6          0          0          0          2          0   (incl. Padding)

    ----------------------------------------------------------------------

      Code (inc. data)   RO Data    RW Data    ZI Data      Debug   Library Name

      4006         52        608         64          2      11796   gt_gui_driver.lib
        76          0          0          0          0         84   m_ws.l
      3076        130          0          8          0       1968   mc_w.l
      2160          0          0          0          0       2032   mf_w.l

    ----------------------------------------------------------------------
      9324        182        608         72          4      15880   Library Totals

    ----------------------------------------------------------------------

==============================================================================


      Code (inc. data)   RO Data    RW Data    ZI Data      Debug   

    143544       1666      45160        800     302592     721989   Grand Totals
    143544       1666      45160        448     302592     721989   ELF Image Totals (compressed)
    143544       1666      45160        448          0          0   ROM Totals

==============================================================================

    Total RO  Size (Code + RO Data)               188704 ( 184.28kB)
    Total RW  Size (RW Data + ZI Data)            303392 ( 296.28kB)
    Total ROM Size (Code + RO Data + RW Data)     189152 ( 184.72kB)

==============================================================================

