<!doctype html public "-//w3c//dtd html 4.0 transitional//en">
<html><head>
<title>Static Call Graph - [.\out\SWM341_APP.axf]</title></head>
<body><HR>
<H1>Static Call Graph for image .\out\SWM341_APP.axf</H1><HR>
<BR><P>#&#060CALLGRAPH&#062# ARM Linker, 6150002: Last Updated: Thu Nov  2 14:20:56 2023
<BR><P>
<H3>Maximum Stack Usage =       1560 bytes + Unknown(Cycles, Untraceable Function Pointers)</H3><H3>
Call chain for Maximum Stack Depth:</H3>
_gt_png_open &rArr; lodepng_decode32 &rArr; lodepng_decode_memory &rArr; lodepng_decode &rArr; readChunk_iTXt &rArr; lodepng_zlib_decompressv &rArr; lodepng_inflatev &rArr; HuffmanTree_makeFromLengths &rArr; _mem_malloc &rArr; gt_tlsf_malloc &rArr; block_prepare_used
<P>
<H3>
Mutually Recursive functions
</H3> <LI><a href="#[154]">gt_event_clr_all_event</a>&nbsp;&nbsp;&nbsp;&rArr;&nbsp;&nbsp;&nbsp;<a href="#[154]">gt_event_clr_all_event</a><BR>
 <LI><a href="#[4]">NMI_Handler</a>&nbsp;&nbsp;&nbsp;&rArr;&nbsp;&nbsp;&nbsp;<a href="#[4]">NMI_Handler</a><BR>
 <LI><a href="#[5]">HardFault_Handler</a>&nbsp;&nbsp;&nbsp;&rArr;&nbsp;&nbsp;&nbsp;<a href="#[5]">HardFault_Handler</a><BR>
 <LI><a href="#[6]">MemManage_Handler</a>&nbsp;&nbsp;&nbsp;&rArr;&nbsp;&nbsp;&nbsp;<a href="#[6]">MemManage_Handler</a><BR>
 <LI><a href="#[7]">BusFault_Handler</a>&nbsp;&nbsp;&nbsp;&rArr;&nbsp;&nbsp;&nbsp;<a href="#[7]">BusFault_Handler</a><BR>
 <LI><a href="#[8]">UsageFault_Handler</a>&nbsp;&nbsp;&nbsp;&rArr;&nbsp;&nbsp;&nbsp;<a href="#[8]">UsageFault_Handler</a><BR>
 <LI><a href="#[9]">SVC_Handler</a>&nbsp;&nbsp;&nbsp;&rArr;&nbsp;&nbsp;&nbsp;<a href="#[9]">SVC_Handler</a><BR>
 <LI><a href="#[a]">DebugMon_Handler</a>&nbsp;&nbsp;&nbsp;&rArr;&nbsp;&nbsp;&nbsp;<a href="#[a]">DebugMon_Handler</a><BR>
 <LI><a href="#[b]">PendSV_Handler</a>&nbsp;&nbsp;&nbsp;&rArr;&nbsp;&nbsp;&nbsp;<a href="#[b]">PendSV_Handler</a><BR>
 <LI><a href="#[d]">UART0_Handler</a>&nbsp;&nbsp;&nbsp;&rArr;&nbsp;&nbsp;&nbsp;<a href="#[d]">UART0_Handler</a><BR>
 <LI><a href="#[e]">UART1_Handler</a>&nbsp;&nbsp;&nbsp;&rArr;&nbsp;&nbsp;&nbsp;<a href="#[e]">UART1_Handler</a><BR>
 <LI><a href="#[f]">TIMR0_Handler</a>&nbsp;&nbsp;&nbsp;&rArr;&nbsp;&nbsp;&nbsp;<a href="#[f]">TIMR0_Handler</a><BR>
 <LI><a href="#[10]">TIMR1_Handler</a>&nbsp;&nbsp;&nbsp;&rArr;&nbsp;&nbsp;&nbsp;<a href="#[10]">TIMR1_Handler</a><BR>
 <LI><a href="#[11]">DMA_Handler</a>&nbsp;&nbsp;&nbsp;&rArr;&nbsp;&nbsp;&nbsp;<a href="#[11]">DMA_Handler</a><BR>
 <LI><a href="#[12]">SPI0_Handler</a>&nbsp;&nbsp;&nbsp;&rArr;&nbsp;&nbsp;&nbsp;<a href="#[12]">SPI0_Handler</a><BR>
 <LI><a href="#[13]">PWM0_Handler</a>&nbsp;&nbsp;&nbsp;&rArr;&nbsp;&nbsp;&nbsp;<a href="#[13]">PWM0_Handler</a><BR>
 <LI><a href="#[14]">WDT_Handler</a>&nbsp;&nbsp;&nbsp;&rArr;&nbsp;&nbsp;&nbsp;<a href="#[14]">WDT_Handler</a><BR>
 <LI><a href="#[15]">UART2_Handler</a>&nbsp;&nbsp;&nbsp;&rArr;&nbsp;&nbsp;&nbsp;<a href="#[15]">UART2_Handler</a><BR>
 <LI><a href="#[16]">PWM1_Handler</a>&nbsp;&nbsp;&nbsp;&rArr;&nbsp;&nbsp;&nbsp;<a href="#[16]">PWM1_Handler</a><BR>
 <LI><a href="#[17]">ADC0_Handler</a>&nbsp;&nbsp;&nbsp;&rArr;&nbsp;&nbsp;&nbsp;<a href="#[17]">ADC0_Handler</a><BR>
 <LI><a href="#[18]">BTIMR0_Handler</a>&nbsp;&nbsp;&nbsp;&rArr;&nbsp;&nbsp;&nbsp;<a href="#[18]">BTIMR0_Handler</a><BR>
 <LI><a href="#[19]">HALL0_Handler</a>&nbsp;&nbsp;&nbsp;&rArr;&nbsp;&nbsp;&nbsp;<a href="#[19]">HALL0_Handler</a><BR>
 <LI><a href="#[1a]">PWM2_Handler</a>&nbsp;&nbsp;&nbsp;&rArr;&nbsp;&nbsp;&nbsp;<a href="#[1a]">PWM2_Handler</a><BR>
 <LI><a href="#[1b]">PWMBRK_Handler</a>&nbsp;&nbsp;&nbsp;&rArr;&nbsp;&nbsp;&nbsp;<a href="#[1b]">PWMBRK_Handler</a><BR>
 <LI><a href="#[1c]">I2C0_Handler</a>&nbsp;&nbsp;&nbsp;&rArr;&nbsp;&nbsp;&nbsp;<a href="#[1c]">I2C0_Handler</a><BR>
 <LI><a href="#[1d]">CAN0_Handler</a>&nbsp;&nbsp;&nbsp;&rArr;&nbsp;&nbsp;&nbsp;<a href="#[1d]">CAN0_Handler</a><BR>
 <LI><a href="#[1e]">SPI1_Handler</a>&nbsp;&nbsp;&nbsp;&rArr;&nbsp;&nbsp;&nbsp;<a href="#[1e]">SPI1_Handler</a><BR>
 <LI><a href="#[1f]">RTC_Handler</a>&nbsp;&nbsp;&nbsp;&rArr;&nbsp;&nbsp;&nbsp;<a href="#[1f]">RTC_Handler</a><BR>
 <LI><a href="#[20]">PWM3_Handler</a>&nbsp;&nbsp;&nbsp;&rArr;&nbsp;&nbsp;&nbsp;<a href="#[20]">PWM3_Handler</a><BR>
 <LI><a href="#[21]">TIMR2_Handler</a>&nbsp;&nbsp;&nbsp;&rArr;&nbsp;&nbsp;&nbsp;<a href="#[21]">TIMR2_Handler</a><BR>
 <LI><a href="#[23]">TIMR3_Handler</a>&nbsp;&nbsp;&nbsp;&rArr;&nbsp;&nbsp;&nbsp;<a href="#[23]">TIMR3_Handler</a><BR>
 <LI><a href="#[24]">ADC1_Handler</a>&nbsp;&nbsp;&nbsp;&rArr;&nbsp;&nbsp;&nbsp;<a href="#[24]">ADC1_Handler</a><BR>
 <LI><a href="#[25]">BOD_Handler</a>&nbsp;&nbsp;&nbsp;&rArr;&nbsp;&nbsp;&nbsp;<a href="#[25]">BOD_Handler</a><BR>
 <LI><a href="#[26]">CORDIC_Handler</a>&nbsp;&nbsp;&nbsp;&rArr;&nbsp;&nbsp;&nbsp;<a href="#[26]">CORDIC_Handler</a><BR>
 <LI><a href="#[27]">BTIMR1_Handler</a>&nbsp;&nbsp;&nbsp;&rArr;&nbsp;&nbsp;&nbsp;<a href="#[27]">BTIMR1_Handler</a><BR>
 <LI><a href="#[28]">PWM4_Handler</a>&nbsp;&nbsp;&nbsp;&rArr;&nbsp;&nbsp;&nbsp;<a href="#[28]">PWM4_Handler</a><BR>
 <LI><a href="#[29]">HALL3_Handler</a>&nbsp;&nbsp;&nbsp;&rArr;&nbsp;&nbsp;&nbsp;<a href="#[29]">HALL3_Handler</a><BR>
 <LI><a href="#[2a]">BTIMR2_Handler</a>&nbsp;&nbsp;&nbsp;&rArr;&nbsp;&nbsp;&nbsp;<a href="#[2a]">BTIMR2_Handler</a><BR>
 <LI><a href="#[2b]">I2C1_Handler</a>&nbsp;&nbsp;&nbsp;&rArr;&nbsp;&nbsp;&nbsp;<a href="#[2b]">I2C1_Handler</a><BR>
 <LI><a href="#[2c]">BTIMR3_Handler</a>&nbsp;&nbsp;&nbsp;&rArr;&nbsp;&nbsp;&nbsp;<a href="#[2c]">BTIMR3_Handler</a><BR>
 <LI><a href="#[2d]">ACMP_Handler</a>&nbsp;&nbsp;&nbsp;&rArr;&nbsp;&nbsp;&nbsp;<a href="#[2d]">ACMP_Handler</a><BR>
 <LI><a href="#[2e]">XTALSTOP_Handler</a>&nbsp;&nbsp;&nbsp;&rArr;&nbsp;&nbsp;&nbsp;<a href="#[2e]">XTALSTOP_Handler</a><BR>
 <LI><a href="#[2f]">FSPI_Handler</a>&nbsp;&nbsp;&nbsp;&rArr;&nbsp;&nbsp;&nbsp;<a href="#[2f]">FSPI_Handler</a><BR>
 <LI><a href="#[30]">GPIOA_Handler</a>&nbsp;&nbsp;&nbsp;&rArr;&nbsp;&nbsp;&nbsp;<a href="#[30]">GPIOA_Handler</a><BR>
 <LI><a href="#[31]">GPIOB_Handler</a>&nbsp;&nbsp;&nbsp;&rArr;&nbsp;&nbsp;&nbsp;<a href="#[31]">GPIOB_Handler</a><BR>
 <LI><a href="#[32]">GPIOC_Handler</a>&nbsp;&nbsp;&nbsp;&rArr;&nbsp;&nbsp;&nbsp;<a href="#[32]">GPIOC_Handler</a><BR>
 <LI><a href="#[35]">GPION_Handler</a>&nbsp;&nbsp;&nbsp;&rArr;&nbsp;&nbsp;&nbsp;<a href="#[35]">GPION_Handler</a><BR>
 <LI><a href="#[36]">GPIOA0_Handler</a>&nbsp;&nbsp;&nbsp;&rArr;&nbsp;&nbsp;&nbsp;<a href="#[36]">GPIOA0_Handler</a><BR>
 <LI><a href="#[37]">GPIOA1_Handler</a>&nbsp;&nbsp;&nbsp;&rArr;&nbsp;&nbsp;&nbsp;<a href="#[37]">GPIOA1_Handler</a><BR>
 <LI><a href="#[38]">GPIOA5_Handler</a>&nbsp;&nbsp;&nbsp;&rArr;&nbsp;&nbsp;&nbsp;<a href="#[38]">GPIOA5_Handler</a><BR>
 <LI><a href="#[39]">GPIOA6_Handler</a>&nbsp;&nbsp;&nbsp;&rArr;&nbsp;&nbsp;&nbsp;<a href="#[39]">GPIOA6_Handler</a><BR>
 <LI><a href="#[3a]">GPIOA10_Handler</a>&nbsp;&nbsp;&nbsp;&rArr;&nbsp;&nbsp;&nbsp;<a href="#[3a]">GPIOA10_Handler</a><BR>
 <LI><a href="#[3b]">GPIOA11_Handler</a>&nbsp;&nbsp;&nbsp;&rArr;&nbsp;&nbsp;&nbsp;<a href="#[3b]">GPIOA11_Handler</a><BR>
 <LI><a href="#[3c]">GPIOA12_Handler</a>&nbsp;&nbsp;&nbsp;&rArr;&nbsp;&nbsp;&nbsp;<a href="#[3c]">GPIOA12_Handler</a><BR>
 <LI><a href="#[3d]">GPIOA13_Handler</a>&nbsp;&nbsp;&nbsp;&rArr;&nbsp;&nbsp;&nbsp;<a href="#[3d]">GPIOA13_Handler</a><BR>
 <LI><a href="#[3e]">GPIOB0_Handler</a>&nbsp;&nbsp;&nbsp;&rArr;&nbsp;&nbsp;&nbsp;<a href="#[3e]">GPIOB0_Handler</a><BR>
 <LI><a href="#[3f]">GPIOB1_Handler</a>&nbsp;&nbsp;&nbsp;&rArr;&nbsp;&nbsp;&nbsp;<a href="#[3f]">GPIOB1_Handler</a><BR>
 <LI><a href="#[40]">GPIOB2_Handler</a>&nbsp;&nbsp;&nbsp;&rArr;&nbsp;&nbsp;&nbsp;<a href="#[40]">GPIOB2_Handler</a><BR>
 <LI><a href="#[41]">GPIOC0_Handler</a>&nbsp;&nbsp;&nbsp;&rArr;&nbsp;&nbsp;&nbsp;<a href="#[41]">GPIOC0_Handler</a><BR>
 <LI><a href="#[42]">GPIOC1_Handler</a>&nbsp;&nbsp;&nbsp;&rArr;&nbsp;&nbsp;&nbsp;<a href="#[42]">GPIOC1_Handler</a><BR>
 <LI><a href="#[43]">GPIOC2_Handler</a>&nbsp;&nbsp;&nbsp;&rArr;&nbsp;&nbsp;&nbsp;<a href="#[43]">GPIOC2_Handler</a><BR>
 <LI><a href="#[44]">GPIOC3_Handler</a>&nbsp;&nbsp;&nbsp;&rArr;&nbsp;&nbsp;&nbsp;<a href="#[44]">GPIOC3_Handler</a><BR>
 <LI><a href="#[45]">GPIOC4_Handler</a>&nbsp;&nbsp;&nbsp;&rArr;&nbsp;&nbsp;&nbsp;<a href="#[45]">GPIOC4_Handler</a><BR>
 <LI><a href="#[46]">GPIOD3_Handler</a>&nbsp;&nbsp;&nbsp;&rArr;&nbsp;&nbsp;&nbsp;<a href="#[46]">GPIOD3_Handler</a><BR>
 <LI><a href="#[47]">GPIOD4_Handler</a>&nbsp;&nbsp;&nbsp;&rArr;&nbsp;&nbsp;&nbsp;<a href="#[47]">GPIOD4_Handler</a><BR>
 <LI><a href="#[48]">GPIOD5_Handler</a>&nbsp;&nbsp;&nbsp;&rArr;&nbsp;&nbsp;&nbsp;<a href="#[48]">GPIOD5_Handler</a><BR>
 <LI><a href="#[49]">GPIOD6_Handler</a>&nbsp;&nbsp;&nbsp;&rArr;&nbsp;&nbsp;&nbsp;<a href="#[49]">GPIOD6_Handler</a><BR>
 <LI><a href="#[4a]">GPIOD7_Handler</a>&nbsp;&nbsp;&nbsp;&rArr;&nbsp;&nbsp;&nbsp;<a href="#[4a]">GPIOD7_Handler</a><BR>
 <LI><a href="#[4b]">GPIOD8_Handler</a>&nbsp;&nbsp;&nbsp;&rArr;&nbsp;&nbsp;&nbsp;<a href="#[4b]">GPIOD8_Handler</a><BR>
 <LI><a href="#[4c]">GPIOC9_Handler</a>&nbsp;&nbsp;&nbsp;&rArr;&nbsp;&nbsp;&nbsp;<a href="#[4c]">GPIOC9_Handler</a><BR>
 <LI><a href="#[4d]">GPIOC10_Handler</a>&nbsp;&nbsp;&nbsp;&rArr;&nbsp;&nbsp;&nbsp;<a href="#[4d]">GPIOC10_Handler</a><BR>
 <LI><a href="#[4e]">GPIOC11_Handler</a>&nbsp;&nbsp;&nbsp;&rArr;&nbsp;&nbsp;&nbsp;<a href="#[4e]">GPIOC11_Handler</a><BR>
 <LI><a href="#[4f]">GPIOC12_Handler</a>&nbsp;&nbsp;&nbsp;&rArr;&nbsp;&nbsp;&nbsp;<a href="#[4f]">GPIOC12_Handler</a><BR>
 <LI><a href="#[50]">GPIOM0_Handler</a>&nbsp;&nbsp;&nbsp;&rArr;&nbsp;&nbsp;&nbsp;<a href="#[50]">GPIOM0_Handler</a><BR>
 <LI><a href="#[51]">GPIOM1_Handler</a>&nbsp;&nbsp;&nbsp;&rArr;&nbsp;&nbsp;&nbsp;<a href="#[51]">GPIOM1_Handler</a><BR>
 <LI><a href="#[52]">GPIOM2_Handler</a>&nbsp;&nbsp;&nbsp;&rArr;&nbsp;&nbsp;&nbsp;<a href="#[52]">GPIOM2_Handler</a><BR>
 <LI><a href="#[53]">GPIOM3_Handler</a>&nbsp;&nbsp;&nbsp;&rArr;&nbsp;&nbsp;&nbsp;<a href="#[53]">GPIOM3_Handler</a><BR>
 <LI><a href="#[54]">GPIOM4_Handler</a>&nbsp;&nbsp;&nbsp;&rArr;&nbsp;&nbsp;&nbsp;<a href="#[54]">GPIOM4_Handler</a><BR>
 <LI><a href="#[55]">DIV_Handler</a>&nbsp;&nbsp;&nbsp;&rArr;&nbsp;&nbsp;&nbsp;<a href="#[55]">DIV_Handler</a><BR>
 <LI><a href="#[57]">GPIOE_Handler</a>&nbsp;&nbsp;&nbsp;&rArr;&nbsp;&nbsp;&nbsp;<a href="#[57]">GPIOE_Handler</a><BR>
 <LI><a href="#[58]">JPEG_Handler</a>&nbsp;&nbsp;&nbsp;&rArr;&nbsp;&nbsp;&nbsp;<a href="#[58]">JPEG_Handler</a><BR>
 <LI><a href="#[59]">SDIO_Handler</a>&nbsp;&nbsp;&nbsp;&rArr;&nbsp;&nbsp;&nbsp;<a href="#[59]">SDIO_Handler</a><BR>
 <LI><a href="#[5a]">USB_Handler</a>&nbsp;&nbsp;&nbsp;&rArr;&nbsp;&nbsp;&nbsp;<a href="#[5a]">USB_Handler</a><BR>
 <LI><a href="#[5b]">CAN1_Handler</a>&nbsp;&nbsp;&nbsp;&rArr;&nbsp;&nbsp;&nbsp;<a href="#[5b]">CAN1_Handler</a><BR>
 <LI><a href="#[5d]">BTIMR4_Handler</a>&nbsp;&nbsp;&nbsp;&rArr;&nbsp;&nbsp;&nbsp;<a href="#[5d]">BTIMR4_Handler</a><BR>
 <LI><a href="#[5e]">BTIMR5_Handler</a>&nbsp;&nbsp;&nbsp;&rArr;&nbsp;&nbsp;&nbsp;<a href="#[5e]">BTIMR5_Handler</a><BR>
 <LI><a href="#[5f]">BTIMR6_Handler</a>&nbsp;&nbsp;&nbsp;&rArr;&nbsp;&nbsp;&nbsp;<a href="#[5f]">BTIMR6_Handler</a><BR>
 <LI><a href="#[60]">BTIMR7_Handler</a>&nbsp;&nbsp;&nbsp;&rArr;&nbsp;&nbsp;&nbsp;<a href="#[60]">BTIMR7_Handler</a><BR>
 <LI><a href="#[61]">BTIMR8_Handler</a>&nbsp;&nbsp;&nbsp;&rArr;&nbsp;&nbsp;&nbsp;<a href="#[61]">BTIMR8_Handler</a><BR>
 <LI><a href="#[62]">BTIMR9_Handler</a>&nbsp;&nbsp;&nbsp;&rArr;&nbsp;&nbsp;&nbsp;<a href="#[62]">BTIMR9_Handler</a><BR>
 <LI><a href="#[63]">BTIMR10_Handler</a>&nbsp;&nbsp;&nbsp;&rArr;&nbsp;&nbsp;&nbsp;<a href="#[63]">BTIMR10_Handler</a><BR>
 <LI><a href="#[64]">BTIMR11_Handler</a>&nbsp;&nbsp;&nbsp;&rArr;&nbsp;&nbsp;&nbsp;<a href="#[64]">BTIMR11_Handler</a><BR>
 <LI><a href="#[65]">DMA2D_Handler</a>&nbsp;&nbsp;&nbsp;&rArr;&nbsp;&nbsp;&nbsp;<a href="#[65]">DMA2D_Handler</a><BR>
 <LI><a href="#[66]">QEI_Handler</a>&nbsp;&nbsp;&nbsp;&rArr;&nbsp;&nbsp;&nbsp;<a href="#[66]">QEI_Handler</a><BR>
 <LI><a href="#[277]">_gt_obj_class_destroy_children</a>&nbsp;&nbsp;&nbsp;&rArr;&nbsp;&nbsp;&nbsp;<a href="#[277]">_gt_obj_class_destroy_children</a><BR>
 <LI><a href="#[189]">_gt_obj_foreach_event_cb</a>&nbsp;&nbsp;&nbsp;&rArr;&nbsp;&nbsp;&nbsp;<a href="#[189]">_gt_obj_foreach_event_cb</a><BR>
 <LI><a href="#[1fa]">color_tree_cleanup</a>&nbsp;&nbsp;&nbsp;&rArr;&nbsp;&nbsp;&nbsp;<a href="#[1fa]">color_tree_cleanup</a><BR>
 <LI><a href="#[15a]">_gt_disp_check_and_copy_foreach</a>&nbsp;&nbsp;&nbsp;&rArr;&nbsp;&nbsp;&nbsp;<a href="#[15a]">_gt_disp_check_and_copy_foreach</a><BR>
 <LI><a href="#[1bd]">_gt_obj_foreach_clicked</a>&nbsp;&nbsp;&nbsp;&rArr;&nbsp;&nbsp;&nbsp;<a href="#[1bd]">_gt_obj_foreach_clicked</a><BR>
</UL>
<P>
<H3>
Function Pointers
</H3><UL>
 <LI><a href="#[2d]">ACMP_Handler</a> from startup_swm341.o(.text) referenced from startup_swm341.o(RESET)
 <LI><a href="#[17]">ADC0_Handler</a> from startup_swm341.o(.text) referenced from startup_swm341.o(RESET)
 <LI><a href="#[24]">ADC1_Handler</a> from startup_swm341.o(.text) referenced from startup_swm341.o(RESET)
 <LI><a href="#[25]">BOD_Handler</a> from startup_swm341.o(.text) referenced from startup_swm341.o(RESET)
 <LI><a href="#[18]">BTIMR0_Handler</a> from startup_swm341.o(.text) referenced from startup_swm341.o(RESET)
 <LI><a href="#[63]">BTIMR10_Handler</a> from startup_swm341.o(.text) referenced from startup_swm341.o(RESET)
 <LI><a href="#[64]">BTIMR11_Handler</a> from startup_swm341.o(.text) referenced from startup_swm341.o(RESET)
 <LI><a href="#[27]">BTIMR1_Handler</a> from startup_swm341.o(.text) referenced from startup_swm341.o(RESET)
 <LI><a href="#[2a]">BTIMR2_Handler</a> from startup_swm341.o(.text) referenced from startup_swm341.o(RESET)
 <LI><a href="#[2c]">BTIMR3_Handler</a> from startup_swm341.o(.text) referenced from startup_swm341.o(RESET)
 <LI><a href="#[5d]">BTIMR4_Handler</a> from startup_swm341.o(.text) referenced from startup_swm341.o(RESET)
 <LI><a href="#[5e]">BTIMR5_Handler</a> from startup_swm341.o(.text) referenced from startup_swm341.o(RESET)
 <LI><a href="#[5f]">BTIMR6_Handler</a> from startup_swm341.o(.text) referenced from startup_swm341.o(RESET)
 <LI><a href="#[60]">BTIMR7_Handler</a> from startup_swm341.o(.text) referenced from startup_swm341.o(RESET)
 <LI><a href="#[61]">BTIMR8_Handler</a> from startup_swm341.o(.text) referenced from startup_swm341.o(RESET)
 <LI><a href="#[62]">BTIMR9_Handler</a> from startup_swm341.o(.text) referenced from startup_swm341.o(RESET)
 <LI><a href="#[7]">BusFault_Handler</a> from startup_swm341.o(.text) referenced from startup_swm341.o(RESET)
 <LI><a href="#[1d]">CAN0_Handler</a> from startup_swm341.o(.text) referenced from startup_swm341.o(RESET)
 <LI><a href="#[5b]">CAN1_Handler</a> from startup_swm341.o(.text) referenced from startup_swm341.o(RESET)
 <LI><a href="#[26]">CORDIC_Handler</a> from startup_swm341.o(.text) referenced from startup_swm341.o(RESET)
 <LI><a href="#[55]">DIV_Handler</a> from startup_swm341.o(.text) referenced from startup_swm341.o(RESET)
 <LI><a href="#[65]">DMA2D_Handler</a> from startup_swm341.o(.text) referenced from startup_swm341.o(RESET)
 <LI><a href="#[11]">DMA_Handler</a> from startup_swm341.o(.text) referenced from startup_swm341.o(RESET)
 <LI><a href="#[a]">DebugMon_Handler</a> from startup_swm341.o(.text) referenced from startup_swm341.o(RESET)
 <LI><a href="#[6c]">FPU_Enable</a> from system_swm341.o(.text) referenced from startup_swm341.o(.text)
 <LI><a href="#[2f]">FSPI_Handler</a> from startup_swm341.o(.text) referenced from startup_swm341.o(RESET)
 <LI><a href="#[36]">GPIOA0_Handler</a> from startup_swm341.o(.text) referenced from startup_swm341.o(RESET)
 <LI><a href="#[3a]">GPIOA10_Handler</a> from startup_swm341.o(.text) referenced from startup_swm341.o(RESET)
 <LI><a href="#[3b]">GPIOA11_Handler</a> from startup_swm341.o(.text) referenced from startup_swm341.o(RESET)
 <LI><a href="#[3c]">GPIOA12_Handler</a> from startup_swm341.o(.text) referenced from startup_swm341.o(RESET)
 <LI><a href="#[3d]">GPIOA13_Handler</a> from startup_swm341.o(.text) referenced from startup_swm341.o(RESET)
 <LI><a href="#[37]">GPIOA1_Handler</a> from startup_swm341.o(.text) referenced from startup_swm341.o(RESET)
 <LI><a href="#[38]">GPIOA5_Handler</a> from startup_swm341.o(.text) referenced from startup_swm341.o(RESET)
 <LI><a href="#[39]">GPIOA6_Handler</a> from startup_swm341.o(.text) referenced from startup_swm341.o(RESET)
 <LI><a href="#[30]">GPIOA_Handler</a> from startup_swm341.o(.text) referenced from startup_swm341.o(RESET)
 <LI><a href="#[3e]">GPIOB0_Handler</a> from startup_swm341.o(.text) referenced from startup_swm341.o(RESET)
 <LI><a href="#[3f]">GPIOB1_Handler</a> from startup_swm341.o(.text) referenced from startup_swm341.o(RESET)
 <LI><a href="#[40]">GPIOB2_Handler</a> from startup_swm341.o(.text) referenced from startup_swm341.o(RESET)
 <LI><a href="#[31]">GPIOB_Handler</a> from startup_swm341.o(.text) referenced from startup_swm341.o(RESET)
 <LI><a href="#[41]">GPIOC0_Handler</a> from startup_swm341.o(.text) referenced from startup_swm341.o(RESET)
 <LI><a href="#[4d]">GPIOC10_Handler</a> from startup_swm341.o(.text) referenced from startup_swm341.o(RESET)
 <LI><a href="#[4e]">GPIOC11_Handler</a> from startup_swm341.o(.text) referenced from startup_swm341.o(RESET)
 <LI><a href="#[4f]">GPIOC12_Handler</a> from startup_swm341.o(.text) referenced from startup_swm341.o(RESET)
 <LI><a href="#[42]">GPIOC1_Handler</a> from startup_swm341.o(.text) referenced from startup_swm341.o(RESET)
 <LI><a href="#[43]">GPIOC2_Handler</a> from startup_swm341.o(.text) referenced from startup_swm341.o(RESET)
 <LI><a href="#[44]">GPIOC3_Handler</a> from startup_swm341.o(.text) referenced from startup_swm341.o(RESET)
 <LI><a href="#[45]">GPIOC4_Handler</a> from startup_swm341.o(.text) referenced from startup_swm341.o(RESET)
 <LI><a href="#[4c]">GPIOC9_Handler</a> from startup_swm341.o(.text) referenced from startup_swm341.o(RESET)
 <LI><a href="#[32]">GPIOC_Handler</a> from startup_swm341.o(.text) referenced from startup_swm341.o(RESET)
 <LI><a href="#[46]">GPIOD3_Handler</a> from startup_swm341.o(.text) referenced from startup_swm341.o(RESET)
 <LI><a href="#[47]">GPIOD4_Handler</a> from startup_swm341.o(.text) referenced from startup_swm341.o(RESET)
 <LI><a href="#[48]">GPIOD5_Handler</a> from startup_swm341.o(.text) referenced from startup_swm341.o(RESET)
 <LI><a href="#[49]">GPIOD6_Handler</a> from startup_swm341.o(.text) referenced from startup_swm341.o(RESET)
 <LI><a href="#[4a]">GPIOD7_Handler</a> from startup_swm341.o(.text) referenced from startup_swm341.o(RESET)
 <LI><a href="#[4b]">GPIOD8_Handler</a> from startup_swm341.o(.text) referenced from startup_swm341.o(RESET)
 <LI><a href="#[33]">GPIOD_Handler</a> from dev_touch.o(.text) referenced from startup_swm341.o(RESET)
 <LI><a href="#[57]">GPIOE_Handler</a> from startup_swm341.o(.text) referenced from startup_swm341.o(RESET)
 <LI><a href="#[50]">GPIOM0_Handler</a> from startup_swm341.o(.text) referenced from startup_swm341.o(RESET)
 <LI><a href="#[51]">GPIOM1_Handler</a> from startup_swm341.o(.text) referenced from startup_swm341.o(RESET)
 <LI><a href="#[52]">GPIOM2_Handler</a> from startup_swm341.o(.text) referenced from startup_swm341.o(RESET)
 <LI><a href="#[53]">GPIOM3_Handler</a> from startup_swm341.o(.text) referenced from startup_swm341.o(RESET)
 <LI><a href="#[54]">GPIOM4_Handler</a> from startup_swm341.o(.text) referenced from startup_swm341.o(RESET)
 <LI><a href="#[34]">GPIOM_Handler</a> from dev_xpt2046.o(.text) referenced from startup_swm341.o(RESET)
 <LI><a href="#[35]">GPION_Handler</a> from startup_swm341.o(.text) referenced from startup_swm341.o(RESET)
 <LI><a href="#[a3]">GT_GetASCII</a> from gt_gui_driver.o(.text) referenced 2 times from gt_gui_driver.o(.rodata.gt_get_font_func)
 <LI><a href="#[a2]">GT_GetChinese</a> from gt_gui_driver.o(.text) referenced 2 times from gt_gui_driver.o(.rodata.gt_get_font_func)
 <LI><a href="#[19]">HALL0_Handler</a> from startup_swm341.o(.text) referenced from startup_swm341.o(RESET)
 <LI><a href="#[29]">HALL3_Handler</a> from startup_swm341.o(.text) referenced from startup_swm341.o(RESET)
 <LI><a href="#[5]">HardFault_Handler</a> from startup_swm341.o(.text) referenced from startup_swm341.o(RESET)
 <LI><a href="#[1c]">I2C0_Handler</a> from startup_swm341.o(.text) referenced from startup_swm341.o(RESET)
 <LI><a href="#[2b]">I2C1_Handler</a> from startup_swm341.o(.text) referenced from startup_swm341.o(RESET)
 <LI><a href="#[58]">JPEG_Handler</a> from startup_swm341.o(.text) referenced from startup_swm341.o(RESET)
 <LI><a href="#[56]">LCD_Handler</a> from bsp_lcd_rgb.o(.text) referenced from startup_swm341.o(RESET)
 <LI><a href="#[6]">MemManage_Handler</a> from startup_swm341.o(.text) referenced from startup_swm341.o(RESET)
 <LI><a href="#[4]">NMI_Handler</a> from startup_swm341.o(.text) referenced from startup_swm341.o(RESET)
 <LI><a href="#[13]">PWM0_Handler</a> from startup_swm341.o(.text) referenced from startup_swm341.o(RESET)
 <LI><a href="#[16]">PWM1_Handler</a> from startup_swm341.o(.text) referenced from startup_swm341.o(RESET)
 <LI><a href="#[1a]">PWM2_Handler</a> from startup_swm341.o(.text) referenced from startup_swm341.o(RESET)
 <LI><a href="#[20]">PWM3_Handler</a> from startup_swm341.o(.text) referenced from startup_swm341.o(RESET)
 <LI><a href="#[28]">PWM4_Handler</a> from startup_swm341.o(.text) referenced from startup_swm341.o(RESET)
 <LI><a href="#[1b]">PWMBRK_Handler</a> from startup_swm341.o(.text) referenced from startup_swm341.o(RESET)
 <LI><a href="#[b]">PendSV_Handler</a> from startup_swm341.o(.text) referenced from startup_swm341.o(RESET)
 <LI><a href="#[66]">QEI_Handler</a> from startup_swm341.o(.text) referenced from startup_swm341.o(RESET)
 <LI><a href="#[1f]">RTC_Handler</a> from startup_swm341.o(.text) referenced from startup_swm341.o(RESET)
 <LI><a href="#[3]">Reset_Handler</a> from startup_swm341.o(.text) referenced from startup_swm341.o(RESET)
 <LI><a href="#[59]">SDIO_Handler</a> from startup_swm341.o(.text) referenced from startup_swm341.o(RESET)
 <LI><a href="#[12]">SPI0_Handler</a> from startup_swm341.o(.text) referenced from startup_swm341.o(RESET)
 <LI><a href="#[1e]">SPI1_Handler</a> from startup_swm341.o(.text) referenced from startup_swm341.o(RESET)
 <LI><a href="#[9]">SVC_Handler</a> from startup_swm341.o(.text) referenced from startup_swm341.o(RESET)
 <LI><a href="#[c]">SysTick_Handler</a> from dev_systick.o(.text) referenced from startup_swm341.o(RESET)
 <LI><a href="#[f]">TIMR0_Handler</a> from startup_swm341.o(.text) referenced from startup_swm341.o(RESET)
 <LI><a href="#[10]">TIMR1_Handler</a> from startup_swm341.o(.text) referenced from startup_swm341.o(RESET)
 <LI><a href="#[21]">TIMR2_Handler</a> from startup_swm341.o(.text) referenced from startup_swm341.o(RESET)
 <LI><a href="#[23]">TIMR3_Handler</a> from startup_swm341.o(.text) referenced from startup_swm341.o(RESET)
 <LI><a href="#[5c]">TIMR4_Handler</a> from main.o(.text) referenced from startup_swm341.o(RESET)
 <LI><a href="#[2]">TP_Adjust</a> from dev_xpt2046.o(.text) referenced 2 times from dev_xpt2046.o(.data.tp_dev)
 <LI><a href="#[0]">TP_Init</a> from dev_xpt2046.o(.text) referenced 2 times from dev_xpt2046.o(.data.tp_dev)
 <LI><a href="#[1]">TP_Scan</a> from dev_xpt2046.o(.text) referenced 2 times from dev_xpt2046.o(.data.tp_dev)
 <LI><a href="#[d]">UART0_Handler</a> from startup_swm341.o(.text) referenced from startup_swm341.o(RESET)
 <LI><a href="#[e]">UART1_Handler</a> from startup_swm341.o(.text) referenced from startup_swm341.o(RESET)
 <LI><a href="#[15]">UART2_Handler</a> from startup_swm341.o(.text) referenced from startup_swm341.o(RESET)
 <LI><a href="#[22]">UART3_Handler</a> from bsp_uart.o(.text) referenced from startup_swm341.o(RESET)
 <LI><a href="#[5a]">USB_Handler</a> from startup_swm341.o(.text) referenced from startup_swm341.o(RESET)
 <LI><a href="#[8]">UsageFault_Handler</a> from startup_swm341.o(.text) referenced from startup_swm341.o(RESET)
 <LI><a href="#[14]">WDT_Handler</a> from startup_swm341.o(.text) referenced from startup_swm341.o(RESET)
 <LI><a href="#[2e]">XTALSTOP_Handler</a> from startup_swm341.o(.text) referenced from startup_swm341.o(RESET)
 <LI><a href="#[68]">_UG_ButtonUpdate</a> from ugui.o(.text) referenced 2 times from ugui.o(.text)
 <LI><a href="#[69]">_UG_CheckboxUpdate</a> from ugui.o(.text) referenced 2 times from ugui.o(.text)
 <LI><a href="#[6b]">_UG_ImageUpdate</a> from ugui.o(.text) referenced 2 times from ugui.o(.text)
 <LI><a href="#[6a]">_UG_TextboxUpdate</a> from ugui.o(.text) referenced 2 times from ugui.o(.text)
 <LI><a href="#[6d]">__main</a> from entry.o(.ARM.Collect$$$$00000000) referenced from startup_swm341.o(.text)
 <LI><a href="#[7e]">_close_cb</a> from gt_hal_src.o(.text) referenced 4 times from gt_hal_src.o(.text)
 <LI><a href="#[93]">_default_equal_cb</a> from gt_vector.o(.text) referenced 4 times from gt_vector.o(.text)
 <LI><a href="#[8f]">_default_exec_cb</a> from gt_anim.o(.text) referenced 2 times from gt_anim.o(.text)
 <LI><a href="#[92]">_default_free_cb</a> from gt_vector.o(.text) referenced 4 times from gt_vector.o(.text)
 <LI><a href="#[a5]">_deinit_cb</a> from gt_imgbtn.o(.text) referenced from gt_imgbtn.o(.rodata.gt_imgbtn_class)
 <LI><a href="#[a8]">_deinit_cb</a> from gt_input_number.o(.text) referenced from gt_input_number.o(.rodata.gt_input_number_class)
 <LI><a href="#[ab]">_deinit_cb</a> from gt_label.o(.text) referenced from gt_label.o(.rodata.gt_label_class)
 <LI><a href="#[ae]">_deinit_cb</a> from gt_obj.o(.text) referenced from gt_obj.o(.rodata.gt_obj_class)
 <LI><a href="#[b1]">_deinit_cb</a> from gt_rect.o(.text) referenced from gt_rect.o(.rodata.gt_rect_class)
 <LI><a href="#[b4]">_deinit_cb</a> from gt_slider.o(.text) referenced from gt_slider.o(.rodata.gt_slider_class)
 <LI><a href="#[b7]">_deinit_cb</a> from gt_switch.o(.text) referenced from gt_switch.o(.rodata.gt_switcher_class)
 <LI><a href="#[a6]">_event_cb</a> from gt_imgbtn.o(.text) referenced from gt_imgbtn.o(.rodata.gt_imgbtn_class)
 <LI><a href="#[a9]">_event_cb</a> from gt_input_number.o(.text) referenced from gt_input_number.o(.rodata.gt_input_number_class)
 <LI><a href="#[ac]">_event_cb</a> from gt_label.o(.text) referenced from gt_label.o(.rodata.gt_label_class)
 <LI><a href="#[af]">_event_cb</a> from gt_obj.o(.text) referenced from gt_obj.o(.rodata.gt_obj_class)
 <LI><a href="#[b2]">_event_cb</a> from gt_rect.o(.text) referenced from gt_rect.o(.rodata.gt_rect_class)
 <LI><a href="#[b5]">_event_cb</a> from gt_slider.o(.text) referenced from gt_slider.o(.rodata.gt_slider_class)
 <LI><a href="#[b8]">_event_cb</a> from gt_switch.o(.text) referenced from gt_switch.o(.rodata.gt_switcher_class)
 <LI><a href="#[6e]">_flush_cb</a> from main.o(.text) referenced 2 times from gt_port_disp.o(.text)
 <LI><a href="#[8d]">_gt_anim_path_bounce</a> from gt_anim.o(.text) referenced 4 times from gt_anim.o(.text)
 <LI><a href="#[89]">_gt_anim_path_ease_in</a> from gt_anim.o(.text) referenced 4 times from gt_anim.o(.text)
 <LI><a href="#[8b]">_gt_anim_path_ease_in_out</a> from gt_anim.o(.text) referenced 4 times from gt_anim.o(.text)
 <LI><a href="#[8a]">_gt_anim_path_ease_out</a> from gt_anim.o(.text) referenced 4 times from gt_anim.o(.text)
 <LI><a href="#[88]">_gt_anim_path_linear</a> from gt_anim.o(.text) referenced 8 times from gt_anim.o(.text)
 <LI><a href="#[8c]">_gt_anim_path_overshoot</a> from gt_anim.o(.text) referenced 4 times from gt_anim.o(.text)
 <LI><a href="#[8e]">_gt_anim_path_step</a> from gt_anim.o(.text) referenced 4 times from gt_anim.o(.text)
 <LI><a href="#[90]">_gt_anim_task_handler</a> from gt_anim.o(.text) referenced 2 times from gt_anim.o(.text)
 <LI><a href="#[7b]">_gt_disp_task_handler</a> from gt_hal_disp.o(.text) referenced 2 times from gt_hal_disp.o(.text)
 <LI><a href="#[76]">_gt_img_decoder_built_in_close</a> from gt_img_decoder.o(.text) referenced 2 times from gt_img_decoder.o(.text)
 <LI><a href="#[73]">_gt_img_decoder_built_in_info</a> from gt_img_decoder.o(.text) referenced 2 times from gt_img_decoder.o(.text)
 <LI><a href="#[74]">_gt_img_decoder_built_in_open</a> from gt_img_decoder.o(.text) referenced 2 times from gt_img_decoder.o(.text)
 <LI><a href="#[75]">_gt_img_decoder_built_in_read_line</a> from gt_img_decoder.o(.text) referenced 2 times from gt_img_decoder.o(.text)
 <LI><a href="#[7c]">_gt_indev_task_handler</a> from gt_hal_indev.o(.text) referenced 2 times from gt_hal_indev.o(.text)
 <LI><a href="#[96]">_gt_obj_destroy_handler_cb</a> from gt_obj.o(.text) referenced 2 times from gt_obj.o(.text)
 <LI><a href="#[7a]">_gt_png_close</a> from gt_png.o(.text) referenced 2 times from gt_png.o(.text)
 <LI><a href="#[77]">_gt_png_info</a> from gt_png.o(.text) referenced 2 times from gt_png.o(.text)
 <LI><a href="#[78]">_gt_png_open</a> from gt_png.o(.text) referenced 2 times from gt_png.o(.text)
 <LI><a href="#[79]">_gt_png_read_line</a> from gt_png.o(.text) referenced 2 times from gt_png.o(.text)
 <LI><a href="#[72]">_gt_timer_event_cb</a> from gt_event.o(.text) referenced 2 times from gt_event.o(.text)
 <LI><a href="#[95]">_imgs_equal_cb</a> from gt_imgbtn.o(.text) referenced 2 times from gt_imgbtn.o(.text)
 <LI><a href="#[94]">_imgs_free_cb</a> from gt_imgbtn.o(.text) referenced 2 times from gt_imgbtn.o(.text)
 <LI><a href="#[a4]">_init_cb</a> from gt_imgbtn.o(.text) referenced from gt_imgbtn.o(.rodata.gt_imgbtn_class)
 <LI><a href="#[a7]">_init_cb</a> from gt_input_number.o(.text) referenced from gt_input_number.o(.rodata.gt_input_number_class)
 <LI><a href="#[aa]">_init_cb</a> from gt_label.o(.text) referenced from gt_label.o(.rodata.gt_label_class)
 <LI><a href="#[ad]">_init_cb</a> from gt_obj.o(.text) referenced from gt_obj.o(.rodata.gt_obj_class)
 <LI><a href="#[b0]">_init_cb</a> from gt_rect.o(.text) referenced from gt_rect.o(.rodata.gt_rect_class)
 <LI><a href="#[b3]">_init_cb</a> from gt_slider.o(.text) referenced from gt_slider.o(.rodata.gt_slider_class)
 <LI><a href="#[b6]">_init_cb</a> from gt_switch.o(.text) referenced from gt_switch.o(.rodata.gt_switcher_class)
 <LI><a href="#[7d]">_open_cb</a> from gt_hal_src.o(.text) referenced 4 times from gt_hal_src.o(.text)
 <LI><a href="#[7f]">_read_cb</a> from gt_hal_src.o(.text) referenced 4 times from gt_hal_src.o(.text)
 <LI><a href="#[80]">_seek_cb</a> from gt_hal_src.o(.text) referenced 4 times from gt_hal_src.o(.text)
 <LI><a href="#[a1]">_snputc</a> from printfa.o(i._snputc) referenced from printfa.o(i.__0vsnprintf)
 <LI><a href="#[a0]">_sputc</a> from printfa.o(i._sputc) referenced from printfa.o(i.__0sprintf)
 <LI><a href="#[81]">_tell_cb</a> from gt_hal_src.o(.text) referenced 4 times from gt_hal_src.o(.text)
 <LI><a href="#[85]">_write_cb</a> from gt_hal_vf.o(.text) referenced 2 times from gt_hal_vf.o(.text)
 <LI><a href="#[91]">default_walker</a> from gt_tlsf.o(.text) referenced 2 times from gt_tlsf.o(.text)
 <LI><a href="#[9f]">fputc</a> from bsp_uart.o(.text) referenced from printfa.o(i.__0printf)
 <LI><a href="#[98]">imgbtn1_0_cb</a> from gt_init_screen_home.o(.text) referenced 2 times from gt_init_screen_home.o(.text)
 <LI><a href="#[99]">imgbtn2_0_cb</a> from gt_init_screen_home.o(.text) referenced 2 times from gt_init_screen_home.o(.text)
 <LI><a href="#[9a]">imgbtn3_0_cb</a> from gt_init_screen_home.o(.text) referenced 2 times from gt_init_screen_home.o(.text)
 <LI><a href="#[9b]">imgbtn4_0_cb</a> from gt_init_screen_home.o(.text) referenced 2 times from gt_init_screen_home.o(.text)
 <LI><a href="#[9c]">imgbtn5_0_cb</a> from gt_init_screen_home.o(.text) referenced 2 times from gt_init_screen_home.o(.text)
 <LI><a href="#[9d]">imgbtn6_0_cb</a> from gt_init_screen_home.o(.text) referenced 2 times from gt_init_screen_home.o(.text)
 <LI><a href="#[67]">main</a> from main.o(.text) referenced from entry9a.o(.ARM.Collect$$$$0000000B)
 <LI><a href="#[6f]">read_cb</a> from main.o(.text) referenced 2 times from gt_port_indev.o(.text)
 <LI><a href="#[70]">read_cb_btn</a> from main.o(.text) referenced 2 times from gt_port_indev.o(.text)
 <LI><a href="#[9e]">slider1_0_cb</a> from gt_init_screen_home.o(.text) referenced 2 times from gt_init_screen_home.o(.text)
 <LI><a href="#[71]">spi_wr</a> from main.o(.text) referenced 2 times from gt_port_vf.o(.text)
 <LI><a href="#[97]">switch1_0_cb</a> from gt_init_screen_home.o(.text) referenced 2 times from gt_init_screen_home.o(.text)
</UL>
<P>
<H3>
Global Symbols
</H3>
<P><STRONG><a name="[6d]"></a>__main</STRONG> (Thumb, 0 bytes, Stack size unknown bytes, entry.o(.ARM.Collect$$$$00000000))
<BR>[Address Reference Count : 1]<UL><LI> startup_swm341.o(.text)
</UL>
<P><STRONG><a name="[2b2]"></a>_main_stk</STRONG> (Thumb, 0 bytes, Stack size unknown bytes, entry2.o(.ARM.Collect$$$$00000001))

<P><STRONG><a name="[b9]"></a>_main_scatterload</STRONG> (Thumb, 0 bytes, Stack size unknown bytes, entry5.o(.ARM.Collect$$$$00000004))
<BR><BR>[Calls]<UL><LI><a href="#[ba]">&gt;&gt;</a>&nbsp;&nbsp;&nbsp;__scatterload
</UL>

<P><STRONG><a name="[2a7]"></a>__main_after_scatterload</STRONG> (Thumb, 0 bytes, Stack size unknown bytes, entry5.o(.ARM.Collect$$$$00000004))
<BR><BR>[Called By]<UL><LI><a href="#[ba]">&gt;&gt;</a>&nbsp;&nbsp;&nbsp;__scatterload
</UL>

<P><STRONG><a name="[2b3]"></a>_main_clock</STRONG> (Thumb, 0 bytes, Stack size unknown bytes, entry7b.o(.ARM.Collect$$$$00000008))

<P><STRONG><a name="[2b4]"></a>_main_cpp_init</STRONG> (Thumb, 0 bytes, Stack size unknown bytes, entry8b.o(.ARM.Collect$$$$0000000A))

<P><STRONG><a name="[2b5]"></a>_main_init</STRONG> (Thumb, 0 bytes, Stack size unknown bytes, entry9a.o(.ARM.Collect$$$$0000000B))

<P><STRONG><a name="[2b6]"></a>__rt_final_cpp</STRONG> (Thumb, 0 bytes, Stack size unknown bytes, entry10a.o(.ARM.Collect$$$$0000000D))

<P><STRONG><a name="[2b7]"></a>__rt_final_exit</STRONG> (Thumb, 0 bytes, Stack size unknown bytes, entry11a.o(.ARM.Collect$$$$0000000F))

<P><STRONG><a name="[5c]"></a>TIMR4_Handler</STRONG> (Thumb, 24 bytes, Stack size 8 bytes, main.o(.text))
<BR><BR>[Stack]<UL><LI>Max Depth = 8<LI>Call Chain = TIMR4_Handler
</UL>
<BR>[Calls]<UL><LI><a href="#[bc]">&gt;&gt;</a>&nbsp;&nbsp;&nbsp;gt_tick_inc
<LI><a href="#[bb]">&gt;&gt;</a>&nbsp;&nbsp;&nbsp;TIMR_INTClr
</UL>
<BR>[Address Reference Count : 1]<UL><LI> startup_swm341.o(RESET)
</UL>
<P><STRONG><a name="[71]"></a>spi_wr</STRONG> (Thumb, 76 bytes, Stack size 24 bytes, main.o(.text))
<BR><BR>[Stack]<UL><LI>Max Depth = 32<LI>Call Chain = spi_wr &rArr; __aeabi_memcpy4
</UL>
<BR>[Calls]<UL><LI><a href="#[bd]">&gt;&gt;</a>&nbsp;&nbsp;&nbsp;__aeabi_memcpy4
<LI><a href="#[be]">&gt;&gt;</a>&nbsp;&nbsp;&nbsp;__aeabi_memcpy
</UL>
<BR>[Address Reference Count : 1]<UL><LI> gt_port_vf.o(.text)
</UL>
<P><STRONG><a name="[6e]"></a>_flush_cb</STRONG> (Thumb, 180 bytes, Stack size 28 bytes, main.o(.text))
<BR><BR>[Stack]<UL><LI>Max Depth = 28<LI>Call Chain = _flush_cb
</UL>
<BR>[Address Reference Count : 1]<UL><LI> gt_port_disp.o(.text)
</UL>
<P><STRONG><a name="[6f]"></a>read_cb</STRONG> (Thumb, 36 bytes, Stack size 16 bytes, main.o(.text))
<BR><BR>[Stack]<UL><LI>Max Depth = 136<LI>Call Chain = read_cb &rArr; TP_Scan &rArr; TP_Read_XY2 &rArr; TP_Read_XOY &rArr; TP_Read_AD &rArr; swm_delay_us
</UL>
<BR>[Calls]<UL><LI><a href="#[1]">&gt;&gt;</a>&nbsp;&nbsp;&nbsp;TP_Scan
</UL>
<BR>[Address Reference Count : 1]<UL><LI> gt_port_indev.o(.text)
</UL>
<P><STRONG><a name="[70]"></a>read_cb_btn</STRONG> (Thumb, 6 bytes, Stack size 0 bytes, main.o(.text))
<BR>[Address Reference Count : 1]<UL><LI> gt_port_indev.o(.text)
</UL>
<P><STRONG><a name="[2b8]"></a>HexToChar</STRONG> (Thumb, 14 bytes, Stack size 0 bytes, main.o(.text), UNUSED)

<P><STRONG><a name="[67]"></a>main</STRONG> (Thumb, 244 bytes, Stack size 8 bytes, main.o(.text))
<BR><BR>[Stack]<UL><LI>Max Depth = 608<LI>Call Chain = main &rArr; GT_Font_Init &rArr; MD5Final &rArr; MD5Update &rArr; MD5Transform
</UL>
<BR>[Calls]<UL><LI><a href="#[c4]">&gt;&gt;</a>&nbsp;&nbsp;&nbsp;systick_init
<LI><a href="#[cb]">&gt;&gt;</a>&nbsp;&nbsp;&nbsp;swm_delay_ms
<LI><a href="#[cf]">&gt;&gt;</a>&nbsp;&nbsp;&nbsp;send_pack
<LI><a href="#[c9]">&gt;&gt;</a>&nbsp;&nbsp;&nbsp;gt_ui_init
<LI><a href="#[ca]">&gt;&gt;</a>&nbsp;&nbsp;&nbsp;gt_task_handler
<LI><a href="#[c8]">&gt;&gt;</a>&nbsp;&nbsp;&nbsp;gt_init
<LI><a href="#[c1]">&gt;&gt;</a>&nbsp;&nbsp;&nbsp;bsp_uart3_init
<LI><a href="#[c0]">&gt;&gt;</a>&nbsp;&nbsp;&nbsp;bsp_uart0_init
<LI><a href="#[c2]">&gt;&gt;</a>&nbsp;&nbsp;&nbsp;bsp_sfc_config
<LI><a href="#[c3]">&gt;&gt;</a>&nbsp;&nbsp;&nbsp;bsp_lcd_rgb_init
<LI><a href="#[0]">&gt;&gt;</a>&nbsp;&nbsp;&nbsp;TP_Init
<LI><a href="#[c6]">&gt;&gt;</a>&nbsp;&nbsp;&nbsp;TIMR_Start
<LI><a href="#[c5]">&gt;&gt;</a>&nbsp;&nbsp;&nbsp;TIMR_Init
<LI><a href="#[bf]">&gt;&gt;</a>&nbsp;&nbsp;&nbsp;SystemInit
<LI><a href="#[cc]">&gt;&gt;</a>&nbsp;&nbsp;&nbsp;Refresh_New_Page
<LI><a href="#[c7]">&gt;&gt;</a>&nbsp;&nbsp;&nbsp;GT_Font_Init
<LI><a href="#[cd]">&gt;&gt;</a>&nbsp;&nbsp;&nbsp;__2printf
<LI><a href="#[ce]">&gt;&gt;</a>&nbsp;&nbsp;&nbsp;puts
</UL>
<BR>[Address Reference Count : 1]<UL><LI> entry9a.o(.ARM.Collect$$$$0000000B)
</UL>
<P><STRONG><a name="[d0]"></a>_lcd_init_sturct</STRONG> (Thumb, 96 bytes, Stack size 40 bytes, bsp_lcd_rgb.o(.text), UNUSED)
<BR><BR>[Calls]<UL><LI><a href="#[d1]">&gt;&gt;</a>&nbsp;&nbsp;&nbsp;LCD_Init
</UL>

<P><STRONG><a name="[56]"></a>LCD_Handler</STRONG> (Thumb, 26 bytes, Stack size 8 bytes, bsp_lcd_rgb.o(.text))
<BR><BR>[Stack]<UL><LI>Max Depth = 8<LI>Call Chain = LCD_Handler
</UL>
<BR>[Calls]<UL><LI><a href="#[d3]">&gt;&gt;</a>&nbsp;&nbsp;&nbsp;LCD_Start
<LI><a href="#[d2]">&gt;&gt;</a>&nbsp;&nbsp;&nbsp;LCD_INTClr
</UL>
<BR>[Address Reference Count : 1]<UL><LI> startup_swm341.o(RESET)
</UL>
<P><STRONG><a name="[c3]"></a>bsp_lcd_rgb_init</STRONG> (Thumb, 1304 bytes, Stack size 72 bytes, bsp_lcd_rgb.o(.text))
<BR><BR>[Stack]<UL><LI>Max Depth = 120<LI>Call Chain = bsp_lcd_rgb_init &rArr; GPIO_Init &rArr; PORT_Init
</UL>
<BR>[Calls]<UL><LI><a href="#[d5]">&gt;&gt;</a>&nbsp;&nbsp;&nbsp;SDRAM_Init
<LI><a href="#[d4]">&gt;&gt;</a>&nbsp;&nbsp;&nbsp;PORT_Init
<LI><a href="#[d3]">&gt;&gt;</a>&nbsp;&nbsp;&nbsp;LCD_Start
<LI><a href="#[d1]">&gt;&gt;</a>&nbsp;&nbsp;&nbsp;LCD_Init
<LI><a href="#[d7]">&gt;&gt;</a>&nbsp;&nbsp;&nbsp;GPIO_SetBit
<LI><a href="#[d6]">&gt;&gt;</a>&nbsp;&nbsp;&nbsp;GPIO_Init
<LI><a href="#[d8]">&gt;&gt;</a>&nbsp;&nbsp;&nbsp;GPIO_ClrBit
</UL>
<BR>[Called By]<UL><LI><a href="#[67]">&gt;&gt;</a>&nbsp;&nbsp;&nbsp;main
</UL>

<P><STRONG><a name="[101]"></a>lcd_draw_point</STRONG> (Thumb, 24 bytes, Stack size 0 bytes, bsp_lcd_rgb.o(.text))
<BR><BR>[Called By]<UL><LI><a href="#[11c]">&gt;&gt;</a>&nbsp;&nbsp;&nbsp;LCD_ShowChar
<LI><a href="#[119]">&gt;&gt;</a>&nbsp;&nbsp;&nbsp;LCD_Color_Fill
<LI><a href="#[2]">&gt;&gt;</a>&nbsp;&nbsp;&nbsp;TP_Adjust
<LI><a href="#[102]">&gt;&gt;</a>&nbsp;&nbsp;&nbsp;LCD_Draw_color_Circle
</UL>

<P><STRONG><a name="[118]"></a>LCD_DrawPoint</STRONG> (Thumb, 34 bytes, Stack size 0 bytes, bsp_lcd_rgb.o(.text), UNUSED)
<BR><BR>[Called By]<UL><LI><a href="#[11b]">&gt;&gt;</a>&nbsp;&nbsp;&nbsp;LCD_Draw_Circle
<LI><a href="#[11a]">&gt;&gt;</a>&nbsp;&nbsp;&nbsp;LCD_DrawRectangle
<LI><a href="#[117]">&gt;&gt;</a>&nbsp;&nbsp;&nbsp;LCD_DrawLine
</UL>

<P><STRONG><a name="[c2]"></a>bsp_sfc_config</STRONG> (Thumb, 158 bytes, Stack size 24 bytes, bsp_sfc.o(.text))
<BR><BR>[Stack]<UL><LI>Max Depth = 40<LI>Call Chain = bsp_sfc_config &rArr; PORT_Init
</UL>
<BR>[Calls]<UL><LI><a href="#[d9]">&gt;&gt;</a>&nbsp;&nbsp;&nbsp;SFC_Init
<LI><a href="#[d4]">&gt;&gt;</a>&nbsp;&nbsp;&nbsp;PORT_Init
</UL>
<BR>[Called By]<UL><LI><a href="#[67]">&gt;&gt;</a>&nbsp;&nbsp;&nbsp;main
</UL>

<P><STRONG><a name="[da]"></a>bsp_spi_io_config</STRONG> (Thumb, 156 bytes, Stack size 24 bytes, bsp_sfc.o(.text))
<BR><BR>[Stack]<UL><LI>Max Depth = 72<LI>Call Chain = bsp_spi_io_config &rArr; GPIO_Init &rArr; PORT_Init
</UL>
<BR>[Calls]<UL><LI><a href="#[d7]">&gt;&gt;</a>&nbsp;&nbsp;&nbsp;GPIO_SetBit
<LI><a href="#[d6]">&gt;&gt;</a>&nbsp;&nbsp;&nbsp;GPIO_Init
</UL>
<BR>[Called By]<UL><LI><a href="#[de]">&gt;&gt;</a>&nbsp;&nbsp;&nbsp;gt_read_data
</UL>

<P><STRONG><a name="[db]"></a>Send_Byte</STRONG> (Thumb, 66 bytes, Stack size 16 bytes, bsp_sfc.o(.text), UNUSED)
<BR><BR>[Calls]<UL><LI><a href="#[d7]">&gt;&gt;</a>&nbsp;&nbsp;&nbsp;GPIO_SetBit
<LI><a href="#[d8]">&gt;&gt;</a>&nbsp;&nbsp;&nbsp;GPIO_ClrBit
</UL>

<P><STRONG><a name="[dc]"></a>Get_Byte</STRONG> (Thumb, 298 bytes, Stack size 16 bytes, bsp_sfc.o(.text))
<BR><BR>[Stack]<UL><LI>Max Depth = 16<LI>Call Chain = Get_Byte
</UL>
<BR>[Calls]<UL><LI><a href="#[dd]">&gt;&gt;</a>&nbsp;&nbsp;&nbsp;GPIO_GetBit
<LI><a href="#[d7]">&gt;&gt;</a>&nbsp;&nbsp;&nbsp;GPIO_SetBit
<LI><a href="#[d8]">&gt;&gt;</a>&nbsp;&nbsp;&nbsp;GPIO_ClrBit
</UL>
<BR>[Called By]<UL><LI><a href="#[de]">&gt;&gt;</a>&nbsp;&nbsp;&nbsp;gt_read_data
</UL>

<P><STRONG><a name="[de]"></a>gt_read_data</STRONG> (Thumb, 250 bytes, Stack size 48 bytes, bsp_sfc.o(.text))
<BR><BR>[Stack]<UL><LI>Max Depth = 120<LI>Call Chain = gt_read_data &rArr; bsp_spi_io_config &rArr; GPIO_Init &rArr; PORT_Init
</UL>
<BR>[Calls]<UL><LI><a href="#[da]">&gt;&gt;</a>&nbsp;&nbsp;&nbsp;bsp_spi_io_config
<LI><a href="#[d9]">&gt;&gt;</a>&nbsp;&nbsp;&nbsp;SFC_Init
<LI><a href="#[dc]">&gt;&gt;</a>&nbsp;&nbsp;&nbsp;Get_Byte
<LI><a href="#[d4]">&gt;&gt;</a>&nbsp;&nbsp;&nbsp;PORT_Init
<LI><a href="#[d7]">&gt;&gt;</a>&nbsp;&nbsp;&nbsp;GPIO_SetBit
<LI><a href="#[d8]">&gt;&gt;</a>&nbsp;&nbsp;&nbsp;GPIO_ClrBit
</UL>
<BR>[Called By]<UL><LI><a href="#[c7]">&gt;&gt;</a>&nbsp;&nbsp;&nbsp;GT_Font_Init
</UL>

<P><STRONG><a name="[df]"></a>r_dat_bat</STRONG> (Thumb, 64 bytes, Stack size 24 bytes, bsp_sfc.o(.text))
<BR><BR>[Stack]<UL><LI>Max Depth = 32<LI>Call Chain = r_dat_bat &rArr; __aeabi_memcpy4
</UL>
<BR>[Calls]<UL><LI><a href="#[bd]">&gt;&gt;</a>&nbsp;&nbsp;&nbsp;__aeabi_memcpy4
<LI><a href="#[be]">&gt;&gt;</a>&nbsp;&nbsp;&nbsp;__aeabi_memcpy
</UL>
<BR>[Called By]<UL><LI><a href="#[215]">&gt;&gt;</a>&nbsp;&nbsp;&nbsp;UnicodeToGBK
<LI><a href="#[21d]">&gt;&gt;</a>&nbsp;&nbsp;&nbsp;GT_Get_Font_Width
<LI><a href="#[213]">&gt;&gt;</a>&nbsp;&nbsp;&nbsp;GBKToUnicode
<LI><a href="#[a2]">&gt;&gt;</a>&nbsp;&nbsp;&nbsp;GT_GetChinese
<LI><a href="#[a3]">&gt;&gt;</a>&nbsp;&nbsp;&nbsp;GT_GetASCII
</UL>

<P><STRONG><a name="[e0]"></a>SFC_FLASH_PageWrite</STRONG> (Thumb, 42 bytes, Stack size 16 bytes, bsp_sfc.o(.text), UNUSED)
<BR><BR>[Calls]<UL><LI><a href="#[e1]">&gt;&gt;</a>&nbsp;&nbsp;&nbsp;SFC_Write
<LI><a href="#[ce]">&gt;&gt;</a>&nbsp;&nbsp;&nbsp;puts
</UL>

<P><STRONG><a name="[e2]"></a>SFC_FLASH_BufferWrite</STRONG> (Thumb, 214 bytes, Stack size 24 bytes, bsp_sfc.o(.text), UNUSED)
<BR><BR>[Calls]<UL><LI><a href="#[e1]">&gt;&gt;</a>&nbsp;&nbsp;&nbsp;SFC_Write
<LI><a href="#[ce]">&gt;&gt;</a>&nbsp;&nbsp;&nbsp;puts
</UL>

<P><STRONG><a name="[9f]"></a>fputc</STRONG> (Thumb, 34 bytes, Stack size 16 bytes, bsp_uart.o(.text))
<BR><BR>[Stack]<UL><LI>Max Depth = 16<LI>Call Chain = fputc
</UL>
<BR>[Calls]<UL><LI><a href="#[e3]">&gt;&gt;</a>&nbsp;&nbsp;&nbsp;UART_WriteByte
<LI><a href="#[e4]">&gt;&gt;</a>&nbsp;&nbsp;&nbsp;UART_IsTXBusy
</UL>
<BR>[Called By]<UL><LI><a href="#[ce]">&gt;&gt;</a>&nbsp;&nbsp;&nbsp;puts
</UL>
<BR>[Address Reference Count : 1]<UL><LI> printfa.o(i.__0printf)
</UL>
<P><STRONG><a name="[e5]"></a>uart_send_pack</STRONG> (Thumb, 56 bytes, Stack size 16 bytes, bsp_uart.o(.text))
<BR><BR>[Stack]<UL><LI>Max Depth = 16<LI>Call Chain = uart_send_pack
</UL>
<BR>[Calls]<UL><LI><a href="#[e3]">&gt;&gt;</a>&nbsp;&nbsp;&nbsp;UART_WriteByte
<LI><a href="#[e4]">&gt;&gt;</a>&nbsp;&nbsp;&nbsp;UART_IsTXBusy
</UL>
<BR>[Called By]<UL><LI><a href="#[cf]">&gt;&gt;</a>&nbsp;&nbsp;&nbsp;send_pack
</UL>

<P><STRONG><a name="[c0]"></a>bsp_uart0_init</STRONG> (Thumb, 88 bytes, Stack size 32 bytes, bsp_uart.o(.text))
<BR><BR>[Stack]<UL><LI>Max Depth = 48<LI>Call Chain = bsp_uart0_init &rArr; PORT_Init
</UL>
<BR>[Calls]<UL><LI><a href="#[e7]">&gt;&gt;</a>&nbsp;&nbsp;&nbsp;UART_Open
<LI><a href="#[e6]">&gt;&gt;</a>&nbsp;&nbsp;&nbsp;UART_Init
<LI><a href="#[d4]">&gt;&gt;</a>&nbsp;&nbsp;&nbsp;PORT_Init
</UL>
<BR>[Called By]<UL><LI><a href="#[67]">&gt;&gt;</a>&nbsp;&nbsp;&nbsp;main
</UL>

<P><STRONG><a name="[c1]"></a>bsp_uart3_init</STRONG> (Thumb, 96 bytes, Stack size 32 bytes, bsp_uart.o(.text))
<BR><BR>[Stack]<UL><LI>Max Depth = 48<LI>Call Chain = bsp_uart3_init &rArr; PORT_Init
</UL>
<BR>[Calls]<UL><LI><a href="#[e7]">&gt;&gt;</a>&nbsp;&nbsp;&nbsp;UART_Open
<LI><a href="#[e6]">&gt;&gt;</a>&nbsp;&nbsp;&nbsp;UART_Init
<LI><a href="#[d4]">&gt;&gt;</a>&nbsp;&nbsp;&nbsp;PORT_Init
</UL>
<BR>[Called By]<UL><LI><a href="#[67]">&gt;&gt;</a>&nbsp;&nbsp;&nbsp;main
</UL>

<P><STRONG><a name="[22]"></a>UART3_Handler</STRONG> (Thumb, 594 bytes, Stack size 40 bytes, bsp_uart.o(.text))
<BR><BR>[Stack]<UL><LI>Max Depth = 40<LI>Call Chain = UART3_Handler
</UL>
<BR>[Calls]<UL><LI><a href="#[ed]">&gt;&gt;</a>&nbsp;&nbsp;&nbsp;WDT_Start
<LI><a href="#[ec]">&gt;&gt;</a>&nbsp;&nbsp;&nbsp;WDT_Init
<LI><a href="#[ea]">&gt;&gt;</a>&nbsp;&nbsp;&nbsp;UART_ReadByte
<LI><a href="#[eb]">&gt;&gt;</a>&nbsp;&nbsp;&nbsp;UART_IsRXFIFOEmpty
<LI><a href="#[e8]">&gt;&gt;</a>&nbsp;&nbsp;&nbsp;UART_INTStat
<LI><a href="#[e9]">&gt;&gt;</a>&nbsp;&nbsp;&nbsp;UART_INTClr
</UL>
<BR>[Address Reference Count : 1]<UL><LI> startup_swm341.o(RESET)
</UL>
<P><STRONG><a name="[ee]"></a>gt_put_char</STRONG> (Thumb, 14 bytes, Stack size 0 bytes, bsp_uart.o(.text), UNUSED)
<BR><BR>[Calls]<UL><LI><a href="#[e3]">&gt;&gt;</a>&nbsp;&nbsp;&nbsp;UART_WriteByte
</UL>

<P><STRONG><a name="[c4]"></a>systick_init</STRONG> (Thumb, 70 bytes, Stack size 0 bytes, dev_systick.o(.text))
<BR><BR>[Called By]<UL><LI><a href="#[67]">&gt;&gt;</a>&nbsp;&nbsp;&nbsp;main
</UL>

<P><STRONG><a name="[2b9]"></a>swm_inctick</STRONG> (Thumb, 16 bytes, Stack size 0 bytes, dev_systick.o(.text), UNUSED)

<P><STRONG><a name="[2ba]"></a>swm_gettick</STRONG> (Thumb, 12 bytes, Stack size 0 bytes, dev_systick.o(.text), UNUSED)

<P><STRONG><a name="[cb]"></a>swm_delay_ms</STRONG> (Thumb, 48 bytes, Stack size 0 bytes, dev_systick.o(.text))
<BR><BR>[Called By]<UL><LI><a href="#[f5]">&gt;&gt;</a>&nbsp;&nbsp;&nbsp;gt9x_init
<LI><a href="#[67]">&gt;&gt;</a>&nbsp;&nbsp;&nbsp;main
<LI><a href="#[2]">&gt;&gt;</a>&nbsp;&nbsp;&nbsp;TP_Adjust
<LI><a href="#[115]">&gt;&gt;</a>&nbsp;&nbsp;&nbsp;RTP_Read
</UL>

<P><STRONG><a name="[110]"></a>swm_delay_us</STRONG> (Thumb, 86 bytes, Stack size 8 bytes, dev_systick.o(.text))
<BR><BR>[Stack]<UL><LI>Max Depth = 8<LI>Call Chain = swm_delay_us
</UL>
<BR>[Called By]<UL><LI><a href="#[10e]">&gt;&gt;</a>&nbsp;&nbsp;&nbsp;TP_Write_Byte
<LI><a href="#[112]">&gt;&gt;</a>&nbsp;&nbsp;&nbsp;TP_Read_AD
</UL>

<P><STRONG><a name="[ef]"></a>SysTick_Handler_cb</STRONG> (Thumb, 2 bytes, Stack size 0 bytes, dev_systick.o(.text))
<BR><BR>[Called By]<UL><LI><a href="#[c]">&gt;&gt;</a>&nbsp;&nbsp;&nbsp;SysTick_Handler
</UL>

<P><STRONG><a name="[c]"></a>SysTick_Handler</STRONG> (Thumb, 18 bytes, Stack size 0 bytes, dev_systick.o(.text))
<BR><BR>[Calls]<UL><LI><a href="#[ef]">&gt;&gt;</a>&nbsp;&nbsp;&nbsp;SysTick_Handler_cb
</UL>
<BR>[Address Reference Count : 1]<UL><LI> startup_swm341.o(RESET)
</UL>
<P><STRONG><a name="[33]"></a>GPIOD_Handler</STRONG> (Thumb, 58 bytes, Stack size 8 bytes, dev_touch.o(.text))
<BR><BR>[Stack]<UL><LI>Max Depth = 64<LI>Call Chain = GPIOD_Handler &rArr; gt9x_read_points &rArr; touch_read_regs
</UL>
<BR>[Calls]<UL><LI><a href="#[f2]">&gt;&gt;</a>&nbsp;&nbsp;&nbsp;gt9x_read_points
<LI><a href="#[f0]">&gt;&gt;</a>&nbsp;&nbsp;&nbsp;EXTI_State
<LI><a href="#[f1]">&gt;&gt;</a>&nbsp;&nbsp;&nbsp;EXTI_Clear
</UL>
<BR>[Address Reference Count : 1]<UL><LI> startup_swm341.o(RESET)
</UL>
<P><STRONG><a name="[f3]"></a>touch_read_points</STRONG> (Thumb, 12 bytes, Stack size 0 bytes, dev_touch.o(.text), UNUSED)
<BR><BR>[Calls]<UL><LI><a href="#[f2]">&gt;&gt;</a>&nbsp;&nbsp;&nbsp;gt9x_read_points
</UL>

<P><STRONG><a name="[f4]"></a>touch_ic_init</STRONG> (Thumb, 76 bytes, Stack size 16 bytes, dev_touch.o(.text), UNUSED)
<BR><BR>[Calls]<UL><LI><a href="#[f5]">&gt;&gt;</a>&nbsp;&nbsp;&nbsp;gt9x_init
<LI><a href="#[f7]">&gt;&gt;</a>&nbsp;&nbsp;&nbsp;EXTI_Open
<LI><a href="#[f6]">&gt;&gt;</a>&nbsp;&nbsp;&nbsp;EXTI_Init
<LI><a href="#[d6]">&gt;&gt;</a>&nbsp;&nbsp;&nbsp;GPIO_Init
</UL>

<P><STRONG><a name="[0]"></a>TP_Init</STRONG> (Thumb, 180 bytes, Stack size 24 bytes, dev_xpt2046.o(.text))
<BR><BR>[Stack]<UL><LI>Max Depth = 88<LI>Call Chain = TP_Init &rArr; TP_Read_XOY &rArr; TP_Read_AD &rArr; swm_delay_us
</UL>
<BR>[Calls]<UL><LI><a href="#[f7]">&gt;&gt;</a>&nbsp;&nbsp;&nbsp;EXTI_Open
<LI><a href="#[f6]">&gt;&gt;</a>&nbsp;&nbsp;&nbsp;EXTI_Init
<LI><a href="#[d6]">&gt;&gt;</a>&nbsp;&nbsp;&nbsp;GPIO_Init
<LI><a href="#[f8]">&gt;&gt;</a>&nbsp;&nbsp;&nbsp;TP_Read_XOY
</UL>
<BR>[Called By]<UL><LI><a href="#[67]">&gt;&gt;</a>&nbsp;&nbsp;&nbsp;main
</UL>
<BR>[Address Reference Count : 1]<UL><LI> dev_xpt2046.o(.data.tp_dev)
</UL>
<P><STRONG><a name="[1]"></a>TP_Scan</STRONG> (Thumb, 268 bytes, Stack size 24 bytes, dev_xpt2046.o(.text))
<BR><BR>[Stack]<UL><LI>Max Depth = 120<LI>Call Chain = TP_Scan &rArr; TP_Read_XY2 &rArr; TP_Read_XOY &rArr; TP_Read_AD &rArr; swm_delay_us
</UL>
<BR>[Calls]<UL><LI><a href="#[dd]">&gt;&gt;</a>&nbsp;&nbsp;&nbsp;GPIO_GetBit
<LI><a href="#[fa]">&gt;&gt;</a>&nbsp;&nbsp;&nbsp;__aeabi_ui2f
<LI><a href="#[fc]">&gt;&gt;</a>&nbsp;&nbsp;&nbsp;__aeabi_i2f
<LI><a href="#[fb]">&gt;&gt;</a>&nbsp;&nbsp;&nbsp;__aeabi_fmul
<LI><a href="#[fd]">&gt;&gt;</a>&nbsp;&nbsp;&nbsp;__aeabi_fadd
<LI><a href="#[fe]">&gt;&gt;</a>&nbsp;&nbsp;&nbsp;__aeabi_f2iz
<LI><a href="#[f9]">&gt;&gt;</a>&nbsp;&nbsp;&nbsp;TP_Read_XY2
<LI><a href="#[ff]">&gt;&gt;</a>&nbsp;&nbsp;&nbsp;__2sprintf
</UL>
<BR>[Called By]<UL><LI><a href="#[6f]">&gt;&gt;</a>&nbsp;&nbsp;&nbsp;read_cb
</UL>
<BR>[Address Reference Count : 1]<UL><LI> dev_xpt2046.o(.data.tp_dev)
</UL>
<P><STRONG><a name="[2]"></a>TP_Adjust</STRONG> (Thumb, 1484 bytes, Stack size 56 bytes, dev_xpt2046.o(.text))
<BR><BR>[Stack]<UL><LI>Max Depth = 160<LI>Call Chain = TP_Adjust &rArr; LCD_ShowString &rArr; LCD_ShowChar
</UL>
<BR>[Calls]<UL><LI><a href="#[dd]">&gt;&gt;</a>&nbsp;&nbsp;&nbsp;GPIO_GetBit
<LI><a href="#[101]">&gt;&gt;</a>&nbsp;&nbsp;&nbsp;lcd_draw_point
<LI><a href="#[cb]">&gt;&gt;</a>&nbsp;&nbsp;&nbsp;swm_delay_ms
<LI><a href="#[fa]">&gt;&gt;</a>&nbsp;&nbsp;&nbsp;__aeabi_ui2f
<LI><a href="#[103]">&gt;&gt;</a>&nbsp;&nbsp;&nbsp;__aeabi_ui2d
<LI><a href="#[fc]">&gt;&gt;</a>&nbsp;&nbsp;&nbsp;__aeabi_i2f
<LI><a href="#[10a]">&gt;&gt;</a>&nbsp;&nbsp;&nbsp;__aeabi_fsub
<LI><a href="#[fb]">&gt;&gt;</a>&nbsp;&nbsp;&nbsp;__aeabi_fmul
<LI><a href="#[106]">&gt;&gt;</a>&nbsp;&nbsp;&nbsp;__aeabi_fdiv
<LI><a href="#[10c]">&gt;&gt;</a>&nbsp;&nbsp;&nbsp;__aeabi_fcmple
<LI><a href="#[10b]">&gt;&gt;</a>&nbsp;&nbsp;&nbsp;__aeabi_fcmpgt
<LI><a href="#[fe]">&gt;&gt;</a>&nbsp;&nbsp;&nbsp;__aeabi_f2iz
<LI><a href="#[107]">&gt;&gt;</a>&nbsp;&nbsp;&nbsp;__aeabi_f2d
<LI><a href="#[108]">&gt;&gt;</a>&nbsp;&nbsp;&nbsp;__aeabi_dcmplt
<LI><a href="#[109]">&gt;&gt;</a>&nbsp;&nbsp;&nbsp;__aeabi_dcmple
<LI><a href="#[105]">&gt;&gt;</a>&nbsp;&nbsp;&nbsp;__aeabi_d2iz
<LI><a href="#[10d]">&gt;&gt;</a>&nbsp;&nbsp;&nbsp;UG_FillScreen
<LI><a href="#[f9]">&gt;&gt;</a>&nbsp;&nbsp;&nbsp;TP_Read_XY2
<LI><a href="#[100]">&gt;&gt;</a>&nbsp;&nbsp;&nbsp;LCD_ShowString
<LI><a href="#[102]">&gt;&gt;</a>&nbsp;&nbsp;&nbsp;LCD_Draw_color_Circle
<LI><a href="#[104]">&gt;&gt;</a>&nbsp;&nbsp;&nbsp;sqrt
</UL>
<BR>[Address Reference Count : 1]<UL><LI> dev_xpt2046.o(.data.tp_dev)
</UL>
<P><STRONG><a name="[10e]"></a>TP_Write_Byte</STRONG> (Thumb, 76 bytes, Stack size 16 bytes, dev_xpt2046.o(.text), UNUSED)
<BR><BR>[Calls]<UL><LI><a href="#[110]">&gt;&gt;</a>&nbsp;&nbsp;&nbsp;swm_delay_us
<LI><a href="#[111]">&gt;&gt;</a>&nbsp;&nbsp;&nbsp;GPIO_AtomicSetBit
<LI><a href="#[10f]">&gt;&gt;</a>&nbsp;&nbsp;&nbsp;GPIO_AtomicClrBit
</UL>

<P><STRONG><a name="[112]"></a>TP_Read_AD</STRONG> (Thumb, 216 bytes, Stack size 24 bytes, dev_xpt2046.o(.text))
<BR><BR>[Stack]<UL><LI>Max Depth = 32<LI>Call Chain = TP_Read_AD &rArr; swm_delay_us
</UL>
<BR>[Calls]<UL><LI><a href="#[110]">&gt;&gt;</a>&nbsp;&nbsp;&nbsp;swm_delay_us
<LI><a href="#[dd]">&gt;&gt;</a>&nbsp;&nbsp;&nbsp;GPIO_GetBit
<LI><a href="#[111]">&gt;&gt;</a>&nbsp;&nbsp;&nbsp;GPIO_AtomicSetBit
<LI><a href="#[10f]">&gt;&gt;</a>&nbsp;&nbsp;&nbsp;GPIO_AtomicClrBit
</UL>
<BR>[Called By]<UL><LI><a href="#[f8]">&gt;&gt;</a>&nbsp;&nbsp;&nbsp;TP_Read_XOY
</UL>

<P><STRONG><a name="[f8]"></a>TP_Read_XOY</STRONG> (Thumb, 286 bytes, Stack size 32 bytes, dev_xpt2046.o(.text))
<BR><BR>[Stack]<UL><LI>Max Depth = 64<LI>Call Chain = TP_Read_XOY &rArr; TP_Read_AD &rArr; swm_delay_us
</UL>
<BR>[Calls]<UL><LI><a href="#[112]">&gt;&gt;</a>&nbsp;&nbsp;&nbsp;TP_Read_AD
</UL>
<BR>[Called By]<UL><LI><a href="#[0]">&gt;&gt;</a>&nbsp;&nbsp;&nbsp;TP_Init
<LI><a href="#[f9]">&gt;&gt;</a>&nbsp;&nbsp;&nbsp;TP_Read_XY2
<LI><a href="#[113]">&gt;&gt;</a>&nbsp;&nbsp;&nbsp;TP_Read_XY
</UL>

<P><STRONG><a name="[113]"></a>TP_Read_XY</STRONG> (Thumb, 50 bytes, Stack size 16 bytes, dev_xpt2046.o(.text), UNUSED)
<BR><BR>[Calls]<UL><LI><a href="#[f8]">&gt;&gt;</a>&nbsp;&nbsp;&nbsp;TP_Read_XOY
</UL>

<P><STRONG><a name="[f9]"></a>TP_Read_XY2</STRONG> (Thumb, 144 bytes, Stack size 32 bytes, dev_xpt2046.o(.text))
<BR><BR>[Stack]<UL><LI>Max Depth = 96<LI>Call Chain = TP_Read_XY2 &rArr; TP_Read_XOY &rArr; TP_Read_AD &rArr; swm_delay_us
</UL>
<BR>[Calls]<UL><LI><a href="#[f8]">&gt;&gt;</a>&nbsp;&nbsp;&nbsp;TP_Read_XOY
</UL>
<BR>[Called By]<UL><LI><a href="#[1]">&gt;&gt;</a>&nbsp;&nbsp;&nbsp;TP_Scan
<LI><a href="#[2]">&gt;&gt;</a>&nbsp;&nbsp;&nbsp;TP_Adjust
</UL>

<P><STRONG><a name="[114]"></a>TP_Get_Adjdata</STRONG> (Thumb, 264 bytes, Stack size 8 bytes, dev_xpt2046.o(.text), UNUSED)
<BR><BR>[Calls]<UL><LI><a href="#[cd]">&gt;&gt;</a>&nbsp;&nbsp;&nbsp;__2printf
</UL>

<P><STRONG><a name="[115]"></a>RTP_Read</STRONG> (Thumb, 36 bytes, Stack size 8 bytes, dev_xpt2046.o(.text), UNUSED)
<BR><BR>[Calls]<UL><LI><a href="#[cb]">&gt;&gt;</a>&nbsp;&nbsp;&nbsp;swm_delay_ms
</UL>

<P><STRONG><a name="[34]"></a>GPIOM_Handler</STRONG> (Thumb, 92 bytes, Stack size 8 bytes, dev_xpt2046.o(.text))
<BR><BR>[Stack]<UL><LI>Max Depth = 104<LI>Call Chain = GPIOM_Handler &rArr; UG_PutString &rArr; _UG_PutChar
</UL>
<BR>[Calls]<UL><LI><a href="#[f0]">&gt;&gt;</a>&nbsp;&nbsp;&nbsp;EXTI_State
<LI><a href="#[f1]">&gt;&gt;</a>&nbsp;&nbsp;&nbsp;EXTI_Clear
<LI><a href="#[116]">&gt;&gt;</a>&nbsp;&nbsp;&nbsp;UG_PutString
</UL>
<BR>[Address Reference Count : 1]<UL><LI> startup_swm341.o(RESET)
</UL>
<P><STRONG><a name="[117]"></a>LCD_DrawLine</STRONG> (Thumb, 152 bytes, Stack size 48 bytes, lcd_show.o(.text), UNUSED)
<BR><BR>[Calls]<UL><LI><a href="#[118]">&gt;&gt;</a>&nbsp;&nbsp;&nbsp;LCD_DrawPoint
</UL>

<P><STRONG><a name="[119]"></a>LCD_Color_Fill</STRONG> (Thumb, 60 bytes, Stack size 32 bytes, lcd_show.o(.text), UNUSED)
<BR><BR>[Calls]<UL><LI><a href="#[101]">&gt;&gt;</a>&nbsp;&nbsp;&nbsp;lcd_draw_point
</UL>

<P><STRONG><a name="[11a]"></a>LCD_DrawRectangle</STRONG> (Thumb, 268 bytes, Stack size 72 bytes, lcd_show.o(.text), UNUSED)
<BR><BR>[Calls]<UL><LI><a href="#[118]">&gt;&gt;</a>&nbsp;&nbsp;&nbsp;LCD_DrawPoint
</UL>

<P><STRONG><a name="[11b]"></a>LCD_Draw_Circle</STRONG> (Thumb, 206 bytes, Stack size 64 bytes, lcd_show.o(.text), UNUSED)
<BR><BR>[Calls]<UL><LI><a href="#[118]">&gt;&gt;</a>&nbsp;&nbsp;&nbsp;LCD_DrawPoint
</UL>

<P><STRONG><a name="[102]"></a>LCD_Draw_color_Circle</STRONG> (Thumb, 226 bytes, Stack size 64 bytes, lcd_show.o(.text))
<BR><BR>[Stack]<UL><LI>Max Depth = 64<LI>Call Chain = LCD_Draw_color_Circle
</UL>
<BR>[Calls]<UL><LI><a href="#[101]">&gt;&gt;</a>&nbsp;&nbsp;&nbsp;lcd_draw_point
</UL>
<BR>[Called By]<UL><LI><a href="#[2]">&gt;&gt;</a>&nbsp;&nbsp;&nbsp;TP_Adjust
</UL>

<P><STRONG><a name="[11c]"></a>LCD_ShowChar</STRONG> (Thumb, 288 bytes, Stack size 56 bytes, lcd_show.o(.text))
<BR><BR>[Stack]<UL><LI>Max Depth = 56<LI>Call Chain = LCD_ShowChar
</UL>
<BR>[Calls]<UL><LI><a href="#[101]">&gt;&gt;</a>&nbsp;&nbsp;&nbsp;lcd_draw_point
</UL>
<BR>[Called By]<UL><LI><a href="#[11e]">&gt;&gt;</a>&nbsp;&nbsp;&nbsp;LCD_ShowxNum
<LI><a href="#[11d]">&gt;&gt;</a>&nbsp;&nbsp;&nbsp;LCD_ShowNum
<LI><a href="#[100]">&gt;&gt;</a>&nbsp;&nbsp;&nbsp;LCD_ShowString
</UL>

<P><STRONG><a name="[2bb]"></a>LCD_Pow</STRONG> (Thumb, 88 bytes, Stack size 0 bytes, lcd_show.o(.text), UNUSED)

<P><STRONG><a name="[11d]"></a>LCD_ShowNum</STRONG> (Thumb, 262 bytes, Stack size 64 bytes, lcd_show.o(.text), UNUSED)
<BR><BR>[Calls]<UL><LI><a href="#[11c]">&gt;&gt;</a>&nbsp;&nbsp;&nbsp;LCD_ShowChar
</UL>

<P><STRONG><a name="[11e]"></a>LCD_ShowxNum</STRONG> (Thumb, 284 bytes, Stack size 64 bytes, lcd_show.o(.text), UNUSED)
<BR><BR>[Calls]<UL><LI><a href="#[11c]">&gt;&gt;</a>&nbsp;&nbsp;&nbsp;LCD_ShowChar
</UL>

<P><STRONG><a name="[100]"></a>LCD_ShowString</STRONG> (Thumb, 110 bytes, Stack size 48 bytes, lcd_show.o(.text))
<BR><BR>[Stack]<UL><LI>Max Depth = 104<LI>Call Chain = LCD_ShowString &rArr; LCD_ShowChar
</UL>
<BR>[Calls]<UL><LI><a href="#[11c]">&gt;&gt;</a>&nbsp;&nbsp;&nbsp;LCD_ShowChar
</UL>
<BR>[Called By]<UL><LI><a href="#[2]">&gt;&gt;</a>&nbsp;&nbsp;&nbsp;TP_Adjust
</UL>

<P><STRONG><a name="[f2]"></a>gt9x_read_points</STRONG> (Thumb, 140 bytes, Stack size 32 bytes, tp_gt911.o(.text))
<BR><BR>[Stack]<UL><LI>Max Depth = 56<LI>Call Chain = gt9x_read_points &rArr; touch_read_regs
</UL>
<BR>[Calls]<UL><LI><a href="#[120]">&gt;&gt;</a>&nbsp;&nbsp;&nbsp;touch_write_regs
<LI><a href="#[11f]">&gt;&gt;</a>&nbsp;&nbsp;&nbsp;touch_read_regs
</UL>
<BR>[Called By]<UL><LI><a href="#[f3]">&gt;&gt;</a>&nbsp;&nbsp;&nbsp;touch_read_points
<LI><a href="#[33]">&gt;&gt;</a>&nbsp;&nbsp;&nbsp;GPIOD_Handler
</UL>

<P><STRONG><a name="[f5]"></a>gt9x_init</STRONG> (Thumb, 320 bytes, Stack size 64 bytes, tp_gt911.o(.text), UNUSED)
<BR><BR>[Calls]<UL><LI><a href="#[d4]">&gt;&gt;</a>&nbsp;&nbsp;&nbsp;PORT_Init
<LI><a href="#[d7]">&gt;&gt;</a>&nbsp;&nbsp;&nbsp;GPIO_SetBit
<LI><a href="#[d6]">&gt;&gt;</a>&nbsp;&nbsp;&nbsp;GPIO_Init
<LI><a href="#[d8]">&gt;&gt;</a>&nbsp;&nbsp;&nbsp;GPIO_ClrBit
<LI><a href="#[cb]">&gt;&gt;</a>&nbsp;&nbsp;&nbsp;swm_delay_ms
<LI><a href="#[126]">&gt;&gt;</a>&nbsp;&nbsp;&nbsp;I2C_Open
<LI><a href="#[125]">&gt;&gt;</a>&nbsp;&nbsp;&nbsp;I2C_Init
<LI><a href="#[120]">&gt;&gt;</a>&nbsp;&nbsp;&nbsp;touch_write_regs
<LI><a href="#[11f]">&gt;&gt;</a>&nbsp;&nbsp;&nbsp;touch_read_regs
<LI><a href="#[cd]">&gt;&gt;</a>&nbsp;&nbsp;&nbsp;__2printf
<LI><a href="#[127]">&gt;&gt;</a>&nbsp;&nbsp;&nbsp;strstr
</UL>
<BR>[Called By]<UL><LI><a href="#[f4]">&gt;&gt;</a>&nbsp;&nbsp;&nbsp;touch_ic_init
</UL>

<P><STRONG><a name="[2bc]"></a>UG_Init</STRONG> (Thumb, 126 bytes, Stack size 0 bytes, ugui.o(.text), UNUSED)

<P><STRONG><a name="[2bd]"></a>UG_SelectGUI</STRONG> (Thumb, 16 bytes, Stack size 0 bytes, ugui.o(.text), UNUSED)

<P><STRONG><a name="[2be]"></a>UG_FontSelect</STRONG> (Thumb, 30 bytes, Stack size 8 bytes, ugui.o(.text), UNUSED)

<P><STRONG><a name="[10d]"></a>UG_FillScreen</STRONG> (Thumb, 124 bytes, Stack size 40 bytes, ugui.o(.text))
<BR><BR>[Stack]<UL><LI>Max Depth = 40<LI>Call Chain = UG_FillScreen
</UL>
<BR>[Called By]<UL><LI><a href="#[2]">&gt;&gt;</a>&nbsp;&nbsp;&nbsp;TP_Adjust
</UL>

<P><STRONG><a name="[2bf]"></a>UG_FillFrame</STRONG> (Thumb, 124 bytes, Stack size 40 bytes, ugui.o(.text), UNUSED)

<P><STRONG><a name="[128]"></a>UG_FillRoundFrame</STRONG> (Thumb, 384 bytes, Stack size 56 bytes, ugui.o(.text), UNUSED)
<BR><BR>[Calls]<UL><LI><a href="#[129]">&gt;&gt;</a>&nbsp;&nbsp;&nbsp;UG_DrawLine
</UL>

<P><STRONG><a name="[129]"></a>UG_DrawLine</STRONG> (Thumb, 308 bytes, Stack size 56 bytes, ugui.o(.text))
<BR><BR>[Stack]<UL><LI>Max Depth = 56<LI>Call Chain = UG_DrawLine
</UL>
<BR>[Called By]<UL><LI><a href="#[136]">&gt;&gt;</a>&nbsp;&nbsp;&nbsp;_UG_WindowDrawTitle
<LI><a href="#[132]">&gt;&gt;</a>&nbsp;&nbsp;&nbsp;_UG_DrawObjectFrame
<LI><a href="#[69]">&gt;&gt;</a>&nbsp;&nbsp;&nbsp;_UG_CheckboxUpdate
<LI><a href="#[68]">&gt;&gt;</a>&nbsp;&nbsp;&nbsp;_UG_ButtonUpdate
<LI><a href="#[128]">&gt;&gt;</a>&nbsp;&nbsp;&nbsp;UG_FillRoundFrame
<LI><a href="#[12c]">&gt;&gt;</a>&nbsp;&nbsp;&nbsp;UG_FillCircle
<LI><a href="#[12b]">&gt;&gt;</a>&nbsp;&nbsp;&nbsp;UG_DrawRoundFrame
<LI><a href="#[12a]">&gt;&gt;</a>&nbsp;&nbsp;&nbsp;UG_DrawFrame
</UL>

<P><STRONG><a name="[2c0]"></a>UG_DrawMesh</STRONG> (Thumb, 82 bytes, Stack size 32 bytes, ugui.o(.text), UNUSED)

<P><STRONG><a name="[12a]"></a>UG_DrawFrame</STRONG> (Thumb, 82 bytes, Stack size 32 bytes, ugui.o(.text), UNUSED)
<BR><BR>[Calls]<UL><LI><a href="#[129]">&gt;&gt;</a>&nbsp;&nbsp;&nbsp;UG_DrawLine
</UL>

<P><STRONG><a name="[12b]"></a>UG_DrawRoundFrame</STRONG> (Thumb, 818 bytes, Stack size 56 bytes, ugui.o(.text), UNUSED)
<BR><BR>[Calls]<UL><LI><a href="#[129]">&gt;&gt;</a>&nbsp;&nbsp;&nbsp;UG_DrawLine
</UL>

<P><STRONG><a name="[2c1]"></a>UG_DrawArc</STRONG> (Thumb, 352 bytes, Stack size 72 bytes, ugui.o(.text), UNUSED)

<P><STRONG><a name="[2c2]"></a>UG_DrawPixel</STRONG> (Thumb, 14 bytes, Stack size 0 bytes, ugui.o(.text), UNUSED)

<P><STRONG><a name="[12d]"></a>UG_DrawCircle</STRONG> (Thumb, 322 bytes, Stack size 56 bytes, ugui.o(.text), UNUSED)
<BR><BR>[Called By]<UL><LI><a href="#[12c]">&gt;&gt;</a>&nbsp;&nbsp;&nbsp;UG_FillCircle
</UL>

<P><STRONG><a name="[12c]"></a>UG_FillCircle</STRONG> (Thumb, 222 bytes, Stack size 48 bytes, ugui.o(.text), UNUSED)
<BR><BR>[Calls]<UL><LI><a href="#[129]">&gt;&gt;</a>&nbsp;&nbsp;&nbsp;UG_DrawLine
<LI><a href="#[12d]">&gt;&gt;</a>&nbsp;&nbsp;&nbsp;UG_DrawCircle
</UL>

<P><STRONG><a name="[116]"></a>UG_PutString</STRONG> (Thumb, 238 bytes, Stack size 40 bytes, ugui.o(.text))
<BR><BR>[Stack]<UL><LI>Max Depth = 96<LI>Call Chain = UG_PutString &rArr; _UG_PutChar
</UL>
<BR>[Calls]<UL><LI><a href="#[12e]">&gt;&gt;</a>&nbsp;&nbsp;&nbsp;_UG_PutChar
</UL>
<BR>[Called By]<UL><LI><a href="#[34]">&gt;&gt;</a>&nbsp;&nbsp;&nbsp;GPIOM_Handler
</UL>

<P><STRONG><a name="[12f]"></a>UG_PutChar</STRONG> (Thumb, 36 bytes, Stack size 16 bytes, ugui.o(.text), UNUSED)
<BR><BR>[Calls]<UL><LI><a href="#[12e]">&gt;&gt;</a>&nbsp;&nbsp;&nbsp;_UG_PutChar
</UL>

<P><STRONG><a name="[12e]"></a>_UG_PutChar</STRONG> (Thumb, 952 bytes, Stack size 56 bytes, ugui.o(.text))
<BR><BR>[Stack]<UL><LI>Max Depth = 56<LI>Call Chain = _UG_PutChar
</UL>
<BR>[Called By]<UL><LI><a href="#[131]">&gt;&gt;</a>&nbsp;&nbsp;&nbsp;_UG_PutText
<LI><a href="#[12f]">&gt;&gt;</a>&nbsp;&nbsp;&nbsp;UG_PutChar
<LI><a href="#[130]">&gt;&gt;</a>&nbsp;&nbsp;&nbsp;UG_ConsolePutString
<LI><a href="#[116]">&gt;&gt;</a>&nbsp;&nbsp;&nbsp;UG_PutString
</UL>

<P><STRONG><a name="[130]"></a>UG_ConsolePutString</STRONG> (Thumb, 318 bytes, Stack size 48 bytes, ugui.o(.text), UNUSED)
<BR><BR>[Calls]<UL><LI><a href="#[12e]">&gt;&gt;</a>&nbsp;&nbsp;&nbsp;_UG_PutChar
</UL>

<P><STRONG><a name="[2c3]"></a>UG_ConsoleSetArea</STRONG> (Thumb, 30 bytes, Stack size 0 bytes, ugui.o(.text), UNUSED)

<P><STRONG><a name="[2c4]"></a>UG_ConsoleSetForecolor</STRONG> (Thumb, 14 bytes, Stack size 0 bytes, ugui.o(.text), UNUSED)

<P><STRONG><a name="[2c5]"></a>UG_ConsoleSetBackcolor</STRONG> (Thumb, 14 bytes, Stack size 0 bytes, ugui.o(.text), UNUSED)

<P><STRONG><a name="[2c6]"></a>UG_SetForecolor</STRONG> (Thumb, 16 bytes, Stack size 0 bytes, ugui.o(.text), UNUSED)

<P><STRONG><a name="[2c7]"></a>UG_SetBackcolor</STRONG> (Thumb, 16 bytes, Stack size 0 bytes, ugui.o(.text), UNUSED)

<P><STRONG><a name="[2c8]"></a>UG_GetXDim</STRONG> (Thumb, 16 bytes, Stack size 0 bytes, ugui.o(.text), UNUSED)

<P><STRONG><a name="[2c9]"></a>UG_GetYDim</STRONG> (Thumb, 16 bytes, Stack size 0 bytes, ugui.o(.text), UNUSED)

<P><STRONG><a name="[2ca]"></a>UG_FontSetHSpace</STRONG> (Thumb, 16 bytes, Stack size 0 bytes, ugui.o(.text), UNUSED)

<P><STRONG><a name="[2cb]"></a>UG_FontSetVSpace</STRONG> (Thumb, 16 bytes, Stack size 0 bytes, ugui.o(.text), UNUSED)

<P><STRONG><a name="[131]"></a>_UG_PutText</STRONG> (Thumb, 466 bytes, Stack size 72 bytes, ugui.o(.text))
<BR><BR>[Stack]<UL><LI>Max Depth = 128<LI>Call Chain = _UG_PutText &rArr; _UG_PutChar
</UL>
<BR>[Calls]<UL><LI><a href="#[12e]">&gt;&gt;</a>&nbsp;&nbsp;&nbsp;_UG_PutChar
</UL>
<BR>[Called By]<UL><LI><a href="#[136]">&gt;&gt;</a>&nbsp;&nbsp;&nbsp;_UG_WindowDrawTitle
<LI><a href="#[6a]">&gt;&gt;</a>&nbsp;&nbsp;&nbsp;_UG_TextboxUpdate
<LI><a href="#[69]">&gt;&gt;</a>&nbsp;&nbsp;&nbsp;_UG_CheckboxUpdate
<LI><a href="#[68]">&gt;&gt;</a>&nbsp;&nbsp;&nbsp;_UG_ButtonUpdate
</UL>

<P><STRONG><a name="[2cc]"></a>_UG_GetFreeObject</STRONG> (Thumb, 116 bytes, Stack size 0 bytes, ugui.o(.text), UNUSED)

<P><STRONG><a name="[2cd]"></a>_UG_SearchObject</STRONG> (Thumb, 66 bytes, Stack size 8 bytes, ugui.o(.text), UNUSED)

<P><STRONG><a name="[2ce]"></a>_UG_DeleteObject</STRONG> (Thumb, 88 bytes, Stack size 8 bytes, ugui.o(.text), UNUSED)

<P><STRONG><a name="[135]"></a>_UG_ProcessTouchData</STRONG> (Thumb, 494 bytes, Stack size 24 bytes, ugui.o(.text), UNUSED)
<BR><BR>[Called By]<UL><LI><a href="#[133]">&gt;&gt;</a>&nbsp;&nbsp;&nbsp;UG_Update
</UL>

<P><STRONG><a name="[2cf]"></a>_UG_UpdateObjects</STRONG> (Thumb, 86 bytes, Stack size 32 bytes, ugui.o(.text), UNUSED)

<P><STRONG><a name="[2d0]"></a>_UG_HandleEvents</STRONG> (Thumb, 100 bytes, Stack size 32 bytes, ugui.o(.text), UNUSED)

<P><STRONG><a name="[132]"></a>_UG_DrawObjectFrame</STRONG> (Thumb, 310 bytes, Stack size 64 bytes, ugui.o(.text))
<BR><BR>[Stack]<UL><LI>Max Depth = 120<LI>Call Chain = _UG_DrawObjectFrame &rArr; UG_DrawLine
</UL>
<BR>[Calls]<UL><LI><a href="#[129]">&gt;&gt;</a>&nbsp;&nbsp;&nbsp;UG_DrawLine
</UL>
<BR>[Called By]<UL><LI><a href="#[134]">&gt;&gt;</a>&nbsp;&nbsp;&nbsp;_UG_WindowUpdate
<LI><a href="#[69]">&gt;&gt;</a>&nbsp;&nbsp;&nbsp;_UG_CheckboxUpdate
<LI><a href="#[68]">&gt;&gt;</a>&nbsp;&nbsp;&nbsp;_UG_ButtonUpdate
</UL>

<P><STRONG><a name="[2d1]"></a>_UG_SendObjectPrerenderEvent</STRONG> (Thumb, 32 bytes, Stack size 16 bytes, ugui.o(.text), UNUSED)

<P><STRONG><a name="[2d2]"></a>_UG_SendObjectPostrenderEvent</STRONG> (Thumb, 34 bytes, Stack size 16 bytes, ugui.o(.text), UNUSED)

<P><STRONG><a name="[2d3]"></a>UG_DriverRegister</STRONG> (Thumb, 30 bytes, Stack size 0 bytes, ugui.o(.text), UNUSED)

<P><STRONG><a name="[2d4]"></a>UG_DriverEnable</STRONG> (Thumb, 36 bytes, Stack size 0 bytes, ugui.o(.text), UNUSED)

<P><STRONG><a name="[2d5]"></a>UG_DriverDisable</STRONG> (Thumb, 36 bytes, Stack size 0 bytes, ugui.o(.text), UNUSED)

<P><STRONG><a name="[133]"></a>UG_Update</STRONG> (Thumb, 378 bytes, Stack size 40 bytes, ugui.o(.text), UNUSED)
<BR><BR>[Calls]<UL><LI><a href="#[134]">&gt;&gt;</a>&nbsp;&nbsp;&nbsp;_UG_WindowUpdate
<LI><a href="#[136]">&gt;&gt;</a>&nbsp;&nbsp;&nbsp;_UG_WindowDrawTitle
<LI><a href="#[135]">&gt;&gt;</a>&nbsp;&nbsp;&nbsp;_UG_ProcessTouchData
</UL>

<P><STRONG><a name="[136]"></a>_UG_WindowDrawTitle</STRONG> (Thumb, 336 bytes, Stack size 88 bytes, ugui.o(.text), UNUSED)
<BR><BR>[Calls]<UL><LI><a href="#[131]">&gt;&gt;</a>&nbsp;&nbsp;&nbsp;_UG_PutText
<LI><a href="#[129]">&gt;&gt;</a>&nbsp;&nbsp;&nbsp;UG_DrawLine
</UL>
<BR>[Called By]<UL><LI><a href="#[134]">&gt;&gt;</a>&nbsp;&nbsp;&nbsp;_UG_WindowUpdate
<LI><a href="#[133]">&gt;&gt;</a>&nbsp;&nbsp;&nbsp;UG_Update
</UL>

<P><STRONG><a name="[134]"></a>_UG_WindowUpdate</STRONG> (Thumb, 568 bytes, Stack size 40 bytes, ugui.o(.text), UNUSED)
<BR><BR>[Calls]<UL><LI><a href="#[136]">&gt;&gt;</a>&nbsp;&nbsp;&nbsp;_UG_WindowDrawTitle
<LI><a href="#[132]">&gt;&gt;</a>&nbsp;&nbsp;&nbsp;_UG_DrawObjectFrame
</UL>
<BR>[Called By]<UL><LI><a href="#[133]">&gt;&gt;</a>&nbsp;&nbsp;&nbsp;UG_Update
</UL>

<P><STRONG><a name="[2d6]"></a>UG_WaitForUpdate</STRONG> (Thumb, 26 bytes, Stack size 0 bytes, ugui.o(.text), UNUSED)

<P><STRONG><a name="[2d7]"></a>UG_DrawBMP</STRONG> (Thumb, 126 bytes, Stack size 40 bytes, ugui.o(.text), UNUSED)

<P><STRONG><a name="[2d8]"></a>UG_TouchUpdate</STRONG> (Thumb, 18 bytes, Stack size 0 bytes, ugui.o(.text), UNUSED)

<P><STRONG><a name="[2d9]"></a>UG_WindowCreate</STRONG> (Thumb, 270 bytes, Stack size 20 bytes, ugui.o(.text), UNUSED)

<P><STRONG><a name="[2da]"></a>UG_WindowDelete</STRONG> (Thumb, 58 bytes, Stack size 0 bytes, ugui.o(.text), UNUSED)

<P><STRONG><a name="[2db]"></a>UG_WindowShow</STRONG> (Thumb, 36 bytes, Stack size 0 bytes, ugui.o(.text), UNUSED)

<P><STRONG><a name="[137]"></a>UG_WindowHide</STRONG> (Thumb, 118 bytes, Stack size 8 bytes, ugui.o(.text), UNUSED)
<BR><BR>[Calls]<UL><LI><a href="#[138]">&gt;&gt;</a>&nbsp;&nbsp;&nbsp;_UG_WindowClear
</UL>

<P><STRONG><a name="[138]"></a>_UG_WindowClear</STRONG> (Thumb, 192 bytes, Stack size 40 bytes, ugui.o(.text), UNUSED)
<BR><BR>[Called By]<UL><LI><a href="#[137]">&gt;&gt;</a>&nbsp;&nbsp;&nbsp;UG_WindowHide
</UL>

<P><STRONG><a name="[13a]"></a>UG_WindowResize</STRONG> (Thumb, 570 bytes, Stack size 48 bytes, ugui.o(.text), UNUSED)
<BR><BR>[Called By]<UL><LI><a href="#[13b]">&gt;&gt;</a>&nbsp;&nbsp;&nbsp;UG_WindowSetYStart
<LI><a href="#[13d]">&gt;&gt;</a>&nbsp;&nbsp;&nbsp;UG_WindowSetYEnd
<LI><a href="#[139]">&gt;&gt;</a>&nbsp;&nbsp;&nbsp;UG_WindowSetXStart
<LI><a href="#[13c]">&gt;&gt;</a>&nbsp;&nbsp;&nbsp;UG_WindowSetXEnd
</UL>

<P><STRONG><a name="[2dc]"></a>UG_WindowAlert</STRONG> (Thumb, 34 bytes, Stack size 0 bytes, ugui.o(.text), UNUSED)

<P><STRONG><a name="[2dd]"></a>UG_WindowGetTitleTextColor</STRONG> (Thumb, 16 bytes, Stack size 0 bytes, ugui.o(.text), UNUSED)

<P><STRONG><a name="[2de]"></a>UG_WindowSetTitleTextColor</STRONG> (Thumb, 28 bytes, Stack size 0 bytes, ugui.o(.text), UNUSED)

<P><STRONG><a name="[2df]"></a>UG_WindowGetTitleColor</STRONG> (Thumb, 16 bytes, Stack size 0 bytes, ugui.o(.text), UNUSED)

<P><STRONG><a name="[2e0]"></a>UG_WindowSetTitleColor</STRONG> (Thumb, 28 bytes, Stack size 0 bytes, ugui.o(.text), UNUSED)

<P><STRONG><a name="[2e1]"></a>UG_WindowSetForeColor</STRONG> (Thumb, 28 bytes, Stack size 0 bytes, ugui.o(.text), UNUSED)

<P><STRONG><a name="[2e2]"></a>UG_WindowSetBackColor</STRONG> (Thumb, 28 bytes, Stack size 0 bytes, ugui.o(.text), UNUSED)

<P><STRONG><a name="[2e3]"></a>UG_WindowSetTitleInactiveTextColor</STRONG> (Thumb, 28 bytes, Stack size 0 bytes, ugui.o(.text), UNUSED)

<P><STRONG><a name="[2e4]"></a>UG_WindowSetTitleInactiveColor</STRONG> (Thumb, 28 bytes, Stack size 0 bytes, ugui.o(.text), UNUSED)

<P><STRONG><a name="[2e5]"></a>UG_WindowSetTitleText</STRONG> (Thumb, 28 bytes, Stack size 0 bytes, ugui.o(.text), UNUSED)

<P><STRONG><a name="[2e6]"></a>UG_WindowSetTitleTextFont</STRONG> (Thumb, 60 bytes, Stack size 8 bytes, ugui.o(.text), UNUSED)

<P><STRONG><a name="[2e7]"></a>UG_WindowSetTitleTextHSpace</STRONG> (Thumb, 30 bytes, Stack size 0 bytes, ugui.o(.text), UNUSED)

<P><STRONG><a name="[2e8]"></a>UG_WindowSetTitleTextVSpace</STRONG> (Thumb, 30 bytes, Stack size 0 bytes, ugui.o(.text), UNUSED)

<P><STRONG><a name="[2e9]"></a>UG_WindowSetTitleTextAlignment</STRONG> (Thumb, 30 bytes, Stack size 0 bytes, ugui.o(.text), UNUSED)

<P><STRONG><a name="[2ea]"></a>UG_WindowSetTitleHeight</STRONG> (Thumb, 32 bytes, Stack size 0 bytes, ugui.o(.text), UNUSED)

<P><STRONG><a name="[139]"></a>UG_WindowSetXStart</STRONG> (Thumb, 52 bytes, Stack size 16 bytes, ugui.o(.text), UNUSED)
<BR><BR>[Calls]<UL><LI><a href="#[13a]">&gt;&gt;</a>&nbsp;&nbsp;&nbsp;UG_WindowResize
</UL>

<P><STRONG><a name="[13b]"></a>UG_WindowSetYStart</STRONG> (Thumb, 54 bytes, Stack size 16 bytes, ugui.o(.text), UNUSED)
<BR><BR>[Calls]<UL><LI><a href="#[13a]">&gt;&gt;</a>&nbsp;&nbsp;&nbsp;UG_WindowResize
</UL>

<P><STRONG><a name="[13c]"></a>UG_WindowSetXEnd</STRONG> (Thumb, 54 bytes, Stack size 16 bytes, ugui.o(.text), UNUSED)
<BR><BR>[Calls]<UL><LI><a href="#[13a]">&gt;&gt;</a>&nbsp;&nbsp;&nbsp;UG_WindowResize
</UL>

<P><STRONG><a name="[13d]"></a>UG_WindowSetYEnd</STRONG> (Thumb, 56 bytes, Stack size 16 bytes, ugui.o(.text), UNUSED)
<BR><BR>[Calls]<UL><LI><a href="#[13a]">&gt;&gt;</a>&nbsp;&nbsp;&nbsp;UG_WindowResize
</UL>

<P><STRONG><a name="[2eb]"></a>UG_WindowSetStyle</STRONG> (Thumb, 46 bytes, Stack size 0 bytes, ugui.o(.text), UNUSED)

<P><STRONG><a name="[2ec]"></a>UG_WindowGetForeColor</STRONG> (Thumb, 16 bytes, Stack size 0 bytes, ugui.o(.text), UNUSED)

<P><STRONG><a name="[2ed]"></a>UG_WindowGetBackColor</STRONG> (Thumb, 16 bytes, Stack size 0 bytes, ugui.o(.text), UNUSED)

<P><STRONG><a name="[2ee]"></a>UG_WindowGetTitleInactiveTextColor</STRONG> (Thumb, 16 bytes, Stack size 0 bytes, ugui.o(.text), UNUSED)

<P><STRONG><a name="[2ef]"></a>UG_WindowGetTitleInactiveColor</STRONG> (Thumb, 16 bytes, Stack size 0 bytes, ugui.o(.text), UNUSED)

<P><STRONG><a name="[2f0]"></a>UG_WindowGetTitleText</STRONG> (Thumb, 16 bytes, Stack size 0 bytes, ugui.o(.text), UNUSED)

<P><STRONG><a name="[2f1]"></a>UG_WindowGetTitleTextFont</STRONG> (Thumb, 16 bytes, Stack size 0 bytes, ugui.o(.text), UNUSED)

<P><STRONG><a name="[2f2]"></a>UG_WindowGetTitleTextHSpace</STRONG> (Thumb, 22 bytes, Stack size 0 bytes, ugui.o(.text), UNUSED)

<P><STRONG><a name="[2f3]"></a>UG_WindowGetTitleTextVSpace</STRONG> (Thumb, 22 bytes, Stack size 0 bytes, ugui.o(.text), UNUSED)

<P><STRONG><a name="[2f4]"></a>UG_WindowGetTitleTextAlignment</STRONG> (Thumb, 18 bytes, Stack size 0 bytes, ugui.o(.text), UNUSED)

<P><STRONG><a name="[2f5]"></a>UG_WindowGetTitleHeight</STRONG> (Thumb, 18 bytes, Stack size 0 bytes, ugui.o(.text), UNUSED)

<P><STRONG><a name="[2f6]"></a>UG_WindowGetXStart</STRONG> (Thumb, 18 bytes, Stack size 0 bytes, ugui.o(.text), UNUSED)

<P><STRONG><a name="[2f7]"></a>UG_WindowGetYStart</STRONG> (Thumb, 18 bytes, Stack size 0 bytes, ugui.o(.text), UNUSED)

<P><STRONG><a name="[2f8]"></a>UG_WindowGetXEnd</STRONG> (Thumb, 18 bytes, Stack size 0 bytes, ugui.o(.text), UNUSED)

<P><STRONG><a name="[2f9]"></a>UG_WindowGetYEnd</STRONG> (Thumb, 18 bytes, Stack size 0 bytes, ugui.o(.text), UNUSED)

<P><STRONG><a name="[2fa]"></a>UG_WindowGetStyle</STRONG> (Thumb, 16 bytes, Stack size 0 bytes, ugui.o(.text), UNUSED)

<P><STRONG><a name="[2fb]"></a>UG_WindowGetArea</STRONG> (Thumb, 86 bytes, Stack size 16 bytes, ugui.o(.text), UNUSED)

<P><STRONG><a name="[2fc]"></a>UG_WindowGetInnerWidth</STRONG> (Thumb, 38 bytes, Stack size 0 bytes, ugui.o(.text), UNUSED)

<P><STRONG><a name="[2fd]"></a>UG_WindowGetOuterWidth</STRONG> (Thumb, 36 bytes, Stack size 0 bytes, ugui.o(.text), UNUSED)

<P><STRONG><a name="[2fe]"></a>UG_WindowGetInnerHeight</STRONG> (Thumb, 48 bytes, Stack size 0 bytes, ugui.o(.text), UNUSED)

<P><STRONG><a name="[2ff]"></a>UG_WindowGetOuterHeight</STRONG> (Thumb, 36 bytes, Stack size 0 bytes, ugui.o(.text), UNUSED)

<P><STRONG><a name="[300]"></a>UG_ButtonCreate</STRONG> (Thumb, 266 bytes, Stack size 36 bytes, ugui.o(.text), UNUSED)

<P><STRONG><a name="[68]"></a>_UG_ButtonUpdate</STRONG> (Thumb, 920 bytes, Stack size 88 bytes, ugui.o(.text))
<BR><BR>[Stack]<UL><LI>Max Depth = 216<LI>Call Chain = _UG_ButtonUpdate &rArr; _UG_PutText &rArr; _UG_PutChar
</UL>
<BR>[Calls]<UL><LI><a href="#[131]">&gt;&gt;</a>&nbsp;&nbsp;&nbsp;_UG_PutText
<LI><a href="#[132]">&gt;&gt;</a>&nbsp;&nbsp;&nbsp;_UG_DrawObjectFrame
<LI><a href="#[129]">&gt;&gt;</a>&nbsp;&nbsp;&nbsp;UG_DrawLine
</UL>
<BR>[Address Reference Count : 1]<UL><LI> ugui.o(.text)
</UL>
<P><STRONG><a name="[301]"></a>UG_ButtonDelete</STRONG> (Thumb, 78 bytes, Stack size 0 bytes, ugui.o(.text), UNUSED)

<P><STRONG><a name="[302]"></a>UG_ButtonShow</STRONG> (Thumb, 66 bytes, Stack size 0 bytes, ugui.o(.text), UNUSED)

<P><STRONG><a name="[303]"></a>UG_ButtonHide</STRONG> (Thumb, 82 bytes, Stack size 0 bytes, ugui.o(.text), UNUSED)

<P><STRONG><a name="[304]"></a>UG_ButtonSetForeColor</STRONG> (Thumb, 82 bytes, Stack size 8 bytes, ugui.o(.text), UNUSED)

<P><STRONG><a name="[305]"></a>UG_ButtonSetBackColor</STRONG> (Thumb, 82 bytes, Stack size 8 bytes, ugui.o(.text), UNUSED)

<P><STRONG><a name="[306]"></a>UG_ButtonSetAlternateForeColor</STRONG> (Thumb, 82 bytes, Stack size 8 bytes, ugui.o(.text), UNUSED)

<P><STRONG><a name="[307]"></a>UG_ButtonSetAlternateBackColor</STRONG> (Thumb, 82 bytes, Stack size 8 bytes, ugui.o(.text), UNUSED)

<P><STRONG><a name="[308]"></a>UG_ButtonSetText</STRONG> (Thumb, 82 bytes, Stack size 8 bytes, ugui.o(.text), UNUSED)

<P><STRONG><a name="[309]"></a>UG_ButtonSetFont</STRONG> (Thumb, 82 bytes, Stack size 8 bytes, ugui.o(.text), UNUSED)

<P><STRONG><a name="[30a]"></a>UG_ButtonSetStyle</STRONG> (Thumb, 154 bytes, Stack size 8 bytes, ugui.o(.text), UNUSED)

<P><STRONG><a name="[30b]"></a>UG_ButtonSetHSpace</STRONG> (Thumb, 82 bytes, Stack size 8 bytes, ugui.o(.text), UNUSED)

<P><STRONG><a name="[30c]"></a>UG_ButtonSetVSpace</STRONG> (Thumb, 82 bytes, Stack size 8 bytes, ugui.o(.text), UNUSED)

<P><STRONG><a name="[30d]"></a>UG_ButtonSetAlignment</STRONG> (Thumb, 82 bytes, Stack size 8 bytes, ugui.o(.text), UNUSED)

<P><STRONG><a name="[30e]"></a>UG_ButtonGetForeColor</STRONG> (Thumb, 62 bytes, Stack size 0 bytes, ugui.o(.text), UNUSED)

<P><STRONG><a name="[30f]"></a>UG_ButtonGetBackColor</STRONG> (Thumb, 62 bytes, Stack size 0 bytes, ugui.o(.text), UNUSED)

<P><STRONG><a name="[310]"></a>UG_ButtonGetAlternateForeColor</STRONG> (Thumb, 62 bytes, Stack size 0 bytes, ugui.o(.text), UNUSED)

<P><STRONG><a name="[311]"></a>UG_ButtonGetAlternateBackColor</STRONG> (Thumb, 62 bytes, Stack size 0 bytes, ugui.o(.text), UNUSED)

<P><STRONG><a name="[312]"></a>UG_ButtonGetText</STRONG> (Thumb, 62 bytes, Stack size 0 bytes, ugui.o(.text), UNUSED)

<P><STRONG><a name="[313]"></a>UG_ButtonGetFont</STRONG> (Thumb, 62 bytes, Stack size 0 bytes, ugui.o(.text), UNUSED)

<P><STRONG><a name="[314]"></a>UG_ButtonGetStyle</STRONG> (Thumb, 62 bytes, Stack size 0 bytes, ugui.o(.text), UNUSED)

<P><STRONG><a name="[315]"></a>UG_ButtonGetHSpace</STRONG> (Thumb, 62 bytes, Stack size 0 bytes, ugui.o(.text), UNUSED)

<P><STRONG><a name="[316]"></a>UG_ButtonGetVSpace</STRONG> (Thumb, 62 bytes, Stack size 0 bytes, ugui.o(.text), UNUSED)

<P><STRONG><a name="[317]"></a>UG_ButtonGetAlignment</STRONG> (Thumb, 62 bytes, Stack size 0 bytes, ugui.o(.text), UNUSED)

<P><STRONG><a name="[318]"></a>UG_CheckboxCreate</STRONG> (Thumb, 268 bytes, Stack size 36 bytes, ugui.o(.text), UNUSED)

<P><STRONG><a name="[69]"></a>_UG_CheckboxUpdate</STRONG> (Thumb, 1420 bytes, Stack size 96 bytes, ugui.o(.text))
<BR><BR>[Stack]<UL><LI>Max Depth = 224<LI>Call Chain = _UG_CheckboxUpdate &rArr; _UG_PutText &rArr; _UG_PutChar
</UL>
<BR>[Calls]<UL><LI><a href="#[131]">&gt;&gt;</a>&nbsp;&nbsp;&nbsp;_UG_PutText
<LI><a href="#[132]">&gt;&gt;</a>&nbsp;&nbsp;&nbsp;_UG_DrawObjectFrame
<LI><a href="#[129]">&gt;&gt;</a>&nbsp;&nbsp;&nbsp;UG_DrawLine
</UL>
<BR>[Address Reference Count : 1]<UL><LI> ugui.o(.text)
</UL>
<P><STRONG><a name="[319]"></a>UG_CheckboxDelete</STRONG> (Thumb, 78 bytes, Stack size 0 bytes, ugui.o(.text), UNUSED)

<P><STRONG><a name="[31a]"></a>UG_CheckboxShow</STRONG> (Thumb, 66 bytes, Stack size 0 bytes, ugui.o(.text), UNUSED)

<P><STRONG><a name="[31b]"></a>UG_CheckboxHide</STRONG> (Thumb, 82 bytes, Stack size 0 bytes, ugui.o(.text), UNUSED)

<P><STRONG><a name="[31c]"></a>UG_CheckboxSetCheched</STRONG> (Thumb, 82 bytes, Stack size 8 bytes, ugui.o(.text), UNUSED)

<P><STRONG><a name="[31d]"></a>UG_CheckboxSetForeColor</STRONG> (Thumb, 82 bytes, Stack size 8 bytes, ugui.o(.text), UNUSED)

<P><STRONG><a name="[31e]"></a>UG_CheckboxSetBackColor</STRONG> (Thumb, 82 bytes, Stack size 8 bytes, ugui.o(.text), UNUSED)

<P><STRONG><a name="[31f]"></a>UG_CheckboxSetAlternateForeColor</STRONG> (Thumb, 82 bytes, Stack size 8 bytes, ugui.o(.text), UNUSED)

<P><STRONG><a name="[320]"></a>UG_CheckboxSetAlternateBackColor</STRONG> (Thumb, 82 bytes, Stack size 8 bytes, ugui.o(.text), UNUSED)

<P><STRONG><a name="[321]"></a>UG_CheckboxSetText</STRONG> (Thumb, 82 bytes, Stack size 8 bytes, ugui.o(.text), UNUSED)

<P><STRONG><a name="[322]"></a>UG_CheckboxSetFont</STRONG> (Thumb, 82 bytes, Stack size 8 bytes, ugui.o(.text), UNUSED)

[...]
<BR><BR>[Stack]<UL><LI>Max Depth = 96<LI>Call Chain = _event_cb &rArr; _gt_disp_refr_append_area &rArr; gt_area_join
</UL>
<BR>[Calls]<UL><LI><a href="#[18f]">&gt;&gt;</a>&nbsp;&nbsp;&nbsp;gt_fs_read_img_wh
<LI><a href="#[185]">&gt;&gt;</a>&nbsp;&nbsp;&nbsp;gt_event_send
<LI><a href="#[239]">&gt;&gt;</a>&nbsp;&nbsp;&nbsp;gt_event_get_code
<LI><a href="#[155]">&gt;&gt;</a>&nbsp;&nbsp;&nbsp;_gt_disp_refr_append_area
<LI><a href="#[1be]">&gt;&gt;</a>&nbsp;&nbsp;&nbsp;gt_obj_check_scr
<LI><a href="#[23a]">&gt;&gt;</a>&nbsp;&nbsp;&nbsp;_gt_vector_turn_next
</UL>
<BR>[Address Reference Count : 1]<UL><LI> gt_imgbtn.o(.rodata.gt_imgbtn_class)
</UL>
<P><STRONG><a name="[95]"></a>_imgs_equal_cb</STRONG> (Thumb, 14 bytes, Stack size 8 bytes, gt_imgbtn.o(.text))
<BR><BR>[Stack]<UL><LI>Max Depth = 16<LI>Call Chain = _imgs_equal_cb &rArr; strcmp
</UL>
<BR>[Calls]<UL><LI><a href="#[1da]">&gt;&gt;</a>&nbsp;&nbsp;&nbsp;strcmp
</UL>
<BR>[Address Reference Count : 1]<UL><LI> gt_imgbtn.o(.text)
</UL>
<P><STRONG><a name="[94]"></a>_imgs_free_cb</STRONG> (Thumb, 20 bytes, Stack size 8 bytes, gt_imgbtn.o(.text))
<BR><BR>[Stack]<UL><LI>Max Depth = 24<LI>Call Chain = _imgs_free_cb &rArr; _mem_free &rArr; gt_tlsf_free
</UL>
<BR>[Calls]<UL><LI><a href="#[168]">&gt;&gt;</a>&nbsp;&nbsp;&nbsp;_mem_free
</UL>
<BR>[Address Reference Count : 1]<UL><LI> gt_imgbtn.o(.text)
</UL>
<P><STRONG><a name="[a4]"></a>_init_cb</STRONG> (Thumb, 70 bytes, Stack size 40 bytes, gt_imgbtn.o(.text))
<BR><BR>[Stack]<UL><LI>Max Depth = 260<LI>Call Chain = _init_cb &rArr; draw_bg_img &rArr; gt_draw_blend &rArr; gt_area_intersect_screen
</UL>
<BR>[Calls]<UL><LI><a href="#[17d]">&gt;&gt;</a>&nbsp;&nbsp;&nbsp;draw_bg_img
</UL>
<BR>[Address Reference Count : 1]<UL><LI> gt_imgbtn.o(.rodata.gt_imgbtn_class)
</UL>
<P><STRONG><a name="[a8]"></a>_deinit_cb</STRONG> (Thumb, 64 bytes, Stack size 8 bytes, gt_input_number.o(.text))
<BR><BR>[Stack]<UL><LI>Max Depth = 24<LI>Call Chain = _deinit_cb &rArr; _mem_free &rArr; gt_tlsf_free
</UL>
<BR>[Calls]<UL><LI><a href="#[168]">&gt;&gt;</a>&nbsp;&nbsp;&nbsp;_mem_free
</UL>
<BR>[Address Reference Count : 1]<UL><LI> gt_input_number.o(.rodata.gt_input_number_class)
</UL>
<P><STRONG><a name="[a9]"></a>_event_cb</STRONG> (Thumb, 48 bytes, Stack size 8 bytes, gt_input_number.o(.text))
<BR><BR>[Stack]<UL><LI>Max Depth = 88<LI>Call Chain = _event_cb &rArr; gt_disp_invalid_area &rArr; _gt_disp_refr_append_area &rArr; gt_area_join
</UL>
<BR>[Calls]<UL><LI><a href="#[185]">&gt;&gt;</a>&nbsp;&nbsp;&nbsp;gt_event_send
<LI><a href="#[239]">&gt;&gt;</a>&nbsp;&nbsp;&nbsp;gt_event_get_code
<LI><a href="#[221]">&gt;&gt;</a>&nbsp;&nbsp;&nbsp;gt_disp_invalid_area
</UL>
<BR>[Address Reference Count : 1]<UL><LI> gt_input_number.o(.rodata.gt_input_number_class)
</UL>
<P><STRONG><a name="[a7]"></a>_init_cb</STRONG> (Thumb, 116 bytes, Stack size 32 bytes, gt_input_number.o(.text))
<BR><BR>[Stack]<UL><LI>Max Depth = 120<LI>Call Chain = _init_cb &rArr; gt_label_set_text &rArr; gt_event_send
</UL>
<BR>[Calls]<UL><LI><a href="#[154]">&gt;&gt;</a>&nbsp;&nbsp;&nbsp;gt_event_clr_all_event
<LI><a href="#[157]">&gt;&gt;</a>&nbsp;&nbsp;&nbsp;gt_area_copy
<LI><a href="#[248]">&gt;&gt;</a>&nbsp;&nbsp;&nbsp;gt_label_set_text
<LI><a href="#[ff]">&gt;&gt;</a>&nbsp;&nbsp;&nbsp;__2sprintf
</UL>
<BR>[Address Reference Count : 1]<UL><LI> gt_input_number.o(.rodata.gt_input_number_class)
</UL>
<P><STRONG><a name="[ab]"></a>_deinit_cb</STRONG> (Thumb, 62 bytes, Stack size 8 bytes, gt_label.o(.text))
<BR><BR>[Stack]<UL><LI>Max Depth = 24<LI>Call Chain = _deinit_cb &rArr; _mem_free &rArr; gt_tlsf_free
</UL>
<BR>[Calls]<UL><LI><a href="#[168]">&gt;&gt;</a>&nbsp;&nbsp;&nbsp;_mem_free
</UL>
<BR>[Address Reference Count : 1]<UL><LI> gt_label.o(.rodata.gt_label_class)
</UL>
<P><STRONG><a name="[ac]"></a>_event_cb</STRONG> (Thumb, 68 bytes, Stack size 8 bytes, gt_label.o(.text))
<BR><BR>[Stack]<UL><LI>Max Depth = 80<LI>Call Chain = _event_cb &rArr; _gt_disp_refr_append_area &rArr; gt_area_join
</UL>
<BR>[Calls]<UL><LI><a href="#[185]">&gt;&gt;</a>&nbsp;&nbsp;&nbsp;gt_event_send
<LI><a href="#[239]">&gt;&gt;</a>&nbsp;&nbsp;&nbsp;gt_event_get_code
<LI><a href="#[155]">&gt;&gt;</a>&nbsp;&nbsp;&nbsp;_gt_disp_refr_append_area
<LI><a href="#[1be]">&gt;&gt;</a>&nbsp;&nbsp;&nbsp;gt_obj_check_scr
</UL>
<BR>[Address Reference Count : 1]<UL><LI> gt_label.o(.rodata.gt_label_class)
</UL>
<P><STRONG><a name="[aa]"></a>_init_cb</STRONG> (Thumb, 168 bytes, Stack size 72 bytes, gt_label.o(.text))
<BR><BR>[Stack]<UL><LI>Max Depth = 468<LI>Call Chain = _init_cb &rArr; draw_text &rArr; gt_draw_blend &rArr; gt_area_intersect_screen
</UL>
<BR>[Calls]<UL><LI><a href="#[16b]">&gt;&gt;</a>&nbsp;&nbsp;&nbsp;draw_text
<LI><a href="#[26b]">&gt;&gt;</a>&nbsp;&nbsp;&nbsp;gt_project_encoding_get
<LI><a href="#[16d]">&gt;&gt;</a>&nbsp;&nbsp;&nbsp;strlen
</UL>
<BR>[Address Reference Count : 1]<UL><LI> gt_label.o(.rodata.gt_label_class)
</UL>
<P><STRONG><a name="[ae]"></a>_deinit_cb</STRONG> (Thumb, 2 bytes, Stack size 0 bytes, gt_obj.o(.text))
<BR>[Address Reference Count : 1]<UL><LI> gt_obj.o(.rodata.gt_obj_class)
</UL>
<P><STRONG><a name="[af]"></a>_event_cb</STRONG> (Thumb, 82 bytes, Stack size 16 bytes, gt_obj.o(.text))
<BR><BR>[Stack]<UL><LI>Max Depth = 120<LI>Call Chain = _event_cb &rArr; gt_disp_scroll_area_act &rArr; gt_disp_load_scr &rArr; _gt_disp_refr_append_area &rArr; gt_area_join
</UL>
<BR>[Calls]<UL><LI><a href="#[185]">&gt;&gt;</a>&nbsp;&nbsp;&nbsp;gt_event_send
<LI><a href="#[239]">&gt;&gt;</a>&nbsp;&nbsp;&nbsp;gt_event_get_code
<LI><a href="#[15f]">&gt;&gt;</a>&nbsp;&nbsp;&nbsp;gt_disp_scroll_area_act
</UL>
<BR>[Address Reference Count : 1]<UL><LI> gt_obj.o(.rodata.gt_obj_class)
</UL>
<P><STRONG><a name="[ad]"></a>_init_cb</STRONG> (Thumb, 2 bytes, Stack size 0 bytes, gt_obj.o(.text))
<BR>[Address Reference Count : 1]<UL><LI> gt_obj.o(.rodata.gt_obj_class)
</UL>
<P><STRONG><a name="[277]"></a>_gt_obj_class_destroy_children</STRONG> (Thumb, 282 bytes, Stack size 32 bytes, gt_obj_class.o(.text))
<BR><BR>[Stack]<UL><LI>Max Depth = 48 + In Cycle
<LI>Call Chain = _gt_obj_class_destroy_children &rArr;  _gt_obj_class_destroy_children (Cycle)
</UL>
<BR>[Calls]<UL><LI><a href="#[168]">&gt;&gt;</a>&nbsp;&nbsp;&nbsp;_mem_free
<LI><a href="#[277]">&gt;&gt;</a>&nbsp;&nbsp;&nbsp;_gt_obj_class_destroy_children
</UL>
<BR>[Called By]<UL><LI><a href="#[277]">&gt;&gt;</a>&nbsp;&nbsp;&nbsp;_gt_obj_class_destroy_children
<LI><a href="#[271]">&gt;&gt;</a>&nbsp;&nbsp;&nbsp;_gt_obj_class_destroy
</UL>

<P><STRONG><a name="[b1]"></a>_deinit_cb</STRONG> (Thumb, 64 bytes, Stack size 8 bytes, gt_rect.o(.text))
<BR><BR>[Stack]<UL><LI>Max Depth = 24<LI>Call Chain = _deinit_cb &rArr; _mem_free &rArr; gt_tlsf_free
</UL>
<BR>[Calls]<UL><LI><a href="#[168]">&gt;&gt;</a>&nbsp;&nbsp;&nbsp;_mem_free
</UL>
<BR>[Address Reference Count : 1]<UL><LI> gt_rect.o(.rodata.gt_rect_class)
</UL>
<P><STRONG><a name="[b2]"></a>_event_cb</STRONG> (Thumb, 64 bytes, Stack size 8 bytes, gt_rect.o(.text))
<BR><BR>[Stack]<UL><LI>Max Depth = 80<LI>Call Chain = _event_cb &rArr; _gt_disp_refr_append_area &rArr; gt_area_join
</UL>
<BR>[Calls]<UL><LI><a href="#[185]">&gt;&gt;</a>&nbsp;&nbsp;&nbsp;gt_event_send
<LI><a href="#[239]">&gt;&gt;</a>&nbsp;&nbsp;&nbsp;gt_event_get_code
<LI><a href="#[155]">&gt;&gt;</a>&nbsp;&nbsp;&nbsp;_gt_disp_refr_append_area
<LI><a href="#[1be]">&gt;&gt;</a>&nbsp;&nbsp;&nbsp;gt_obj_check_scr
</UL>
<BR>[Address Reference Count : 1]<UL><LI> gt_rect.o(.rodata.gt_rect_class)
</UL>
<P><STRONG><a name="[b0]"></a>_init_cb</STRONG> (Thumb, 98 bytes, Stack size 56 bytes, gt_rect.o(.text))
<BR><BR>[Stack]<UL><LI>Max Depth = 468<LI>Call Chain = _init_cb &rArr; draw_bg &rArr; gt_graph_circle &rArr; gt_anti_aliasing_div &rArr; gt_graph_get_gray
</UL>
<BR>[Calls]<UL><LI><a href="#[165]">&gt;&gt;</a>&nbsp;&nbsp;&nbsp;draw_bg
<LI><a href="#[191]">&gt;&gt;</a>&nbsp;&nbsp;&nbsp;gt_graph_init_rect_attr
</UL>
<BR>[Address Reference Count : 1]<UL><LI> gt_rect.o(.rodata.gt_rect_class)
</UL>
<P><STRONG><a name="[b4]"></a>_deinit_cb</STRONG> (Thumb, 66 bytes, Stack size 8 bytes, gt_slider.o(.text))
<BR><BR>[Stack]<UL><LI>Max Depth = 24<LI>Call Chain = _deinit_cb &rArr; _mem_free &rArr; gt_tlsf_free
</UL>
<BR>[Calls]<UL><LI><a href="#[168]">&gt;&gt;</a>&nbsp;&nbsp;&nbsp;_mem_free
</UL>
<BR>[Address Reference Count : 1]<UL><LI> gt_slider.o(.rodata.gt_slider_class)
</UL>
<P><STRONG><a name="[b5]"></a>_event_cb</STRONG> (Thumb, 256 bytes, Stack size 8 bytes, gt_slider.o(.text))
<BR><BR>[Stack]<UL><LI>Max Depth = 80<LI>Call Chain = _event_cb &rArr; _gt_disp_refr_append_area &rArr; gt_area_join
</UL>
<BR>[Calls]<UL><LI><a href="#[185]">&gt;&gt;</a>&nbsp;&nbsp;&nbsp;gt_event_send
<LI><a href="#[239]">&gt;&gt;</a>&nbsp;&nbsp;&nbsp;gt_event_get_code
<LI><a href="#[155]">&gt;&gt;</a>&nbsp;&nbsp;&nbsp;_gt_disp_refr_append_area
<LI><a href="#[1be]">&gt;&gt;</a>&nbsp;&nbsp;&nbsp;gt_obj_check_scr
</UL>
<BR>[Address Reference Count : 1]<UL><LI> gt_slider.o(.rodata.gt_slider_class)
</UL>
<P><STRONG><a name="[b3]"></a>_init_cb</STRONG> (Thumb, 798 bytes, Stack size 96 bytes, gt_slider.o(.text))
<BR><BR>[Stack]<UL><LI>Max Depth = 508<LI>Call Chain = _init_cb &rArr; draw_bg &rArr; gt_graph_circle &rArr; gt_anti_aliasing_div &rArr; gt_graph_get_gray
</UL>
<BR>[Calls]<UL><LI><a href="#[fa]">&gt;&gt;</a>&nbsp;&nbsp;&nbsp;__aeabi_ui2f
<LI><a href="#[fc]">&gt;&gt;</a>&nbsp;&nbsp;&nbsp;__aeabi_i2f
<LI><a href="#[fb]">&gt;&gt;</a>&nbsp;&nbsp;&nbsp;__aeabi_fmul
<LI><a href="#[106]">&gt;&gt;</a>&nbsp;&nbsp;&nbsp;__aeabi_fdiv
<LI><a href="#[fe]">&gt;&gt;</a>&nbsp;&nbsp;&nbsp;__aeabi_f2iz
<LI><a href="#[18f]">&gt;&gt;</a>&nbsp;&nbsp;&nbsp;gt_fs_read_img_wh
<LI><a href="#[17d]">&gt;&gt;</a>&nbsp;&nbsp;&nbsp;draw_bg_img
<LI><a href="#[165]">&gt;&gt;</a>&nbsp;&nbsp;&nbsp;draw_bg
<LI><a href="#[191]">&gt;&gt;</a>&nbsp;&nbsp;&nbsp;gt_graph_init_rect_attr
</UL>
<BR>[Address Reference Count : 1]<UL><LI> gt_slider.o(.rodata.gt_slider_class)
</UL>
<P><STRONG><a name="[b7]"></a>_deinit_cb</STRONG> (Thumb, 68 bytes, Stack size 8 bytes, gt_switch.o(.text))
<BR><BR>[Stack]<UL><LI>Max Depth = 24<LI>Call Chain = _deinit_cb &rArr; _mem_free &rArr; gt_tlsf_free
</UL>
<BR>[Calls]<UL><LI><a href="#[168]">&gt;&gt;</a>&nbsp;&nbsp;&nbsp;_mem_free
</UL>
<BR>[Address Reference Count : 1]<UL><LI> gt_switch.o(.rodata.gt_switcher_class)
</UL>
<P><STRONG><a name="[b8]"></a>_event_cb</STRONG> (Thumb, 82 bytes, Stack size 8 bytes, gt_switch.o(.text))
<BR><BR>[Stack]<UL><LI>Max Depth = 80<LI>Call Chain = _event_cb &rArr; _gt_disp_refr_append_area &rArr; gt_area_join
</UL>
<BR>[Calls]<UL><LI><a href="#[185]">&gt;&gt;</a>&nbsp;&nbsp;&nbsp;gt_event_send
<LI><a href="#[239]">&gt;&gt;</a>&nbsp;&nbsp;&nbsp;gt_event_get_code
<LI><a href="#[155]">&gt;&gt;</a>&nbsp;&nbsp;&nbsp;_gt_disp_refr_append_area
<LI><a href="#[1be]">&gt;&gt;</a>&nbsp;&nbsp;&nbsp;gt_obj_check_scr
<LI><a href="#[286]">&gt;&gt;</a>&nbsp;&nbsp;&nbsp;gt_obj_set_state
<LI><a href="#[285]">&gt;&gt;</a>&nbsp;&nbsp;&nbsp;gt_obj_get_state
</UL>
<BR>[Address Reference Count : 1]<UL><LI> gt_switch.o(.rodata.gt_switcher_class)
</UL>
<P><STRONG><a name="[b6]"></a>_init_cb</STRONG> (Thumb, 208 bytes, Stack size 64 bytes, gt_switch.o(.text))
<BR><BR>[Stack]<UL><LI>Max Depth = 476<LI>Call Chain = _init_cb &rArr; draw_bg &rArr; gt_graph_circle &rArr; gt_anti_aliasing_div &rArr; gt_graph_get_gray
</UL>
<BR>[Calls]<UL><LI><a href="#[165]">&gt;&gt;</a>&nbsp;&nbsp;&nbsp;draw_bg
<LI><a href="#[191]">&gt;&gt;</a>&nbsp;&nbsp;&nbsp;gt_graph_init_rect_attr
<LI><a href="#[285]">&gt;&gt;</a>&nbsp;&nbsp;&nbsp;gt_obj_get_state
</UL>
<BR>[Address Reference Count : 1]<UL><LI> gt_switch.o(.rodata.gt_switcher_class)
</UL>
<P><STRONG><a name="[98]"></a>imgbtn1_0_cb</STRONG> (Thumb, 30 bytes, Stack size 8 bytes, gt_init_screen_home.o(.text))
<BR><BR>[Stack]<UL><LI>Max Depth = 120<LI>Call Chain = imgbtn1_0_cb &rArr; gt_input_number_increase &rArr; __aeabi_dadd &rArr; _double_epilogue &rArr; _double_round
</UL>
<BR>[Calls]<UL><LI><a href="#[250]">&gt;&gt;</a>&nbsp;&nbsp;&nbsp;gt_input_number_increase
</UL>
<BR>[Address Reference Count : 1]<UL><LI> gt_init_screen_home.o(.text)
</UL>
<P><STRONG><a name="[99]"></a>imgbtn2_0_cb</STRONG> (Thumb, 30 bytes, Stack size 8 bytes, gt_init_screen_home.o(.text))
<BR><BR>[Stack]<UL><LI>Max Depth = 120<LI>Call Chain = imgbtn2_0_cb &rArr; gt_input_number_decrease &rArr; __aeabi_dsub &rArr; __aeabi_dadd &rArr; _double_epilogue &rArr; _double_round
</UL>
<BR>[Calls]<UL><LI><a href="#[252]">&gt;&gt;</a>&nbsp;&nbsp;&nbsp;gt_input_number_decrease
</UL>
<BR>[Address Reference Count : 1]<UL><LI> gt_init_screen_home.o(.text)
</UL>
<P><STRONG><a name="[9a]"></a>imgbtn3_0_cb</STRONG> (Thumb, 30 bytes, Stack size 8 bytes, gt_init_screen_home.o(.text))
<BR><BR>[Stack]<UL><LI>Max Depth = 120<LI>Call Chain = imgbtn3_0_cb &rArr; gt_input_number_increase &rArr; __aeabi_dadd &rArr; _double_epilogue &rArr; _double_round
</UL>
<BR>[Calls]<UL><LI><a href="#[250]">&gt;&gt;</a>&nbsp;&nbsp;&nbsp;gt_input_number_increase
</UL>
<BR>[Address Reference Count : 1]<UL><LI> gt_init_screen_home.o(.text)
</UL>
<P><STRONG><a name="[9b]"></a>imgbtn4_0_cb</STRONG> (Thumb, 30 bytes, Stack size 8 bytes, gt_init_screen_home.o(.text))
<BR><BR>[Stack]<UL><LI>Max Depth = 120<LI>Call Chain = imgbtn4_0_cb &rArr; gt_input_number_decrease &rArr; __aeabi_dsub &rArr; __aeabi_dadd &rArr; _double_epilogue &rArr; _double_round
</UL>
<BR>[Calls]<UL><LI><a href="#[252]">&gt;&gt;</a>&nbsp;&nbsp;&nbsp;gt_input_number_decrease
</UL>
<BR>[Address Reference Count : 1]<UL><LI> gt_init_screen_home.o(.text)
</UL>
<P><STRONG><a name="[9c]"></a>imgbtn5_0_cb</STRONG> (Thumb, 30 bytes, Stack size 8 bytes, gt_init_screen_home.o(.text))
<BR><BR>[Stack]<UL><LI>Max Depth = 120<LI>Call Chain = imgbtn5_0_cb &rArr; gt_input_number_increase &rArr; __aeabi_dadd &rArr; _double_epilogue &rArr; _double_round
</UL>
<BR>[Calls]<UL><LI><a href="#[250]">&gt;&gt;</a>&nbsp;&nbsp;&nbsp;gt_input_number_increase
</UL>
<BR>[Address Reference Count : 1]<UL><LI> gt_init_screen_home.o(.text)
</UL>
<P><STRONG><a name="[9d]"></a>imgbtn6_0_cb</STRONG> (Thumb, 30 bytes, Stack size 8 bytes, gt_init_screen_home.o(.text))
<BR><BR>[Stack]<UL><LI>Max Depth = 120<LI>Call Chain = imgbtn6_0_cb &rArr; gt_input_number_decrease &rArr; __aeabi_dsub &rArr; __aeabi_dadd &rArr; _double_epilogue &rArr; _double_round
</UL>
<BR>[Calls]<UL><LI><a href="#[252]">&gt;&gt;</a>&nbsp;&nbsp;&nbsp;gt_input_number_decrease
</UL>
<BR>[Address Reference Count : 1]<UL><LI> gt_init_screen_home.o(.text)
</UL>
<P><STRONG><a name="[9e]"></a>slider1_0_cb</STRONG> (Thumb, 14 bytes, Stack size 0 bytes, gt_init_screen_home.o(.text))
<BR>[Address Reference Count : 1]<UL><LI> gt_init_screen_home.o(.text)
</UL>
<P><STRONG><a name="[97]"></a>switch1_0_cb</STRONG> (Thumb, 4 bytes, Stack size 0 bytes, gt_init_screen_home.o(.text))
<BR><BR>[Stack]<UL><LI>Max Depth = 48<LI>Call Chain = switch1_0_cb &rArr; send_pack &rArr; uart_send_pack
</UL>
<BR>[Calls]<UL><LI><a href="#[cf]">&gt;&gt;</a>&nbsp;&nbsp;&nbsp;send_pack
</UL>
<BR>[Address Reference Count : 1]<UL><LI> gt_init_screen_home.o(.text)
</UL>
<P><STRONG><a name="[297]"></a>ASCIIOffset</STRONG> (Thumb, 12 bytes, Stack size 0 bytes, gt_gui_driver.o(.text))
<BR><BR>[Called By]<UL><LI><a href="#[21d]">&gt;&gt;</a>&nbsp;&nbsp;&nbsp;GT_Get_Font_Width
<LI><a href="#[a3]">&gt;&gt;</a>&nbsp;&nbsp;&nbsp;GT_GetASCII
</UL>

<P><STRONG><a name="[296]"></a>GB18030Offset</STRONG> (Thumb, 416 bytes, Stack size 0 bytes, gt_gui_driver.o(.text))
<BR><BR>[Called By]<UL><LI><a href="#[a2]">&gt;&gt;</a>&nbsp;&nbsp;&nbsp;GT_GetChinese
</UL>

<P><STRONG><a name="[298]"></a>MD5Decode</STRONG> (Thumb, 24 bytes, Stack size 0 bytes, gt_gui_driver.o(.text))
<BR><BR>[Called By]<UL><LI><a href="#[293]">&gt;&gt;</a>&nbsp;&nbsp;&nbsp;MD5Transform
</UL>

<P><STRONG><a name="[294]"></a>MD5Encode</STRONG> (Thumb, 58 bytes, Stack size 16 bytes, gt_gui_driver.o(.text))
<BR><BR>[Stack]<UL><LI>Max Depth = 16<LI>Call Chain = MD5Encode
</UL>
<BR>[Called By]<UL><LI><a href="#[292]">&gt;&gt;</a>&nbsp;&nbsp;&nbsp;MD5Final
</UL>

<P><STRONG><a name="[292]"></a>MD5Final</STRONG> (Thumb, 84 bytes, Stack size 32 bytes, gt_gui_driver.o(.text))
<BR><BR>[Stack]<UL><LI>Max Depth = 424<LI>Call Chain = MD5Final &rArr; MD5Update &rArr; MD5Transform
</UL>
<BR>[Calls]<UL><LI><a href="#[291]">&gt;&gt;</a>&nbsp;&nbsp;&nbsp;MD5Update
<LI><a href="#[294]">&gt;&gt;</a>&nbsp;&nbsp;&nbsp;MD5Encode
</UL>
<BR>[Called By]<UL><LI><a href="#[c7]">&gt;&gt;</a>&nbsp;&nbsp;&nbsp;GT_Font_Init
</UL>

<P><STRONG><a name="[290]"></a>MD5Init</STRONG> (Thumb, 48 bytes, Stack size 0 bytes, gt_gui_driver.o(.text))
<BR><BR>[Called By]<UL><LI><a href="#[c7]">&gt;&gt;</a>&nbsp;&nbsp;&nbsp;GT_Font_Init
</UL>

<P><STRONG><a name="[293]"></a>MD5Transform</STRONG> (Thumb, 1876 bytes, Stack size 360 bytes, gt_gui_driver.o(.text))
<BR><BR>[Stack]<UL><LI>Max Depth = 360<LI>Call Chain = MD5Transform
</UL>
<BR>[Calls]<UL><LI><a href="#[298]">&gt;&gt;</a>&nbsp;&nbsp;&nbsp;MD5Decode
</UL>
<BR>[Called By]<UL><LI><a href="#[291]">&gt;&gt;</a>&nbsp;&nbsp;&nbsp;MD5Update
</UL>

<P><STRONG><a name="[291]"></a>MD5Update</STRONG> (Thumb, 146 bytes, Stack size 32 bytes, gt_gui_driver.o(.text))
<BR><BR>[Stack]<UL><LI>Max Depth = 392<LI>Call Chain = MD5Update &rArr; MD5Transform
</UL>
<BR>[Calls]<UL><LI><a href="#[be]">&gt;&gt;</a>&nbsp;&nbsp;&nbsp;__aeabi_memcpy
<LI><a href="#[293]">&gt;&gt;</a>&nbsp;&nbsp;&nbsp;MD5Transform
</UL>
<BR>[Called By]<UL><LI><a href="#[c7]">&gt;&gt;</a>&nbsp;&nbsp;&nbsp;GT_Font_Init
<LI><a href="#[292]">&gt;&gt;</a>&nbsp;&nbsp;&nbsp;MD5Final
</UL>

<P><STRONG><a name="[2ac]"></a>_fp_digits</STRONG> (Thumb, 366 bytes, Stack size 64 bytes, printfa.o(i._fp_digits), UNUSED)
<BR><BR>[Calls]<UL><LI><a href="#[22c]">&gt;&gt;</a>&nbsp;&nbsp;&nbsp;__aeabi_dmul
<LI><a href="#[251]">&gt;&gt;</a>&nbsp;&nbsp;&nbsp;__aeabi_dadd
<LI><a href="#[2a2]">&gt;&gt;</a>&nbsp;&nbsp;&nbsp;__aeabi_ddiv
<LI><a href="#[2a6]">&gt;&gt;</a>&nbsp;&nbsp;&nbsp;__aeabi_d2ulz
<LI><a href="#[2ad]">&gt;&gt;</a>&nbsp;&nbsp;&nbsp;__aeabi_cdrcmple
<LI><a href="#[2a4]">&gt;&gt;</a>&nbsp;&nbsp;&nbsp;__aeabi_uldivmod
</UL>
<BR>[Called By]<UL><LI><a href="#[2a9]">&gt;&gt;</a>&nbsp;&nbsp;&nbsp;_printf_core
</UL>

<P><STRONG><a name="[2a9]"></a>_printf_core</STRONG> (Thumb, 1744 bytes, Stack size 136 bytes, printfa.o(i._printf_core), UNUSED)
<BR><BR>[Calls]<UL><LI><a href="#[2ae]">&gt;&gt;</a>&nbsp;&nbsp;&nbsp;_printf_pre_padding
<LI><a href="#[2af]">&gt;&gt;</a>&nbsp;&nbsp;&nbsp;_printf_post_padding
<LI><a href="#[2ac]">&gt;&gt;</a>&nbsp;&nbsp;&nbsp;_fp_digits
<LI><a href="#[2a4]">&gt;&gt;</a>&nbsp;&nbsp;&nbsp;__aeabi_uldivmod
<LI><a href="#[2b0]">&gt;&gt;</a>&nbsp;&nbsp;&nbsp;__aeabi_uidivmod
</UL>
<BR>[Called By]<UL><LI><a href="#[2ab]">&gt;&gt;</a>&nbsp;&nbsp;&nbsp;__0vsnprintf
<LI><a href="#[2aa]">&gt;&gt;</a>&nbsp;&nbsp;&nbsp;__0sprintf
<LI><a href="#[2a8]">&gt;&gt;</a>&nbsp;&nbsp;&nbsp;__0printf
</UL>

<P><STRONG><a name="[2af]"></a>_printf_post_padding</STRONG> (Thumb, 36 bytes, Stack size 24 bytes, printfa.o(i._printf_post_padding), UNUSED)
<BR><BR>[Called By]<UL><LI><a href="#[2a9]">&gt;&gt;</a>&nbsp;&nbsp;&nbsp;_printf_core
</UL>

<P><STRONG><a name="[2ae]"></a>_printf_pre_padding</STRONG> (Thumb, 46 bytes, Stack size 24 bytes, printfa.o(i._printf_pre_padding), UNUSED)
<BR><BR>[Called By]<UL><LI><a href="#[2a9]">&gt;&gt;</a>&nbsp;&nbsp;&nbsp;_printf_core
</UL>

<P><STRONG><a name="[a1]"></a>_snputc</STRONG> (Thumb, 22 bytes, Stack size 0 bytes, printfa.o(i._snputc))
<BR>[Address Reference Count : 1]<UL><LI> printfa.o(i.__0vsnprintf)
</UL>
<P><STRONG><a name="[a0]"></a>_sputc</STRONG> (Thumb, 10 bytes, Stack size 0 bytes, printfa.o(i._sputc))
<BR><BR>[Called By]<UL><LI><a href="#[2aa]">&gt;&gt;</a>&nbsp;&nbsp;&nbsp;__0sprintf
</UL>
<BR>[Address Reference Count : 1]<UL><LI> printfa.o(i.__0sprintf)
</UL><P>
<H3>
Undefined Global Symbols
</H3><HR></body></html>
